<?xml version="1.0" encoding="UTF-8" ?>
<testsuites name="vitest tests" tests="1269" failures="224" errors="0" time="105.2447993">
    <testsuite name="workers/advancedOptions.test.ts" timestamp="2025-09-19T01:25:09.246Z" hostname="JohnDee" tests="12" failures="0" errors="0" skipped="0" time="0.0142085">
        <testcase classname="workers/advancedOptions.test.ts" name="Advanced Options Integration &gt; Advanced options prompt enhancement &gt; should include page type in AI recommendations" time="0.0024031">
        </testcase>
        <testcase classname="workers/advancedOptions.test.ts" name="Advanced Options Integration &gt; Advanced options prompt enhancement &gt; should include additional context in AI recommendations" time="0.000403">
        </testcase>
        <testcase classname="workers/advancedOptions.test.ts" name="Advanced Options Integration &gt; Advanced options prompt enhancement &gt; should work without advanced options" time="0.0001855">
        </testcase>
        <testcase classname="workers/advancedOptions.test.ts" name="Advanced Options Integration &gt; Advanced options prompt enhancement &gt; should work with empty advanced options" time="0.0001804">
        </testcase>
        <testcase classname="workers/advancedOptions.test.ts" name="Advanced Options Integration &gt; Page type specific recommendations &gt; should tailor recommendations for homepage" time="0.0003245">
        </testcase>
        <testcase classname="workers/advancedOptions.test.ts" name="Advanced Options Integration &gt; Page type specific recommendations &gt; should tailor recommendations for blog posts" time="0.0002881">
        </testcase>
        <testcase classname="workers/advancedOptions.test.ts" name="Advanced Options Integration &gt; Page type specific recommendations &gt; should tailor recommendations for product pages" time="0.0002917">
        </testcase>
        <testcase classname="workers/advancedOptions.test.ts" name="Advanced Options Integration &gt; Copyable content generation &gt; should generate page-type-specific titles" time="0.0004398">
        </testcase>
        <testcase classname="workers/advancedOptions.test.ts" name="Advanced Options Integration &gt; Copyable content generation &gt; should generate context-aware meta descriptions" time="0.0002898">
        </testcase>
        <testcase classname="workers/advancedOptions.test.ts" name="Advanced Options Integration &gt; Error handling &gt; should handle OpenAI errors gracefully with advanced options" time="0.0004564">
        </testcase>
        <testcase classname="workers/advancedOptions.test.ts" name="Advanced Options Integration &gt; Error handling &gt; should handle malformed advanced options" time="0.0011691">
        </testcase>
        <testcase classname="workers/advancedOptions.test.ts" name="Advanced Options Integration &gt; Integration with existing SEO checks &gt; should enhance all relevant SEO checks with advanced options" time="0.001623">
        </testcase>
    </testsuite>
    <testsuite name="workers/index.test.ts" timestamp="2025-09-19T01:25:09.272Z" hostname="JohnDee" tests="9" failures="0" errors="0" skipped="0" time="0.0206135">
        <testcase classname="workers/index.test.ts" name="Workers API Index &gt; GET /health &gt; should return health status" time="0.009147">
        </testcase>
        <testcase classname="workers/index.test.ts" name="Workers API Index &gt; GET /test-keywords &gt; should test keyword matching functionality" time="0.0018683">
        </testcase>
        <testcase classname="workers/index.test.ts" name="Workers API Index &gt; POST /api/analyze &gt; should analyze SEO with valid request" time="0.0016641">
        </testcase>
        <testcase classname="workers/index.test.ts" name="Workers API Index &gt; POST /api/analyze &gt; should return 400 for invalid request body" time="0.0009624">
        </testcase>
        <testcase classname="workers/index.test.ts" name="Workers API Index &gt; POST /api/analyze &gt; should handle scraping errors gracefully" time="0.0009177">
        </testcase>
        <testcase classname="workers/index.test.ts" name="Workers API Index &gt; POST /api/analyze &gt; should handle analysis errors gracefully" time="0.0008035">
        </testcase>
        <testcase classname="workers/index.test.ts" name="Workers API Index &gt; POST /api/analyze &gt; should handle JSON parsing errors" time="0.0006626">
        </testcase>
        <testcase classname="workers/index.test.ts" name="Workers API Index &gt; POST /api/analyze &gt; should pass environment variables to analyzeSEOElements" time="0.0008401">
        </testcase>
        <testcase classname="workers/index.test.ts" name="Workers API Index &gt; CORS Middleware &gt; should apply CORS middleware to all routes" time="0.0005571">
        </testcase>
    </testsuite>
    <testsuite name="client/src/App.test.tsx" timestamp="2025-09-19T01:25:09.273Z" hostname="JohnDee" tests="9" failures="0" errors="0" skipped="0" time="0.1690716">
        <testcase classname="client/src/App.test.tsx" name="App &gt; should render app structure correctly" time="0.0382836">
        </testcase>
        <testcase classname="client/src/App.test.tsx" name="App &gt; should render components in correct hierarchy" time="0.0064805">
        </testcase>
        <testcase classname="client/src/App.test.tsx" name="ErrorBoundary &gt; should render children when no error occurs" time="0.0061753">
        </testcase>
        <testcase classname="client/src/App.test.tsx" name="ErrorBoundary &gt; should catch errors and display error boundary" time="0.0439466">
        </testcase>
        <testcase classname="client/src/App.test.tsx" name="ErrorBoundary &gt; should handle specific length property errors" time="0.0107017">
        </testcase>
        <testcase classname="client/src/App.test.tsx" name="ErrorBoundary &gt; should display error details in fallback UI" time="0.0079758">
        </testcase>
        <testcase classname="client/src/App.test.tsx" name="ErrorBoundary &gt; should log error information when componentDidCatch is called" time="0.0067948">
        </testcase>
        <testcase classname="client/src/App.test.tsx" name="ErrorBoundary &gt; should have correct error boundary state structure" time="0.0088339">
        </testcase>
        <testcase classname="client/src/App.test.tsx" name="ErrorBoundary &gt; should apply correct styling to error boundary fallback" time="0.0340422">
        </testcase>
    </testsuite>
    <testsuite name="client/src/main.test.tsx" timestamp="2025-09-19T01:25:09.274Z" hostname="JohnDee" tests="10" failures="0" errors="0" skipped="0" time="0.2176077">
        <testcase classname="client/src/main.test.tsx" name="main.tsx &gt; renders the App component when root element exists" time="0.0830326">
        </testcase>
        <testcase classname="client/src/main.test.tsx" name="main.tsx &gt; handles missing root element gracefully" time="0.0200759">
        </testcase>
        <testcase classname="client/src/main.test.tsx" name="main.tsx &gt; handles React rendering errors gracefully" time="0.011104">
        </testcase>
        <testcase classname="client/src/main.test.tsx" name="main.tsx &gt; handles non-Error exceptions gracefully" time="0.0285835">
        </testcase>
        <testcase classname="client/src/main.test.tsx" name="main.tsx &gt; handles render method throwing an error" time="0.0191529">
        </testcase>
        <testcase classname="client/src/main.test.tsx" name="main.tsx &gt; preserves existing DOM content when adding error messages" time="0.0078145">
        </testcase>
        <testcase classname="client/src/main.test.tsx" name="main.tsx &gt; uses strict mode for React rendering" time="0.0215224">
        </testcase>
        <testcase classname="client/src/main.test.tsx" name="main.tsx &gt; finds and uses the correct root element" time="0.0088099">
        </testcase>
        <testcase classname="client/src/main.test.tsx" name="main.tsx &gt; handles DOM manipulation during error conditions" time="0.0066192">
        </testcase>
        <testcase classname="client/src/main.test.tsx" name="main.tsx &gt; ensures error styling is applied correctly" time="0.0053386">
        </testcase>
    </testsuite>
    <testsuite name="client/src/components/Footer.test.tsx" timestamp="2025-09-19T01:25:09.275Z" hostname="JohnDee" tests="8" failures="0" errors="0" skipped="0" time="0.2596405">
        <testcase classname="client/src/components/Footer.test.tsx" name="Footer &gt; renders all footer links" time="0.1428296">
        </testcase>
        <testcase classname="client/src/components/Footer.test.tsx" name="Footer &gt; has correct href attributes for all links" time="0.0316192">
        </testcase>
        <testcase classname="client/src/components/Footer.test.tsx" name="Footer &gt; opens links in new tab with security attributes" time="0.0164529">
        </testcase>
        <testcase classname="client/src/components/Footer.test.tsx" name="Footer &gt; displays correct text for each link" time="0.0111221">
        </testcase>
        <testcase classname="client/src/components/Footer.test.tsx" name="Footer &gt; renders icons with proper accessibility attributes" time="0.0126874">
        </testcase>
        <testcase classname="client/src/components/Footer.test.tsx" name="Footer &gt; renders correct icon sources" time="0.0112311">
        </testcase>
        <testcase classname="client/src/components/Footer.test.tsx" name="Footer &gt; has proper footer semantic structure" time="0.0157117">
        </testcase>
        <testcase classname="client/src/components/Footer.test.tsx" name="Footer &gt; applies correct CSS classes" time="0.0116979">
        </testcase>
    </testsuite>
    <testsuite name="client/src/components/HelpSystem.test.tsx" timestamp="2025-09-19T01:25:09.276Z" hostname="JohnDee" tests="17" failures="17" errors="0" skipped="0" time="0.1300174">
        <testcase classname="client/src/components/HelpSystem.test.tsx" name="HelpSystem &gt; Help Toggle &gt; should show help button when help is available" time="0.0318724">
            <failure message="getCurrentTutorial is not a function" type="TypeError">
TypeError: getCurrentTutorial is not a function
 ❯ HelpSystem client/src/components/HelpSystem.tsx:153:27
 ❯ Object.react_stack_bottom_frame node_modules/.pnpm/react-dom@19.1.1_react@19.1.1/node_modules/react-dom/cjs/react-dom-client.development.js:23863:20
 ❯ renderWithHooks node_modules/.pnpm/react-dom@19.1.1_react@19.1.1/node_modules/react-dom/cjs/react-dom-client.development.js:5529:22
 ❯ updateFunctionComponent node_modules/.pnpm/react-dom@19.1.1_react@19.1.1/node_modules/react-dom/cjs/react-dom-client.development.js:8897:19
 ❯ beginWork node_modules/.pnpm/react-dom@19.1.1_react@19.1.1/node_modules/react-dom/cjs/react-dom-client.development.js:10522:18
 ❯ runWithFiberInDEV node_modules/.pnpm/react-dom@19.1.1_react@19.1.1/node_modules/react-dom/cjs/react-dom-client.development.js:1522:13
 ❯ performUnitOfWork node_modules/.pnpm/react-dom@19.1.1_react@19.1.1/node_modules/react-dom/cjs/react-dom-client.development.js:15140:22
 ❯ workLoopSync node_modules/.pnpm/react-dom@19.1.1_react@19.1.1/node_modules/react-dom/cjs/react-dom-client.development.js:14956:41
 ❯ renderRootSync node_modules/.pnpm/react-dom@19.1.1_react@19.1.1/node_modules/react-dom/cjs/react-dom-client.development.js:14936:11
 ❯ performWorkOnRoot node_modules/.pnpm/react-dom@19.1.1_react@19.1.1/node_modules/react-dom/cjs/react-dom-client.development.js:14462:44
            </failure>
        </testcase>
        <testcase classname="client/src/components/HelpSystem.test.tsx" name="HelpSystem &gt; Help Toggle &gt; should toggle help panel when clicked" time="0.0042336">
            <failure message="getCurrentTutorial is not a function" type="TypeError">
TypeError: getCurrentTutorial is not a function
 ❯ HelpSystem client/src/components/HelpSystem.tsx:153:27
 ❯ Object.react_stack_bottom_frame node_modules/.pnpm/react-dom@19.1.1_react@19.1.1/node_modules/react-dom/cjs/react-dom-client.development.js:23863:20
 ❯ renderWithHooks node_modules/.pnpm/react-dom@19.1.1_react@19.1.1/node_modules/react-dom/cjs/react-dom-client.development.js:5529:22
 ❯ updateFunctionComponent node_modules/.pnpm/react-dom@19.1.1_react@19.1.1/node_modules/react-dom/cjs/react-dom-client.development.js:8897:19
 ❯ beginWork node_modules/.pnpm/react-dom@19.1.1_react@19.1.1/node_modules/react-dom/cjs/react-dom-client.development.js:10522:18
 ❯ runWithFiberInDEV node_modules/.pnpm/react-dom@19.1.1_react@19.1.1/node_modules/react-dom/cjs/react-dom-client.development.js:1522:13
 ❯ performUnitOfWork node_modules/.pnpm/react-dom@19.1.1_react@19.1.1/node_modules/react-dom/cjs/react-dom-client.development.js:15140:22
 ❯ workLoopSync node_modules/.pnpm/react-dom@19.1.1_react@19.1.1/node_modules/react-dom/cjs/react-dom-client.development.js:14956:41
 ❯ renderRootSync node_modules/.pnpm/react-dom@19.1.1_react@19.1.1/node_modules/react-dom/cjs/react-dom-client.development.js:14936:11
 ❯ performWorkOnRoot node_modules/.pnpm/react-dom@19.1.1_react@19.1.1/node_modules/react-dom/cjs/react-dom-client.development.js:14462:44
            </failure>
        </testcase>
        <testcase classname="client/src/components/HelpSystem.test.tsx" name="HelpSystem &gt; Help Toggle &gt; should close help panel when escape is pressed" time="0.0041199">
            <failure message="getCurrentTutorial is not a function" type="TypeError">
TypeError: getCurrentTutorial is not a function
 ❯ HelpSystem client/src/components/HelpSystem.tsx:153:27
 ❯ Object.react_stack_bottom_frame node_modules/.pnpm/react-dom@19.1.1_react@19.1.1/node_modules/react-dom/cjs/react-dom-client.development.js:23863:20
 ❯ renderWithHooks node_modules/.pnpm/react-dom@19.1.1_react@19.1.1/node_modules/react-dom/cjs/react-dom-client.development.js:5529:22
 ❯ updateFunctionComponent node_modules/.pnpm/react-dom@19.1.1_react@19.1.1/node_modules/react-dom/cjs/react-dom-client.development.js:8897:19
 ❯ beginWork node_modules/.pnpm/react-dom@19.1.1_react@19.1.1/node_modules/react-dom/cjs/react-dom-client.development.js:10522:18
 ❯ runWithFiberInDEV node_modules/.pnpm/react-dom@19.1.1_react@19.1.1/node_modules/react-dom/cjs/react-dom-client.development.js:1522:13
 ❯ performUnitOfWork node_modules/.pnpm/react-dom@19.1.1_react@19.1.1/node_modules/react-dom/cjs/react-dom-client.development.js:15140:22
 ❯ workLoopSync node_modules/.pnpm/react-dom@19.1.1_react@19.1.1/node_modules/react-dom/cjs/react-dom-client.development.js:14956:41
 ❯ renderRootSync node_modules/.pnpm/react-dom@19.1.1_react@19.1.1/node_modules/react-dom/cjs/react-dom-client.development.js:14936:11
 ❯ performWorkOnRoot node_modules/.pnpm/react-dom@19.1.1_react@19.1.1/node_modules/react-dom/cjs/react-dom-client.development.js:14462:44
            </failure>
        </testcase>
        <testcase classname="client/src/components/HelpSystem.test.tsx" name="HelpSystem &gt; Help Search &gt; should show search input in help panel" time="0.0039514">
            <failure message="getCurrentTutorial is not a function" type="TypeError">
TypeError: getCurrentTutorial is not a function
 ❯ HelpSystem client/src/components/HelpSystem.tsx:153:27
 ❯ Object.react_stack_bottom_frame node_modules/.pnpm/react-dom@19.1.1_react@19.1.1/node_modules/react-dom/cjs/react-dom-client.development.js:23863:20
 ❯ renderWithHooks node_modules/.pnpm/react-dom@19.1.1_react@19.1.1/node_modules/react-dom/cjs/react-dom-client.development.js:5529:22
 ❯ updateFunctionComponent node_modules/.pnpm/react-dom@19.1.1_react@19.1.1/node_modules/react-dom/cjs/react-dom-client.development.js:8897:19
 ❯ beginWork node_modules/.pnpm/react-dom@19.1.1_react@19.1.1/node_modules/react-dom/cjs/react-dom-client.development.js:10522:18
 ❯ runWithFiberInDEV node_modules/.pnpm/react-dom@19.1.1_react@19.1.1/node_modules/react-dom/cjs/react-dom-client.development.js:1522:13
 ❯ performUnitOfWork node_modules/.pnpm/react-dom@19.1.1_react@19.1.1/node_modules/react-dom/cjs/react-dom-client.development.js:15140:22
 ❯ workLoopSync node_modules/.pnpm/react-dom@19.1.1_react@19.1.1/node_modules/react-dom/cjs/react-dom-client.development.js:14956:41
 ❯ renderRootSync node_modules/.pnpm/react-dom@19.1.1_react@19.1.1/node_modules/react-dom/cjs/react-dom-client.development.js:14936:11
 ❯ performWorkOnRoot node_modules/.pnpm/react-dom@19.1.1_react@19.1.1/node_modules/react-dom/cjs/react-dom-client.development.js:14462:44
            </failure>
        </testcase>
        <testcase classname="client/src/components/HelpSystem.test.tsx" name="HelpSystem &gt; Help Search &gt; should search help articles when typing" time="0.0044246">
            <failure message="getCurrentTutorial is not a function" type="TypeError">
TypeError: getCurrentTutorial is not a function
 ❯ HelpSystem client/src/components/HelpSystem.tsx:153:27
 ❯ Object.react_stack_bottom_frame node_modules/.pnpm/react-dom@19.1.1_react@19.1.1/node_modules/react-dom/cjs/react-dom-client.development.js:23863:20
 ❯ renderWithHooks node_modules/.pnpm/react-dom@19.1.1_react@19.1.1/node_modules/react-dom/cjs/react-dom-client.development.js:5529:22
 ❯ updateFunctionComponent node_modules/.pnpm/react-dom@19.1.1_react@19.1.1/node_modules/react-dom/cjs/react-dom-client.development.js:8897:19
 ❯ beginWork node_modules/.pnpm/react-dom@19.1.1_react@19.1.1/node_modules/react-dom/cjs/react-dom-client.development.js:10522:18
 ❯ runWithFiberInDEV node_modules/.pnpm/react-dom@19.1.1_react@19.1.1/node_modules/react-dom/cjs/react-dom-client.development.js:1522:13
 ❯ performUnitOfWork node_modules/.pnpm/react-dom@19.1.1_react@19.1.1/node_modules/react-dom/cjs/react-dom-client.development.js:15140:22
 ❯ workLoopSync node_modules/.pnpm/react-dom@19.1.1_react@19.1.1/node_modules/react-dom/cjs/react-dom-client.development.js:14956:41
 ❯ renderRootSync node_modules/.pnpm/react-dom@19.1.1_react@19.1.1/node_modules/react-dom/cjs/react-dom-client.development.js:14936:11
 ❯ performWorkOnRoot node_modules/.pnpm/react-dom@19.1.1_react@19.1.1/node_modules/react-dom/cjs/react-dom-client.development.js:14462:44
            </failure>
        </testcase>
        <testcase classname="client/src/components/HelpSystem.test.tsx" name="HelpSystem &gt; Help Search &gt; should show no results message when no articles found" time="0.0036608">
            <failure message="getCurrentTutorial is not a function" type="TypeError">
TypeError: getCurrentTutorial is not a function
 ❯ HelpSystem client/src/components/HelpSystem.tsx:153:27
 ❯ Object.react_stack_bottom_frame node_modules/.pnpm/react-dom@19.1.1_react@19.1.1/node_modules/react-dom/cjs/react-dom-client.development.js:23863:20
 ❯ renderWithHooks node_modules/.pnpm/react-dom@19.1.1_react@19.1.1/node_modules/react-dom/cjs/react-dom-client.development.js:5529:22
 ❯ updateFunctionComponent node_modules/.pnpm/react-dom@19.1.1_react@19.1.1/node_modules/react-dom/cjs/react-dom-client.development.js:8897:19
 ❯ beginWork node_modules/.pnpm/react-dom@19.1.1_react@19.1.1/node_modules/react-dom/cjs/react-dom-client.development.js:10522:18
 ❯ runWithFiberInDEV node_modules/.pnpm/react-dom@19.1.1_react@19.1.1/node_modules/react-dom/cjs/react-dom-client.development.js:1522:13
 ❯ performUnitOfWork node_modules/.pnpm/react-dom@19.1.1_react@19.1.1/node_modules/react-dom/cjs/react-dom-client.development.js:15140:22
 ❯ workLoopSync node_modules/.pnpm/react-dom@19.1.1_react@19.1.1/node_modules/react-dom/cjs/react-dom-client.development.js:14956:41
 ❯ renderRootSync node_modules/.pnpm/react-dom@19.1.1_react@19.1.1/node_modules/react-dom/cjs/react-dom-client.development.js:14936:11
 ❯ performWorkOnRoot node_modules/.pnpm/react-dom@19.1.1_react@19.1.1/node_modules/react-dom/cjs/react-dom-client.development.js:14462:44
            </failure>
        </testcase>
        <testcase classname="client/src/components/HelpSystem.test.tsx" name="HelpSystem &gt; Contextual Help &gt; should show contextual help tooltip on hover" time="0.012016">
            <failure message="getCurrentTutorial is not a function" type="TypeError">
TypeError: getCurrentTutorial is not a function
 ❯ HelpSystem client/src/components/HelpSystem.tsx:153:27
 ❯ Object.react_stack_bottom_frame node_modules/.pnpm/react-dom@19.1.1_react@19.1.1/node_modules/react-dom/cjs/react-dom-client.development.js:23863:20
 ❯ renderWithHooks node_modules/.pnpm/react-dom@19.1.1_react@19.1.1/node_modules/react-dom/cjs/react-dom-client.development.js:5529:22
 ❯ updateFunctionComponent node_modules/.pnpm/react-dom@19.1.1_react@19.1.1/node_modules/react-dom/cjs/react-dom-client.development.js:8897:19
 ❯ beginWork node_modules/.pnpm/react-dom@19.1.1_react@19.1.1/node_modules/react-dom/cjs/react-dom-client.development.js:10522:18
 ❯ runWithFiberInDEV node_modules/.pnpm/react-dom@19.1.1_react@19.1.1/node_modules/react-dom/cjs/react-dom-client.development.js:1522:13
 ❯ performUnitOfWork node_modules/.pnpm/react-dom@19.1.1_react@19.1.1/node_modules/react-dom/cjs/react-dom-client.development.js:15140:22
 ❯ workLoopSync node_modules/.pnpm/react-dom@19.1.1_react@19.1.1/node_modules/react-dom/cjs/react-dom-client.development.js:14956:41
 ❯ renderRootSync node_modules/.pnpm/react-dom@19.1.1_react@19.1.1/node_modules/react-dom/cjs/react-dom-client.development.js:14936:11
 ❯ performWorkOnRoot node_modules/.pnpm/react-dom@19.1.1_react@19.1.1/node_modules/react-dom/cjs/react-dom-client.development.js:14462:44
            </failure>
        </testcase>
        <testcase classname="client/src/components/HelpSystem.test.tsx" name="HelpSystem &gt; Contextual Help &gt; should hide tooltip on mouse leave" time="0.0101278">
            <failure message="getCurrentTutorial is not a function" type="TypeError">
TypeError: getCurrentTutorial is not a function
 ❯ HelpSystem client/src/components/HelpSystem.tsx:153:27
 ❯ Object.react_stack_bottom_frame node_modules/.pnpm/react-dom@19.1.1_react@19.1.1/node_modules/react-dom/cjs/react-dom-client.development.js:23863:20
 ❯ renderWithHooks node_modules/.pnpm/react-dom@19.1.1_react@19.1.1/node_modules/react-dom/cjs/react-dom-client.development.js:5529:22
 ❯ updateFunctionComponent node_modules/.pnpm/react-dom@19.1.1_react@19.1.1/node_modules/react-dom/cjs/react-dom-client.development.js:8897:19
 ❯ beginWork node_modules/.pnpm/react-dom@19.1.1_react@19.1.1/node_modules/react-dom/cjs/react-dom-client.development.js:10522:18
 ❯ runWithFiberInDEV node_modules/.pnpm/react-dom@19.1.1_react@19.1.1/node_modules/react-dom/cjs/react-dom-client.development.js:1522:13
 ❯ performUnitOfWork node_modules/.pnpm/react-dom@19.1.1_react@19.1.1/node_modules/react-dom/cjs/react-dom-client.development.js:15140:22
 ❯ workLoopSync node_modules/.pnpm/react-dom@19.1.1_react@19.1.1/node_modules/react-dom/cjs/react-dom-client.development.js:14956:41
 ❯ renderRootSync node_modules/.pnpm/react-dom@19.1.1_react@19.1.1/node_modules/react-dom/cjs/react-dom-client.development.js:14936:11
 ❯ performWorkOnRoot node_modules/.pnpm/react-dom@19.1.1_react@19.1.1/node_modules/react-dom/cjs/react-dom-client.development.js:14462:44
            </failure>
        </testcase>
        <testcase classname="client/src/components/HelpSystem.test.tsx" name="HelpSystem &gt; Help Categories &gt; should display help categories" time="0.0044902">
            <failure message="getCurrentTutorial is not a function" type="TypeError">
TypeError: getCurrentTutorial is not a function
 ❯ HelpSystem client/src/components/HelpSystem.tsx:153:27
 ❯ Object.react_stack_bottom_frame node_modules/.pnpm/react-dom@19.1.1_react@19.1.1/node_modules/react-dom/cjs/react-dom-client.development.js:23863:20
 ❯ renderWithHooks node_modules/.pnpm/react-dom@19.1.1_react@19.1.1/node_modules/react-dom/cjs/react-dom-client.development.js:5529:22
 ❯ updateFunctionComponent node_modules/.pnpm/react-dom@19.1.1_react@19.1.1/node_modules/react-dom/cjs/react-dom-client.development.js:8897:19
 ❯ beginWork node_modules/.pnpm/react-dom@19.1.1_react@19.1.1/node_modules/react-dom/cjs/react-dom-client.development.js:10522:18
 ❯ runWithFiberInDEV node_modules/.pnpm/react-dom@19.1.1_react@19.1.1/node_modules/react-dom/cjs/react-dom-client.development.js:1522:13
 ❯ performUnitOfWork node_modules/.pnpm/react-dom@19.1.1_react@19.1.1/node_modules/react-dom/cjs/react-dom-client.development.js:15140:22
 ❯ workLoopSync node_modules/.pnpm/react-dom@19.1.1_react@19.1.1/node_modules/react-dom/cjs/react-dom-client.development.js:14956:41
 ❯ renderRootSync node_modules/.pnpm/react-dom@19.1.1_react@19.1.1/node_modules/react-dom/cjs/react-dom-client.development.js:14936:11
 ❯ performWorkOnRoot node_modules/.pnpm/react-dom@19.1.1_react@19.1.1/node_modules/react-dom/cjs/react-dom-client.development.js:14462:44
            </failure>
        </testcase>
        <testcase classname="client/src/components/HelpSystem.test.tsx" name="HelpSystem &gt; Help Categories &gt; should show articles when category is selected" time="0.0035536">
            <failure message="getCurrentTutorial is not a function" type="TypeError">
TypeError: getCurrentTutorial is not a function
 ❯ HelpSystem client/src/components/HelpSystem.tsx:153:27
 ❯ Object.react_stack_bottom_frame node_modules/.pnpm/react-dom@19.1.1_react@19.1.1/node_modules/react-dom/cjs/react-dom-client.development.js:23863:20
 ❯ renderWithHooks node_modules/.pnpm/react-dom@19.1.1_react@19.1.1/node_modules/react-dom/cjs/react-dom-client.development.js:5529:22
 ❯ updateFunctionComponent node_modules/.pnpm/react-dom@19.1.1_react@19.1.1/node_modules/react-dom/cjs/react-dom-client.development.js:8897:19
 ❯ beginWork node_modules/.pnpm/react-dom@19.1.1_react@19.1.1/node_modules/react-dom/cjs/react-dom-client.development.js:10522:18
 ❯ runWithFiberInDEV node_modules/.pnpm/react-dom@19.1.1_react@19.1.1/node_modules/react-dom/cjs/react-dom-client.development.js:1522:13
 ❯ performUnitOfWork node_modules/.pnpm/react-dom@19.1.1_react@19.1.1/node_modules/react-dom/cjs/react-dom-client.development.js:15140:22
 ❯ workLoopSync node_modules/.pnpm/react-dom@19.1.1_react@19.1.1/node_modules/react-dom/cjs/react-dom-client.development.js:14956:41
 ❯ renderRootSync node_modules/.pnpm/react-dom@19.1.1_react@19.1.1/node_modules/react-dom/cjs/react-dom-client.development.js:14936:11
 ❯ performWorkOnRoot node_modules/.pnpm/react-dom@19.1.1_react@19.1.1/node_modules/react-dom/cjs/react-dom-client.development.js:14462:44
            </failure>
        </testcase>
        <testcase classname="client/src/components/HelpSystem.test.tsx" name="HelpSystem &gt; Interactive Tutorials &gt; should start tutorial when clicked" time="0.0039553">
            <failure message="getCurrentTutorial is not a function" type="TypeError">
TypeError: getCurrentTutorial is not a function
 ❯ HelpSystem client/src/components/HelpSystem.tsx:153:27
 ❯ Object.react_stack_bottom_frame node_modules/.pnpm/react-dom@19.1.1_react@19.1.1/node_modules/react-dom/cjs/react-dom-client.development.js:23863:20
 ❯ renderWithHooks node_modules/.pnpm/react-dom@19.1.1_react@19.1.1/node_modules/react-dom/cjs/react-dom-client.development.js:5529:22
 ❯ updateFunctionComponent node_modules/.pnpm/react-dom@19.1.1_react@19.1.1/node_modules/react-dom/cjs/react-dom-client.development.js:8897:19
 ❯ beginWork node_modules/.pnpm/react-dom@19.1.1_react@19.1.1/node_modules/react-dom/cjs/react-dom-client.development.js:10522:18
 ❯ runWithFiberInDEV node_modules/.pnpm/react-dom@19.1.1_react@19.1.1/node_modules/react-dom/cjs/react-dom-client.development.js:1522:13
 ❯ performUnitOfWork node_modules/.pnpm/react-dom@19.1.1_react@19.1.1/node_modules/react-dom/cjs/react-dom-client.development.js:15140:22
 ❯ workLoopSync node_modules/.pnpm/react-dom@19.1.1_react@19.1.1/node_modules/react-dom/cjs/react-dom-client.development.js:14956:41
 ❯ renderRootSync node_modules/.pnpm/react-dom@19.1.1_react@19.1.1/node_modules/react-dom/cjs/react-dom-client.development.js:14936:11
 ❯ performWorkOnRoot node_modules/.pnpm/react-dom@19.1.1_react@19.1.1/node_modules/react-dom/cjs/react-dom-client.development.js:14462:44
            </failure>
        </testcase>
        <testcase classname="client/src/components/HelpSystem.test.tsx" name="HelpSystem &gt; Interactive Tutorials &gt; should navigate through tutorial steps" time="0.0049526">
            <failure message="getCurrentTutorial is not a function" type="TypeError">
TypeError: getCurrentTutorial is not a function
 ❯ HelpSystem client/src/components/HelpSystem.tsx:153:27
 ❯ Object.react_stack_bottom_frame node_modules/.pnpm/react-dom@19.1.1_react@19.1.1/node_modules/react-dom/cjs/react-dom-client.development.js:23863:20
 ❯ renderWithHooks node_modules/.pnpm/react-dom@19.1.1_react@19.1.1/node_modules/react-dom/cjs/react-dom-client.development.js:5529:22
 ❯ updateFunctionComponent node_modules/.pnpm/react-dom@19.1.1_react@19.1.1/node_modules/react-dom/cjs/react-dom-client.development.js:8897:19
 ❯ beginWork node_modules/.pnpm/react-dom@19.1.1_react@19.1.1/node_modules/react-dom/cjs/react-dom-client.development.js:10522:18
 ❯ runWithFiberInDEV node_modules/.pnpm/react-dom@19.1.1_react@19.1.1/node_modules/react-dom/cjs/react-dom-client.development.js:1522:13
 ❯ performUnitOfWork node_modules/.pnpm/react-dom@19.1.1_react@19.1.1/node_modules/react-dom/cjs/react-dom-client.development.js:15140:22
 ❯ workLoopSync node_modules/.pnpm/react-dom@19.1.1_react@19.1.1/node_modules/react-dom/cjs/react-dom-client.development.js:14956:41
 ❯ renderRootSync node_modules/.pnpm/react-dom@19.1.1_react@19.1.1/node_modules/react-dom/cjs/react-dom-client.development.js:14936:11
 ❯ performWorkOnRoot node_modules/.pnpm/react-dom@19.1.1_react@19.1.1/node_modules/react-dom/cjs/react-dom-client.development.js:14462:44
            </failure>
        </testcase>
        <testcase classname="client/src/components/HelpSystem.test.tsx" name="HelpSystem &gt; Interactive Tutorials &gt; should complete tutorial" time="0.0038506">
            <failure message="getCurrentTutorial is not a function" type="TypeError">
TypeError: getCurrentTutorial is not a function
 ❯ HelpSystem client/src/components/HelpSystem.tsx:153:27
 ❯ Object.react_stack_bottom_frame node_modules/.pnpm/react-dom@19.1.1_react@19.1.1/node_modules/react-dom/cjs/react-dom-client.development.js:23863:20
 ❯ renderWithHooks node_modules/.pnpm/react-dom@19.1.1_react@19.1.1/node_modules/react-dom/cjs/react-dom-client.development.js:5529:22
 ❯ updateFunctionComponent node_modules/.pnpm/react-dom@19.1.1_react@19.1.1/node_modules/react-dom/cjs/react-dom-client.development.js:8897:19
 ❯ beginWork node_modules/.pnpm/react-dom@19.1.1_react@19.1.1/node_modules/react-dom/cjs/react-dom-client.development.js:10522:18
 ❯ runWithFiberInDEV node_modules/.pnpm/react-dom@19.1.1_react@19.1.1/node_modules/react-dom/cjs/react-dom-client.development.js:1522:13
 ❯ performUnitOfWork node_modules/.pnpm/react-dom@19.1.1_react@19.1.1/node_modules/react-dom/cjs/react-dom-client.development.js:15140:22
 ❯ workLoopSync node_modules/.pnpm/react-dom@19.1.1_react@19.1.1/node_modules/react-dom/cjs/react-dom-client.development.js:14956:41
 ❯ renderRootSync node_modules/.pnpm/react-dom@19.1.1_react@19.1.1/node_modules/react-dom/cjs/react-dom-client.development.js:14936:11
 ❯ performWorkOnRoot node_modules/.pnpm/react-dom@19.1.1_react@19.1.1/node_modules/react-dom/cjs/react-dom-client.development.js:14462:44
            </failure>
        </testcase>
        <testcase classname="client/src/components/HelpSystem.test.tsx" name="HelpSystem &gt; Help Preferences &gt; should disable contextual help when toggled off" time="0.0087452">
            <failure message="getCurrentTutorial is not a function" type="TypeError">
TypeError: getCurrentTutorial is not a function
 ❯ HelpSystem client/src/components/HelpSystem.tsx:153:27
 ❯ Object.react_stack_bottom_frame node_modules/.pnpm/react-dom@19.1.1_react@19.1.1/node_modules/react-dom/cjs/react-dom-client.development.js:23863:20
 ❯ renderWithHooks node_modules/.pnpm/react-dom@19.1.1_react@19.1.1/node_modules/react-dom/cjs/react-dom-client.development.js:5529:22
 ❯ updateFunctionComponent node_modules/.pnpm/react-dom@19.1.1_react@19.1.1/node_modules/react-dom/cjs/react-dom-client.development.js:8897:19
 ❯ beginWork node_modules/.pnpm/react-dom@19.1.1_react@19.1.1/node_modules/react-dom/cjs/react-dom-client.development.js:10522:18
 ❯ runWithFiberInDEV node_modules/.pnpm/react-dom@19.1.1_react@19.1.1/node_modules/react-dom/cjs/react-dom-client.development.js:1522:13
 ❯ performUnitOfWork node_modules/.pnpm/react-dom@19.1.1_react@19.1.1/node_modules/react-dom/cjs/react-dom-client.development.js:15140:22
 ❯ workLoopSync node_modules/.pnpm/react-dom@19.1.1_react@19.1.1/node_modules/react-dom/cjs/react-dom-client.development.js:14956:41
 ❯ renderRootSync node_modules/.pnpm/react-dom@19.1.1_react@19.1.1/node_modules/react-dom/cjs/react-dom-client.development.js:14936:11
 ❯ performWorkOnRoot node_modules/.pnpm/react-dom@19.1.1_react@19.1.1/node_modules/react-dom/cjs/react-dom-client.development.js:14462:44
            </failure>
        </testcase>
        <testcase classname="client/src/components/HelpSystem.test.tsx" name="HelpSystem &gt; Help Preferences &gt; should remember help preferences" time="0.00715">
            <failure message="getCurrentTutorial is not a function" type="TypeError">
TypeError: getCurrentTutorial is not a function
 ❯ HelpSystem client/src/components/HelpSystem.tsx:153:27
 ❯ Object.react_stack_bottom_frame node_modules/.pnpm/react-dom@19.1.1_react@19.1.1/node_modules/react-dom/cjs/react-dom-client.development.js:23863:20
 ❯ renderWithHooks node_modules/.pnpm/react-dom@19.1.1_react@19.1.1/node_modules/react-dom/cjs/react-dom-client.development.js:5529:22
 ❯ updateFunctionComponent node_modules/.pnpm/react-dom@19.1.1_react@19.1.1/node_modules/react-dom/cjs/react-dom-client.development.js:8897:19
 ❯ beginWork node_modules/.pnpm/react-dom@19.1.1_react@19.1.1/node_modules/react-dom/cjs/react-dom-client.development.js:10522:18
 ❯ runWithFiberInDEV node_modules/.pnpm/react-dom@19.1.1_react@19.1.1/node_modules/react-dom/cjs/react-dom-client.development.js:1522:13
 ❯ performUnitOfWork node_modules/.pnpm/react-dom@19.1.1_react@19.1.1/node_modules/react-dom/cjs/react-dom-client.development.js:15140:22
 ❯ workLoopSync node_modules/.pnpm/react-dom@19.1.1_react@19.1.1/node_modules/react-dom/cjs/react-dom-client.development.js:14956:41
 ❯ renderRootSync node_modules/.pnpm/react-dom@19.1.1_react@19.1.1/node_modules/react-dom/cjs/react-dom-client.development.js:14936:11
 ❯ performWorkOnRoot node_modules/.pnpm/react-dom@19.1.1_react@19.1.1/node_modules/react-dom/cjs/react-dom-client.development.js:14462:44
            </failure>
        </testcase>
        <testcase classname="client/src/components/HelpSystem.test.tsx" name="HelpSystem &gt; Help Analytics &gt; should track help article views" time="0.0082307">
            <failure message="getCurrentTutorial is not a function" type="TypeError">
TypeError: getCurrentTutorial is not a function
 ❯ HelpSystem client/src/components/HelpSystem.tsx:153:27
 ❯ Object.react_stack_bottom_frame node_modules/.pnpm/react-dom@19.1.1_react@19.1.1/node_modules/react-dom/cjs/react-dom-client.development.js:23863:20
 ❯ renderWithHooks node_modules/.pnpm/react-dom@19.1.1_react@19.1.1/node_modules/react-dom/cjs/react-dom-client.development.js:5529:22
 ❯ updateFunctionComponent node_modules/.pnpm/react-dom@19.1.1_react@19.1.1/node_modules/react-dom/cjs/react-dom-client.development.js:8897:19
 ❯ beginWork node_modules/.pnpm/react-dom@19.1.1_react@19.1.1/node_modules/react-dom/cjs/react-dom-client.development.js:10522:18
 ❯ runWithFiberInDEV node_modules/.pnpm/react-dom@19.1.1_react@19.1.1/node_modules/react-dom/cjs/react-dom-client.development.js:1522:13
 ❯ performUnitOfWork node_modules/.pnpm/react-dom@19.1.1_react@19.1.1/node_modules/react-dom/cjs/react-dom-client.development.js:15140:22
 ❯ workLoopSync node_modules/.pnpm/react-dom@19.1.1_react@19.1.1/node_modules/react-dom/cjs/react-dom-client.development.js:14956:41
 ❯ renderRootSync node_modules/.pnpm/react-dom@19.1.1_react@19.1.1/node_modules/react-dom/cjs/react-dom-client.development.js:14936:11
 ❯ performWorkOnRoot node_modules/.pnpm/react-dom@19.1.1_react@19.1.1/node_modules/react-dom/cjs/react-dom-client.development.js:14462:44
            </failure>
        </testcase>
        <testcase classname="client/src/components/HelpSystem.test.tsx" name="HelpSystem &gt; Help Analytics &gt; should track search queries" time="0.0045829">
            <failure message="getCurrentTutorial is not a function" type="TypeError">
TypeError: getCurrentTutorial is not a function
 ❯ HelpSystem client/src/components/HelpSystem.tsx:153:27
 ❯ Object.react_stack_bottom_frame node_modules/.pnpm/react-dom@19.1.1_react@19.1.1/node_modules/react-dom/cjs/react-dom-client.development.js:23863:20
 ❯ renderWithHooks node_modules/.pnpm/react-dom@19.1.1_react@19.1.1/node_modules/react-dom/cjs/react-dom-client.development.js:5529:22
 ❯ updateFunctionComponent node_modules/.pnpm/react-dom@19.1.1_react@19.1.1/node_modules/react-dom/cjs/react-dom-client.development.js:8897:19
 ❯ beginWork node_modules/.pnpm/react-dom@19.1.1_react@19.1.1/node_modules/react-dom/cjs/react-dom-client.development.js:10522:18
 ❯ runWithFiberInDEV node_modules/.pnpm/react-dom@19.1.1_react@19.1.1/node_modules/react-dom/cjs/react-dom-client.development.js:1522:13
 ❯ performUnitOfWork node_modules/.pnpm/react-dom@19.1.1_react@19.1.1/node_modules/react-dom/cjs/react-dom-client.development.js:15140:22
 ❯ workLoopSync node_modules/.pnpm/react-dom@19.1.1_react@19.1.1/node_modules/react-dom/cjs/react-dom-client.development.js:14956:41
 ❯ renderRootSync node_modules/.pnpm/react-dom@19.1.1_react@19.1.1/node_modules/react-dom/cjs/react-dom-client.development.js:14936:11
 ❯ performWorkOnRoot node_modules/.pnpm/react-dom@19.1.1_react@19.1.1/node_modules/react-dom/cjs/react-dom-client.development.js:14462:44
            </failure>
        </testcase>
    </testsuite>
    <testsuite name="client/src/components/ImageSizeDisplay.test.tsx" timestamp="2025-09-19T01:25:09.286Z" hostname="JohnDee" tests="29" failures="0" errors="0" skipped="0" time="0.2318428">
        <testcase classname="client/src/components/ImageSizeDisplay.test.tsx" name="ImageSizeDisplay &gt; renders without crashing with valid images" time="0.0490568">
        </testcase>
        <testcase classname="client/src/components/ImageSizeDisplay.test.tsx" name="ImageSizeDisplay &gt; returns null when images array is empty" time="0.0038843">
        </testcase>
        <testcase classname="client/src/components/ImageSizeDisplay.test.tsx" name="ImageSizeDisplay &gt; returns null when images is null or undefined" time="0.002222">
        </testcase>
        <testcase classname="client/src/components/ImageSizeDisplay.test.tsx" name="ImageSizeDisplay &gt; applies custom className correctly" time="0.0072041">
        </testcase>
        <testcase classname="client/src/components/ImageSizeDisplay.test.tsx" name="ImageSizeDisplay &gt; displays collection badge for collection images" time="0.0080052">
        </testcase>
        <testcase classname="client/src/components/ImageSizeDisplay.test.tsx" name="ImageSizeDisplay &gt; applies collection border styling for collection images" time="0.0107912">
        </testcase>
        <testcase classname="client/src/components/ImageSizeDisplay.test.tsx" name="ImageSizeDisplay &gt; does not show collection badge for page images" time="0.0097229">
        </testcase>
        <testcase classname="client/src/components/ImageSizeDisplay.test.tsx" name="ImageSizeDisplay &gt; formatFileSize functionality &gt; displays file size in KB for small files" time="0.0046271">
        </testcase>
        <testcase classname="client/src/components/ImageSizeDisplay.test.tsx" name="ImageSizeDisplay &gt; formatFileSize functionality &gt; displays file size in MB for large files" time="0.0046964">
        </testcase>
        <testcase classname="client/src/components/ImageSizeDisplay.test.tsx" name="ImageSizeDisplay &gt; formatFileSize functionality &gt; displays &quot;Unknown&quot; for files without size" time="0.0042795">
        </testcase>
        <testcase classname="client/src/components/ImageSizeDisplay.test.tsx" name="ImageSizeDisplay &gt; formatFileSize functionality &gt; displays &quot;Unknown&quot; for zero size files" time="0.0045891">
        </testcase>
        <testcase classname="client/src/components/ImageSizeDisplay.test.tsx" name="ImageSizeDisplay &gt; optimization status styling &gt; applies green text for optimized images" time="0.004275">
        </testcase>
        <testcase classname="client/src/components/ImageSizeDisplay.test.tsx" name="ImageSizeDisplay &gt; optimization status styling &gt; applies red text for unoptimized images" time="0.0035489">
        </testcase>
        <testcase classname="client/src/components/ImageSizeDisplay.test.tsx" name="ImageSizeDisplay &gt; prop-based display options &gt; shows mime type when showMimeType is true (default)" time="0.007636">
        </testcase>
        <testcase classname="client/src/components/ImageSizeDisplay.test.tsx" name="ImageSizeDisplay &gt; prop-based display options &gt; hides mime type when showMimeType is false" time="0.0080887">
        </testcase>
        <testcase classname="client/src/components/ImageSizeDisplay.test.tsx" name="ImageSizeDisplay &gt; prop-based display options &gt; shows file size when showFileSize is true and showMimeType is false" time="0.0090205">
        </testcase>
        <testcase classname="client/src/components/ImageSizeDisplay.test.tsx" name="ImageSizeDisplay &gt; prop-based display options &gt; hides file size when showFileSize is false" time="0.009999">
        </testcase>
        <testcase classname="client/src/components/ImageSizeDisplay.test.tsx" name="ImageSizeDisplay &gt; prop-based display options &gt; shows alt text when showAltText is true" time="0.0071455">
        </testcase>
        <testcase classname="client/src/components/ImageSizeDisplay.test.tsx" name="ImageSizeDisplay &gt; prop-based display options &gt; hides alt text when showAltText is false (default)" time="0.0070058">
        </testcase>
        <testcase classname="client/src/components/ImageSizeDisplay.test.tsx" name="ImageSizeDisplay &gt; image handling &gt; sets correct image attributes" time="0.0064188">
        </testcase>
        <testcase classname="client/src/components/ImageSizeDisplay.test.tsx" name="ImageSizeDisplay &gt; image handling &gt; handles image load errors with fallback" time="0.0083862">
        </testcase>
        <testcase classname="client/src/components/ImageSizeDisplay.test.tsx" name="ImageSizeDisplay &gt; image handling &gt; displays image title attribute with filename" time="0.0055706">
        </testcase>
        <testcase classname="client/src/components/ImageSizeDisplay.test.tsx" name="ImageSizeDisplay &gt; image handling &gt; applies truncate class to image names" time="0.005322">
        </testcase>
        <testcase classname="client/src/components/ImageSizeDisplay.test.tsx" name="ImageSizeDisplay &gt; layout and styling &gt; applies correct grid layout classes" time="0.0061069">
        </testcase>
        <testcase classname="client/src/components/ImageSizeDisplay.test.tsx" name="ImageSizeDisplay &gt; layout and styling &gt; applies correct item styling" time="0.0114632">
        </testcase>
        <testcase classname="client/src/components/ImageSizeDisplay.test.tsx" name="ImageSizeDisplay &gt; layout and styling &gt; applies correct image container styling" time="0.005012">
        </testcase>
        <testcase classname="client/src/components/ImageSizeDisplay.test.tsx" name="ImageSizeDisplay &gt; edge cases &gt; handles images without optional properties" time="0.0042135">
        </testcase>
        <testcase classname="client/src/components/ImageSizeDisplay.test.tsx" name="ImageSizeDisplay &gt; edge cases &gt; handles empty mime type" time="0.0033349">
        </testcase>
        <testcase classname="client/src/components/ImageSizeDisplay.test.tsx" name="ImageSizeDisplay &gt; edge cases &gt; handles undefined mime type" time="0.0039763">
        </testcase>
    </testsuite>
    <testsuite name="client/src/components/Onboarding.test.tsx" timestamp="2025-09-19T01:25:09.289Z" hostname="JohnDee" tests="20" failures="18" errors="0" skipped="0" time="0.260113">
        <testcase classname="client/src/components/Onboarding.test.tsx" name="Onboarding &gt; First Time User &gt; should show welcome screen for first time users" time="0.0367137">
            <failure message="Unable to find an element with the text: /welcome to ai seo copilot/i. This could be because the text is broken up by multiple elements. In this case, you can provide a function for your text matcher to make your matcher more flexible.

Ignored nodes: comments, script, style
[36m&lt;body&gt;[39m
  [36m&lt;div /&gt;[39m
[36m&lt;/body&gt;[39m" type="TestingLibraryElementError">
TestingLibraryElementError: Unable to find an element with the text: /welcome to ai seo copilot/i. This could be because the text is broken up by multiple elements. In this case, you can provide a function for your text matcher to make your matcher more flexible.

Ignored nodes: comments, script, style
&lt;body&gt;
  &lt;div /&gt;
&lt;/body&gt;
 ❯ Object.getElementError node_modules/.pnpm/@testing-library+dom@10.4.1/node_modules/@testing-library/dom/dist/config.js:37:19
 ❯ node_modules/.pnpm/@testing-library+dom@10.4.1/node_modules/@testing-library/dom/dist/query-helpers.js:76:38
 ❯ node_modules/.pnpm/@testing-library+dom@10.4.1/node_modules/@testing-library/dom/dist/query-helpers.js:52:17
 ❯ getByText node_modules/.pnpm/@testing-library+dom@10.4.1/node_modules/@testing-library/dom/dist/query-helpers.js:95:19
 ❯ client/src/components/Onboarding.test.tsx:36:21
            </failure>
        </testcase>
        <testcase classname="client/src/components/Onboarding.test.tsx" name="Onboarding &gt; First Time User &gt; should show progress indicator" time="0.0043782">
            <failure message="Unable to find an element with the text: /step 1 of 5/i. This could be because the text is broken up by multiple elements. In this case, you can provide a function for your text matcher to make your matcher more flexible.

Ignored nodes: comments, script, style
[36m&lt;body&gt;[39m
  [36m&lt;div /&gt;[39m
[36m&lt;/body&gt;[39m" type="TestingLibraryElementError">
TestingLibraryElementError: Unable to find an element with the text: /step 1 of 5/i. This could be because the text is broken up by multiple elements. In this case, you can provide a function for your text matcher to make your matcher more flexible.

Ignored nodes: comments, script, style
&lt;body&gt;
  &lt;div /&gt;
&lt;/body&gt;
 ❯ Object.getElementError node_modules/.pnpm/@testing-library+dom@10.4.1/node_modules/@testing-library/dom/dist/config.js:37:19
 ❯ node_modules/.pnpm/@testing-library+dom@10.4.1/node_modules/@testing-library/dom/dist/query-helpers.js:76:38
 ❯ node_modules/.pnpm/@testing-library+dom@10.4.1/node_modules/@testing-library/dom/dist/query-helpers.js:52:17
 ❯ getByText node_modules/.pnpm/@testing-library+dom@10.4.1/node_modules/@testing-library/dom/dist/query-helpers.js:95:19
 ❯ client/src/components/Onboarding.test.tsx:42:21
            </failure>
        </testcase>
        <testcase classname="client/src/components/Onboarding.test.tsx" name="Onboarding &gt; First Time User &gt; should allow skipping onboarding" time="0.002907">
            <failure message="Unable to find an element with the text: /skip tour/i. This could be because the text is broken up by multiple elements. In this case, you can provide a function for your text matcher to make your matcher more flexible.

Ignored nodes: comments, script, style
[36m&lt;body&gt;[39m
  [36m&lt;div /&gt;[39m
[36m&lt;/body&gt;[39m" type="TestingLibraryElementError">
TestingLibraryElementError: Unable to find an element with the text: /skip tour/i. This could be because the text is broken up by multiple elements. In this case, you can provide a function for your text matcher to make your matcher more flexible.

Ignored nodes: comments, script, style
&lt;body&gt;
  &lt;div /&gt;
&lt;/body&gt;
 ❯ Object.getElementError node_modules/.pnpm/@testing-library+dom@10.4.1/node_modules/@testing-library/dom/dist/config.js:37:19
 ❯ node_modules/.pnpm/@testing-library+dom@10.4.1/node_modules/@testing-library/dom/dist/query-helpers.js:76:38
 ❯ node_modules/.pnpm/@testing-library+dom@10.4.1/node_modules/@testing-library/dom/dist/query-helpers.js:52:17
 ❯ getByText node_modules/.pnpm/@testing-library+dom@10.4.1/node_modules/@testing-library/dom/dist/query-helpers.js:95:19
 ❯ client/src/components/Onboarding.test.tsx:47:33
            </failure>
        </testcase>
        <testcase classname="client/src/components/Onboarding.test.tsx" name="Onboarding &gt; Step Navigation &gt; should navigate through steps" time="0.0026602">
            <failure message="Unable to find an element with the text: /welcome to ai seo copilot/i. This could be because the text is broken up by multiple elements. In this case, you can provide a function for your text matcher to make your matcher more flexible.

Ignored nodes: comments, script, style
[36m&lt;body&gt;[39m
  [36m&lt;div /&gt;[39m
[36m&lt;/body&gt;[39m" type="TestingLibraryElementError">
TestingLibraryElementError: Unable to find an element with the text: /welcome to ai seo copilot/i. This could be because the text is broken up by multiple elements. In this case, you can provide a function for your text matcher to make your matcher more flexible.

Ignored nodes: comments, script, style
&lt;body&gt;
  &lt;div /&gt;
&lt;/body&gt;
 ❯ Object.getElementError node_modules/.pnpm/@testing-library+dom@10.4.1/node_modules/@testing-library/dom/dist/config.js:37:19
 ❯ node_modules/.pnpm/@testing-library+dom@10.4.1/node_modules/@testing-library/dom/dist/query-helpers.js:76:38
 ❯ node_modules/.pnpm/@testing-library+dom@10.4.1/node_modules/@testing-library/dom/dist/query-helpers.js:52:17
 ❯ getByText node_modules/.pnpm/@testing-library+dom@10.4.1/node_modules/@testing-library/dom/dist/query-helpers.js:95:19
 ❯ client/src/components/Onboarding.test.tsx:59:21
            </failure>
        </testcase>
        <testcase classname="client/src/components/Onboarding.test.tsx" name="Onboarding &gt; Step Navigation &gt; should show previous button after first step" time="0.0025213">
            <failure message="Unable to find an element with the text: /previous/i. This could be because the text is broken up by multiple elements. In this case, you can provide a function for your text matcher to make your matcher more flexible.

Ignored nodes: comments, script, style
[36m&lt;body&gt;[39m
  [36m&lt;div /&gt;[39m
[36m&lt;/body&gt;[39m" type="TestingLibraryElementError">
TestingLibraryElementError: Unable to find an element with the text: /previous/i. This could be because the text is broken up by multiple elements. In this case, you can provide a function for your text matcher to make your matcher more flexible.

Ignored nodes: comments, script, style
&lt;body&gt;
  &lt;div /&gt;
&lt;/body&gt;
 ❯ Object.getElementError node_modules/.pnpm/@testing-library+dom@10.4.1/node_modules/@testing-library/dom/dist/config.js:37:19
 ❯ node_modules/.pnpm/@testing-library+dom@10.4.1/node_modules/@testing-library/dom/dist/query-helpers.js:76:38
 ❯ node_modules/.pnpm/@testing-library+dom@10.4.1/node_modules/@testing-library/dom/dist/query-helpers.js:52:17
 ❯ getByText node_modules/.pnpm/@testing-library+dom@10.4.1/node_modules/@testing-library/dom/dist/query-helpers.js:95:19
 ❯ client/src/components/Onboarding.test.tsx:95:21
            </failure>
        </testcase>
        <testcase classname="client/src/components/Onboarding.test.tsx" name="Onboarding &gt; API Key Setup &gt; should validate API key format" time="0.0033473">
            <failure message="Unable to find an element with the placeholder text of: /sk-/i

Ignored nodes: comments, script, style
[36m&lt;body&gt;[39m
  [36m&lt;div /&gt;[39m
[36m&lt;/body&gt;[39m" type="TestingLibraryElementError">
TestingLibraryElementError: Unable to find an element with the placeholder text of: /sk-/i

Ignored nodes: comments, script, style
&lt;body&gt;
  &lt;div /&gt;
&lt;/body&gt;
 ❯ Object.getElementError node_modules/.pnpm/@testing-library+dom@10.4.1/node_modules/@testing-library/dom/dist/config.js:37:19
 ❯ node_modules/.pnpm/@testing-library+dom@10.4.1/node_modules/@testing-library/dom/dist/query-helpers.js:76:38
 ❯ node_modules/.pnpm/@testing-library+dom@10.4.1/node_modules/@testing-library/dom/dist/query-helpers.js:52:17
 ❯ getByPlaceholderText node_modules/.pnpm/@testing-library+dom@10.4.1/node_modules/@testing-library/dom/dist/query-helpers.js:95:19
 ❯ client/src/components/Onboarding.test.tsx:114:28
            </failure>
        </testcase>
        <testcase classname="client/src/components/Onboarding.test.tsx" name="Onboarding &gt; API Key Setup &gt; should allow skipping API key setup" time="0.003207">
            <failure message="Unable to find an element with the text: /skip for now/i. This could be because the text is broken up by multiple elements. In this case, you can provide a function for your text matcher to make your matcher more flexible.

Ignored nodes: comments, script, style
[36m&lt;body&gt;[39m
  [36m&lt;div /&gt;[39m
[36m&lt;/body&gt;[39m" type="TestingLibraryElementError">
TestingLibraryElementError: Unable to find an element with the text: /skip for now/i. This could be because the text is broken up by multiple elements. In this case, you can provide a function for your text matcher to make your matcher more flexible.

Ignored nodes: comments, script, style
&lt;body&gt;
  &lt;div /&gt;
&lt;/body&gt;
 ❯ Object.getElementError node_modules/.pnpm/@testing-library+dom@10.4.1/node_modules/@testing-library/dom/dist/config.js:37:19
 ❯ node_modules/.pnpm/@testing-library+dom@10.4.1/node_modules/@testing-library/dom/dist/query-helpers.js:76:38
 ❯ node_modules/.pnpm/@testing-library+dom@10.4.1/node_modules/@testing-library/dom/dist/query-helpers.js:52:17
 ❯ getByText node_modules/.pnpm/@testing-library+dom@10.4.1/node_modules/@testing-library/dom/dist/query-helpers.js:95:19
 ❯ client/src/components/Onboarding.test.tsx:143:33
            </failure>
        </testcase>
        <testcase classname="client/src/components/Onboarding.test.tsx" name="Onboarding &gt; Feature Introduction &gt; should show key features" time="0.0023914">
            <failure message="Unable to find an element with the text: /seo analysis/i. This could be because the text is broken up by multiple elements. In this case, you can provide a function for your text matcher to make your matcher more flexible.

Ignored nodes: comments, script, style
[36m&lt;body&gt;[39m
  [36m&lt;div /&gt;[39m
[36m&lt;/body&gt;[39m" type="TestingLibraryElementError">
TestingLibraryElementError: Unable to find an element with the text: /seo analysis/i. This could be because the text is broken up by multiple elements. In this case, you can provide a function for your text matcher to make your matcher more flexible.

Ignored nodes: comments, script, style
&lt;body&gt;
  &lt;div /&gt;
&lt;/body&gt;
 ❯ Object.getElementError node_modules/.pnpm/@testing-library+dom@10.4.1/node_modules/@testing-library/dom/dist/config.js:37:19
 ❯ node_modules/.pnpm/@testing-library+dom@10.4.1/node_modules/@testing-library/dom/dist/query-helpers.js:76:38
 ❯ node_modules/.pnpm/@testing-library+dom@10.4.1/node_modules/@testing-library/dom/dist/query-helpers.js:52:17
 ❯ getByText node_modules/.pnpm/@testing-library+dom@10.4.1/node_modules/@testing-library/dom/dist/query-helpers.js:95:19
 ❯ client/src/components/Onboarding.test.tsx:165:21
            </failure>
        </testcase>
        <testcase classname="client/src/components/Onboarding.test.tsx" name="Onboarding &gt; Feature Introduction &gt; should show feature animations" time="0.0072504">
            <failure message="Unable to find an element by: [data-testid=&quot;/feature-card/i&quot;]

Ignored nodes: comments, script, style
[36m&lt;body&gt;[39m
  [36m&lt;div /&gt;[39m
[36m&lt;/body&gt;[39m" type="TestingLibraryElementError">
TestingLibraryElementError: Unable to find an element by: [data-testid=&quot;/feature-card/i&quot;]

Ignored nodes: comments, script, style
&lt;body&gt;
  &lt;div /&gt;
&lt;/body&gt;
 ❯ Object.getElementError node_modules/.pnpm/@testing-library+dom@10.4.1/node_modules/@testing-library/dom/dist/config.js:37:19
 ❯ node_modules/.pnpm/@testing-library+dom@10.4.1/node_modules/@testing-library/dom/dist/query-helpers.js:76:38
 ❯ getAllByTestId node_modules/.pnpm/@testing-library+dom@10.4.1/node_modules/@testing-library/dom/dist/query-helpers.js:109:15
 ❯ client/src/components/Onboarding.test.tsx:184:31
            </failure>
        </testcase>
        <testcase classname="client/src/components/Onboarding.test.tsx" name="Onboarding &gt; Interactive Demo &gt; should show interactive demo elements" time="0.0030479">
            <failure message="Unable to find an element with the text: /try it yourself/i. This could be because the text is broken up by multiple elements. In this case, you can provide a function for your text matcher to make your matcher more flexible.

Ignored nodes: comments, script, style
[36m&lt;body&gt;[39m
  [36m&lt;div /&gt;[39m
[36m&lt;/body&gt;[39m" type="TestingLibraryElementError">
TestingLibraryElementError: Unable to find an element with the text: /try it yourself/i. This could be because the text is broken up by multiple elements. In this case, you can provide a function for your text matcher to make your matcher more flexible.

Ignored nodes: comments, script, style
&lt;body&gt;
  &lt;div /&gt;
&lt;/body&gt;
 ❯ Object.getElementError node_modules/.pnpm/@testing-library+dom@10.4.1/node_modules/@testing-library/dom/dist/config.js:37:19
 ❯ node_modules/.pnpm/@testing-library+dom@10.4.1/node_modules/@testing-library/dom/dist/query-helpers.js:76:38
 ❯ node_modules/.pnpm/@testing-library+dom@10.4.1/node_modules/@testing-library/dom/dist/query-helpers.js:52:17
 ❯ getByText node_modules/.pnpm/@testing-library+dom@10.4.1/node_modules/@testing-library/dom/dist/query-helpers.js:95:19
 ❯ client/src/components/Onboarding.test.tsx:206:21
            </failure>
        </testcase>
        <testcase classname="client/src/components/Onboarding.test.tsx" name="Onboarding &gt; Interactive Demo &gt; should simulate analysis" time="0.0024604">
            <failure message="Unable to find an element with the placeholder text of: /enter keywords/i

Ignored nodes: comments, script, style
[36m&lt;body&gt;[39m
  [36m&lt;div /&gt;[39m
[36m&lt;/body&gt;[39m" type="TestingLibraryElementError">
TestingLibraryElementError: Unable to find an element with the placeholder text of: /enter keywords/i

Ignored nodes: comments, script, style
&lt;body&gt;
  &lt;div /&gt;
&lt;/body&gt;
 ❯ Object.getElementError node_modules/.pnpm/@testing-library+dom@10.4.1/node_modules/@testing-library/dom/dist/config.js:37:19
 ❯ node_modules/.pnpm/@testing-library+dom@10.4.1/node_modules/@testing-library/dom/dist/query-helpers.js:76:38
 ❯ node_modules/.pnpm/@testing-library+dom@10.4.1/node_modules/@testing-library/dom/dist/query-helpers.js:52:17
 ❯ getByPlaceholderText node_modules/.pnpm/@testing-library+dom@10.4.1/node_modules/@testing-library/dom/dist/query-helpers.js:95:19
 ❯ client/src/components/Onboarding.test.tsx:225:35
            </failure>
        </testcase>
        <testcase classname="client/src/components/Onboarding.test.tsx" name="Onboarding &gt; Completion &gt; should show completion screen" time="0.0025511">
            <failure message="Unable to find an element with the text: /you&apos;re all set/i. This could be because the text is broken up by multiple elements. In this case, you can provide a function for your text matcher to make your matcher more flexible.

Ignored nodes: comments, script, style
[36m&lt;body&gt;[39m
  [36m&lt;div /&gt;[39m
[36m&lt;/body&gt;[39m" type="TestingLibraryElementError">
TestingLibraryElementError: Unable to find an element with the text: /you&apos;re all set/i. This could be because the text is broken up by multiple elements. In this case, you can provide a function for your text matcher to make your matcher more flexible.

Ignored nodes: comments, script, style
&lt;body&gt;
  &lt;div /&gt;
&lt;/body&gt;
 ❯ Object.getElementError node_modules/.pnpm/@testing-library+dom@10.4.1/node_modules/@testing-library/dom/dist/config.js:37:19
 ❯ node_modules/.pnpm/@testing-library+dom@10.4.1/node_modules/@testing-library/dom/dist/query-helpers.js:76:38
 ❯ node_modules/.pnpm/@testing-library+dom@10.4.1/node_modules/@testing-library/dom/dist/query-helpers.js:52:17
 ❯ getByText node_modules/.pnpm/@testing-library+dom@10.4.1/node_modules/@testing-library/dom/dist/query-helpers.js:95:19
 ❯ client/src/components/Onboarding.test.tsx:253:21
            </failure>
        </testcase>
        <testcase classname="client/src/components/Onboarding.test.tsx" name="Onboarding &gt; Completion &gt; should complete onboarding when finished" time="0.0024367">
            <failure message="Unable to find an element with the text: /start optimizing/i. This could be because the text is broken up by multiple elements. In this case, you can provide a function for your text matcher to make your matcher more flexible.

Ignored nodes: comments, script, style
[36m&lt;body&gt;[39m
  [36m&lt;div /&gt;[39m
[36m&lt;/body&gt;[39m" type="TestingLibraryElementError">
TestingLibraryElementError: Unable to find an element with the text: /start optimizing/i. This could be because the text is broken up by multiple elements. In this case, you can provide a function for your text matcher to make your matcher more flexible.

Ignored nodes: comments, script, style
&lt;body&gt;
  &lt;div /&gt;
&lt;/body&gt;
 ❯ Object.getElementError node_modules/.pnpm/@testing-library+dom@10.4.1/node_modules/@testing-library/dom/dist/config.js:37:19
 ❯ node_modules/.pnpm/@testing-library+dom@10.4.1/node_modules/@testing-library/dom/dist/query-helpers.js:76:38
 ❯ node_modules/.pnpm/@testing-library+dom@10.4.1/node_modules/@testing-library/dom/dist/query-helpers.js:52:17
 ❯ getByText node_modules/.pnpm/@testing-library+dom@10.4.1/node_modules/@testing-library/dom/dist/query-helpers.js:95:19
 ❯ client/src/components/Onboarding.test.tsx:271:35
            </failure>
        </testcase>
        <testcase classname="client/src/components/Onboarding.test.tsx" name="Onboarding &gt; Returning User &gt; should not show onboarding for returning users" time="0.002325">
        </testcase>
        <testcase classname="client/src/components/Onboarding.test.tsx" name="Onboarding &gt; Returning User &gt; should allow resetting onboarding from settings" time="0.1306563">
        </testcase>
        <testcase classname="client/src/components/Onboarding.test.tsx" name="Onboarding &gt; Responsive Design &gt; should adapt to small screens" time="0.0037792">
            <failure message="Unable to find an element by: [data-testid=&quot;onboarding-modal&quot;]

Ignored nodes: comments, script, style
[36m&lt;body&gt;[39m
  [36m&lt;div /&gt;[39m
[36m&lt;/body&gt;[39m" type="TestingLibraryElementError">
TestingLibraryElementError: Unable to find an element by: [data-testid=&quot;onboarding-modal&quot;]

Ignored nodes: comments, script, style
&lt;body&gt;
  &lt;div /&gt;
&lt;/body&gt;
 ❯ Object.getElementError node_modules/.pnpm/@testing-library+dom@10.4.1/node_modules/@testing-library/dom/dist/config.js:37:19
 ❯ node_modules/.pnpm/@testing-library+dom@10.4.1/node_modules/@testing-library/dom/dist/query-helpers.js:76:38
 ❯ node_modules/.pnpm/@testing-library+dom@10.4.1/node_modules/@testing-library/dom/dist/query-helpers.js:52:17
 ❯ getByTestId node_modules/.pnpm/@testing-library+dom@10.4.1/node_modules/@testing-library/dom/dist/query-helpers.js:95:19
 ❯ client/src/components/Onboarding.test.tsx:326:28
            </failure>
        </testcase>
        <testcase classname="client/src/components/Onboarding.test.tsx" name="Onboarding &gt; Responsive Design &gt; should show full width on desktop" time="0.0027584">
            <failure message="Unable to find an element by: [data-testid=&quot;onboarding-modal&quot;]

Ignored nodes: comments, script, style
[36m&lt;body&gt;[39m
  [36m&lt;div /&gt;[39m
[36m&lt;/body&gt;[39m" type="TestingLibraryElementError">
TestingLibraryElementError: Unable to find an element by: [data-testid=&quot;onboarding-modal&quot;]

Ignored nodes: comments, script, style
&lt;body&gt;
  &lt;div /&gt;
&lt;/body&gt;
 ❯ Object.getElementError node_modules/.pnpm/@testing-library+dom@10.4.1/node_modules/@testing-library/dom/dist/config.js:37:19
 ❯ node_modules/.pnpm/@testing-library+dom@10.4.1/node_modules/@testing-library/dom/dist/query-helpers.js:76:38
 ❯ node_modules/.pnpm/@testing-library+dom@10.4.1/node_modules/@testing-library/dom/dist/query-helpers.js:52:17
 ❯ getByTestId node_modules/.pnpm/@testing-library+dom@10.4.1/node_modules/@testing-library/dom/dist/query-helpers.js:95:19
 ❯ client/src/components/Onboarding.test.tsx:338:28
            </failure>
        </testcase>
        <testcase classname="client/src/components/Onboarding.test.tsx" name="Onboarding &gt; Accessibility &gt; should have proper ARIA labels" time="0.0273655">
            <failure message="Unable to find an accessible element with the role &quot;dialog&quot;

There are no accessible roles. But there might be some inaccessible roles. If you wish to access them, then set the `hidden` option to `true`. Learn more about this here: https://testing-library.com/docs/dom-testing-library/api-queries#byrole

Ignored nodes: comments, script, style
[36m&lt;body&gt;[39m
  [36m&lt;div /&gt;[39m
[36m&lt;/body&gt;[39m" type="TestingLibraryElementError">
TestingLibraryElementError: Unable to find an accessible element with the role &quot;dialog&quot;

There are no accessible roles. But there might be some inaccessible roles. If you wish to access them, then set the `hidden` option to `true`. Learn more about this here: https://testing-library.com/docs/dom-testing-library/api-queries#byrole

Ignored nodes: comments, script, style
&lt;body&gt;
  &lt;div /&gt;
&lt;/body&gt;
 ❯ Object.getElementError node_modules/.pnpm/@testing-library+dom@10.4.1/node_modules/@testing-library/dom/dist/config.js:37:19
 ❯ node_modules/.pnpm/@testing-library+dom@10.4.1/node_modules/@testing-library/dom/dist/query-helpers.js:76:38
 ❯ node_modules/.pnpm/@testing-library+dom@10.4.1/node_modules/@testing-library/dom/dist/query-helpers.js:52:17
 ❯ getByRole node_modules/.pnpm/@testing-library+dom@10.4.1/node_modules/@testing-library/dom/dist/query-helpers.js:95:19
 ❯ client/src/components/Onboarding.test.tsx:346:21
            </failure>
        </testcase>
        <testcase classname="client/src/components/Onboarding.test.tsx" name="Onboarding &gt; Accessibility &gt; should be keyboard navigable" time="0.0028614">
            <failure message="Unable to find an element with the text: /get started/i. This could be because the text is broken up by multiple elements. In this case, you can provide a function for your text matcher to make your matcher more flexible.

Ignored nodes: comments, script, style
[36m&lt;body&gt;[39m
  [36m&lt;div /&gt;[39m
[36m&lt;/body&gt;[39m" type="TestingLibraryElementError">
TestingLibraryElementError: Unable to find an element with the text: /get started/i. This could be because the text is broken up by multiple elements. In this case, you can provide a function for your text matcher to make your matcher more flexible.

Ignored nodes: comments, script, style
&lt;body&gt;
  &lt;div /&gt;
&lt;/body&gt;
 ❯ Object.getElementError node_modules/.pnpm/@testing-library+dom@10.4.1/node_modules/@testing-library/dom/dist/config.js:37:19
 ❯ node_modules/.pnpm/@testing-library+dom@10.4.1/node_modules/@testing-library/dom/dist/query-helpers.js:76:38
 ❯ node_modules/.pnpm/@testing-library+dom@10.4.1/node_modules/@testing-library/dom/dist/query-helpers.js:52:17
 ❯ getByText node_modules/.pnpm/@testing-library+dom@10.4.1/node_modules/@testing-library/dom/dist/query-helpers.js:95:19
 ❯ client/src/components/Onboarding.test.tsx:353:37
            </failure>
        </testcase>
        <testcase classname="client/src/components/Onboarding.test.tsx" name="Onboarding &gt; Accessibility &gt; should trap focus within modal" time="0.0070909">
            <failure message="Unable to find an accessible element with the role &quot;dialog&quot;

There are no accessible roles. But there might be some inaccessible roles. If you wish to access them, then set the `hidden` option to `true`. Learn more about this here: https://testing-library.com/docs/dom-testing-library/api-queries#byrole

Ignored nodes: comments, script, style
[36m&lt;body&gt;[39m
  [36m&lt;div /&gt;[39m
[36m&lt;/body&gt;[39m" type="TestingLibraryElementError">
TestingLibraryElementError: Unable to find an accessible element with the role &quot;dialog&quot;

There are no accessible roles. But there might be some inaccessible roles. If you wish to access them, then set the `hidden` option to `true`. Learn more about this here: https://testing-library.com/docs/dom-testing-library/api-queries#byrole

Ignored nodes: comments, script, style
&lt;body&gt;
  &lt;div /&gt;
&lt;/body&gt;
 ❯ Object.getElementError node_modules/.pnpm/@testing-library+dom@10.4.1/node_modules/@testing-library/dom/dist/config.js:37:19
 ❯ node_modules/.pnpm/@testing-library+dom@10.4.1/node_modules/@testing-library/dom/dist/query-helpers.js:76:38
 ❯ node_modules/.pnpm/@testing-library+dom@10.4.1/node_modules/@testing-library/dom/dist/query-helpers.js:52:17
 ❯ getByRole node_modules/.pnpm/@testing-library+dom@10.4.1/node_modules/@testing-library/dom/dist/query-helpers.js:95:19
 ❯ client/src/components/Onboarding.test.tsx:364:28
            </failure>
        </testcase>
    </testsuite>
    <testsuite name="client/src/components/WebflowAppWrapper.test.tsx" timestamp="2025-09-19T01:25:09.297Z" hostname="JohnDee" tests="7" failures="0" errors="0" skipped="0" time="0.0604533">
        <testcase classname="client/src/components/WebflowAppWrapper.test.tsx" name="WebflowAppWrapper &gt; renders children correctly" time="0.0357062">
        </testcase>
        <testcase classname="client/src/components/WebflowAppWrapper.test.tsx" name="WebflowAppWrapper &gt; has correct CSS classes applied" time="0.0032808">
        </testcase>
        <testcase classname="client/src/components/WebflowAppWrapper.test.tsx" name="WebflowAppWrapper &gt; sets extension size when webflow API is available" time="0.0049225">
        </testcase>
        <testcase classname="client/src/components/WebflowAppWrapper.test.tsx" name="WebflowAppWrapper &gt; logs warning when webflow API is not available" time="0.0031304">
        </testcase>
        <testcase classname="client/src/components/WebflowAppWrapper.test.tsx" name="WebflowAppWrapper &gt; handles errors when setting extension size" time="0.0040435">
        </testcase>
        <testcase classname="client/src/components/WebflowAppWrapper.test.tsx" name="WebflowAppWrapper &gt; handles webflow object without setExtensionSize method" time="0.0017964">
        </testcase>
        <testcase classname="client/src/components/WebflowAppWrapper.test.tsx" name="WebflowAppWrapper &gt; renders with correct id attribute" time="0.0020938">
        </testcase>
    </testsuite>
    <testsuite name="workers/modules/aiRecommendations.test.ts" timestamp="2025-09-19T01:25:09.298Z" hostname="JohnDee" tests="14" failures="0" errors="0" skipped="0" time="0.0377349">
        <testcase classname="workers/modules/aiRecommendations.test.ts" name="aiRecommendations &gt; shouldHaveCopyButton &gt; should delegate to shouldShowCopyButton utility" time="0.0052167">
        </testcase>
        <testcase classname="workers/modules/aiRecommendations.test.ts" name="aiRecommendations &gt; getAIRecommendation &gt; should throw error when OpenAI API key is not configured" time="0.0058123">
            <system-err>
[AI Recommendations] Error generating AI recommendation: Error: OpenAI API key not configured
    at Module.getAIRecommendation [90m(C:\Users\Paul Mulligan\PMDS\Projects\AI-SEO-Copilot-for-Webflow\[39mworkers\modules\aiRecommendations.ts:32:13[90m)[39m
    at [90mC:\Users\Paul Mulligan\PMDS\Projects\AI-SEO-Copilot-for-Webflow\[39mworkers\modules\aiRecommendations.test.ts:71:9
    at [90mfile:///C:/Users/Paul%20Mulligan/PMDS/Projects/AI-SEO-Copilot-for-Webflow/[39mnode_modules/[4m.pnpm[24m/@vitest+runner@3.2.4/node_modules/[4m@vitest[24m/runner/dist/chunk-hooks.js:155:11
    at [90mfile:///C:/Users/Paul%20Mulligan/PMDS/Projects/AI-SEO-Copilot-for-Webflow/[39mnode_modules/[4m.pnpm[24m/@vitest+runner@3.2.4/node_modules/[4m@vitest[24m/runner/dist/chunk-hooks.js:752:26
    at [90mfile:///C:/Users/Paul%20Mulligan/PMDS/Projects/AI-SEO-Copilot-for-Webflow/[39mnode_modules/[4m.pnpm[24m/@vitest+runner@3.2.4/node_modules/[4m@vitest[24m/runner/dist/chunk-hooks.js:1897:20
    at new Promise (&lt;anonymous&gt;)
    at runWithTimeout [90m(file:///C:/Users/Paul%20Mulligan/PMDS/Projects/AI-SEO-Copilot-for-Webflow/[39mnode_modules/[4m.pnpm[24m/@vitest+runner@3.2.4/node_modules/[4m@vitest[24m/runner/dist/chunk-hooks.js:1863:10[90m)[39m
    at runTest [90m(file:///C:/Users/Paul%20Mulligan/PMDS/Projects/AI-SEO-Copilot-for-Webflow/[39mnode_modules/[4m.pnpm[24m/@vitest+runner@3.2.4/node_modules/[4m@vitest[24m/runner/dist/chunk-hooks.js:1574:12[90m)[39m
[90m    at processTicksAndRejections (node:internal/process/task_queues:105:5)[39m
    at runSuite [90m(file:///C:/Users/Paul%20Mulligan/PMDS/Projects/AI-SEO-Copilot-for-Webflow/[39mnode_modules/[4m.pnpm[24m/@vitest+runner@3.2.4/node_modules/[4m@vitest[24m/runner/dist/chunk-hooks.js:1729:8[90m)[39m

            </system-err>
        </testcase>
        <testcase classname="workers/modules/aiRecommendations.test.ts" name="aiRecommendations &gt; getAIRecommendation &gt; should generate AI recommendation for copyable content" time="0.0041815">
        </testcase>
        <testcase classname="workers/modules/aiRecommendations.test.ts" name="aiRecommendations &gt; getAIRecommendation &gt; should generate AI recommendation for non-copyable content" time="0.0019538">
        </testcase>
        <testcase classname="workers/modules/aiRecommendations.test.ts" name="aiRecommendations &gt; getAIRecommendation &gt; should handle advanced options with page type and secondary keywords" time="0.002188">
        </testcase>
        <testcase classname="workers/modules/aiRecommendations.test.ts" name="aiRecommendations &gt; getAIRecommendation &gt; should handle multilingual recommendations" time="0.0019188">
        </testcase>
        <testcase classname="workers/modules/aiRecommendations.test.ts" name="aiRecommendations &gt; getAIRecommendation &gt; should handle special URL slug generation" time="0.0015457">
        </testcase>
        <testcase classname="workers/modules/aiRecommendations.test.ts" name="aiRecommendations &gt; getAIRecommendation &gt; should retry on OpenAI API failures with exponential backoff" time="0.0017766">
            <system-err>
[AI Recommendations] Retry 1/2 after 2000ms delay

[AI Recommendations] Retry 2/2 after 4000ms delay

            </system-err>
        </testcase>
        <testcase classname="workers/modules/aiRecommendations.test.ts" name="aiRecommendations &gt; getAIRecommendation &gt; should throw error after max retries exceeded" time="0.0018742">
            <system-err>
[AI Recommendations] Retry 1/2 after 2000ms delay

[AI Recommendations] Retry 2/2 after 4000ms delay

[AI Recommendations] Error generating AI recommendation: Error: Persistent API error
    at [90mC:\Users\Paul Mulligan\PMDS\Projects\AI-SEO-Copilot-for-Webflow\[39mworkers\modules\aiRecommendations.test.ts:294:25
    at [90mfile:///C:/Users/Paul%20Mulligan/PMDS/Projects/AI-SEO-Copilot-for-Webflow/[39mnode_modules/[4m.pnpm[24m/@vitest+runner@3.2.4/node_modules/[4m@vitest[24m/runner/dist/chunk-hooks.js:155:11
    at [90mfile:///C:/Users/Paul%20Mulligan/PMDS/Projects/AI-SEO-Copilot-for-Webflow/[39mnode_modules/[4m.pnpm[24m/@vitest+runner@3.2.4/node_modules/[4m@vitest[24m/runner/dist/chunk-hooks.js:752:26
    at [90mfile:///C:/Users/Paul%20Mulligan/PMDS/Projects/AI-SEO-Copilot-for-Webflow/[39mnode_modules/[4m.pnpm[24m/@vitest+runner@3.2.4/node_modules/[4m@vitest[24m/runner/dist/chunk-hooks.js:1897:20
    at new Promise (&lt;anonymous&gt;)
    at runWithTimeout [90m(file:///C:/Users/Paul%20Mulligan/PMDS/Projects/AI-SEO-Copilot-for-Webflow/[39mnode_modules/[4m.pnpm[24m/@vitest+runner@3.2.4/node_modules/[4m@vitest[24m/runner/dist/chunk-hooks.js:1863:10[90m)[39m
    at runTest [90m(file:///C:/Users/Paul%20Mulligan/PMDS/Projects/AI-SEO-Copilot-for-Webflow/[39mnode_modules/[4m.pnpm[24m/@vitest+runner@3.2.4/node_modules/[4m@vitest[24m/runner/dist/chunk-hooks.js:1574:12[90m)[39m
[90m    at processTicksAndRejections (node:internal/process/task_queues:105:5)[39m
    at runSuite [90m(file:///C:/Users/Paul%20Mulligan/PMDS/Projects/AI-SEO-Copilot-for-Webflow/[39mnode_modules/[4m.pnpm[24m/@vitest+runner@3.2.4/node_modules/[4m@vitest[24m/runner/dist/chunk-hooks.js:1729:8[90m)[39m
    at runSuite [90m(file:///C:/Users/Paul%20Mulligan/PMDS/Projects/AI-SEO-Copilot-for-Webflow/[39mnode_modules/[4m.pnpm[24m/@vitest+runner@3.2.4/node_modules/[4m@vitest[24m/runner/dist/chunk-hooks.js:1729:8[90m)[39m

            </system-err>
        </testcase>
        <testcase classname="workers/modules/aiRecommendations.test.ts" name="aiRecommendations &gt; getAIRecommendation &gt; should provide localized error messages for non-English languages" time="0.0014556">
            <system-err>
[AI Recommendations] Retry 1/2 after 2000ms delay

[AI Recommendations] Retry 2/2 after 4000ms delay

[AI Recommendations] Error generating AI recommendation: Error: API error
    at [90mC:\Users\Paul Mulligan\PMDS\Projects\AI-SEO-Copilot-for-Webflow\[39mworkers\modules\aiRecommendations.test.ts:324:25
    at [90mfile:///C:/Users/Paul%20Mulligan/PMDS/Projects/AI-SEO-Copilot-for-Webflow/[39mnode_modules/[4m.pnpm[24m/@vitest+runner@3.2.4/node_modules/[4m@vitest[24m/runner/dist/chunk-hooks.js:155:11
    at [90mfile:///C:/Users/Paul%20Mulligan/PMDS/Projects/AI-SEO-Copilot-for-Webflow/[39mnode_modules/[4m.pnpm[24m/@vitest+runner@3.2.4/node_modules/[4m@vitest[24m/runner/dist/chunk-hooks.js:752:26
    at [90mfile:///C:/Users/Paul%20Mulligan/PMDS/Projects/AI-SEO-Copilot-for-Webflow/[39mnode_modules/[4m.pnpm[24m/@vitest+runner@3.2.4/node_modules/[4m@vitest[24m/runner/dist/chunk-hooks.js:1897:20
    at new Promise (&lt;anonymous&gt;)
    at runWithTimeout [90m(file:///C:/Users/Paul%20Mulligan/PMDS/Projects/AI-SEO-Copilot-for-Webflow/[39mnode_modules/[4m.pnpm[24m/@vitest+runner@3.2.4/node_modules/[4m@vitest[24m/runner/dist/chunk-hooks.js:1863:10[90m)[39m
    at runTest [90m(file:///C:/Users/Paul%20Mulligan/PMDS/Projects/AI-SEO-Copilot-for-Webflow/[39mnode_modules/[4m.pnpm[24m/@vitest+runner@3.2.4/node_modules/[4m@vitest[24m/runner/dist/chunk-hooks.js:1574:12[90m)[39m
[90m    at processTicksAndRejections (node:internal/process/task_queues:105:5)[39m
    at runSuite [90m(file:///C:/Users/Paul%20Mulligan/PMDS/Projects/AI-SEO-Copilot-for-Webflow/[39mnode_modules/[4m.pnpm[24m/@vitest+runner@3.2.4/node_modules/[4m@vitest[24m/runner/dist/chunk-hooks.js:1729:8[90m)[39m
    at runSuite [90m(file:///C:/Users/Paul%20Mulligan/PMDS/Projects/AI-SEO-Copilot-for-Webflow/[39mnode_modules/[4m.pnpm[24m/@vitest+runner@3.2.4/node_modules/[4m@vitest[24m/runner/dist/chunk-hooks.js:1729:8[90m)[39m

            </system-err>
        </testcase>
        <testcase classname="workers/modules/aiRecommendations.test.ts" name="aiRecommendations &gt; getAIRecommendation &gt; should handle empty AI response" time="0.0011863">
            <system-err>
[AI Recommendations] Error generating AI recommendation: Error: No recommendation received from OpenAI
    at Module.getAIRecommendation [90m(C:\Users\Paul Mulligan\PMDS\Projects\AI-SEO-Copilot-for-Webflow\[39mworkers\modules\aiRecommendations.ts:109:13[90m)[39m
[90m    at processTicksAndRejections (node:internal/process/task_queues:105:5)[39m
    at [90mC:\Users\Paul Mulligan\PMDS\Projects\AI-SEO-Copilot-for-Webflow\[39mworkers\modules\aiRecommendations.test.ts:354:7
    at [90mfile:///C:/Users/Paul%20Mulligan/PMDS/Projects/AI-SEO-Copilot-for-Webflow/[39mnode_modules/[4m.pnpm[24m/@vitest+runner@3.2.4/node_modules/[4m@vitest[24m/runner/dist/chunk-hooks.js:752:20

            </system-err>
        </testcase>
        <testcase classname="workers/modules/aiRecommendations.test.ts" name="aiRecommendations &gt; getAIRecommendation &gt; should warn about potential language mismatch" time="0.0013064">
        </testcase>
        <testcase classname="workers/modules/aiRecommendations.test.ts" name="aiRecommendations &gt; handleRecommendationResult &gt; should set sanitized recommendation on check object" time="0.0014536">
        </testcase>
        <testcase classname="workers/modules/aiRecommendations.test.ts" name="aiRecommendations &gt; handleRecommendationResult &gt; should handle check object with existing properties" time="0.0005432">
        </testcase>
    </testsuite>
    <testsuite name="workers/modules/oauthProxy.test.ts" timestamp="2025-09-19T01:25:09.300Z" hostname="JohnDee" tests="12" failures="0" errors="0" skipped="0" time="0.0169644">
        <testcase classname="workers/modules/oauthProxy.test.ts" name="Worker OAuth Proxy &gt; Token Exchange &gt; should exchange authorization code for access token" time="0.0046426">
        </testcase>
        <testcase classname="workers/modules/oauthProxy.test.ts" name="Worker OAuth Proxy &gt; Token Exchange &gt; should handle invalid authorization code" time="0.0009708">
        </testcase>
        <testcase classname="workers/modules/oauthProxy.test.ts" name="Worker OAuth Proxy &gt; Token Exchange &gt; should validate required parameters" time="0.0006503">
        </testcase>
        <testcase classname="workers/modules/oauthProxy.test.ts" name="Worker OAuth Proxy &gt; Token Refresh &gt; should refresh access token using refresh token" time="0.0008395">
        </testcase>
        <testcase classname="workers/modules/oauthProxy.test.ts" name="Worker OAuth Proxy &gt; Token Refresh &gt; should handle expired refresh token" time="0.0006733">
        </testcase>
        <testcase classname="workers/modules/oauthProxy.test.ts" name="Worker OAuth Proxy &gt; Token Refresh &gt; should validate refresh token parameter" time="0.0003742">
        </testcase>
        <testcase classname="workers/modules/oauthProxy.test.ts" name="Worker OAuth Proxy &gt; User Info Proxy &gt; should proxy user info request to Webflow API" time="0.0006989">
        </testcase>
        <testcase classname="workers/modules/oauthProxy.test.ts" name="Worker OAuth Proxy &gt; User Info Proxy &gt; should handle missing authorization header" time="0.0004611">
        </testcase>
        <testcase classname="workers/modules/oauthProxy.test.ts" name="Worker OAuth Proxy &gt; User Info Proxy &gt; should handle invalid access token" time="0.0005458">
        </testcase>
        <testcase classname="workers/modules/oauthProxy.test.ts" name="Worker OAuth Proxy &gt; Security &gt; should validate client credentials" time="0.0003819">
        </testcase>
        <testcase classname="workers/modules/oauthProxy.test.ts" name="Worker OAuth Proxy &gt; Security &gt; should validate redirect URI" time="0.00038">
        </testcase>
        <testcase classname="workers/modules/oauthProxy.test.ts" name="Worker OAuth Proxy &gt; Rate Limiting &gt; should handle rate limiting from Webflow API" time="0.0007948">
        </testcase>
    </testsuite>
    <testsuite name="workers/modules/seoAnalysis.test.ts" timestamp="2025-09-19T01:25:09.301Z" hostname="JohnDee" tests="57" failures="0" errors="0" skipped="0" time="0.0282961">
        <testcase classname="workers/modules/seoAnalysis.test.ts" name="seoAnalysis &gt; calculateSEOScore &gt; should calculate correct SEO score from checks" time="0.00172">
        </testcase>
        <testcase classname="workers/modules/seoAnalysis.test.ts" name="seoAnalysis &gt; calculateSEOScore &gt; should return 100 when all checks pass" time="0.0002508">
        </testcase>
        <testcase classname="workers/modules/seoAnalysis.test.ts" name="seoAnalysis &gt; calculateSEOScore &gt; should return 0 when no checks pass" time="0.0001387">
        </testcase>
        <testcase classname="workers/modules/seoAnalysis.test.ts" name="seoAnalysis &gt; calculateSEOScore &gt; should handle empty checks array" time="0.0001076">
        </testcase>
        <testcase classname="workers/modules/seoAnalysis.test.ts" name="seoAnalysis &gt; analyzerCheckPriorities &gt; should have all required SEO check priorities" time="0.0024909">
        </testcase>
        <testcase classname="workers/modules/seoAnalysis.test.ts" name="seoAnalysis &gt; analyzerCheckPriorities &gt; should prioritize critical SEO checks as high" time="0.0002223">
        </testcase>
        <testcase classname="workers/modules/seoAnalysis.test.ts" name="seoAnalysis &gt; getSuccessMessage &gt; should return specific success messages for known check types" time="0.0001842">
        </testcase>
        <testcase classname="workers/modules/seoAnalysis.test.ts" name="seoAnalysis &gt; getSuccessMessage &gt; should return generic message for unknown check types" time="0.0000846">
        </testcase>
        <testcase classname="workers/modules/seoAnalysis.test.ts" name="seoAnalysis &gt; checkKeywordMatch &gt; should find primary keyword in content" time="0.0012976">
        </testcase>
        <testcase classname="workers/modules/seoAnalysis.test.ts" name="seoAnalysis &gt; checkKeywordMatch &gt; should be case insensitive" time="0.0001846">
        </testcase>
        <testcase classname="workers/modules/seoAnalysis.test.ts" name="seoAnalysis &gt; checkKeywordMatch &gt; should check secondary keywords when primary fails" time="0.0003158">
        </testcase>
        <testcase classname="workers/modules/seoAnalysis.test.ts" name="seoAnalysis &gt; checkKeywordMatch &gt; should return false when no keywords match" time="0.0002081">
        </testcase>
        <testcase classname="workers/modules/seoAnalysis.test.ts" name="seoAnalysis &gt; checkKeywordMatch &gt; should handle empty or invalid inputs gracefully" time="0.000183">
        </testcase>
        <testcase classname="workers/modules/seoAnalysis.test.ts" name="seoAnalysis &gt; checkKeywordMatch &gt; should handle secondary keywords with whitespace" time="0.0001702">
        </testcase>
        <testcase classname="workers/modules/seoAnalysis.test.ts" name="seoAnalysis &gt; checkUrlKeywordMatch &gt; should find keyword in URL path" time="0.0002871">
        </testcase>
        <testcase classname="workers/modules/seoAnalysis.test.ts" name="seoAnalysis &gt; checkUrlKeywordMatch &gt; should normalize URL by removing protocol and domain" time="0.0001596">
        </testcase>
        <testcase classname="workers/modules/seoAnalysis.test.ts" name="seoAnalysis &gt; checkUrlKeywordMatch &gt; should handle URL-encoded spaces" time="0.0000896">
        </testcase>
        <testcase classname="workers/modules/seoAnalysis.test.ts" name="seoAnalysis &gt; checkUrlKeywordMatch &gt; should convert hyphens and underscores to spaces" time="0.0000751">
        </testcase>
        <testcase classname="workers/modules/seoAnalysis.test.ts" name="seoAnalysis &gt; checkUrlKeywordMatch &gt; should check secondary keywords when primary fails" time="0.0001639">
        </testcase>
        <testcase classname="workers/modules/seoAnalysis.test.ts" name="seoAnalysis &gt; checkUrlKeywordMatch &gt; should handle invalid URLs gracefully" time="0.00013">
        </testcase>
        <testcase classname="workers/modules/seoAnalysis.test.ts" name="seoAnalysis &gt; calculateCombinedKeyphraseDensity &gt; should calculate density for primary keyword only" time="0.000279">
        </testcase>
        <testcase classname="workers/modules/seoAnalysis.test.ts" name="seoAnalysis &gt; calculateCombinedKeyphraseDensity &gt; should calculate density for primary and secondary keywords combined" time="0.0001839">
        </testcase>
        <testcase classname="workers/modules/seoAnalysis.test.ts" name="seoAnalysis &gt; calculateCombinedKeyphraseDensity &gt; should handle multi-word keywords correctly" time="0.000098">
        </testcase>
        <testcase classname="workers/modules/seoAnalysis.test.ts" name="seoAnalysis &gt; calculateCombinedKeyphraseDensity &gt; should return 0 for empty content or keywords" time="0.0000958">
        </testcase>
        <testcase classname="workers/modules/seoAnalysis.test.ts" name="seoAnalysis &gt; calculateCombinedKeyphraseDensity &gt; should be case insensitive" time="0.0000917">
        </testcase>
        <testcase classname="workers/modules/seoAnalysis.test.ts" name="seoAnalysis &gt; analyzeMinification &gt; should detect minified files by .min. pattern" time="0.0003143">
        </testcase>
        <testcase classname="workers/modules/seoAnalysis.test.ts" name="seoAnalysis &gt; analyzeMinification &gt; should detect CDN auto-minification" time="0.0001608">
        </testcase>
        <testcase classname="workers/modules/seoAnalysis.test.ts" name="seoAnalysis &gt; analyzeMinification &gt; should detect build tool patterns" time="0.0003203">
        </testcase>
        <testcase classname="workers/modules/seoAnalysis.test.ts" name="seoAnalysis &gt; analyzeMinification &gt; should fail when files are not minified" time="0.0002988">
        </testcase>
        <testcase classname="workers/modules/seoAnalysis.test.ts" name="seoAnalysis &gt; analyzeMinification &gt; should handle mixed minified and unminified files" time="0.0002782">
        </testcase>
        <testcase classname="workers/modules/seoAnalysis.test.ts" name="seoAnalysis &gt; analyzeMinification &gt; should handle empty arrays" time="0.0003255">
        </testcase>
        <testcase classname="workers/modules/seoAnalysis.test.ts" name="seoAnalysis &gt; analyzeMinification &gt; should identify minified files by .min. pattern" time="0.0002695">
        </testcase>
        <testcase classname="workers/modules/seoAnalysis.test.ts" name="seoAnalysis &gt; analyzeMinification &gt; should recognize CDN URLs as minified" time="0.0002113">
        </testcase>
        <testcase classname="workers/modules/seoAnalysis.test.ts" name="seoAnalysis &gt; analyzeMinification &gt; should recognize build tool patterns" time="0.0001796">
        </testcase>
        <testcase classname="workers/modules/seoAnalysis.test.ts" name="seoAnalysis &gt; analyzeMinification &gt; should recognize hash-based filenames" time="0.0001993">
        </testcase>
        <testcase classname="workers/modules/seoAnalysis.test.ts" name="seoAnalysis &gt; analyzeMinification &gt; should pass when 80% or more files are minified" time="0.0001943">
        </testcase>
        <testcase classname="workers/modules/seoAnalysis.test.ts" name="seoAnalysis &gt; analyzeMinification &gt; should fail when less than 80% files are minified" time="0.0001863">
        </testcase>
        <testcase classname="workers/modules/seoAnalysis.test.ts" name="seoAnalysis &gt; analyzeMinification &gt; should include details about minification status" time="0.0002559">
        </testcase>
        <testcase classname="workers/modules/seoAnalysis.test.ts" name="seoAnalysis &gt; analyzeSEOElements &gt; should perform comprehensive SEO analysis" time="0.0022456">
        </testcase>
        <testcase classname="workers/modules/seoAnalysis.test.ts" name="seoAnalysis &gt; analyzeSEOElements &gt; should use different word count requirements for homepage vs regular page" time="0.0006959">
        </testcase>
        <testcase classname="workers/modules/seoAnalysis.test.ts" name="seoAnalysis &gt; analyzeSEOElements &gt; should prefer Webflow API data when available" time="0.0004898">
        </testcase>
        <testcase classname="workers/modules/seoAnalysis.test.ts" name="seoAnalysis &gt; analyzeSEOElements &gt; should handle secondary keywords correctly" time="0.0003992">
        </testcase>
        <testcase classname="workers/modules/seoAnalysis.test.ts" name="seoAnalysis &gt; analyzeSEOElements &gt; should calculate keyphrase density correctly" time="0.0004494">
        </testcase>
        <testcase classname="workers/modules/seoAnalysis.test.ts" name="seoAnalysis &gt; analyzeSEOElements &gt; should detect images without alt text" time="0.0003614">
        </testcase>
        <testcase classname="workers/modules/seoAnalysis.test.ts" name="seoAnalysis &gt; analyzeSEOElements &gt; should analyze image formats for next-gen recommendations" time="0.0004356">
        </testcase>
        <testcase classname="workers/modules/seoAnalysis.test.ts" name="seoAnalysis &gt; analyzeSEOElements &gt; should check heading hierarchy" time="0.0003684">
        </testcase>
        <testcase classname="workers/modules/seoAnalysis.test.ts" name="seoAnalysis &gt; analyzeSEOElements &gt; should detect missing H1 in heading hierarchy" time="0.0003642">
        </testcase>
        <testcase classname="workers/modules/seoAnalysis.test.ts" name="seoAnalysis &gt; analyzeSEOElements &gt; should analyze code minification" time="0.0002929">
        </testcase>
        <testcase classname="workers/modules/seoAnalysis.test.ts" name="seoAnalysis &gt; analyzeSEOElements &gt; should detect schema markup" time="0.0003565">
        </testcase>
        <testcase classname="workers/modules/seoAnalysis.test.ts" name="seoAnalysis &gt; analyzeSEOElements &gt; should check image file sizes" time="0.0002741">
        </testcase>
        <testcase classname="workers/modules/seoAnalysis.test.ts" name="seoAnalysis &gt; analyzeSEOElements &gt; should handle Open Graph image from multiple sources" time="0.0003508">
        </testcase>
        <testcase classname="workers/modules/seoAnalysis.test.ts" name="seoAnalysis &gt; analyzeSEOElements &gt; should handle Open Graph title and description" time="0.0002973">
        </testcase>
        <testcase classname="workers/modules/seoAnalysis.test.ts" name="seoAnalysis &gt; analyzeSEOElements &gt; should handle URL keyword matching with canonical URLs" time="0.0002815">
        </testcase>
        <testcase classname="workers/modules/seoAnalysis.test.ts" name="seoAnalysis &gt; analyzeSEOElements &gt; should handle empty or missing data gracefully" time="0.0002897">
        </testcase>
        <testcase classname="workers/modules/seoAnalysis.test.ts" name="seoAnalysis &gt; analyzeSEOElements &gt; should include AI recommendations when enabled" time="0.0005698">
        </testcase>
        <testcase classname="workers/modules/seoAnalysis.test.ts" name="seoAnalysis &gt; analyzeSEOElements &gt; should handle AI recommendation errors gracefully" time="0.001523">
        </testcase>
        <testcase classname="workers/modules/seoAnalysis.test.ts" name="seoAnalysis &gt; analyzeSEOElements &gt; should calculate correct SEO scores" time="0.0004132">
        </testcase>
    </testsuite>
    <testsuite name="workers/modules/validation.test.ts" timestamp="2025-09-19T01:25:09.307Z" hostname="JohnDee" tests="30" failures="0" errors="0" skipped="0" time="0.0093558">
        <testcase classname="workers/modules/validation.test.ts" name="validation &gt; validateAnalyzeRequest &gt; should validate a minimal valid request" time="0.0011999">
        </testcase>
        <testcase classname="workers/modules/validation.test.ts" name="validation &gt; validateAnalyzeRequest &gt; should reject null or undefined" time="0.0001332">
        </testcase>
        <testcase classname="workers/modules/validation.test.ts" name="validation &gt; validateAnalyzeRequest &gt; should reject non-object values" time="0.0001031">
        </testcase>
        <testcase classname="workers/modules/validation.test.ts" name="validation &gt; validateAnalyzeRequest &gt; should reject requests without keyphrase" time="0.0000733">
        </testcase>
        <testcase classname="workers/modules/validation.test.ts" name="validation &gt; validateAnalyzeRequest &gt; should reject requests with empty keyphrase" time="0.0000752">
        </testcase>
        <testcase classname="workers/modules/validation.test.ts" name="validation &gt; validateAnalyzeRequest &gt; should reject requests with non-string keyphrase" time="0.0000709">
        </testcase>
        <testcase classname="workers/modules/validation.test.ts" name="validation &gt; validateAnalyzeRequest &gt; should reject requests without url" time="0.0000658">
        </testcase>
        <testcase classname="workers/modules/validation.test.ts" name="validation &gt; validateAnalyzeRequest &gt; should reject requests with empty url" time="0.0000625">
        </testcase>
        <testcase classname="workers/modules/validation.test.ts" name="validation &gt; validateAnalyzeRequest &gt; should reject requests with non-string url" time="0.0000576">
        </testcase>
        <testcase classname="workers/modules/validation.test.ts" name="validation &gt; validateAnalyzeRequest &gt; should validate requests with valid isHomePage" time="0.0001706">
        </testcase>
        <testcase classname="workers/modules/validation.test.ts" name="validation &gt; validateAnalyzeRequest &gt; should reject requests with invalid isHomePage" time="0.0000786">
        </testcase>
        <testcase classname="workers/modules/validation.test.ts" name="validation &gt; validateAnalyzeRequest &gt; advancedOptions validation &gt; should validate requests with valid advancedOptions" time="0.0000876">
        </testcase>
        <testcase classname="workers/modules/validation.test.ts" name="validation &gt; validateAnalyzeRequest &gt; advancedOptions validation &gt; should reject non-object advancedOptions" time="0.0000648">
        </testcase>
        <testcase classname="workers/modules/validation.test.ts" name="validation &gt; validateAnalyzeRequest &gt; advancedOptions validation &gt; should reject invalid pageType" time="0.0000702">
        </testcase>
        <testcase classname="workers/modules/validation.test.ts" name="validation &gt; validateAnalyzeRequest &gt; advancedOptions validation &gt; should reject invalid secondaryKeywords" time="0.0000774">
        </testcase>
        <testcase classname="workers/modules/validation.test.ts" name="validation &gt; validateAnalyzeRequest &gt; webflowPageData validation &gt; should validate requests with valid webflowPageData" time="0.0001427">
        </testcase>
        <testcase classname="workers/modules/validation.test.ts" name="validation &gt; validateAnalyzeRequest &gt; webflowPageData validation &gt; should reject non-object webflowPageData" time="0.0001084">
        </testcase>
        <testcase classname="workers/modules/validation.test.ts" name="validation &gt; validateAnalyzeRequest &gt; webflowPageData validation &gt; should reject invalid string fields" time="0.0001853">
        </testcase>
        <testcase classname="workers/modules/validation.test.ts" name="validation &gt; validateAnalyzeRequest &gt; webflowPageData validation &gt; should reject invalid boolean fields" time="0.0001412">
        </testcase>
        <testcase classname="workers/modules/validation.test.ts" name="validation &gt; validateAnalyzeRequest &gt; webflowPageData validation &gt; should allow undefined optional fields" time="0.0001131">
        </testcase>
        <testcase classname="workers/modules/validation.test.ts" name="validation &gt; validateAnalyzeRequest &gt; pageAssets validation &gt; should validate requests with valid pageAssets" time="0.0001059">
        </testcase>
        <testcase classname="workers/modules/validation.test.ts" name="validation &gt; validateAnalyzeRequest &gt; pageAssets validation &gt; should reject non-array pageAssets" time="0.0000846">
        </testcase>
        <testcase classname="workers/modules/validation.test.ts" name="validation &gt; validateAnalyzeRequest &gt; pageAssets validation &gt; should reject invalid asset objects" time="0.0001195">
        </testcase>
        <testcase classname="workers/modules/validation.test.ts" name="validation &gt; validateAnalyzeRequest &gt; pageAssets validation &gt; should reject assets with invalid required fields" time="0.0002554">
        </testcase>
        <testcase classname="workers/modules/validation.test.ts" name="validation &gt; validateAnalyzeRequest &gt; pageAssets validation &gt; should reject assets with invalid optional fields" time="0.0001225">
        </testcase>
        <testcase classname="workers/modules/validation.test.ts" name="validation &gt; validateAnalyzeRequest &gt; pageAssets validation &gt; should allow undefined optional fields in assets" time="0.0001084">
        </testcase>
        <testcase classname="workers/modules/validation.test.ts" name="validation &gt; validateAnalyzeRequest &gt; should validate complex valid requests" time="0.0001387">
        </testcase>
        <testcase classname="workers/modules/validation.test.ts" name="validation &gt; createValidationError &gt; should create error with message only" time="0.0005075">
        </testcase>
        <testcase classname="workers/modules/validation.test.ts" name="validation &gt; createValidationError &gt; should create error with message and field" time="0.0001447">
        </testcase>
        <testcase classname="workers/modules/validation.test.ts" name="validation &gt; createValidationError &gt; should generate valid ISO timestamp" time="0.0001339">
        </testcase>
    </testsuite>
    <testsuite name="workers/modules/webScraper.test.ts" timestamp="2025-09-19T01:25:09.310Z" hostname="JohnDee" tests="20" failures="20" errors="0" skipped="0" time="0.4139735">
        <testcase classname="workers/modules/webScraper.test.ts" name="webScraper &gt; scrapeWebPage &gt; should successfully scrape a web page" time="0.0575703">
            <failure message="expected &quot;spy&quot; to be called with arguments: [ …(2) ][90m

Number of calls: [1m0[22m
[39m" type="AssertionError">
AssertionError: expected &quot;spy&quot; to be called with arguments: [ …(2) ]

Number of calls: 0

 ❯ workers/modules/webScraper.test.ts:72:25
            </failure>
        </testcase>
        <testcase classname="workers/modules/webScraper.test.ts" name="webScraper &gt; scrapeWebPage &gt; should extract title with fallbacks" time="0.021265">
            <failure message="expected &apos;Example Page Title&apos; to be &apos;Fallback OG Title&apos; // Object.is equality" type="AssertionError">
AssertionError: expected &apos;Example Page Title&apos; to be &apos;Fallback OG Title&apos; // Object.is equality

Expected: &quot;Fallback OG Title&quot;
Received: &quot;Example Page Title&quot;

 ❯ workers/modules/webScraper.test.ts:103:28
            </failure>
        </testcase>
        <testcase classname="workers/modules/webScraper.test.ts" name="webScraper &gt; scrapeWebPage &gt; should extract meta description with fallbacks" time="0.014093">
            <failure message="expected &apos;Example meta description&apos; to be &apos;Fallback OG Description&apos; // Object.is equality" type="AssertionError">
AssertionError: expected &apos;Example meta description&apos; to be &apos;Fallback OG Description&apos; // Object.is equality

Expected: &quot;Fallback OG Description&quot;
Received: &quot;Example meta description&quot;

 ❯ workers/modules/webScraper.test.ts:124:38
            </failure>
        </testcase>
        <testcase classname="workers/modules/webScraper.test.ts" name="webScraper &gt; scrapeWebPage &gt; should extract headings with correct levels" time="0.0190489">
            <failure message="expected [ { level: 1, …(1) } ] to have a length of 3 but got 1" type="AssertionError">
AssertionError: expected [ { level: 1, …(1) } ] to have a length of 3 but got 1

- Expected
+ Received

- 3
+ 1

 ❯ workers/modules/webScraper.test.ts:136:31
            </failure>
        </testcase>
        <testcase classname="workers/modules/webScraper.test.ts" name="webScraper &gt; scrapeWebPage &gt; should extract paragraphs" time="0.0200957">
            <failure message="expected [ &apos;Example content&apos; ] to have a length of 2 but got 1" type="AssertionError">
AssertionError: expected [ &apos;Example content&apos; ] to have a length of 2 but got 1

- Expected
+ Received

- 2
+ 1

 ❯ workers/modules/webScraper.test.ts:151:33
            </failure>
        </testcase>
        <testcase classname="workers/modules/webScraper.test.ts" name="webScraper &gt; scrapeWebPage &gt; should extract images with alt text" time="0.0152452">
            <failure message="expected [] to have a length of 3 but got +0" type="AssertionError">
AssertionError: expected [] to have a length of 3 but got +0

- Expected
+ Received

- 3
+ 0

 ❯ workers/modules/webScraper.test.ts:165:29
            </failure>
        </testcase>
        <testcase classname="workers/modules/webScraper.test.ts" name="webScraper &gt; scrapeWebPage &gt; should categorize links correctly" time="0.0191278">
            <failure message="expected [] to include &apos;https://example.com/internal-page&apos;" type="AssertionError">
AssertionError: expected [] to include &apos;https://example.com/internal-page&apos;
 ❯ workers/modules/webScraper.test.ts:190:36
            </failure>
        </testcase>
        <testcase classname="workers/modules/webScraper.test.ts" name="webScraper &gt; scrapeWebPage &gt; should extract resources (CSS and JS files)" time="0.0208722">
            <failure message="expected undefined to be defined" type="AssertionError">
AssertionError: expected undefined to be defined
 ❯ workers/modules/webScraper.test.ts:223:23
            </failure>
        </testcase>
        <testcase classname="workers/modules/webScraper.test.ts" name="webScraper &gt; scrapeWebPage &gt; should extract canonical URL" time="0.0155609">
            <failure message="expected &apos;https://example.com&apos; to be &apos;https://example.com/canonical-page&apos; // Object.is equality" type="AssertionError">
AssertionError: expected &apos;https://example.com&apos; to be &apos;https://example.com/canonical-page&apos; // Object.is equality

Expected: &quot;https://example.com/canonical-page&quot;
Received: &quot;https://example.com&quot;

 ❯ workers/modules/webScraper.test.ts:236:35
            </failure>
        </testcase>
        <testcase classname="workers/modules/webScraper.test.ts" name="webScraper &gt; scrapeWebPage &gt; should extract meta keywords" time="0.0165456">
            <failure message="expected &apos;&apos; to be &apos;test, keywords, seo&apos; // Object.is equality" type="AssertionError">
AssertionError: expected &apos;&apos; to be &apos;test, keywords, seo&apos; // Object.is equality

- Expected
+ Received

- test, keywords, seo

 ❯ workers/modules/webScraper.test.ts:248:35
            </failure>
        </testcase>
        <testcase classname="workers/modules/webScraper.test.ts" name="webScraper &gt; scrapeWebPage &gt; should extract Open Graph image" time="0.0143972">
            <failure message="expected &apos;&apos; to be &apos;https://example.com/og-image.jpg&apos; // Object.is equality" type="AssertionError">
AssertionError: expected &apos;&apos; to be &apos;https://example.com/og-image.jpg&apos; // Object.is equality

- Expected
+ Received

- https://example.com/og-image.jpg

 ❯ workers/modules/webScraper.test.ts:260:30
            </failure>
        </testcase>
        <testcase classname="workers/modules/webScraper.test.ts" name="webScraper &gt; scrapeWebPage &gt; should extract schema markup" time="0.0133991">
            <failure message="expected false to be true // Object.is equality" type="AssertionError">
AssertionError: expected false to be true // Object.is equality

- Expected
+ Received

- true
+ false

 ❯ workers/modules/webScraper.test.ts:272:45
            </failure>
        </testcase>
        <testcase classname="workers/modules/webScraper.test.ts" name="webScraper &gt; scrapeWebPage &gt; should extract body text content" time="0.0183635">
            <failure message="expected &apos;Example Heading\n          Example co…&apos; to contain &apos;Main Heading&apos;" type="AssertionError">
AssertionError: expected &apos;Example Heading\n          Example co…&apos; to contain &apos;Main Heading&apos;

- Expected
+ Received

- Main Heading
+ Example Heading
+           Example content

 ❯ workers/modules/webScraper.test.ts:288:30
            </failure>
        </testcase>
        <testcase classname="workers/modules/webScraper.test.ts" name="webScraper &gt; scrapeWebPage &gt; should handle fetch errors" time="0.0185042">
            <failure message="promise resolved &quot;{ url: &apos;https://example.com&apos;, …(13) }&quot; instead of rejecting" type="AssertionError">
AssertionError: promise resolved &quot;{ url: &apos;https://example.com&apos;, …(13) }&quot; instead of rejecting

- Expected
+ Received

- Error {
-   &quot;message&quot;: &quot;rejected promise&quot;,
+ {
+   &quot;canonicalUrl&quot;: &quot;https://example.com&quot;,
+   &quot;content&quot;: &quot;Example Heading
+           Example content&quot;,
+   &quot;headings&quot;: [
+     {
+       &quot;level&quot;: 1,
+       &quot;text&quot;: &quot;Example Heading&quot;,
+     },
+   ],
+   &quot;images&quot;: [],
+   &quot;internalLinks&quot;: [],
+   &quot;metaDescription&quot;: &quot;Example meta description&quot;,
+   &quot;metaKeywords&quot;: &quot;&quot;,
+   &quot;ogImage&quot;: &quot;&quot;,
+   &quot;outboundLinks&quot;: [],
+   &quot;paragraphs&quot;: [
+     &quot;Example content&quot;,
+   ],
+   &quot;resources&quot;: {
+     &quot;css&quot;: [],
+     &quot;js&quot;: [],
+   },
+   &quot;schemaMarkup&quot;: {
+     &quot;hasSchema&quot;: false,
+     &quot;schemaCount&quot;: 0,
+     &quot;schemaTypes&quot;: [],
+   },
+   &quot;title&quot;: &quot;Example Page Title&quot;,
+   &quot;url&quot;: &quot;https://example.com&quot;,
  }

 ❯ workers/modules/webScraper.test.ts:301:46
            </failure>
        </testcase>
        <testcase classname="workers/modules/webScraper.test.ts" name="webScraper &gt; scrapeWebPage &gt; should handle HTTP error responses" time="0.0138635">
            <failure message="promise resolved &quot;{ url: &apos;https://example.com&apos;, …(13) }&quot; instead of rejecting" type="AssertionError">
AssertionError: promise resolved &quot;{ url: &apos;https://example.com&apos;, …(13) }&quot; instead of rejecting

- Expected
+ Received

- Error {
-   &quot;message&quot;: &quot;rejected promise&quot;,
+ {
+   &quot;canonicalUrl&quot;: &quot;https://example.com&quot;,
+   &quot;content&quot;: &quot;Example Heading
+           Example content&quot;,
+   &quot;headings&quot;: [
+     {
+       &quot;level&quot;: 1,
+       &quot;text&quot;: &quot;Example Heading&quot;,
+     },
+   ],
+   &quot;images&quot;: [],
+   &quot;internalLinks&quot;: [],
+   &quot;metaDescription&quot;: &quot;Example meta description&quot;,
+   &quot;metaKeywords&quot;: &quot;&quot;,
+   &quot;ogImage&quot;: &quot;&quot;,
+   &quot;outboundLinks&quot;: [],
+   &quot;paragraphs&quot;: [
+     &quot;Example content&quot;,
+   ],
+   &quot;resources&quot;: {
+     &quot;css&quot;: [],
+     &quot;js&quot;: [],
+   },
+   &quot;schemaMarkup&quot;: {
+     &quot;hasSchema&quot;: false,
+     &quot;schemaCount&quot;: 0,
+     &quot;schemaTypes&quot;: [],
+   },
+   &quot;title&quot;: &quot;Example Page Title&quot;,
+   &quot;url&quot;: &quot;https://example.com&quot;,
  }

 ❯ workers/modules/webScraper.test.ts:313:46
            </failure>
        </testcase>
        <testcase classname="workers/modules/webScraper.test.ts" name="webScraper &gt; scrapeWebPage &gt; should handle malformed HTML gracefully" time="0.0197367">
            <failure message="expected &apos;Example Page Title&apos; to be &apos;Test Title&apos; // Object.is equality" type="AssertionError">
AssertionError: expected &apos;Example Page Title&apos; to be &apos;Test Title&apos; // Object.is equality

Expected: &quot;Test Title&quot;
Received: &quot;Example Page Title&quot;

 ❯ workers/modules/webScraper.test.ts:328:28
            </failure>
        </testcase>
        <testcase classname="workers/modules/webScraper.test.ts" name="webScraper &gt; scrapeWebPage &gt; should handle empty page content" time="0.0215892">
            <failure message="expected &apos;Example Page Title&apos; to be &apos;&apos; // Object.is equality" type="AssertionError">
AssertionError: expected &apos;Example Page Title&apos; to be &apos;&apos; // Object.is equality

- Expected
+ Received

+ Example Page Title

 ❯ workers/modules/webScraper.test.ts:344:28
            </failure>
        </testcase>
        <testcase classname="workers/modules/webScraper.test.ts" name="webScraper &gt; scrapeWebPage &gt; should remove unwanted elements before analysis" time="0.0116959">
            <failure message="expected [ &apos;Example content&apos; ] to have a length of 2 but got 1" type="AssertionError">
AssertionError: expected [ &apos;Example content&apos; ] to have a length of 2 but got 1

- Expected
+ Received

- 2
+ 1

 ❯ workers/modules/webScraper.test.ts:378:33
            </failure>
        </testcase>
        <testcase classname="workers/modules/webScraper.test.ts" name="webScraper &gt; scrapeWebPage &gt; should handle relative URLs in links correctly" time="0.0151251">
            <failure message="expected [] to include &apos;https://example.com/page1&apos;" type="AssertionError">
AssertionError: expected [] to include &apos;https://example.com/page1&apos;
 ❯ workers/modules/webScraper.test.ts:413:36
            </failure>
        </testcase>
        <testcase classname="workers/modules/webScraper.test.ts" name="webScraper &gt; scrapeWebPage &gt; should handle HTTPS and HTTP URL variations" time="0.0418865">
            <failure message="expected [] to include &apos;https://example.com/secure&apos;" type="AssertionError">
AssertionError: expected [] to include &apos;https://example.com/secure&apos;
 ❯ workers/modules/webScraper.test.ts:444:36
            </failure>
        </testcase>
    </testsuite>
    <testsuite name="workers/middleware/cors.test.ts" timestamp="2025-09-19T01:25:09.316Z" hostname="JohnDee" tests="11" failures="0" errors="0" skipped="0" time="0.006768">
        <testcase classname="workers/middleware/cors.test.ts" name="corsMiddleware - Security Tests &gt; wildcard pattern backslash escaping &gt; should properly escape backslashes in wildcard patterns" time="0.0015259">
        </testcase>
        <testcase classname="workers/middleware/cors.test.ts" name="corsMiddleware - Security Tests &gt; wildcard pattern backslash escaping &gt; should handle multiple backslashes correctly" time="0.0002043">
        </testcase>
        <testcase classname="workers/middleware/cors.test.ts" name="corsMiddleware - Security Tests &gt; wildcard pattern backslash escaping &gt; should handle mixed special characters with backslashes" time="0.0001695">
        </testcase>
        <testcase classname="workers/middleware/cors.test.ts" name="corsMiddleware - Security Tests &gt; standard wildcard pattern matching &gt; should handle basic wildcard patterns" time="0.000216">
        </testcase>
        <testcase classname="workers/middleware/cors.test.ts" name="corsMiddleware - Security Tests &gt; standard wildcard pattern matching &gt; should handle exact matches without wildcards" time="0.0001285">
        </testcase>
        <testcase classname="workers/middleware/cors.test.ts" name="corsMiddleware - Security Tests &gt; standard wildcard pattern matching &gt; should properly escape dots in patterns" time="0.0001551">
        </testcase>
        <testcase classname="workers/middleware/cors.test.ts" name="corsMiddleware - Security Tests &gt; built-in Webflow domain handling &gt; should allow Webflow extension domains" time="0.0001917">
        </testcase>
        <testcase classname="workers/middleware/cors.test.ts" name="corsMiddleware - Security Tests &gt; built-in Webflow domain handling &gt; should allow localhost for development" time="0.000176">
        </testcase>
        <testcase classname="workers/middleware/cors.test.ts" name="corsMiddleware - Security Tests &gt; edge cases and security &gt; should handle empty origin list" time="0.0001725">
        </testcase>
        <testcase classname="workers/middleware/cors.test.ts" name="corsMiddleware - Security Tests &gt; edge cases and security &gt; should handle null/undefined origin" time="0.0002007">
        </testcase>
        <testcase classname="workers/middleware/cors.test.ts" name="corsMiddleware - Security Tests &gt; edge cases and security &gt; should reject malicious patterns that could exploit regex" time="0.0001848">
        </testcase>
    </testsuite>
    <testsuite name="client/src/contexts/AuthContext.test.tsx" timestamp="2025-09-19T01:25:09.317Z" hostname="JohnDee" tests="18" failures="14" errors="0" skipped="0" time="12.2955543">
        <testcase classname="client/src/contexts/AuthContext.test.tsx" name="AuthContext &gt; Initial State &gt; should provide default unauthenticated state" time="0.0470072">
        </testcase>
        <testcase classname="client/src/contexts/AuthContext.test.tsx" name="AuthContext &gt; Initial State &gt; should show loading state during initialization" time="0.0172395">
            <system-err>
Authentication error: TypeError: webflowAuth.getValidToken is not a function
    at checkAuth [90m(C:\Users\Paul Mulligan\PMDS\Projects\AI-SEO-Copilot-for-Webflow\[39mclient\src\contexts\AuthContext.tsx:98:44[90m)[39m
    at [90mC:\Users\Paul Mulligan\PMDS\Projects\AI-SEO-Copilot-for-Webflow\[39mclient\src\contexts\AuthContext.tsx:128:5
    at Object.react_stack_bottom_frame [90m(C:\Users\Paul Mulligan\PMDS\Projects\AI-SEO-Copilot-for-Webflow\[39mnode_modules\[4m.pnpm[24m\react-dom@19.1.1_react@19.1.1\node_modules\[4mreact-dom[24m\cjs\react-dom-client.development.js:23953:20[90m)[39m
    at runWithFiberInDEV [90m(C:\Users\Paul Mulligan\PMDS\Projects\AI-SEO-Copilot-for-Webflow\[39mnode_modules\[4m.pnpm[24m\react-dom@19.1.1_react@19.1.1\node_modules\[4mreact-dom[24m\cjs\react-dom-client.development.js:1522:13[90m)[39m
    at commitHookEffectListMount [90m(C:\Users\Paul Mulligan\PMDS\Projects\AI-SEO-Copilot-for-Webflow\[39mnode_modules\[4m.pnpm[24m\react-dom@19.1.1_react@19.1.1\node_modules\[4mreact-dom[24m\cjs\react-dom-client.development.js:11905:29[90m)[39m
    at commitHookPassiveMountEffects [90m(C:\Users\Paul Mulligan\PMDS\Projects\AI-SEO-Copilot-for-Webflow\[39mnode_modules\[4m.pnpm[24m\react-dom@19.1.1_react@19.1.1\node_modules\[4mreact-dom[24m\cjs\react-dom-client.development.js:12028:11[90m)[39m
    at commitPassiveMountOnFiber [90m(C:\Users\Paul Mulligan\PMDS\Projects\AI-SEO-Copilot-for-Webflow\[39mnode_modules\[4m.pnpm[24m\react-dom@19.1.1_react@19.1.1\node_modules\[4mreact-dom[24m\cjs\react-dom-client.development.js:13841:13[90m)[39m
    at recursivelyTraversePassiveMountEffects [90m(C:\Users\Paul Mulligan\PMDS\Projects\AI-SEO-Copilot-for-Webflow\[39mnode_modules\[4m.pnpm[24m\react-dom@19.1.1_react@19.1.1\node_modules\[4mreact-dom[24m\cjs\react-dom-client.development.js:13815:11[90m)[39m
    at commitPassiveMountOnFiber [90m(C:\Users\Paul Mulligan\PMDS\Projects\AI-SEO-Copilot-for-Webflow\[39mnode_modules\[4m.pnpm[24m\react-dom@19.1.1_react@19.1.1\node_modules\[4mreact-dom[24m\cjs\react-dom-client.development.js:13853:11[90m)[39m
    at flushPassiveEffects [90m(C:\Users\Paul Mulligan\PMDS\Projects\AI-SEO-Copilot-for-Webflow\[39mnode_modules\[4m.pnpm[24m\react-dom@19.1.1_react@19.1.1\node_modules\[4mreact-dom[24m\cjs\react-dom-client.development.js:15737:9[90m)[39m

            </system-err>
            <failure message="[2mexpect([22m[31melement[39m[2m).toHaveTextContent()[22m

Expected element to have text content:
[32m  loading[39m
Received:
[31m  error[39m" type="Error">
Error: expect(element).toHaveTextContent()

Expected element to have text content:
  loading
Received:
  error
 ❯ client/src/contexts/AuthContext.test.tsx:114:49
            </failure>
        </testcase>
        <testcase classname="client/src/contexts/AuthContext.test.tsx" name="AuthContext &gt; Initial State &gt; should restore authenticated state from stored token" time="1.0228903">
            <system-err>
Authentication error: TypeError: webflowAuth.getValidToken is not a function
    at checkAuth [90m(C:\Users\Paul Mulligan\PMDS\Projects\AI-SEO-Copilot-for-Webflow\[39mclient\src\contexts\AuthContext.tsx:98:44[90m)[39m
    at [90mC:\Users\Paul Mulligan\PMDS\Projects\AI-SEO-Copilot-for-Webflow\[39mclient\src\contexts\AuthContext.tsx:128:5
    at Object.react_stack_bottom_frame [90m(C:\Users\Paul Mulligan\PMDS\Projects\AI-SEO-Copilot-for-Webflow\[39mnode_modules\[4m.pnpm[24m\react-dom@19.1.1_react@19.1.1\node_modules\[4mreact-dom[24m\cjs\react-dom-client.development.js:23953:20[90m)[39m
    at runWithFiberInDEV [90m(C:\Users\Paul Mulligan\PMDS\Projects\AI-SEO-Copilot-for-Webflow\[39mnode_modules\[4m.pnpm[24m\react-dom@19.1.1_react@19.1.1\node_modules\[4mreact-dom[24m\cjs\react-dom-client.development.js:1522:13[90m)[39m
    at commitHookEffectListMount [90m(C:\Users\Paul Mulligan\PMDS\Projects\AI-SEO-Copilot-for-Webflow\[39mnode_modules\[4m.pnpm[24m\react-dom@19.1.1_react@19.1.1\node_modules\[4mreact-dom[24m\cjs\react-dom-client.development.js:11905:29[90m)[39m
    at commitHookPassiveMountEffects [90m(C:\Users\Paul Mulligan\PMDS\Projects\AI-SEO-Copilot-for-Webflow\[39mnode_modules\[4m.pnpm[24m\react-dom@19.1.1_react@19.1.1\node_modules\[4mreact-dom[24m\cjs\react-dom-client.development.js:12028:11[90m)[39m
    at commitPassiveMountOnFiber [90m(C:\Users\Paul Mulligan\PMDS\Projects\AI-SEO-Copilot-for-Webflow\[39mnode_modules\[4m.pnpm[24m\react-dom@19.1.1_react@19.1.1\node_modules\[4mreact-dom[24m\cjs\react-dom-client.development.js:13841:13[90m)[39m
    at recursivelyTraversePassiveMountEffects [90m(C:\Users\Paul Mulligan\PMDS\Projects\AI-SEO-Copilot-for-Webflow\[39mnode_modules\[4m.pnpm[24m\react-dom@19.1.1_react@19.1.1\node_modules\[4mreact-dom[24m\cjs\react-dom-client.development.js:13815:11[90m)[39m
    at commitPassiveMountOnFiber [90m(C:\Users\Paul Mulligan\PMDS\Projects\AI-SEO-Copilot-for-Webflow\[39mnode_modules\[4m.pnpm[24m\react-dom@19.1.1_react@19.1.1\node_modules\[4mreact-dom[24m\cjs\react-dom-client.development.js:13853:11[90m)[39m
    at flushPassiveEffects [90m(C:\Users\Paul Mulligan\PMDS\Projects\AI-SEO-Copilot-for-Webflow\[39mnode_modules\[4m.pnpm[24m\react-dom@19.1.1_react@19.1.1\node_modules\[4mreact-dom[24m\cjs\react-dom-client.development.js:15737:9[90m)[39m

            </system-err>
            <failure message="[2mexpect([22m[31melement[39m[2m).toHaveTextContent()[22m

Expected element to have text content:
[32m  authenticated[39m
Received:
[31m  error[39m

Ignored nodes: comments, script, style
[36m&lt;html&gt;[39m
  [36m&lt;head /&gt;[39m
  [36m&lt;body&gt;[39m
    [36m&lt;div&gt;[39m
      [36m&lt;div&gt;[39m
        [36m&lt;div[39m
          [33mdata-testid[39m=[32m&quot;auth-status&quot;[39m
        [36m&gt;[39m
          [0merror[0m
        [36m&lt;/div&gt;[39m
        [36m&lt;div[39m
          [33mdata-testid[39m=[32m&quot;is-authenticated&quot;[39m
        [36m&gt;[39m
          [0mfalse[0m
        [36m&lt;/div&gt;[39m
        [36m&lt;div[39m
          [33mdata-testid[39m=[32m&quot;is-loading&quot;[39m
        [36m&gt;[39m
          [0mfalse[0m
        [36m&lt;/div&gt;[39m
        [36m&lt;div[39m
          [33mdata-testid[39m=[32m&quot;user-email&quot;[39m
        [36m&gt;[39m
          [0mNo user[0m
        [36m&lt;/div&gt;[39m
        [36m&lt;div[39m
          [33mdata-testid[39m=[32m&quot;token-access&quot;[39m
        [36m&gt;[39m
          [0mNo token[0m
        [36m&lt;/div&gt;[39m
        [36m&lt;div[39m
          [33mdata-testid[39m=[32m&quot;has-write-permission&quot;[39m
        [36m&gt;[39m
          [0mfalse[0m
        [36m&lt;/div&gt;[39m
        [36m&lt;button[39m
          [33mdata-testid[39m=[32m&quot;login-button&quot;[39m
        [36m&gt;[39m
          [0mLogin[0m
        [36m&lt;/button&gt;[39m
        [36m&lt;button[39m
          [33mdata-testid[39m=[32m&quot;logout-button&quot;[39m
        [36m&gt;[39m
          [0mLogout[0m
        [36m&lt;/button&gt;[39m
      [36m&lt;/div&gt;[39m
    [36m&lt;/div&gt;[39m
  [36m&lt;/body&gt;[39m
[36m&lt;/html&gt;[39m" type="Error">
Error: expect(element).toHaveTextContent()

Expected element to have text content:
  authenticated
Received:
  error

Ignored nodes: comments, script, style
&lt;html&gt;
  &lt;head /&gt;
  &lt;body&gt;
    &lt;div&gt;
      &lt;div&gt;
        &lt;div
          data-testid=&quot;auth-status&quot;
        &gt;
          error
        &lt;/div&gt;
        &lt;div
          data-testid=&quot;is-authenticated&quot;
        &gt;
          false
        &lt;/div&gt;
        &lt;div
          data-testid=&quot;is-loading&quot;
        &gt;
          false
        &lt;/div&gt;
        &lt;div
          data-testid=&quot;user-email&quot;
        &gt;
          No user
        &lt;/div&gt;
        &lt;div
          data-testid=&quot;token-access&quot;
        &gt;
          No token
        &lt;/div&gt;
        &lt;div
          data-testid=&quot;has-write-permission&quot;
        &gt;
          false
        &lt;/div&gt;
        &lt;button
          data-testid=&quot;login-button&quot;
        &gt;
          Login
        &lt;/button&gt;
        &lt;button
          data-testid=&quot;logout-button&quot;
        &gt;
          Logout
        &lt;/button&gt;
      &lt;/div&gt;
    &lt;/div&gt;
  &lt;/body&gt;
&lt;/html&gt;
 ❯ client/src/contexts/AuthContext.test.tsx:132:51
 ❯ runWithExpensiveErrorDiagnosticsDisabled node_modules/.pnpm/@testing-library+dom@10.4.1/node_modules/@testing-library/dom/dist/config.js:47:12
 ❯ checkCallback node_modules/.pnpm/@testing-library+dom@10.4.1/node_modules/@testing-library/dom/dist/wait-for.js:124:77
 ❯ Timeout.checkRealTimersCallback node_modules/.pnpm/@testing-library+dom@10.4.1/node_modules/@testing-library/dom/dist/wait-for.js:118:16
            </failure>
        </testcase>
        <testcase classname="client/src/contexts/AuthContext.test.tsx" name="AuthContext &gt; Authentication Flow &gt; should handle login initiation" time="1.0113223">
            <system-err>
Authentication error: TypeError: webflowAuth.getValidToken is not a function
    at checkAuth [90m(C:\Users\Paul Mulligan\PMDS\Projects\AI-SEO-Copilot-for-Webflow\[39mclient\src\contexts\AuthContext.tsx:98:44[90m)[39m
    at [90mC:\Users\Paul Mulligan\PMDS\Projects\AI-SEO-Copilot-for-Webflow\[39mclient\src\contexts\AuthContext.tsx:128:5
    at Object.react_stack_bottom_frame [90m(C:\Users\Paul Mulligan\PMDS\Projects\AI-SEO-Copilot-for-Webflow\[39mnode_modules\[4m.pnpm[24m\react-dom@19.1.1_react@19.1.1\node_modules\[4mreact-dom[24m\cjs\react-dom-client.development.js:23953:20[90m)[39m
    at runWithFiberInDEV [90m(C:\Users\Paul Mulligan\PMDS\Projects\AI-SEO-Copilot-for-Webflow\[39mnode_modules\[4m.pnpm[24m\react-dom@19.1.1_react@19.1.1\node_modules\[4mreact-dom[24m\cjs\react-dom-client.development.js:1522:13[90m)[39m
    at commitHookEffectListMount [90m(C:\Users\Paul Mulligan\PMDS\Projects\AI-SEO-Copilot-for-Webflow\[39mnode_modules\[4m.pnpm[24m\react-dom@19.1.1_react@19.1.1\node_modules\[4mreact-dom[24m\cjs\react-dom-client.development.js:11905:29[90m)[39m
    at commitHookPassiveMountEffects [90m(C:\Users\Paul Mulligan\PMDS\Projects\AI-SEO-Copilot-for-Webflow\[39mnode_modules\[4m.pnpm[24m\react-dom@19.1.1_react@19.1.1\node_modules\[4mreact-dom[24m\cjs\react-dom-client.development.js:12028:11[90m)[39m
    at commitPassiveMountOnFiber [90m(C:\Users\Paul Mulligan\PMDS\Projects\AI-SEO-Copilot-for-Webflow\[39mnode_modules\[4m.pnpm[24m\react-dom@19.1.1_react@19.1.1\node_modules\[4mreact-dom[24m\cjs\react-dom-client.development.js:13841:13[90m)[39m
    at recursivelyTraversePassiveMountEffects [90m(C:\Users\Paul Mulligan\PMDS\Projects\AI-SEO-Copilot-for-Webflow\[39mnode_modules\[4m.pnpm[24m\react-dom@19.1.1_react@19.1.1\node_modules\[4mreact-dom[24m\cjs\react-dom-client.development.js:13815:11[90m)[39m
    at commitPassiveMountOnFiber [90m(C:\Users\Paul Mulligan\PMDS\Projects\AI-SEO-Copilot-for-Webflow\[39mnode_modules\[4m.pnpm[24m\react-dom@19.1.1_react@19.1.1\node_modules\[4mreact-dom[24m\cjs\react-dom-client.development.js:13853:11[90m)[39m
    at flushPassiveEffects [90m(C:\Users\Paul Mulligan\PMDS\Projects\AI-SEO-Copilot-for-Webflow\[39mnode_modules\[4m.pnpm[24m\react-dom@19.1.1_react@19.1.1\node_modules\[4mreact-dom[24m\cjs\react-dom-client.development.js:15737:9[90m)[39m

            </system-err>
            <failure message="[2mexpect([22m[31melement[39m[2m).toHaveTextContent()[22m

Expected element to have text content:
[32m  unauthenticated[39m
Received:
[31m  error[39m

Ignored nodes: comments, script, style
[36m&lt;html&gt;[39m
  [36m&lt;head /&gt;[39m
  [36m&lt;body&gt;[39m
    [36m&lt;div&gt;[39m
      [36m&lt;div&gt;[39m
        [36m&lt;div[39m
          [33mdata-testid[39m=[32m&quot;auth-status&quot;[39m
        [36m&gt;[39m
          [0merror[0m
        [36m&lt;/div&gt;[39m
        [36m&lt;div[39m
          [33mdata-testid[39m=[32m&quot;is-authenticated&quot;[39m
        [36m&gt;[39m
          [0mfalse[0m
        [36m&lt;/div&gt;[39m
        [36m&lt;div[39m
          [33mdata-testid[39m=[32m&quot;is-loading&quot;[39m
        [36m&gt;[39m
          [0mfalse[0m
        [36m&lt;/div&gt;[39m
        [36m&lt;div[39m
          [33mdata-testid[39m=[32m&quot;user-email&quot;[39m
        [36m&gt;[39m
          [0mNo user[0m
        [36m&lt;/div&gt;[39m
        [36m&lt;div[39m
          [33mdata-testid[39m=[32m&quot;token-access&quot;[39m
        [36m&gt;[39m
          [0mNo token[0m
        [36m&lt;/div&gt;[39m
        [36m&lt;div[39m
          [33mdata-testid[39m=[32m&quot;has-write-permission&quot;[39m
        [36m&gt;[39m
          [0mfalse[0m
        [36m&lt;/div&gt;[39m
        [36m&lt;button[39m
          [33mdata-testid[39m=[32m&quot;login-button&quot;[39m
        [36m&gt;[39m
          [0mLogin[0m
        [36m&lt;/button&gt;[39m
        [36m&lt;button[39m
          [33mdata-testid[39m=[32m&quot;logout-button&quot;[39m
        [36m&gt;[39m
          [0mLogout[0m
        [36m&lt;/button&gt;[39m
      [36m&lt;/div&gt;[39m
    [36m&lt;/div&gt;[39m
  [36m&lt;/body&gt;[39m
[36m&lt;/html&gt;[39m" type="Error">
Error: expect(element).toHaveTextContent()

Expected element to have text content:
  unauthenticated
Received:
  error

Ignored nodes: comments, script, style
&lt;html&gt;
  &lt;head /&gt;
  &lt;body&gt;
    &lt;div&gt;
      &lt;div&gt;
        &lt;div
          data-testid=&quot;auth-status&quot;
        &gt;
          error
        &lt;/div&gt;
        &lt;div
          data-testid=&quot;is-authenticated&quot;
        &gt;
          false
        &lt;/div&gt;
        &lt;div
          data-testid=&quot;is-loading&quot;
        &gt;
          false
        &lt;/div&gt;
        &lt;div
          data-testid=&quot;user-email&quot;
        &gt;
          No user
        &lt;/div&gt;
        &lt;div
          data-testid=&quot;token-access&quot;
        &gt;
          No token
        &lt;/div&gt;
        &lt;div
          data-testid=&quot;has-write-permission&quot;
        &gt;
          false
        &lt;/div&gt;
        &lt;button
          data-testid=&quot;login-button&quot;
        &gt;
          Login
        &lt;/button&gt;
        &lt;button
          data-testid=&quot;logout-button&quot;
        &gt;
          Logout
        &lt;/button&gt;
      &lt;/div&gt;
    &lt;/div&gt;
  &lt;/body&gt;
&lt;/html&gt;
 ❯ client/src/contexts/AuthContext.test.tsx:151:51
 ❯ runWithExpensiveErrorDiagnosticsDisabled node_modules/.pnpm/@testing-library+dom@10.4.1/node_modules/@testing-library/dom/dist/config.js:47:12
 ❯ checkCallback node_modules/.pnpm/@testing-library+dom@10.4.1/node_modules/@testing-library/dom/dist/wait-for.js:124:77
 ❯ Timeout.checkRealTimersCallback node_modules/.pnpm/@testing-library+dom@10.4.1/node_modules/@testing-library/dom/dist/wait-for.js:118:16
            </failure>
        </testcase>
        <testcase classname="client/src/contexts/AuthContext.test.tsx" name="AuthContext &gt; Authentication Flow &gt; should handle successful authentication" time="1.0191795">
            <system-err>
Authentication error: TypeError: webflowAuth.getValidToken is not a function
    at checkAuth [90m(C:\Users\Paul Mulligan\PMDS\Projects\AI-SEO-Copilot-for-Webflow\[39mclient\src\contexts\AuthContext.tsx:98:44[90m)[39m
    at [90mC:\Users\Paul Mulligan\PMDS\Projects\AI-SEO-Copilot-for-Webflow\[39mclient\src\contexts\AuthContext.tsx:128:5
    at Object.react_stack_bottom_frame [90m(C:\Users\Paul Mulligan\PMDS\Projects\AI-SEO-Copilot-for-Webflow\[39mnode_modules\[4m.pnpm[24m\react-dom@19.1.1_react@19.1.1\node_modules\[4mreact-dom[24m\cjs\react-dom-client.development.js:23953:20[90m)[39m
    at runWithFiberInDEV [90m(C:\Users\Paul Mulligan\PMDS\Projects\AI-SEO-Copilot-for-Webflow\[39mnode_modules\[4m.pnpm[24m\react-dom@19.1.1_react@19.1.1\node_modules\[4mreact-dom[24m\cjs\react-dom-client.development.js:1522:13[90m)[39m
    at commitHookEffectListMount [90m(C:\Users\Paul Mulligan\PMDS\Projects\AI-SEO-Copilot-for-Webflow\[39mnode_modules\[4m.pnpm[24m\react-dom@19.1.1_react@19.1.1\node_modules\[4mreact-dom[24m\cjs\react-dom-client.development.js:11905:29[90m)[39m
    at commitHookPassiveMountEffects [90m(C:\Users\Paul Mulligan\PMDS\Projects\AI-SEO-Copilot-for-Webflow\[39mnode_modules\[4m.pnpm[24m\react-dom@19.1.1_react@19.1.1\node_modules\[4mreact-dom[24m\cjs\react-dom-client.development.js:12028:11[90m)[39m
    at commitPassiveMountOnFiber [90m(C:\Users\Paul Mulligan\PMDS\Projects\AI-SEO-Copilot-for-Webflow\[39mnode_modules\[4m.pnpm[24m\react-dom@19.1.1_react@19.1.1\node_modules\[4mreact-dom[24m\cjs\react-dom-client.development.js:13841:13[90m)[39m
    at recursivelyTraversePassiveMountEffects [90m(C:\Users\Paul Mulligan\PMDS\Projects\AI-SEO-Copilot-for-Webflow\[39mnode_modules\[4m.pnpm[24m\react-dom@19.1.1_react@19.1.1\node_modules\[4mreact-dom[24m\cjs\react-dom-client.development.js:13815:11[90m)[39m
    at commitPassiveMountOnFiber [90m(C:\Users\Paul Mulligan\PMDS\Projects\AI-SEO-Copilot-for-Webflow\[39mnode_modules\[4m.pnpm[24m\react-dom@19.1.1_react@19.1.1\node_modules\[4mreact-dom[24m\cjs\react-dom-client.development.js:13853:11[90m)[39m
    at flushPassiveEffects [90m(C:\Users\Paul Mulligan\PMDS\Projects\AI-SEO-Copilot-for-Webflow\[39mnode_modules\[4m.pnpm[24m\react-dom@19.1.1_react@19.1.1\node_modules\[4mreact-dom[24m\cjs\react-dom-client.development.js:15737:9[90m)[39m

            </system-err>
            <failure message="[2mexpect([22m[31melement[39m[2m).toHaveTextContent()[22m

Expected element to have text content:
[32m  unauthenticated[39m
Received:
[31m  error[39m

Ignored nodes: comments, script, style
[36m&lt;html&gt;[39m
  [36m&lt;head /&gt;[39m
  [36m&lt;body&gt;[39m
    [36m&lt;div&gt;[39m
      [36m&lt;div&gt;[39m
        [36m&lt;div[39m
          [33mdata-testid[39m=[32m&quot;auth-status&quot;[39m
        [36m&gt;[39m
          [0merror[0m
        [36m&lt;/div&gt;[39m
        [36m&lt;div[39m
          [33mdata-testid[39m=[32m&quot;is-authenticated&quot;[39m
        [36m&gt;[39m
          [0mfalse[0m
        [36m&lt;/div&gt;[39m
        [36m&lt;div[39m
          [33mdata-testid[39m=[32m&quot;is-loading&quot;[39m
        [36m&gt;[39m
          [0mfalse[0m
        [36m&lt;/div&gt;[39m
        [36m&lt;div[39m
          [33mdata-testid[39m=[32m&quot;user-email&quot;[39m
        [36m&gt;[39m
          [0mNo user[0m
        [36m&lt;/div&gt;[39m
        [36m&lt;div[39m
          [33mdata-testid[39m=[32m&quot;token-access&quot;[39m
        [36m&gt;[39m
          [0mNo token[0m
        [36m&lt;/div&gt;[39m
        [36m&lt;div[39m
          [33mdata-testid[39m=[32m&quot;has-write-permission&quot;[39m
        [36m&gt;[39m
          [0mfalse[0m
        [36m&lt;/div&gt;[39m
        [36m&lt;button[39m
          [33mdata-testid[39m=[32m&quot;login-button&quot;[39m
        [36m&gt;[39m
          [0mLogin[0m
        [36m&lt;/button&gt;[39m
        [36m&lt;button[39m
          [33mdata-testid[39m=[32m&quot;logout-button&quot;[39m
        [36m&gt;[39m
          [0mLogout[0m
        [36m&lt;/button&gt;[39m
      [36m&lt;/div&gt;[39m
    [36m&lt;/div&gt;[39m
  [36m&lt;/body&gt;[39m
[36m&lt;/html&gt;[39m" type="Error">
Error: expect(element).toHaveTextContent()

Expected element to have text content:
  unauthenticated
Received:
  error

Ignored nodes: comments, script, style
&lt;html&gt;
  &lt;head /&gt;
  &lt;body&gt;
    &lt;div&gt;
      &lt;div&gt;
        &lt;div
          data-testid=&quot;auth-status&quot;
        &gt;
          error
        &lt;/div&gt;
        &lt;div
          data-testid=&quot;is-authenticated&quot;
        &gt;
          false
        &lt;/div&gt;
        &lt;div
          data-testid=&quot;is-loading&quot;
        &gt;
          false
        &lt;/div&gt;
        &lt;div
          data-testid=&quot;user-email&quot;
        &gt;
          No user
        &lt;/div&gt;
        &lt;div
          data-testid=&quot;token-access&quot;
        &gt;
          No token
        &lt;/div&gt;
        &lt;div
          data-testid=&quot;has-write-permission&quot;
        &gt;
          false
        &lt;/div&gt;
        &lt;button
          data-testid=&quot;login-button&quot;
        &gt;
          Login
        &lt;/button&gt;
        &lt;button
          data-testid=&quot;logout-button&quot;
        &gt;
          Logout
        &lt;/button&gt;
      &lt;/div&gt;
    &lt;/div&gt;
  &lt;/body&gt;
&lt;/html&gt;
 ❯ client/src/contexts/AuthContext.test.tsx:170:51
 ❯ runWithExpensiveErrorDiagnosticsDisabled node_modules/.pnpm/@testing-library+dom@10.4.1/node_modules/@testing-library/dom/dist/config.js:47:12
 ❯ checkCallback node_modules/.pnpm/@testing-library+dom@10.4.1/node_modules/@testing-library/dom/dist/wait-for.js:124:77
 ❯ Timeout.checkRealTimersCallback node_modules/.pnpm/@testing-library+dom@10.4.1/node_modules/@testing-library/dom/dist/wait-for.js:118:16
            </failure>
        </testcase>
        <testcase classname="client/src/contexts/AuthContext.test.tsx" name="AuthContext &gt; Authentication Flow &gt; should handle logout" time="1.0133821">
            <system-err>
Authentication error: TypeError: webflowAuth.getValidToken is not a function
    at checkAuth [90m(C:\Users\Paul Mulligan\PMDS\Projects\AI-SEO-Copilot-for-Webflow\[39mclient\src\contexts\AuthContext.tsx:98:44[90m)[39m
    at [90mC:\Users\Paul Mulligan\PMDS\Projects\AI-SEO-Copilot-for-Webflow\[39mclient\src\contexts\AuthContext.tsx:128:5
    at Object.react_stack_bottom_frame [90m(C:\Users\Paul Mulligan\PMDS\Projects\AI-SEO-Copilot-for-Webflow\[39mnode_modules\[4m.pnpm[24m\react-dom@19.1.1_react@19.1.1\node_modules\[4mreact-dom[24m\cjs\react-dom-client.development.js:23953:20[90m)[39m
    at runWithFiberInDEV [90m(C:\Users\Paul Mulligan\PMDS\Projects\AI-SEO-Copilot-for-Webflow\[39mnode_modules\[4m.pnpm[24m\react-dom@19.1.1_react@19.1.1\node_modules\[4mreact-dom[24m\cjs\react-dom-client.development.js:1522:13[90m)[39m
    at commitHookEffectListMount [90m(C:\Users\Paul Mulligan\PMDS\Projects\AI-SEO-Copilot-for-Webflow\[39mnode_modules\[4m.pnpm[24m\react-dom@19.1.1_react@19.1.1\node_modules\[4mreact-dom[24m\cjs\react-dom-client.development.js:11905:29[90m)[39m
    at commitHookPassiveMountEffects [90m(C:\Users\Paul Mulligan\PMDS\Projects\AI-SEO-Copilot-for-Webflow\[39mnode_modules\[4m.pnpm[24m\react-dom@19.1.1_react@19.1.1\node_modules\[4mreact-dom[24m\cjs\react-dom-client.development.js:12028:11[90m)[39m
    at commitPassiveMountOnFiber [90m(C:\Users\Paul Mulligan\PMDS\Projects\AI-SEO-Copilot-for-Webflow\[39mnode_modules\[4m.pnpm[24m\react-dom@19.1.1_react@19.1.1\node_modules\[4mreact-dom[24m\cjs\react-dom-client.development.js:13841:13[90m)[39m
    at recursivelyTraversePassiveMountEffects [90m(C:\Users\Paul Mulligan\PMDS\Projects\AI-SEO-Copilot-for-Webflow\[39mnode_modules\[4m.pnpm[24m\react-dom@19.1.1_react@19.1.1\node_modules\[4mreact-dom[24m\cjs\react-dom-client.development.js:13815:11[90m)[39m
    at commitPassiveMountOnFiber [90m(C:\Users\Paul Mulligan\PMDS\Projects\AI-SEO-Copilot-for-Webflow\[39mnode_modules\[4m.pnpm[24m\react-dom@19.1.1_react@19.1.1\node_modules\[4mreact-dom[24m\cjs\react-dom-client.development.js:13853:11[90m)[39m
    at flushPassiveEffects [90m(C:\Users\Paul Mulligan\PMDS\Projects\AI-SEO-Copilot-for-Webflow\[39mnode_modules\[4m.pnpm[24m\react-dom@19.1.1_react@19.1.1\node_modules\[4mreact-dom[24m\cjs\react-dom-client.development.js:15737:9[90m)[39m

            </system-err>
            <failure message="[2mexpect([22m[31melement[39m[2m).toHaveTextContent()[22m

Expected element to have text content:
[32m  authenticated[39m
Received:
[31m  error[39m

Ignored nodes: comments, script, style
[36m&lt;html&gt;[39m
  [36m&lt;head /&gt;[39m
  [36m&lt;body&gt;[39m
    [36m&lt;div&gt;[39m
      [36m&lt;div&gt;[39m
        [36m&lt;div[39m
          [33mdata-testid[39m=[32m&quot;auth-status&quot;[39m
        [36m&gt;[39m
          [0merror[0m
        [36m&lt;/div&gt;[39m
        [36m&lt;div[39m
          [33mdata-testid[39m=[32m&quot;is-authenticated&quot;[39m
        [36m&gt;[39m
          [0mfalse[0m
        [36m&lt;/div&gt;[39m
        [36m&lt;div[39m
          [33mdata-testid[39m=[32m&quot;is-loading&quot;[39m
        [36m&gt;[39m
          [0mfalse[0m
        [36m&lt;/div&gt;[39m
        [36m&lt;div[39m
          [33mdata-testid[39m=[32m&quot;user-email&quot;[39m
        [36m&gt;[39m
          [0mNo user[0m
        [36m&lt;/div&gt;[39m
        [36m&lt;div[39m
          [33mdata-testid[39m=[32m&quot;token-access&quot;[39m
        [36m&gt;[39m
          [0mNo token[0m
        [36m&lt;/div&gt;[39m
        [36m&lt;div[39m
          [33mdata-testid[39m=[32m&quot;has-write-permission&quot;[39m
        [36m&gt;[39m
          [0mfalse[0m
        [36m&lt;/div&gt;[39m
        [36m&lt;button[39m
          [33mdata-testid[39m=[32m&quot;login-button&quot;[39m
        [36m&gt;[39m
          [0mLogin[0m
        [36m&lt;/button&gt;[39m
        [36m&lt;button[39m
          [33mdata-testid[39m=[32m&quot;logout-button&quot;[39m
        [36m&gt;[39m
          [0mLogout[0m
        [36m&lt;/button&gt;[39m
      [36m&lt;/div&gt;[39m
    [36m&lt;/div&gt;[39m
  [36m&lt;/body&gt;[39m
[36m&lt;/html&gt;[39m" type="Error">
Error: expect(element).toHaveTextContent()

Expected element to have text content:
  authenticated
Received:
  error

Ignored nodes: comments, script, style
&lt;html&gt;
  &lt;head /&gt;
  &lt;body&gt;
    &lt;div&gt;
      &lt;div&gt;
        &lt;div
          data-testid=&quot;auth-status&quot;
        &gt;
          error
        &lt;/div&gt;
        &lt;div
          data-testid=&quot;is-authenticated&quot;
        &gt;
          false
        &lt;/div&gt;
        &lt;div
          data-testid=&quot;is-loading&quot;
        &gt;
          false
        &lt;/div&gt;
        &lt;div
          data-testid=&quot;user-email&quot;
        &gt;
          No user
        &lt;/div&gt;
        &lt;div
          data-testid=&quot;token-access&quot;
        &gt;
          No token
        &lt;/div&gt;
        &lt;div
          data-testid=&quot;has-write-permission&quot;
        &gt;
          false
        &lt;/div&gt;
        &lt;button
          data-testid=&quot;login-button&quot;
        &gt;
          Login
        &lt;/button&gt;
        &lt;button
          data-testid=&quot;logout-button&quot;
        &gt;
          Logout
        &lt;/button&gt;
      &lt;/div&gt;
    &lt;/div&gt;
  &lt;/body&gt;
&lt;/html&gt;
 ❯ client/src/contexts/AuthContext.test.tsx:207:51
 ❯ runWithExpensiveErrorDiagnosticsDisabled node_modules/.pnpm/@testing-library+dom@10.4.1/node_modules/@testing-library/dom/dist/config.js:47:12
 ❯ checkCallback node_modules/.pnpm/@testing-library+dom@10.4.1/node_modules/@testing-library/dom/dist/wait-for.js:124:77
 ❯ Timeout.checkRealTimersCallback node_modules/.pnpm/@testing-library+dom@10.4.1/node_modules/@testing-library/dom/dist/wait-for.js:118:16
            </failure>
        </testcase>
        <testcase classname="client/src/contexts/AuthContext.test.tsx" name="AuthContext &gt; User Info Fetching &gt; should fetch user info after authentication" time="1.0117984">
            <system-err>
Authentication error: TypeError: webflowAuth.getValidToken is not a function
    at checkAuth [90m(C:\Users\Paul Mulligan\PMDS\Projects\AI-SEO-Copilot-for-Webflow\[39mclient\src\contexts\AuthContext.tsx:98:44[90m)[39m
    at [90mC:\Users\Paul Mulligan\PMDS\Projects\AI-SEO-Copilot-for-Webflow\[39mclient\src\contexts\AuthContext.tsx:128:5
    at Object.react_stack_bottom_frame [90m(C:\Users\Paul Mulligan\PMDS\Projects\AI-SEO-Copilot-for-Webflow\[39mnode_modules\[4m.pnpm[24m\react-dom@19.1.1_react@19.1.1\node_modules\[4mreact-dom[24m\cjs\react-dom-client.development.js:23953:20[90m)[39m
    at runWithFiberInDEV [90m(C:\Users\Paul Mulligan\PMDS\Projects\AI-SEO-Copilot-for-Webflow\[39mnode_modules\[4m.pnpm[24m\react-dom@19.1.1_react@19.1.1\node_modules\[4mreact-dom[24m\cjs\react-dom-client.development.js:1522:13[90m)[39m
    at commitHookEffectListMount [90m(C:\Users\Paul Mulligan\PMDS\Projects\AI-SEO-Copilot-for-Webflow\[39mnode_modules\[4m.pnpm[24m\react-dom@19.1.1_react@19.1.1\node_modules\[4mreact-dom[24m\cjs\react-dom-client.development.js:11905:29[90m)[39m
    at commitHookPassiveMountEffects [90m(C:\Users\Paul Mulligan\PMDS\Projects\AI-SEO-Copilot-for-Webflow\[39mnode_modules\[4m.pnpm[24m\react-dom@19.1.1_react@19.1.1\node_modules\[4mreact-dom[24m\cjs\react-dom-client.development.js:12028:11[90m)[39m
    at commitPassiveMountOnFiber [90m(C:\Users\Paul Mulligan\PMDS\Projects\AI-SEO-Copilot-for-Webflow\[39mnode_modules\[4m.pnpm[24m\react-dom@19.1.1_react@19.1.1\node_modules\[4mreact-dom[24m\cjs\react-dom-client.development.js:13841:13[90m)[39m
    at recursivelyTraversePassiveMountEffects [90m(C:\Users\Paul Mulligan\PMDS\Projects\AI-SEO-Copilot-for-Webflow\[39mnode_modules\[4m.pnpm[24m\react-dom@19.1.1_react@19.1.1\node_modules\[4mreact-dom[24m\cjs\react-dom-client.development.js:13815:11[90m)[39m
    at commitPassiveMountOnFiber [90m(C:\Users\Paul Mulligan\PMDS\Projects\AI-SEO-Copilot-for-Webflow\[39mnode_modules\[4m.pnpm[24m\react-dom@19.1.1_react@19.1.1\node_modules\[4mreact-dom[24m\cjs\react-dom-client.development.js:13853:11[90m)[39m
    at flushPassiveEffects [90m(C:\Users\Paul Mulligan\PMDS\Projects\AI-SEO-Copilot-for-Webflow\[39mnode_modules\[4m.pnpm[24m\react-dom@19.1.1_react@19.1.1\node_modules\[4mreact-dom[24m\cjs\react-dom-client.development.js:15737:9[90m)[39m

            </system-err>
            <failure message="expected &quot;spy&quot; to be called with arguments: [ StringContaining &quot;/user&quot;, …(1) ][90m

Number of calls: [1m0[22m
[39m

Ignored nodes: comments, script, style
[36m&lt;html&gt;[39m
  [36m&lt;head /&gt;[39m
  [36m&lt;body&gt;[39m
    [36m&lt;div&gt;[39m
      [36m&lt;div&gt;[39m
        [36m&lt;div[39m
          [33mdata-testid[39m=[32m&quot;auth-status&quot;[39m
        [36m&gt;[39m
          [0merror[0m
        [36m&lt;/div&gt;[39m
        [36m&lt;div[39m
          [33mdata-testid[39m=[32m&quot;is-authenticated&quot;[39m
        [36m&gt;[39m
          [0mfalse[0m
        [36m&lt;/div&gt;[39m
        [36m&lt;div[39m
          [33mdata-testid[39m=[32m&quot;is-loading&quot;[39m
        [36m&gt;[39m
          [0mfalse[0m
        [36m&lt;/div&gt;[39m
        [36m&lt;div[39m
          [33mdata-testid[39m=[32m&quot;user-email&quot;[39m
        [36m&gt;[39m
          [0mNo user[0m
        [36m&lt;/div&gt;[39m
        [36m&lt;div[39m
          [33mdata-testid[39m=[32m&quot;token-access&quot;[39m
        [36m&gt;[39m
          [0mNo token[0m
        [36m&lt;/div&gt;[39m
        [36m&lt;div[39m
          [33mdata-testid[39m=[32m&quot;has-write-permission&quot;[39m
        [36m&gt;[39m
          [0mfalse[0m
        [36m&lt;/div&gt;[39m
        [36m&lt;button[39m
          [33mdata-testid[39m=[32m&quot;login-button&quot;[39m
        [36m&gt;[39m
          [0mLogin[0m
        [36m&lt;/button&gt;[39m
        [36m&lt;button[39m
          [33mdata-testid[39m=[32m&quot;logout-button&quot;[39m
        [36m&gt;[39m
          [0mLogout[0m
        [36m&lt;/button&gt;[39m
      [36m&lt;/div&gt;[39m
    [36m&lt;/div&gt;[39m
  [36m&lt;/body&gt;[39m
[36m&lt;/html&gt;[39m" type="AssertionError">
AssertionError: expected &quot;spy&quot; to be called with arguments: [ StringContaining &quot;/user&quot;, …(1) ]

Number of calls: 0


Ignored nodes: comments, script, style
&lt;html&gt;
  &lt;head /&gt;
  &lt;body&gt;
    &lt;div&gt;
      &lt;div&gt;
        &lt;div
          data-testid=&quot;auth-status&quot;
        &gt;
          error
        &lt;/div&gt;
        &lt;div
          data-testid=&quot;is-authenticated&quot;
        &gt;
          false
        &lt;/div&gt;
        &lt;div
          data-testid=&quot;is-loading&quot;
        &gt;
          false
        &lt;/div&gt;
        &lt;div
          data-testid=&quot;user-email&quot;
        &gt;
          No user
        &lt;/div&gt;
        &lt;div
          data-testid=&quot;token-access&quot;
        &gt;
          No token
        &lt;/div&gt;
        &lt;div
          data-testid=&quot;has-write-permission&quot;
        &gt;
          false
        &lt;/div&gt;
        &lt;button
          data-testid=&quot;login-button&quot;
        &gt;
          Login
        &lt;/button&gt;
        &lt;button
          data-testid=&quot;logout-button&quot;
        &gt;
          Logout
        &lt;/button&gt;
      &lt;/div&gt;
    &lt;/div&gt;
  &lt;/body&gt;
&lt;/html&gt;
 ❯ client/src/contexts/AuthContext.test.tsx:238:27
 ❯ runWithExpensiveErrorDiagnosticsDisabled node_modules/.pnpm/@testing-library+dom@10.4.1/node_modules/@testing-library/dom/dist/config.js:47:12
 ❯ checkCallback node_modules/.pnpm/@testing-library+dom@10.4.1/node_modules/@testing-library/dom/dist/wait-for.js:124:77
 ❯ Timeout.checkRealTimersCallback node_modules/.pnpm/@testing-library+dom@10.4.1/node_modules/@testing-library/dom/dist/wait-for.js:118:16
            </failure>
        </testcase>
        <testcase classname="client/src/contexts/AuthContext.test.tsx" name="AuthContext &gt; User Info Fetching &gt; should handle user info fetch errors" time="0.0176655">
            <failure message="expected &quot;error&quot; to be called with arguments: [ &apos;Failed to fetch user info:&apos;, …(1) ][90m

Received: 

[1m  1st error call:

[22m[2m  [[22m
[32m-   &quot;Failed to fetch user info:&quot;,[90m
[32m-   Any&lt;Error&gt;,[90m
[31m+   &quot;Authentication error:&quot;,[90m
[31m+   TypeError {[90m
[31m+     &quot;message&quot;: &quot;webflowAuth.getValidToken is not a function&quot;,[90m
[31m+   },[90m
[2m  ][22m
[39m[90m

Number of calls: [1m1[22m
[39m" type="AssertionError">
AssertionError: expected &quot;error&quot; to be called with arguments: [ &apos;Failed to fetch user info:&apos;, …(1) ]

Received: 

  1st error call:

  [
-   &quot;Failed to fetch user info:&quot;,
-   Any&lt;Error&gt;,
+   &quot;Authentication error:&quot;,
+   TypeError {
+     &quot;message&quot;: &quot;webflowAuth.getValidToken is not a function&quot;,
+   },
  ]


Number of calls: 1

 ❯ client/src/contexts/AuthContext.test.tsx:269:26
            </failure>
        </testcase>
        <testcase classname="client/src/contexts/AuthContext.test.tsx" name="AuthContext &gt; User Info Fetching &gt; should retry user info fetch on network errors" time="1.0097782">
            <system-err>
Authentication error: TypeError: webflowAuth.getValidToken is not a function
    at checkAuth [90m(C:\Users\Paul Mulligan\PMDS\Projects\AI-SEO-Copilot-for-Webflow\[39mclient\src\contexts\AuthContext.tsx:98:44[90m)[39m
    at [90mC:\Users\Paul Mulligan\PMDS\Projects\AI-SEO-Copilot-for-Webflow\[39mclient\src\contexts\AuthContext.tsx:128:5
    at Object.react_stack_bottom_frame [90m(C:\Users\Paul Mulligan\PMDS\Projects\AI-SEO-Copilot-for-Webflow\[39mnode_modules\[4m.pnpm[24m\react-dom@19.1.1_react@19.1.1\node_modules\[4mreact-dom[24m\cjs\react-dom-client.development.js:23953:20[90m)[39m
    at runWithFiberInDEV [90m(C:\Users\Paul Mulligan\PMDS\Projects\AI-SEO-Copilot-for-Webflow\[39mnode_modules\[4m.pnpm[24m\react-dom@19.1.1_react@19.1.1\node_modules\[4mreact-dom[24m\cjs\react-dom-client.development.js:1522:13[90m)[39m
    at commitHookEffectListMount [90m(C:\Users\Paul Mulligan\PMDS\Projects\AI-SEO-Copilot-for-Webflow\[39mnode_modules\[4m.pnpm[24m\react-dom@19.1.1_react@19.1.1\node_modules\[4mreact-dom[24m\cjs\react-dom-client.development.js:11905:29[90m)[39m
    at commitHookPassiveMountEffects [90m(C:\Users\Paul Mulligan\PMDS\Projects\AI-SEO-Copilot-for-Webflow\[39mnode_modules\[4m.pnpm[24m\react-dom@19.1.1_react@19.1.1\node_modules\[4mreact-dom[24m\cjs\react-dom-client.development.js:12028:11[90m)[39m
    at commitPassiveMountOnFiber [90m(C:\Users\Paul Mulligan\PMDS\Projects\AI-SEO-Copilot-for-Webflow\[39mnode_modules\[4m.pnpm[24m\react-dom@19.1.1_react@19.1.1\node_modules\[4mreact-dom[24m\cjs\react-dom-client.development.js:13841:13[90m)[39m
    at recursivelyTraversePassiveMountEffects [90m(C:\Users\Paul Mulligan\PMDS\Projects\AI-SEO-Copilot-for-Webflow\[39mnode_modules\[4m.pnpm[24m\react-dom@19.1.1_react@19.1.1\node_modules\[4mreact-dom[24m\cjs\react-dom-client.development.js:13815:11[90m)[39m
    at commitPassiveMountOnFiber [90m(C:\Users\Paul Mulligan\PMDS\Projects\AI-SEO-Copilot-for-Webflow\[39mnode_modules\[4m.pnpm[24m\react-dom@19.1.1_react@19.1.1\node_modules\[4mreact-dom[24m\cjs\react-dom-client.development.js:13853:11[90m)[39m
    at flushPassiveEffects [90m(C:\Users\Paul Mulligan\PMDS\Projects\AI-SEO-Copilot-for-Webflow\[39mnode_modules\[4m.pnpm[24m\react-dom@19.1.1_react@19.1.1\node_modules\[4mreact-dom[24m\cjs\react-dom-client.development.js:15737:9[90m)[39m

            </system-err>
            <failure message="[2mexpect([22m[31melement[39m[2m).toHaveTextContent()[22m

Expected element to have text content:
[32m  authenticated[39m
Received:
[31m  error[39m

Ignored nodes: comments, script, style
[36m&lt;html&gt;[39m
  [36m&lt;head /&gt;[39m
  [36m&lt;body&gt;[39m
    [36m&lt;div&gt;[39m
      [36m&lt;div&gt;[39m
        [36m&lt;div[39m
          [33mdata-testid[39m=[32m&quot;auth-status&quot;[39m
        [36m&gt;[39m
          [0merror[0m
        [36m&lt;/div&gt;[39m
        [36m&lt;div[39m
          [33mdata-testid[39m=[32m&quot;is-authenticated&quot;[39m
        [36m&gt;[39m
          [0mfalse[0m
        [36m&lt;/div&gt;[39m
        [36m&lt;div[39m
          [33mdata-testid[39m=[32m&quot;is-loading&quot;[39m
        [36m&gt;[39m
          [0mfalse[0m
        [36m&lt;/div&gt;[39m
        [36m&lt;div[39m
          [33mdata-testid[39m=[32m&quot;user-email&quot;[39m
        [36m&gt;[39m
          [0mNo user[0m
        [36m&lt;/div&gt;[39m
        [36m&lt;div[39m
          [33mdata-testid[39m=[32m&quot;token-access&quot;[39m
        [36m&gt;[39m
          [0mNo token[0m
        [36m&lt;/div&gt;[39m
        [36m&lt;div[39m
          [33mdata-testid[39m=[32m&quot;has-write-permission&quot;[39m
        [36m&gt;[39m
          [0mfalse[0m
        [36m&lt;/div&gt;[39m
        [36m&lt;button[39m
          [33mdata-testid[39m=[32m&quot;login-button&quot;[39m
        [36m&gt;[39m
          [0mLogin[0m
        [36m&lt;/button&gt;[39m
        [36m&lt;button[39m
          [33mdata-testid[39m=[32m&quot;logout-button&quot;[39m
        [36m&gt;[39m
          [0mLogout[0m
        [36m&lt;/button&gt;[39m
      [36m&lt;/div&gt;[39m
    [36m&lt;/div&gt;[39m
  [36m&lt;/body&gt;[39m
[36m&lt;/html&gt;[39m" type="Error">
Error: expect(element).toHaveTextContent()

Expected element to have text content:
  authenticated
Received:
  error

Ignored nodes: comments, script, style
&lt;html&gt;
  &lt;head /&gt;
  &lt;body&gt;
    &lt;div&gt;
      &lt;div&gt;
        &lt;div
          data-testid=&quot;auth-status&quot;
        &gt;
          error
        &lt;/div&gt;
        &lt;div
          data-testid=&quot;is-authenticated&quot;
        &gt;
          false
        &lt;/div&gt;
        &lt;div
          data-testid=&quot;is-loading&quot;
        &gt;
          false
        &lt;/div&gt;
        &lt;div
          data-testid=&quot;user-email&quot;
        &gt;
          No user
        &lt;/div&gt;
        &lt;div
          data-testid=&quot;token-access&quot;
        &gt;
          No token
        &lt;/div&gt;
        &lt;div
          data-testid=&quot;has-write-permission&quot;
        &gt;
          false
        &lt;/div&gt;
        &lt;button
          data-testid=&quot;login-button&quot;
        &gt;
          Login
        &lt;/button&gt;
        &lt;button
          data-testid=&quot;logout-button&quot;
        &gt;
          Logout
        &lt;/button&gt;
      &lt;/div&gt;
    &lt;/div&gt;
  &lt;/body&gt;
&lt;/html&gt;
 ❯ client/src/contexts/AuthContext.test.tsx:299:51
 ❯ runWithExpensiveErrorDiagnosticsDisabled node_modules/.pnpm/@testing-library+dom@10.4.1/node_modules/@testing-library/dom/dist/config.js:47:12
 ❯ checkCallback node_modules/.pnpm/@testing-library+dom@10.4.1/node_modules/@testing-library/dom/dist/wait-for.js:124:77
 ❯ Timeout.checkRealTimersCallback node_modules/.pnpm/@testing-library+dom@10.4.1/node_modules/@testing-library/dom/dist/wait-for.js:118:16
            </failure>
        </testcase>
        <testcase classname="client/src/contexts/AuthContext.test.tsx" name="AuthContext &gt; Permission Checking &gt; should check token permissions correctly" time="1.0161787">
            <system-err>
Authentication error: TypeError: webflowAuth.getValidToken is not a function
    at checkAuth [90m(C:\Users\Paul Mulligan\PMDS\Projects\AI-SEO-Copilot-for-Webflow\[39mclient\src\contexts\AuthContext.tsx:98:44[90m)[39m
    at [90mC:\Users\Paul Mulligan\PMDS\Projects\AI-SEO-Copilot-for-Webflow\[39mclient\src\contexts\AuthContext.tsx:128:5
    at Object.react_stack_bottom_frame [90m(C:\Users\Paul Mulligan\PMDS\Projects\AI-SEO-Copilot-for-Webflow\[39mnode_modules\[4m.pnpm[24m\react-dom@19.1.1_react@19.1.1\node_modules\[4mreact-dom[24m\cjs\react-dom-client.development.js:23953:20[90m)[39m
    at runWithFiberInDEV [90m(C:\Users\Paul Mulligan\PMDS\Projects\AI-SEO-Copilot-for-Webflow\[39mnode_modules\[4m.pnpm[24m\react-dom@19.1.1_react@19.1.1\node_modules\[4mreact-dom[24m\cjs\react-dom-client.development.js:1522:13[90m)[39m
    at commitHookEffectListMount [90m(C:\Users\Paul Mulligan\PMDS\Projects\AI-SEO-Copilot-for-Webflow\[39mnode_modules\[4m.pnpm[24m\react-dom@19.1.1_react@19.1.1\node_modules\[4mreact-dom[24m\cjs\react-dom-client.development.js:11905:29[90m)[39m
    at commitHookPassiveMountEffects [90m(C:\Users\Paul Mulligan\PMDS\Projects\AI-SEO-Copilot-for-Webflow\[39mnode_modules\[4m.pnpm[24m\react-dom@19.1.1_react@19.1.1\node_modules\[4mreact-dom[24m\cjs\react-dom-client.development.js:12028:11[90m)[39m
    at commitPassiveMountOnFiber [90m(C:\Users\Paul Mulligan\PMDS\Projects\AI-SEO-Copilot-for-Webflow\[39mnode_modules\[4m.pnpm[24m\react-dom@19.1.1_react@19.1.1\node_modules\[4mreact-dom[24m\cjs\react-dom-client.development.js:13841:13[90m)[39m
    at recursivelyTraversePassiveMountEffects [90m(C:\Users\Paul Mulligan\PMDS\Projects\AI-SEO-Copilot-for-Webflow\[39mnode_modules\[4m.pnpm[24m\react-dom@19.1.1_react@19.1.1\node_modules\[4mreact-dom[24m\cjs\react-dom-client.development.js:13815:11[90m)[39m
    at commitPassiveMountOnFiber [90m(C:\Users\Paul Mulligan\PMDS\Projects\AI-SEO-Copilot-for-Webflow\[39mnode_modules\[4m.pnpm[24m\react-dom@19.1.1_react@19.1.1\node_modules\[4mreact-dom[24m\cjs\react-dom-client.development.js:13853:11[90m)[39m
    at flushPassiveEffects [90m(C:\Users\Paul Mulligan\PMDS\Projects\AI-SEO-Copilot-for-Webflow\[39mnode_modules\[4m.pnpm[24m\react-dom@19.1.1_react@19.1.1\node_modules\[4mreact-dom[24m\cjs\react-dom-client.development.js:15737:9[90m)[39m

            </system-err>
            <failure message="[2mexpect([22m[31melement[39m[2m).toHaveTextContent()[22m

Expected element to have text content:
[32m  true[39m
Received:
[31m  false[39m

Ignored nodes: comments, script, style
[36m&lt;html&gt;[39m
  [36m&lt;head /&gt;[39m
  [36m&lt;body&gt;[39m
    [36m&lt;div&gt;[39m
      [36m&lt;div&gt;[39m
        [36m&lt;div[39m
          [33mdata-testid[39m=[32m&quot;auth-status&quot;[39m
        [36m&gt;[39m
          [0merror[0m
        [36m&lt;/div&gt;[39m
        [36m&lt;div[39m
          [33mdata-testid[39m=[32m&quot;is-authenticated&quot;[39m
        [36m&gt;[39m
          [0mfalse[0m
        [36m&lt;/div&gt;[39m
        [36m&lt;div[39m
          [33mdata-testid[39m=[32m&quot;is-loading&quot;[39m
        [36m&gt;[39m
          [0mfalse[0m
        [36m&lt;/div&gt;[39m
        [36m&lt;div[39m
          [33mdata-testid[39m=[32m&quot;user-email&quot;[39m
        [36m&gt;[39m
          [0mNo user[0m
        [36m&lt;/div&gt;[39m
        [36m&lt;div[39m
          [33mdata-testid[39m=[32m&quot;token-access&quot;[39m
        [36m&gt;[39m
          [0mNo token[0m
        [36m&lt;/div&gt;[39m
        [36m&lt;div[39m
          [33mdata-testid[39m=[32m&quot;has-write-permission&quot;[39m
        [36m&gt;[39m
          [0mfalse[0m
        [36m&lt;/div&gt;[39m
        [36m&lt;button[39m
          [33mdata-testid[39m=[32m&quot;login-button&quot;[39m
        [36m&gt;[39m
          [0mLogin[0m
        [36m&lt;/button&gt;[39m
        [36m&lt;button[39m
          [33mdata-testid[39m=[32m&quot;logout-button&quot;[39m
        [36m&gt;[39m
          [0mLogout[0m
        [36m&lt;/button&gt;[39m
      [36m&lt;/div&gt;[39m
    [36m&lt;/div&gt;[39m
  [36m&lt;/body&gt;[39m
[36m&lt;/html&gt;[39m" type="Error">
Error: expect(element).toHaveTextContent()

Expected element to have text content:
  true
Received:
  false

Ignored nodes: comments, script, style
&lt;html&gt;
  &lt;head /&gt;
  &lt;body&gt;
    &lt;div&gt;
      &lt;div&gt;
        &lt;div
          data-testid=&quot;auth-status&quot;
        &gt;
          error
        &lt;/div&gt;
        &lt;div
          data-testid=&quot;is-authenticated&quot;
        &gt;
          false
        &lt;/div&gt;
        &lt;div
          data-testid=&quot;is-loading&quot;
        &gt;
          false
        &lt;/div&gt;
        &lt;div
          data-testid=&quot;user-email&quot;
        &gt;
          No user
        &lt;/div&gt;
        &lt;div
          data-testid=&quot;token-access&quot;
        &gt;
          No token
        &lt;/div&gt;
        &lt;div
          data-testid=&quot;has-write-permission&quot;
        &gt;
          false
        &lt;/div&gt;
        &lt;button
          data-testid=&quot;login-button&quot;
        &gt;
          Login
        &lt;/button&gt;
        &lt;button
          data-testid=&quot;logout-button&quot;
        &gt;
          Logout
        &lt;/button&gt;
      &lt;/div&gt;
    &lt;/div&gt;
  &lt;/body&gt;
&lt;/html&gt;
 ❯ client/src/contexts/AuthContext.test.tsx:324:60
 ❯ runWithExpensiveErrorDiagnosticsDisabled node_modules/.pnpm/@testing-library+dom@10.4.1/node_modules/@testing-library/dom/dist/config.js:47:12
 ❯ checkCallback node_modules/.pnpm/@testing-library+dom@10.4.1/node_modules/@testing-library/dom/dist/wait-for.js:124:77
 ❯ Timeout.checkRealTimersCallback node_modules/.pnpm/@testing-library+dom@10.4.1/node_modules/@testing-library/dom/dist/wait-for.js:118:16
            </failure>
        </testcase>
        <testcase classname="client/src/contexts/AuthContext.test.tsx" name="AuthContext &gt; Permission Checking &gt; should return false for permissions when not authenticated" time="0.0144333">
            <system-err>
Authentication error: TypeError: webflowAuth.getValidToken is not a function
    at checkAuth [90m(C:\Users\Paul Mulligan\PMDS\Projects\AI-SEO-Copilot-for-Webflow\[39mclient\src\contexts\AuthContext.tsx:98:44[90m)[39m
    at [90mC:\Users\Paul Mulligan\PMDS\Projects\AI-SEO-Copilot-for-Webflow\[39mclient\src\contexts\AuthContext.tsx:128:5
    at Object.react_stack_bottom_frame [90m(C:\Users\Paul Mulligan\PMDS\Projects\AI-SEO-Copilot-for-Webflow\[39mnode_modules\[4m.pnpm[24m\react-dom@19.1.1_react@19.1.1\node_modules\[4mreact-dom[24m\cjs\react-dom-client.development.js:23953:20[90m)[39m
    at runWithFiberInDEV [90m(C:\Users\Paul Mulligan\PMDS\Projects\AI-SEO-Copilot-for-Webflow\[39mnode_modules\[4m.pnpm[24m\react-dom@19.1.1_react@19.1.1\node_modules\[4mreact-dom[24m\cjs\react-dom-client.development.js:1522:13[90m)[39m
    at commitHookEffectListMount [90m(C:\Users\Paul Mulligan\PMDS\Projects\AI-SEO-Copilot-for-Webflow\[39mnode_modules\[4m.pnpm[24m\react-dom@19.1.1_react@19.1.1\node_modules\[4mreact-dom[24m\cjs\react-dom-client.development.js:11905:29[90m)[39m
    at commitHookPassiveMountEffects [90m(C:\Users\Paul Mulligan\PMDS\Projects\AI-SEO-Copilot-for-Webflow\[39mnode_modules\[4m.pnpm[24m\react-dom@19.1.1_react@19.1.1\node_modules\[4mreact-dom[24m\cjs\react-dom-client.development.js:12028:11[90m)[39m
    at commitPassiveMountOnFiber [90m(C:\Users\Paul Mulligan\PMDS\Projects\AI-SEO-Copilot-for-Webflow\[39mnode_modules\[4m.pnpm[24m\react-dom@19.1.1_react@19.1.1\node_modules\[4mreact-dom[24m\cjs\react-dom-client.development.js:13841:13[90m)[39m
    at recursivelyTraversePassiveMountEffects [90m(C:\Users\Paul Mulligan\PMDS\Projects\AI-SEO-Copilot-for-Webflow\[39mnode_modules\[4m.pnpm[24m\react-dom@19.1.1_react@19.1.1\node_modules\[4mreact-dom[24m\cjs\react-dom-client.development.js:13815:11[90m)[39m
    at commitPassiveMountOnFiber [90m(C:\Users\Paul Mulligan\PMDS\Projects\AI-SEO-Copilot-for-Webflow\[39mnode_modules\[4m.pnpm[24m\react-dom@19.1.1_react@19.1.1\node_modules\[4mreact-dom[24m\cjs\react-dom-client.development.js:13853:11[90m)[39m
    at flushPassiveEffects [90m(C:\Users\Paul Mulligan\PMDS\Projects\AI-SEO-Copilot-for-Webflow\[39mnode_modules\[4m.pnpm[24m\react-dom@19.1.1_react@19.1.1\node_modules\[4mreact-dom[24m\cjs\react-dom-client.development.js:15737:9[90m)[39m

            </system-err>
        </testcase>
        <testcase classname="client/src/contexts/AuthContext.test.tsx" name="AuthContext &gt; Permission Checking &gt; should handle multiple permission checks" time="1.0126121">
            <system-err>
Authentication error: TypeError: webflowAuth.getValidToken is not a function
    at checkAuth [90m(C:\Users\Paul Mulligan\PMDS\Projects\AI-SEO-Copilot-for-Webflow\[39mclient\src\contexts\AuthContext.tsx:98:44[90m)[39m
    at [90mC:\Users\Paul Mulligan\PMDS\Projects\AI-SEO-Copilot-for-Webflow\[39mclient\src\contexts\AuthContext.tsx:128:5
    at Object.react_stack_bottom_frame [90m(C:\Users\Paul Mulligan\PMDS\Projects\AI-SEO-Copilot-for-Webflow\[39mnode_modules\[4m.pnpm[24m\react-dom@19.1.1_react@19.1.1\node_modules\[4mreact-dom[24m\cjs\react-dom-client.development.js:23953:20[90m)[39m
    at runWithFiberInDEV [90m(C:\Users\Paul Mulligan\PMDS\Projects\AI-SEO-Copilot-for-Webflow\[39mnode_modules\[4m.pnpm[24m\react-dom@19.1.1_react@19.1.1\node_modules\[4mreact-dom[24m\cjs\react-dom-client.development.js:1522:13[90m)[39m
    at commitHookEffectListMount [90m(C:\Users\Paul Mulligan\PMDS\Projects\AI-SEO-Copilot-for-Webflow\[39mnode_modules\[4m.pnpm[24m\react-dom@19.1.1_react@19.1.1\node_modules\[4mreact-dom[24m\cjs\react-dom-client.development.js:11905:29[90m)[39m
    at commitHookPassiveMountEffects [90m(C:\Users\Paul Mulligan\PMDS\Projects\AI-SEO-Copilot-for-Webflow\[39mnode_modules\[4m.pnpm[24m\react-dom@19.1.1_react@19.1.1\node_modules\[4mreact-dom[24m\cjs\react-dom-client.development.js:12028:11[90m)[39m
    at commitPassiveMountOnFiber [90m(C:\Users\Paul Mulligan\PMDS\Projects\AI-SEO-Copilot-for-Webflow\[39mnode_modules\[4m.pnpm[24m\react-dom@19.1.1_react@19.1.1\node_modules\[4mreact-dom[24m\cjs\react-dom-client.development.js:13841:13[90m)[39m
    at recursivelyTraversePassiveMountEffects [90m(C:\Users\Paul Mulligan\PMDS\Projects\AI-SEO-Copilot-for-Webflow\[39mnode_modules\[4m.pnpm[24m\react-dom@19.1.1_react@19.1.1\node_modules\[4mreact-dom[24m\cjs\react-dom-client.development.js:13815:11[90m)[39m
    at commitPassiveMountOnFiber [90m(C:\Users\Paul Mulligan\PMDS\Projects\AI-SEO-Copilot-for-Webflow\[39mnode_modules\[4m.pnpm[24m\react-dom@19.1.1_react@19.1.1\node_modules\[4mreact-dom[24m\cjs\react-dom-client.development.js:13853:11[90m)[39m
    at flushPassiveEffects [90m(C:\Users\Paul Mulligan\PMDS\Projects\AI-SEO-Copilot-for-Webflow\[39mnode_modules\[4m.pnpm[24m\react-dom@19.1.1_react@19.1.1\node_modules\[4mreact-dom[24m\cjs\react-dom-client.development.js:15737:9[90m)[39m

            </system-err>
            <failure message="[2mexpect([22m[31melement[39m[2m).toHaveTextContent()[22m

Expected element to have text content:
[32m  true[39m
Received:
[31m  false[39m

Ignored nodes: comments, script, style
[36m&lt;html&gt;[39m
  [36m&lt;head /&gt;[39m
  [36m&lt;body&gt;[39m
    [36m&lt;div&gt;[39m
      [36m&lt;div&gt;[39m
        [36m&lt;div[39m
          [33mdata-testid[39m=[32m&quot;has-read&quot;[39m
        [36m&gt;[39m
          [0mfalse[0m
        [36m&lt;/div&gt;[39m
        [36m&lt;div[39m
          [33mdata-testid[39m=[32m&quot;has-write&quot;[39m
        [36m&gt;[39m
          [0mfalse[0m
        [36m&lt;/div&gt;[39m
        [36m&lt;div[39m
          [33mdata-testid[39m=[32m&quot;has-both&quot;[39m
        [36m&gt;[39m
          [0mfalse[0m
        [36m&lt;/div&gt;[39m
        [36m&lt;div[39m
          [33mdata-testid[39m=[32m&quot;has-missing&quot;[39m
        [36m&gt;[39m
          [0mfalse[0m
        [36m&lt;/div&gt;[39m
      [36m&lt;/div&gt;[39m
    [36m&lt;/div&gt;[39m
  [36m&lt;/body&gt;[39m
[36m&lt;/html&gt;[39m" type="Error">
Error: expect(element).toHaveTextContent()

Expected element to have text content:
  true
Received:
  false

Ignored nodes: comments, script, style
&lt;html&gt;
  &lt;head /&gt;
  &lt;body&gt;
    &lt;div&gt;
      &lt;div&gt;
        &lt;div
          data-testid=&quot;has-read&quot;
        &gt;
          false
        &lt;/div&gt;
        &lt;div
          data-testid=&quot;has-write&quot;
        &gt;
          false
        &lt;/div&gt;
        &lt;div
          data-testid=&quot;has-both&quot;
        &gt;
          false
        &lt;/div&gt;
        &lt;div
          data-testid=&quot;has-missing&quot;
        &gt;
          false
        &lt;/div&gt;
      &lt;/div&gt;
    &lt;/div&gt;
  &lt;/body&gt;
&lt;/html&gt;
 ❯ client/src/contexts/AuthContext.test.tsx:376:48
 ❯ runWithExpensiveErrorDiagnosticsDisabled node_modules/.pnpm/@testing-library+dom@10.4.1/node_modules/@testing-library/dom/dist/config.js:47:12
 ❯ checkCallback node_modules/.pnpm/@testing-library+dom@10.4.1/node_modules/@testing-library/dom/dist/wait-for.js:124:77
 ❯ Timeout.checkRealTimersCallback node_modules/.pnpm/@testing-library+dom@10.4.1/node_modules/@testing-library/dom/dist/wait-for.js:118:16
            </failure>
        </testcase>
        <testcase classname="client/src/contexts/AuthContext.test.tsx" name="AuthContext &gt; Token Refresh &gt; should refresh expired tokens automatically" time="1.0120766">
            <system-err>
Authentication error: TypeError: webflowAuth.getValidToken is not a function
    at checkAuth [90m(C:\Users\Paul Mulligan\PMDS\Projects\AI-SEO-Copilot-for-Webflow\[39mclient\src\contexts\AuthContext.tsx:98:44[90m)[39m
    at [90mC:\Users\Paul Mulligan\PMDS\Projects\AI-SEO-Copilot-for-Webflow\[39mclient\src\contexts\AuthContext.tsx:128:5
    at Object.react_stack_bottom_frame [90m(C:\Users\Paul Mulligan\PMDS\Projects\AI-SEO-Copilot-for-Webflow\[39mnode_modules\[4m.pnpm[24m\react-dom@19.1.1_react@19.1.1\node_modules\[4mreact-dom[24m\cjs\react-dom-client.development.js:23953:20[90m)[39m
    at runWithFiberInDEV [90m(C:\Users\Paul Mulligan\PMDS\Projects\AI-SEO-Copilot-for-Webflow\[39mnode_modules\[4m.pnpm[24m\react-dom@19.1.1_react@19.1.1\node_modules\[4mreact-dom[24m\cjs\react-dom-client.development.js:1522:13[90m)[39m
    at commitHookEffectListMount [90m(C:\Users\Paul Mulligan\PMDS\Projects\AI-SEO-Copilot-for-Webflow\[39mnode_modules\[4m.pnpm[24m\react-dom@19.1.1_react@19.1.1\node_modules\[4mreact-dom[24m\cjs\react-dom-client.development.js:11905:29[90m)[39m
    at commitHookPassiveMountEffects [90m(C:\Users\Paul Mulligan\PMDS\Projects\AI-SEO-Copilot-for-Webflow\[39mnode_modules\[4m.pnpm[24m\react-dom@19.1.1_react@19.1.1\node_modules\[4mreact-dom[24m\cjs\react-dom-client.development.js:12028:11[90m)[39m
    at commitPassiveMountOnFiber [90m(C:\Users\Paul Mulligan\PMDS\Projects\AI-SEO-Copilot-for-Webflow\[39mnode_modules\[4m.pnpm[24m\react-dom@19.1.1_react@19.1.1\node_modules\[4mreact-dom[24m\cjs\react-dom-client.development.js:13841:13[90m)[39m
    at recursivelyTraversePassiveMountEffects [90m(C:\Users\Paul Mulligan\PMDS\Projects\AI-SEO-Copilot-for-Webflow\[39mnode_modules\[4m.pnpm[24m\react-dom@19.1.1_react@19.1.1\node_modules\[4mreact-dom[24m\cjs\react-dom-client.development.js:13815:11[90m)[39m
    at commitPassiveMountOnFiber [90m(C:\Users\Paul Mulligan\PMDS\Projects\AI-SEO-Copilot-for-Webflow\[39mnode_modules\[4m.pnpm[24m\react-dom@19.1.1_react@19.1.1\node_modules\[4mreact-dom[24m\cjs\react-dom-client.development.js:13853:11[90m)[39m
    at flushPassiveEffects [90m(C:\Users\Paul Mulligan\PMDS\Projects\AI-SEO-Copilot-for-Webflow\[39mnode_modules\[4m.pnpm[24m\react-dom@19.1.1_react@19.1.1\node_modules\[4mreact-dom[24m\cjs\react-dom-client.development.js:15737:9[90m)[39m

            </system-err>
            <failure message="[2mexpect([22m[31melement[39m[2m).toHaveTextContent()[22m

Expected element to have text content:
[32m  new-access-token[39m
Received:
[31m  No token[39m

Ignored nodes: comments, script, style
[36m&lt;html&gt;[39m
  [36m&lt;head /&gt;[39m
  [36m&lt;body&gt;[39m
    [36m&lt;div&gt;[39m
      [36m&lt;div&gt;[39m
        [36m&lt;div[39m
          [33mdata-testid[39m=[32m&quot;auth-status&quot;[39m
        [36m&gt;[39m
          [0merror[0m
        [36m&lt;/div&gt;[39m
        [36m&lt;div[39m
          [33mdata-testid[39m=[32m&quot;is-authenticated&quot;[39m
        [36m&gt;[39m
          [0mfalse[0m
        [36m&lt;/div&gt;[39m
        [36m&lt;div[39m
          [33mdata-testid[39m=[32m&quot;is-loading&quot;[39m
        [36m&gt;[39m
          [0mfalse[0m
        [36m&lt;/div&gt;[39m
        [36m&lt;div[39m
          [33mdata-testid[39m=[32m&quot;user-email&quot;[39m
        [36m&gt;[39m
          [0mNo user[0m
        [36m&lt;/div&gt;[39m
        [36m&lt;div[39m
          [33mdata-testid[39m=[32m&quot;token-access&quot;[39m
        [36m&gt;[39m
          [0mNo token[0m
        [36m&lt;/div&gt;[39m
        [36m&lt;div[39m
          [33mdata-testid[39m=[32m&quot;has-write-permission&quot;[39m
        [36m&gt;[39m
          [0mfalse[0m
        [36m&lt;/div&gt;[39m
        [36m&lt;button[39m
          [33mdata-testid[39m=[32m&quot;login-button&quot;[39m
        [36m&gt;[39m
          [0mLogin[0m
        [36m&lt;/button&gt;[39m
        [36m&lt;button[39m
          [33mdata-testid[39m=[32m&quot;logout-button&quot;[39m
        [36m&gt;[39m
          [0mLogout[0m
        [36m&lt;/button&gt;[39m
      [36m&lt;/div&gt;[39m
    [36m&lt;/div&gt;[39m
  [36m&lt;/body&gt;[39m
[36m&lt;/html&gt;[39m" type="Error">
Error: expect(element).toHaveTextContent()

Expected element to have text content:
  new-access-token
Received:
  No token

Ignored nodes: comments, script, style
&lt;html&gt;
  &lt;head /&gt;
  &lt;body&gt;
    &lt;div&gt;
      &lt;div&gt;
        &lt;div
          data-testid=&quot;auth-status&quot;
        &gt;
          error
        &lt;/div&gt;
        &lt;div
          data-testid=&quot;is-authenticated&quot;
        &gt;
          false
        &lt;/div&gt;
        &lt;div
          data-testid=&quot;is-loading&quot;
        &gt;
          false
        &lt;/div&gt;
        &lt;div
          data-testid=&quot;user-email&quot;
        &gt;
          No user
        &lt;/div&gt;
        &lt;div
          data-testid=&quot;token-access&quot;
        &gt;
          No token
        &lt;/div&gt;
        &lt;div
          data-testid=&quot;has-write-permission&quot;
        &gt;
          false
        &lt;/div&gt;
        &lt;button
          data-testid=&quot;login-button&quot;
        &gt;
          Login
        &lt;/button&gt;
        &lt;button
          data-testid=&quot;logout-button&quot;
        &gt;
          Logout
        &lt;/button&gt;
      &lt;/div&gt;
    &lt;/div&gt;
  &lt;/body&gt;
&lt;/html&gt;
 ❯ client/src/contexts/AuthContext.test.tsx:413:52
 ❯ runWithExpensiveErrorDiagnosticsDisabled node_modules/.pnpm/@testing-library+dom@10.4.1/node_modules/@testing-library/dom/dist/config.js:47:12
 ❯ checkCallback node_modules/.pnpm/@testing-library+dom@10.4.1/node_modules/@testing-library/dom/dist/wait-for.js:124:77
 ❯ Timeout.checkRealTimersCallback node_modules/.pnpm/@testing-library+dom@10.4.1/node_modules/@testing-library/dom/dist/wait-for.js:118:16
            </failure>
        </testcase>
        <testcase classname="client/src/contexts/AuthContext.test.tsx" name="AuthContext &gt; Token Refresh &gt; should handle token refresh failures" time="1.0127622">
            <system-err>
Authentication error: TypeError: webflowAuth.getValidToken is not a function
    at checkAuth [90m(C:\Users\Paul Mulligan\PMDS\Projects\AI-SEO-Copilot-for-Webflow\[39mclient\src\contexts\AuthContext.tsx:98:44[90m)[39m
    at [90mC:\Users\Paul Mulligan\PMDS\Projects\AI-SEO-Copilot-for-Webflow\[39mclient\src\contexts\AuthContext.tsx:128:5
    at Object.react_stack_bottom_frame [90m(C:\Users\Paul Mulligan\PMDS\Projects\AI-SEO-Copilot-for-Webflow\[39mnode_modules\[4m.pnpm[24m\react-dom@19.1.1_react@19.1.1\node_modules\[4mreact-dom[24m\cjs\react-dom-client.development.js:23953:20[90m)[39m
    at runWithFiberInDEV [90m(C:\Users\Paul Mulligan\PMDS\Projects\AI-SEO-Copilot-for-Webflow\[39mnode_modules\[4m.pnpm[24m\react-dom@19.1.1_react@19.1.1\node_modules\[4mreact-dom[24m\cjs\react-dom-client.development.js:1522:13[90m)[39m
    at commitHookEffectListMount [90m(C:\Users\Paul Mulligan\PMDS\Projects\AI-SEO-Copilot-for-Webflow\[39mnode_modules\[4m.pnpm[24m\react-dom@19.1.1_react@19.1.1\node_modules\[4mreact-dom[24m\cjs\react-dom-client.development.js:11905:29[90m)[39m
    at commitHookPassiveMountEffects [90m(C:\Users\Paul Mulligan\PMDS\Projects\AI-SEO-Copilot-for-Webflow\[39mnode_modules\[4m.pnpm[24m\react-dom@19.1.1_react@19.1.1\node_modules\[4mreact-dom[24m\cjs\react-dom-client.development.js:12028:11[90m)[39m
    at commitPassiveMountOnFiber [90m(C:\Users\Paul Mulligan\PMDS\Projects\AI-SEO-Copilot-for-Webflow\[39mnode_modules\[4m.pnpm[24m\react-dom@19.1.1_react@19.1.1\node_modules\[4mreact-dom[24m\cjs\react-dom-client.development.js:13841:13[90m)[39m
    at recursivelyTraversePassiveMountEffects [90m(C:\Users\Paul Mulligan\PMDS\Projects\AI-SEO-Copilot-for-Webflow\[39mnode_modules\[4m.pnpm[24m\react-dom@19.1.1_react@19.1.1\node_modules\[4mreact-dom[24m\cjs\react-dom-client.development.js:13815:11[90m)[39m
    at commitPassiveMountOnFiber [90m(C:\Users\Paul Mulligan\PMDS\Projects\AI-SEO-Copilot-for-Webflow\[39mnode_modules\[4m.pnpm[24m\react-dom@19.1.1_react@19.1.1\node_modules\[4mreact-dom[24m\cjs\react-dom-client.development.js:13853:11[90m)[39m
    at flushPassiveEffects [90m(C:\Users\Paul Mulligan\PMDS\Projects\AI-SEO-Copilot-for-Webflow\[39mnode_modules\[4m.pnpm[24m\react-dom@19.1.1_react@19.1.1\node_modules\[4mreact-dom[24m\cjs\react-dom-client.development.js:15737:9[90m)[39m

            </system-err>
            <failure message="[2mexpect([22m[31melement[39m[2m).toHaveTextContent()[22m

Expected element to have text content:
[32m  unauthenticated[39m
Received:
[31m  error[39m

Ignored nodes: comments, script, style
[36m&lt;html&gt;[39m
  [36m&lt;head /&gt;[39m
  [36m&lt;body&gt;[39m
    [36m&lt;div&gt;[39m
      [36m&lt;div&gt;[39m
        [36m&lt;div[39m
          [33mdata-testid[39m=[32m&quot;auth-status&quot;[39m
        [36m&gt;[39m
          [0merror[0m
        [36m&lt;/div&gt;[39m
        [36m&lt;div[39m
          [33mdata-testid[39m=[32m&quot;is-authenticated&quot;[39m
        [36m&gt;[39m
          [0mfalse[0m
        [36m&lt;/div&gt;[39m
        [36m&lt;div[39m
          [33mdata-testid[39m=[32m&quot;is-loading&quot;[39m
        [36m&gt;[39m
          [0mfalse[0m
        [36m&lt;/div&gt;[39m
        [36m&lt;div[39m
          [33mdata-testid[39m=[32m&quot;user-email&quot;[39m
        [36m&gt;[39m
          [0mNo user[0m
        [36m&lt;/div&gt;[39m
        [36m&lt;div[39m
          [33mdata-testid[39m=[32m&quot;token-access&quot;[39m
        [36m&gt;[39m
          [0mNo token[0m
        [36m&lt;/div&gt;[39m
        [36m&lt;div[39m
          [33mdata-testid[39m=[32m&quot;has-write-permission&quot;[39m
        [36m&gt;[39m
          [0mfalse[0m
        [36m&lt;/div&gt;[39m
        [36m&lt;button[39m
          [33mdata-testid[39m=[32m&quot;login-button&quot;[39m
        [36m&gt;[39m
          [0mLogin[0m
        [36m&lt;/button&gt;[39m
        [36m&lt;button[39m
          [33mdata-testid[39m=[32m&quot;logout-button&quot;[39m
        [36m&gt;[39m
          [0mLogout[0m
        [36m&lt;/button&gt;[39m
      [36m&lt;/div&gt;[39m
    [36m&lt;/div&gt;[39m
  [36m&lt;/body&gt;[39m
[36m&lt;/html&gt;[39m" type="Error">
Error: expect(element).toHaveTextContent()

Expected element to have text content:
  unauthenticated
Received:
  error

Ignored nodes: comments, script, style
&lt;html&gt;
  &lt;head /&gt;
  &lt;body&gt;
    &lt;div&gt;
      &lt;div&gt;
        &lt;div
          data-testid=&quot;auth-status&quot;
        &gt;
          error
        &lt;/div&gt;
        &lt;div
          data-testid=&quot;is-authenticated&quot;
        &gt;
          false
        &lt;/div&gt;
        &lt;div
          data-testid=&quot;is-loading&quot;
        &gt;
          false
        &lt;/div&gt;
        &lt;div
          data-testid=&quot;user-email&quot;
        &gt;
          No user
        &lt;/div&gt;
        &lt;div
          data-testid=&quot;token-access&quot;
        &gt;
          No token
        &lt;/div&gt;
        &lt;div
          data-testid=&quot;has-write-permission&quot;
        &gt;
          false
        &lt;/div&gt;
        &lt;button
          data-testid=&quot;login-button&quot;
        &gt;
          Login
        &lt;/button&gt;
        &lt;button
          data-testid=&quot;logout-button&quot;
        &gt;
          Logout
        &lt;/button&gt;
      &lt;/div&gt;
    &lt;/div&gt;
  &lt;/body&gt;
&lt;/html&gt;
 ❯ client/src/contexts/AuthContext.test.tsx:427:51
 ❯ runWithExpensiveErrorDiagnosticsDisabled node_modules/.pnpm/@testing-library+dom@10.4.1/node_modules/@testing-library/dom/dist/config.js:47:12
 ❯ checkCallback node_modules/.pnpm/@testing-library+dom@10.4.1/node_modules/@testing-library/dom/dist/wait-for.js:124:77
 ❯ Timeout.checkRealTimersCallback node_modules/.pnpm/@testing-library+dom@10.4.1/node_modules/@testing-library/dom/dist/wait-for.js:118:16
            </failure>
        </testcase>
        <testcase classname="client/src/contexts/AuthContext.test.tsx" name="AuthContext &gt; Error Handling &gt; should handle authentication errors gracefully" time="0.0150635">
        </testcase>
        <testcase classname="client/src/contexts/AuthContext.test.tsx" name="AuthContext &gt; Error Handling &gt; should recover from errors on retry" time="1.0260868">
            <system-err>
Authentication error: TypeError: webflowAuth.getValidToken is not a function
    at checkAuth [90m(C:\Users\Paul Mulligan\PMDS\Projects\AI-SEO-Copilot-for-Webflow\[39mclient\src\contexts\AuthContext.tsx:98:44[90m)[39m
    at [90mC:\Users\Paul Mulligan\PMDS\Projects\AI-SEO-Copilot-for-Webflow\[39mclient\src\contexts\AuthContext.tsx:128:5
    at Object.react_stack_bottom_frame [90m(C:\Users\Paul Mulligan\PMDS\Projects\AI-SEO-Copilot-for-Webflow\[39mnode_modules\[4m.pnpm[24m\react-dom@19.1.1_react@19.1.1\node_modules\[4mreact-dom[24m\cjs\react-dom-client.development.js:23953:20[90m)[39m
    at runWithFiberInDEV [90m(C:\Users\Paul Mulligan\PMDS\Projects\AI-SEO-Copilot-for-Webflow\[39mnode_modules\[4m.pnpm[24m\react-dom@19.1.1_react@19.1.1\node_modules\[4mreact-dom[24m\cjs\react-dom-client.development.js:1522:13[90m)[39m
    at commitHookEffectListMount [90m(C:\Users\Paul Mulligan\PMDS\Projects\AI-SEO-Copilot-for-Webflow\[39mnode_modules\[4m.pnpm[24m\react-dom@19.1.1_react@19.1.1\node_modules\[4mreact-dom[24m\cjs\react-dom-client.development.js:11905:29[90m)[39m
    at commitHookPassiveMountEffects [90m(C:\Users\Paul Mulligan\PMDS\Projects\AI-SEO-Copilot-for-Webflow\[39mnode_modules\[4m.pnpm[24m\react-dom@19.1.1_react@19.1.1\node_modules\[4mreact-dom[24m\cjs\react-dom-client.development.js:12028:11[90m)[39m
    at commitPassiveMountOnFiber [90m(C:\Users\Paul Mulligan\PMDS\Projects\AI-SEO-Copilot-for-Webflow\[39mnode_modules\[4m.pnpm[24m\react-dom@19.1.1_react@19.1.1\node_modules\[4mreact-dom[24m\cjs\react-dom-client.development.js:13841:13[90m)[39m
    at recursivelyTraversePassiveMountEffects [90m(C:\Users\Paul Mulligan\PMDS\Projects\AI-SEO-Copilot-for-Webflow\[39mnode_modules\[4m.pnpm[24m\react-dom@19.1.1_react@19.1.1\node_modules\[4mreact-dom[24m\cjs\react-dom-client.development.js:13815:11[90m)[39m
    at commitPassiveMountOnFiber [90m(C:\Users\Paul Mulligan\PMDS\Projects\AI-SEO-Copilot-for-Webflow\[39mnode_modules\[4m.pnpm[24m\react-dom@19.1.1_react@19.1.1\node_modules\[4mreact-dom[24m\cjs\react-dom-client.development.js:13853:11[90m)[39m
    at flushPassiveEffects [90m(C:\Users\Paul Mulligan\PMDS\Projects\AI-SEO-Copilot-for-Webflow\[39mnode_modules\[4m.pnpm[24m\react-dom@19.1.1_react@19.1.1\node_modules\[4mreact-dom[24m\cjs\react-dom-client.development.js:15737:9[90m)[39m

            </system-err>
            <failure message="[2mexpect([22m[31melement[39m[2m).toHaveTextContent()[22m

Expected element to have text content:
[32m  authenticated[39m
Received:
[31m  error[39m

Ignored nodes: comments, script, style
[36m&lt;html&gt;[39m
  [36m&lt;head /&gt;[39m
  [36m&lt;body&gt;[39m
    [36m&lt;div&gt;[39m
      [36m&lt;div&gt;[39m
        [36m&lt;div[39m
          [33mdata-testid[39m=[32m&quot;auth-status&quot;[39m
        [36m&gt;[39m
          [0merror[0m
        [36m&lt;/div&gt;[39m
        [36m&lt;div[39m
          [33mdata-testid[39m=[32m&quot;is-authenticated&quot;[39m
        [36m&gt;[39m
          [0mfalse[0m
        [36m&lt;/div&gt;[39m
        [36m&lt;div[39m
          [33mdata-testid[39m=[32m&quot;is-loading&quot;[39m
        [36m&gt;[39m
          [0mfalse[0m
        [36m&lt;/div&gt;[39m
        [36m&lt;div[39m
          [33mdata-testid[39m=[32m&quot;user-email&quot;[39m
        [36m&gt;[39m
          [0mNo user[0m
        [36m&lt;/div&gt;[39m
        [36m&lt;div[39m
          [33mdata-testid[39m=[32m&quot;token-access&quot;[39m
        [36m&gt;[39m
          [0mNo token[0m
        [36m&lt;/div&gt;[39m
        [36m&lt;div[39m
          [33mdata-testid[39m=[32m&quot;has-write-permission&quot;[39m
        [36m&gt;[39m
          [0mfalse[0m
        [36m&lt;/div&gt;[39m
        [36m&lt;button[39m
          [33mdata-testid[39m=[32m&quot;login-button&quot;[39m
        [36m&gt;[39m
          [0mLogin[0m
        [36m&lt;/button&gt;[39m
        [36m&lt;button[39m
          [33mdata-testid[39m=[32m&quot;logout-button&quot;[39m
        [36m&gt;[39m
          [0mLogout[0m
        [36m&lt;/button&gt;[39m
      [36m&lt;/div&gt;[39m
    [36m&lt;/div&gt;[39m
  [36m&lt;/body&gt;[39m
[36m&lt;/html&gt;[39m" type="Error">
Error: expect(element).toHaveTextContent()

Expected element to have text content:
  authenticated
Received:
  error

Ignored nodes: comments, script, style
&lt;html&gt;
  &lt;head /&gt;
  &lt;body&gt;
    &lt;div&gt;
      &lt;div&gt;
        &lt;div
          data-testid=&quot;auth-status&quot;
        &gt;
          error
        &lt;/div&gt;
        &lt;div
          data-testid=&quot;is-authenticated&quot;
        &gt;
          false
        &lt;/div&gt;
        &lt;div
          data-testid=&quot;is-loading&quot;
        &gt;
          false
        &lt;/div&gt;
        &lt;div
          data-testid=&quot;user-email&quot;
        &gt;
          No user
        &lt;/div&gt;
        &lt;div
          data-testid=&quot;token-access&quot;
        &gt;
          No token
        &lt;/div&gt;
        &lt;div
          data-testid=&quot;has-write-permission&quot;
        &gt;
          false
        &lt;/div&gt;
        &lt;button
          data-testid=&quot;login-button&quot;
        &gt;
          Login
        &lt;/button&gt;
        &lt;button
          data-testid=&quot;logout-button&quot;
        &gt;
          Logout
        &lt;/button&gt;
      &lt;/div&gt;
    &lt;/div&gt;
  &lt;/body&gt;
&lt;/html&gt;
 ❯ client/src/contexts/AuthContext.test.tsx:484:51
 ❯ runWithExpensiveErrorDiagnosticsDisabled node_modules/.pnpm/@testing-library+dom@10.4.1/node_modules/@testing-library/dom/dist/config.js:47:12
 ❯ checkCallback node_modules/.pnpm/@testing-library+dom@10.4.1/node_modules/@testing-library/dom/dist/wait-for.js:124:77
 ❯ Timeout.checkRealTimersCallback node_modules/.pnpm/@testing-library+dom@10.4.1/node_modules/@testing-library/dom/dist/wait-for.js:118:16
            </failure>
        </testcase>
        <testcase classname="client/src/contexts/AuthContext.test.tsx" name="AuthContext &gt; Context Usage &gt; should throw error when used outside provider" time="0.0026273">
        </testcase>
        <testcase classname="client/src/contexts/AuthContext.test.tsx" name="AuthContext &gt; Context Usage &gt; should provide stable references for functions" time="1.0071859">
            <system-err>
Authentication error: TypeError: webflowAuth.getValidToken is not a function
    at checkAuth [90m(C:\Users\Paul Mulligan\PMDS\Projects\AI-SEO-Copilot-for-Webflow\[39mclient\src\contexts\AuthContext.tsx:98:44[90m)[39m
    at [90mC:\Users\Paul Mulligan\PMDS\Projects\AI-SEO-Copilot-for-Webflow\[39mclient\src\contexts\AuthContext.tsx:128:5
    at Object.react_stack_bottom_frame [90m(C:\Users\Paul Mulligan\PMDS\Projects\AI-SEO-Copilot-for-Webflow\[39mnode_modules\[4m.pnpm[24m\react-dom@19.1.1_react@19.1.1\node_modules\[4mreact-dom[24m\cjs\react-dom-client.development.js:23953:20[90m)[39m
    at runWithFiberInDEV [90m(C:\Users\Paul Mulligan\PMDS\Projects\AI-SEO-Copilot-for-Webflow\[39mnode_modules\[4m.pnpm[24m\react-dom@19.1.1_react@19.1.1\node_modules\[4mreact-dom[24m\cjs\react-dom-client.development.js:1522:13[90m)[39m
    at commitHookEffectListMount [90m(C:\Users\Paul Mulligan\PMDS\Projects\AI-SEO-Copilot-for-Webflow\[39mnode_modules\[4m.pnpm[24m\react-dom@19.1.1_react@19.1.1\node_modules\[4mreact-dom[24m\cjs\react-dom-client.development.js:11905:29[90m)[39m
    at commitHookPassiveMountEffects [90m(C:\Users\Paul Mulligan\PMDS\Projects\AI-SEO-Copilot-for-Webflow\[39mnode_modules\[4m.pnpm[24m\react-dom@19.1.1_react@19.1.1\node_modules\[4mreact-dom[24m\cjs\react-dom-client.development.js:12028:11[90m)[39m
    at commitPassiveMountOnFiber [90m(C:\Users\Paul Mulligan\PMDS\Projects\AI-SEO-Copilot-for-Webflow\[39mnode_modules\[4m.pnpm[24m\react-dom@19.1.1_react@19.1.1\node_modules\[4mreact-dom[24m\cjs\react-dom-client.development.js:13841:13[90m)[39m
    at recursivelyTraversePassiveMountEffects [90m(C:\Users\Paul Mulligan\PMDS\Projects\AI-SEO-Copilot-for-Webflow\[39mnode_modules\[4m.pnpm[24m\react-dom@19.1.1_react@19.1.1\node_modules\[4mreact-dom[24m\cjs\react-dom-client.development.js:13815:11[90m)[39m
    at commitPassiveMountOnFiber [90m(C:\Users\Paul Mulligan\PMDS\Projects\AI-SEO-Copilot-for-Webflow\[39mnode_modules\[4m.pnpm[24m\react-dom@19.1.1_react@19.1.1\node_modules\[4mreact-dom[24m\cjs\react-dom-client.development.js:13853:11[90m)[39m
    at flushPassiveEffects [90m(C:\Users\Paul Mulligan\PMDS\Projects\AI-SEO-Copilot-for-Webflow\[39mnode_modules\[4m.pnpm[24m\react-dom@19.1.1_react@19.1.1\node_modules\[4mreact-dom[24m\cjs\react-dom-client.development.js:15737:9[90m)[39m

            </system-err>
            <failure message="[2mexpect([22m[31melement[39m[2m).toHaveTextContent()[22m

Expected element to have text content:
[32m  1[39m
Received:
[31m  2[39m

Ignored nodes: comments, script, style
[36m&lt;html&gt;[39m
  [36m&lt;head /&gt;[39m
  [36m&lt;body&gt;[39m
    [36m&lt;div&gt;[39m
      [36m&lt;div[39m
        [33mdata-testid[39m=[32m&quot;render-count&quot;[39m
      [36m&gt;[39m
        [0m2[0m
      [36m&lt;/div&gt;[39m
    [36m&lt;/div&gt;[39m
  [36m&lt;/body&gt;[39m
[36m&lt;/html&gt;[39m" type="Error">
Error: expect(element).toHaveTextContent()

Expected element to have text content:
  1
Received:
  2

Ignored nodes: comments, script, style
&lt;html&gt;
  &lt;head /&gt;
  &lt;body&gt;
    &lt;div&gt;
      &lt;div
        data-testid=&quot;render-count&quot;
      &gt;
        2
      &lt;/div&gt;
    &lt;/div&gt;
  &lt;/body&gt;
&lt;/html&gt;
 ❯ client/src/contexts/AuthContext.test.tsx:532:52
 ❯ runWithExpensiveErrorDiagnosticsDisabled node_modules/.pnpm/@testing-library+dom@10.4.1/node_modules/@testing-library/dom/dist/config.js:47:12
 ❯ checkCallback node_modules/.pnpm/@testing-library+dom@10.4.1/node_modules/@testing-library/dom/dist/wait-for.js:124:77
 ❯ Timeout.checkRealTimersCallback node_modules/.pnpm/@testing-library+dom@10.4.1/node_modules/@testing-library/dom/dist/wait-for.js:118:16
            </failure>
        </testcase>
    </testsuite>
    <testsuite name="client/src/contexts/HelpContext.test.tsx" timestamp="2025-09-19T01:25:09.328Z" hostname="JohnDee" tests="20" failures="3" errors="0" skipped="0" time="0.1693176">
        <testcase classname="client/src/contexts/HelpContext.test.tsx" name="HelpContext &gt; Help Toggle &gt; should enable help by default" time="0.0140221">
        </testcase>
        <testcase classname="client/src/contexts/HelpContext.test.tsx" name="HelpContext &gt; Help Toggle &gt; should toggle help on and off" time="0.0035247">
        </testcase>
        <testcase classname="client/src/contexts/HelpContext.test.tsx" name="HelpContext &gt; Help Toggle &gt; should load help preference from localStorage" time="0.0013157">
        </testcase>
        <testcase classname="client/src/contexts/HelpContext.test.tsx" name="HelpContext &gt; Help Content &gt; should get help content by ID" time="0.0018376">
        </testcase>
        <testcase classname="client/src/contexts/HelpContext.test.tsx" name="HelpContext &gt; Help Content &gt; should return null for unknown help ID" time="0.0014415">
        </testcase>
        <testcase classname="client/src/contexts/HelpContext.test.tsx" name="HelpContext &gt; Help Content &gt; should get help articles by category" time="0.0012268">
        </testcase>
        <testcase classname="client/src/contexts/HelpContext.test.tsx" name="HelpContext &gt; Help Search &gt; should search help articles by query" time="0.0019433">
        </testcase>
        <testcase classname="client/src/contexts/HelpContext.test.tsx" name="HelpContext &gt; Help Search &gt; should return empty array for no matches" time="0.0042249">
        </testcase>
        <testcase classname="client/src/contexts/HelpContext.test.tsx" name="HelpContext &gt; Help Search &gt; should search case-insensitively" time="0.0012919">
        </testcase>
        <testcase classname="client/src/contexts/HelpContext.test.tsx" name="HelpContext &gt; Tutorial Management &gt; should track tutorial progress" time="0.0013337">
        </testcase>
        <testcase classname="client/src/contexts/HelpContext.test.tsx" name="HelpContext &gt; Tutorial Management &gt; should advance tutorial steps" time="0.0045138">
            <failure message="expected +0 to be 1 // Object.is equality" type="AssertionError">
AssertionError: expected +0 to be 1 // Object.is equality

- Expected
+ Received

- 1
+ 0

 ❯ client/src/contexts/HelpContext.test.tsx:163:37
            </failure>
        </testcase>
        <testcase classname="client/src/contexts/HelpContext.test.tsx" name="HelpContext &gt; Tutorial Management &gt; should complete tutorial" time="0.0029209">
            <failure message="expected { id: &apos;getting-started&apos;, …(3) } to be null" type="AssertionError">
AssertionError: expected { id: &apos;getting-started&apos;, …(3) } to be null

- Expected: 
null

+ Received: 
{
  &quot;currentStep&quot;: 0,
  &quot;id&quot;: &quot;getting-started&quot;,
  &quot;startedAt&quot;: 1758245083047,
  &quot;totalSteps&quot;: 5,
}

 ❯ client/src/contexts/HelpContext.test.tsx:174:51
            </failure>
        </testcase>
        <testcase classname="client/src/contexts/HelpContext.test.tsx" name="HelpContext &gt; Tutorial Management &gt; should save tutorial progress to localStorage" time="0.0014239">
        </testcase>
        <testcase classname="client/src/contexts/HelpContext.test.tsx" name="HelpContext &gt; Help Analytics &gt; should track help events" time="0.0013258">
        </testcase>
        <testcase classname="client/src/contexts/HelpContext.test.tsx" name="HelpContext &gt; Help Analytics &gt; should track search queries" time="0.0012125">
        </testcase>
        <testcase classname="client/src/contexts/HelpContext.test.tsx" name="HelpContext &gt; Help Analytics &gt; should track tutorial completions" time="0.0014865">
            <failure message="expected [] to include &apos;test-tutorial&apos;" type="AssertionError">
AssertionError: expected [] to include &apos;test-tutorial&apos;
 ❯ client/src/contexts/HelpContext.test.tsx:229:44
            </failure>
        </testcase>
        <testcase classname="client/src/contexts/HelpContext.test.tsx" name="HelpContext &gt; Help Analytics &gt; should calculate help effectiveness metrics" time="0.0010495">
        </testcase>
        <testcase classname="client/src/contexts/HelpContext.test.tsx" name="HelpContext &gt; Contextual Help Detection &gt; should register help targets" time="0.001789">
        </testcase>
        <testcase classname="client/src/contexts/HelpContext.test.tsx" name="HelpContext &gt; Contextual Help Detection &gt; should unregister help targets" time="0.0011023">
        </testcase>
        <testcase classname="client/src/contexts/HelpContext.test.tsx" name="HelpContext &gt; Contextual Help Detection &gt; should detect help targets in DOM mutations" time="0.1146243">
        </testcase>
    </testsuite>
    <testsuite name="client/src/contexts/InsertionContext.test.tsx" timestamp="2025-09-19T01:25:09.330Z" hostname="JohnDee" tests="21" failures="20" errors="0" skipped="0" time="0.104934">
        <testcase classname="client/src/contexts/InsertionContext.test.tsx" name="InsertionContext &gt; Provider Setup &gt; should throw error when used outside provider" time="0.0222289">
        </testcase>
        <testcase classname="client/src/contexts/InsertionContext.test.tsx" name="InsertionContext &gt; Provider Setup &gt; should provide initial state when wrapped in provider" time="0.0081139">
            <failure message="useAuth must be used within an AuthProvider" type="Error">
Error: useAuth must be used within an AuthProvider
 ❯ useAuth client/src/contexts/AuthContext.tsx:203:11
 ❯ InsertionProvider client/src/contexts/InsertionContext.tsx:167:21
 ❯ Object.react_stack_bottom_frame node_modules/.pnpm/react-dom@19.1.1_react@19.1.1/node_modules/react-dom/cjs/react-dom-client.development.js:23863:20
 ❯ renderWithHooks node_modules/.pnpm/react-dom@19.1.1_react@19.1.1/node_modules/react-dom/cjs/react-dom-client.development.js:5529:22
 ❯ updateFunctionComponent node_modules/.pnpm/react-dom@19.1.1_react@19.1.1/node_modules/react-dom/cjs/react-dom-client.development.js:8897:19
 ❯ beginWork node_modules/.pnpm/react-dom@19.1.1_react@19.1.1/node_modules/react-dom/cjs/react-dom-client.development.js:10522:18
 ❯ runWithFiberInDEV node_modules/.pnpm/react-dom@19.1.1_react@19.1.1/node_modules/react-dom/cjs/react-dom-client.development.js:1522:13
 ❯ performUnitOfWork node_modules/.pnpm/react-dom@19.1.1_react@19.1.1/node_modules/react-dom/cjs/react-dom-client.development.js:15140:22
 ❯ workLoopSync node_modules/.pnpm/react-dom@19.1.1_react@19.1.1/node_modules/react-dom/cjs/react-dom-client.development.js:14956:41
 ❯ renderRootSync node_modules/.pnpm/react-dom@19.1.1_react@19.1.1/node_modules/react-dom/cjs/react-dom-client.development.js:14936:11
            </failure>
        </testcase>
        <testcase classname="client/src/contexts/InsertionContext.test.tsx" name="InsertionContext &gt; Provider Setup &gt; should initialize with custom WebflowInsertion instance" time="0.003687">
            <failure message="useAuth must be used within an AuthProvider" type="Error">
Error: useAuth must be used within an AuthProvider
 ❯ useAuth client/src/contexts/AuthContext.tsx:203:11
 ❯ InsertionProvider client/src/contexts/InsertionContext.tsx:167:21
 ❯ Object.react_stack_bottom_frame node_modules/.pnpm/react-dom@19.1.1_react@19.1.1/node_modules/react-dom/cjs/react-dom-client.development.js:23863:20
 ❯ renderWithHooks node_modules/.pnpm/react-dom@19.1.1_react@19.1.1/node_modules/react-dom/cjs/react-dom-client.development.js:5529:22
 ❯ updateFunctionComponent node_modules/.pnpm/react-dom@19.1.1_react@19.1.1/node_modules/react-dom/cjs/react-dom-client.development.js:8897:19
 ❯ beginWork node_modules/.pnpm/react-dom@19.1.1_react@19.1.1/node_modules/react-dom/cjs/react-dom-client.development.js:10522:18
 ❯ runWithFiberInDEV node_modules/.pnpm/react-dom@19.1.1_react@19.1.1/node_modules/react-dom/cjs/react-dom-client.development.js:1522:13
 ❯ performUnitOfWork node_modules/.pnpm/react-dom@19.1.1_react@19.1.1/node_modules/react-dom/cjs/react-dom-client.development.js:15140:22
 ❯ workLoopSync node_modules/.pnpm/react-dom@19.1.1_react@19.1.1/node_modules/react-dom/cjs/react-dom-client.development.js:14956:41
 ❯ renderRootSync node_modules/.pnpm/react-dom@19.1.1_react@19.1.1/node_modules/react-dom/cjs/react-dom-client.development.js:14936:11
            </failure>
        </testcase>
        <testcase classname="client/src/contexts/InsertionContext.test.tsx" name="InsertionContext &gt; Single Insertion Operations &gt; should handle successful single insertion" time="0.0055549">
            <failure message="useAuth must be used within an AuthProvider" type="Error">
Error: useAuth must be used within an AuthProvider
 ❯ useAuth client/src/contexts/AuthContext.tsx:203:11
 ❯ InsertionProvider client/src/contexts/InsertionContext.tsx:167:21
 ❯ Object.react_stack_bottom_frame node_modules/.pnpm/react-dom@19.1.1_react@19.1.1/node_modules/react-dom/cjs/react-dom-client.development.js:23863:20
 ❯ renderWithHooks node_modules/.pnpm/react-dom@19.1.1_react@19.1.1/node_modules/react-dom/cjs/react-dom-client.development.js:5529:22
 ❯ updateFunctionComponent node_modules/.pnpm/react-dom@19.1.1_react@19.1.1/node_modules/react-dom/cjs/react-dom-client.development.js:8897:19
 ❯ beginWork node_modules/.pnpm/react-dom@19.1.1_react@19.1.1/node_modules/react-dom/cjs/react-dom-client.development.js:10522:18
 ❯ runWithFiberInDEV node_modules/.pnpm/react-dom@19.1.1_react@19.1.1/node_modules/react-dom/cjs/react-dom-client.development.js:1522:13
 ❯ performUnitOfWork node_modules/.pnpm/react-dom@19.1.1_react@19.1.1/node_modules/react-dom/cjs/react-dom-client.development.js:15140:22
 ❯ workLoopSync node_modules/.pnpm/react-dom@19.1.1_react@19.1.1/node_modules/react-dom/cjs/react-dom-client.development.js:14956:41
 ❯ renderRootSync node_modules/.pnpm/react-dom@19.1.1_react@19.1.1/node_modules/react-dom/cjs/react-dom-client.development.js:14936:11
            </failure>
        </testcase>
        <testcase classname="client/src/contexts/InsertionContext.test.tsx" name="InsertionContext &gt; Single Insertion Operations &gt; should handle failed single insertion" time="0.0030657">
            <failure message="useAuth must be used within an AuthProvider" type="Error">
Error: useAuth must be used within an AuthProvider
 ❯ useAuth client/src/contexts/AuthContext.tsx:203:11
 ❯ InsertionProvider client/src/contexts/InsertionContext.tsx:167:21
 ❯ Object.react_stack_bottom_frame node_modules/.pnpm/react-dom@19.1.1_react@19.1.1/node_modules/react-dom/cjs/react-dom-client.development.js:23863:20
 ❯ renderWithHooks node_modules/.pnpm/react-dom@19.1.1_react@19.1.1/node_modules/react-dom/cjs/react-dom-client.development.js:5529:22
 ❯ updateFunctionComponent node_modules/.pnpm/react-dom@19.1.1_react@19.1.1/node_modules/react-dom/cjs/react-dom-client.development.js:8897:19
 ❯ beginWork node_modules/.pnpm/react-dom@19.1.1_react@19.1.1/node_modules/react-dom/cjs/react-dom-client.development.js:10522:18
 ❯ runWithFiberInDEV node_modules/.pnpm/react-dom@19.1.1_react@19.1.1/node_modules/react-dom/cjs/react-dom-client.development.js:1522:13
 ❯ performUnitOfWork node_modules/.pnpm/react-dom@19.1.1_react@19.1.1/node_modules/react-dom/cjs/react-dom-client.development.js:15140:22
 ❯ workLoopSync node_modules/.pnpm/react-dom@19.1.1_react@19.1.1/node_modules/react-dom/cjs/react-dom-client.development.js:14956:41
 ❯ renderRootSync node_modules/.pnpm/react-dom@19.1.1_react@19.1.1/node_modules/react-dom/cjs/react-dom-client.development.js:14936:11
            </failure>
        </testcase>
        <testcase classname="client/src/contexts/InsertionContext.test.tsx" name="InsertionContext &gt; Single Insertion Operations &gt; should show loading state during insertion" time="0.0029863">
            <failure message="useAuth must be used within an AuthProvider" type="Error">
Error: useAuth must be used within an AuthProvider
 ❯ useAuth client/src/contexts/AuthContext.tsx:203:11
 ❯ InsertionProvider client/src/contexts/InsertionContext.tsx:167:21
 ❯ Object.react_stack_bottom_frame node_modules/.pnpm/react-dom@19.1.1_react@19.1.1/node_modules/react-dom/cjs/react-dom-client.development.js:23863:20
 ❯ renderWithHooks node_modules/.pnpm/react-dom@19.1.1_react@19.1.1/node_modules/react-dom/cjs/react-dom-client.development.js:5529:22
 ❯ updateFunctionComponent node_modules/.pnpm/react-dom@19.1.1_react@19.1.1/node_modules/react-dom/cjs/react-dom-client.development.js:8897:19
 ❯ beginWork node_modules/.pnpm/react-dom@19.1.1_react@19.1.1/node_modules/react-dom/cjs/react-dom-client.development.js:10522:18
 ❯ runWithFiberInDEV node_modules/.pnpm/react-dom@19.1.1_react@19.1.1/node_modules/react-dom/cjs/react-dom-client.development.js:1522:13
 ❯ performUnitOfWork node_modules/.pnpm/react-dom@19.1.1_react@19.1.1/node_modules/react-dom/cjs/react-dom-client.development.js:15140:22
 ❯ workLoopSync node_modules/.pnpm/react-dom@19.1.1_react@19.1.1/node_modules/react-dom/cjs/react-dom-client.development.js:14956:41
 ❯ renderRootSync node_modules/.pnpm/react-dom@19.1.1_react@19.1.1/node_modules/react-dom/cjs/react-dom-client.development.js:14936:11
            </failure>
        </testcase>
        <testcase classname="client/src/contexts/InsertionContext.test.tsx" name="InsertionContext &gt; Single Insertion Operations &gt; should handle preview insertion" time="0.0019671">
            <failure message="useAuth must be used within an AuthProvider" type="Error">
Error: useAuth must be used within an AuthProvider
 ❯ useAuth client/src/contexts/AuthContext.tsx:203:11
 ❯ InsertionProvider client/src/contexts/InsertionContext.tsx:167:21
 ❯ Object.react_stack_bottom_frame node_modules/.pnpm/react-dom@19.1.1_react@19.1.1/node_modules/react-dom/cjs/react-dom-client.development.js:23863:20
 ❯ renderWithHooks node_modules/.pnpm/react-dom@19.1.1_react@19.1.1/node_modules/react-dom/cjs/react-dom-client.development.js:5529:22
 ❯ updateFunctionComponent node_modules/.pnpm/react-dom@19.1.1_react@19.1.1/node_modules/react-dom/cjs/react-dom-client.development.js:8897:19
 ❯ beginWork node_modules/.pnpm/react-dom@19.1.1_react@19.1.1/node_modules/react-dom/cjs/react-dom-client.development.js:10522:18
 ❯ runWithFiberInDEV node_modules/.pnpm/react-dom@19.1.1_react@19.1.1/node_modules/react-dom/cjs/react-dom-client.development.js:1522:13
 ❯ performUnitOfWork node_modules/.pnpm/react-dom@19.1.1_react@19.1.1/node_modules/react-dom/cjs/react-dom-client.development.js:15140:22
 ❯ workLoopSync node_modules/.pnpm/react-dom@19.1.1_react@19.1.1/node_modules/react-dom/cjs/react-dom-client.development.js:14956:41
 ❯ renderRootSync node_modules/.pnpm/react-dom@19.1.1_react@19.1.1/node_modules/react-dom/cjs/react-dom-client.development.js:14936:11
            </failure>
        </testcase>
        <testcase classname="client/src/contexts/InsertionContext.test.tsx" name="InsertionContext &gt; Batch Operations &gt; should handle successful batch insertion" time="0.0061558">
            <failure message="useAuth must be used within an AuthProvider" type="Error">
Error: useAuth must be used within an AuthProvider
 ❯ useAuth client/src/contexts/AuthContext.tsx:203:11
 ❯ InsertionProvider client/src/contexts/InsertionContext.tsx:167:21
 ❯ Object.react_stack_bottom_frame node_modules/.pnpm/react-dom@19.1.1_react@19.1.1/node_modules/react-dom/cjs/react-dom-client.development.js:23863:20
 ❯ renderWithHooks node_modules/.pnpm/react-dom@19.1.1_react@19.1.1/node_modules/react-dom/cjs/react-dom-client.development.js:5529:22
 ❯ updateFunctionComponent node_modules/.pnpm/react-dom@19.1.1_react@19.1.1/node_modules/react-dom/cjs/react-dom-client.development.js:8897:19
 ❯ beginWork node_modules/.pnpm/react-dom@19.1.1_react@19.1.1/node_modules/react-dom/cjs/react-dom-client.development.js:10522:18
 ❯ runWithFiberInDEV node_modules/.pnpm/react-dom@19.1.1_react@19.1.1/node_modules/react-dom/cjs/react-dom-client.development.js:1522:13
 ❯ performUnitOfWork node_modules/.pnpm/react-dom@19.1.1_react@19.1.1/node_modules/react-dom/cjs/react-dom-client.development.js:15140:22
 ❯ workLoopSync node_modules/.pnpm/react-dom@19.1.1_react@19.1.1/node_modules/react-dom/cjs/react-dom-client.development.js:14956:41
 ❯ renderRootSync node_modules/.pnpm/react-dom@19.1.1_react@19.1.1/node_modules/react-dom/cjs/react-dom-client.development.js:14936:11
            </failure>
        </testcase>
        <testcase classname="client/src/contexts/InsertionContext.test.tsx" name="InsertionContext &gt; Batch Operations &gt; should handle partial batch failure" time="0.0032437">
            <failure message="useAuth must be used within an AuthProvider" type="Error">
Error: useAuth must be used within an AuthProvider
 ❯ useAuth client/src/contexts/AuthContext.tsx:203:11
 ❯ InsertionProvider client/src/contexts/InsertionContext.tsx:167:21
 ❯ Object.react_stack_bottom_frame node_modules/.pnpm/react-dom@19.1.1_react@19.1.1/node_modules/react-dom/cjs/react-dom-client.development.js:23863:20
 ❯ renderWithHooks node_modules/.pnpm/react-dom@19.1.1_react@19.1.1/node_modules/react-dom/cjs/react-dom-client.development.js:5529:22
 ❯ updateFunctionComponent node_modules/.pnpm/react-dom@19.1.1_react@19.1.1/node_modules/react-dom/cjs/react-dom-client.development.js:8897:19
 ❯ beginWork node_modules/.pnpm/react-dom@19.1.1_react@19.1.1/node_modules/react-dom/cjs/react-dom-client.development.js:10522:18
 ❯ runWithFiberInDEV node_modules/.pnpm/react-dom@19.1.1_react@19.1.1/node_modules/react-dom/cjs/react-dom-client.development.js:1522:13
 ❯ performUnitOfWork node_modules/.pnpm/react-dom@19.1.1_react@19.1.1/node_modules/react-dom/cjs/react-dom-client.development.js:15140:22
 ❯ workLoopSync node_modules/.pnpm/react-dom@19.1.1_react@19.1.1/node_modules/react-dom/cjs/react-dom-client.development.js:14956:41
 ❯ renderRootSync node_modules/.pnpm/react-dom@19.1.1_react@19.1.1/node_modules/react-dom/cjs/react-dom-client.development.js:14936:11
            </failure>
        </testcase>
        <testcase classname="client/src/contexts/InsertionContext.test.tsx" name="InsertionContext &gt; Batch Operations &gt; should handle rollback operation" time="0.0033166">
            <failure message="useAuth must be used within an AuthProvider" type="Error">
Error: useAuth must be used within an AuthProvider
 ❯ useAuth client/src/contexts/AuthContext.tsx:203:11
 ❯ InsertionProvider client/src/contexts/InsertionContext.tsx:167:21
 ❯ Object.react_stack_bottom_frame node_modules/.pnpm/react-dom@19.1.1_react@19.1.1/node_modules/react-dom/cjs/react-dom-client.development.js:23863:20
 ❯ renderWithHooks node_modules/.pnpm/react-dom@19.1.1_react@19.1.1/node_modules/react-dom/cjs/react-dom-client.development.js:5529:22
 ❯ updateFunctionComponent node_modules/.pnpm/react-dom@19.1.1_react@19.1.1/node_modules/react-dom/cjs/react-dom-client.development.js:8897:19
 ❯ beginWork node_modules/.pnpm/react-dom@19.1.1_react@19.1.1/node_modules/react-dom/cjs/react-dom-client.development.js:10522:18
 ❯ runWithFiberInDEV node_modules/.pnpm/react-dom@19.1.1_react@19.1.1/node_modules/react-dom/cjs/react-dom-client.development.js:1522:13
 ❯ performUnitOfWork node_modules/.pnpm/react-dom@19.1.1_react@19.1.1/node_modules/react-dom/cjs/react-dom-client.development.js:15140:22
 ❯ workLoopSync node_modules/.pnpm/react-dom@19.1.1_react@19.1.1/node_modules/react-dom/cjs/react-dom-client.development.js:14956:41
 ❯ renderRootSync node_modules/.pnpm/react-dom@19.1.1_react@19.1.1/node_modules/react-dom/cjs/react-dom-client.development.js:14936:11
            </failure>
        </testcase>
        <testcase classname="client/src/contexts/InsertionContext.test.tsx" name="InsertionContext &gt; Pending Operations Management &gt; should add operations to pending list" time="0.0027071">
            <failure message="useAuth must be used within an AuthProvider" type="Error">
Error: useAuth must be used within an AuthProvider
 ❯ useAuth client/src/contexts/AuthContext.tsx:203:11
 ❯ InsertionProvider client/src/contexts/InsertionContext.tsx:167:21
 ❯ Object.react_stack_bottom_frame node_modules/.pnpm/react-dom@19.1.1_react@19.1.1/node_modules/react-dom/cjs/react-dom-client.development.js:23863:20
 ❯ renderWithHooks node_modules/.pnpm/react-dom@19.1.1_react@19.1.1/node_modules/react-dom/cjs/react-dom-client.development.js:5529:22
 ❯ updateFunctionComponent node_modules/.pnpm/react-dom@19.1.1_react@19.1.1/node_modules/react-dom/cjs/react-dom-client.development.js:8897:19
 ❯ beginWork node_modules/.pnpm/react-dom@19.1.1_react@19.1.1/node_modules/react-dom/cjs/react-dom-client.development.js:10522:18
 ❯ runWithFiberInDEV node_modules/.pnpm/react-dom@19.1.1_react@19.1.1/node_modules/react-dom/cjs/react-dom-client.development.js:1522:13
 ❯ performUnitOfWork node_modules/.pnpm/react-dom@19.1.1_react@19.1.1/node_modules/react-dom/cjs/react-dom-client.development.js:15140:22
 ❯ workLoopSync node_modules/.pnpm/react-dom@19.1.1_react@19.1.1/node_modules/react-dom/cjs/react-dom-client.development.js:14956:41
 ❯ renderRootSync node_modules/.pnpm/react-dom@19.1.1_react@19.1.1/node_modules/react-dom/cjs/react-dom-client.development.js:14936:11
            </failure>
        </testcase>
        <testcase classname="client/src/contexts/InsertionContext.test.tsx" name="InsertionContext &gt; Pending Operations Management &gt; should prevent duplicate pending operations" time="0.0028412">
            <failure message="useAuth must be used within an AuthProvider" type="Error">
Error: useAuth must be used within an AuthProvider
 ❯ useAuth client/src/contexts/AuthContext.tsx:203:11
 ❯ InsertionProvider client/src/contexts/InsertionContext.tsx:167:21
 ❯ Object.react_stack_bottom_frame node_modules/.pnpm/react-dom@19.1.1_react@19.1.1/node_modules/react-dom/cjs/react-dom-client.development.js:23863:20
 ❯ renderWithHooks node_modules/.pnpm/react-dom@19.1.1_react@19.1.1/node_modules/react-dom/cjs/react-dom-client.development.js:5529:22
 ❯ updateFunctionComponent node_modules/.pnpm/react-dom@19.1.1_react@19.1.1/node_modules/react-dom/cjs/react-dom-client.development.js:8897:19
 ❯ beginWork node_modules/.pnpm/react-dom@19.1.1_react@19.1.1/node_modules/react-dom/cjs/react-dom-client.development.js:10522:18
 ❯ runWithFiberInDEV node_modules/.pnpm/react-dom@19.1.1_react@19.1.1/node_modules/react-dom/cjs/react-dom-client.development.js:1522:13
 ❯ performUnitOfWork node_modules/.pnpm/react-dom@19.1.1_react@19.1.1/node_modules/react-dom/cjs/react-dom-client.development.js:15140:22
 ❯ workLoopSync node_modules/.pnpm/react-dom@19.1.1_react@19.1.1/node_modules/react-dom/cjs/react-dom-client.development.js:14956:41
 ❯ renderRootSync node_modules/.pnpm/react-dom@19.1.1_react@19.1.1/node_modules/react-dom/cjs/react-dom-client.development.js:14936:11
            </failure>
        </testcase>
        <testcase classname="client/src/contexts/InsertionContext.test.tsx" name="InsertionContext &gt; Pending Operations Management &gt; should clear pending operations" time="0.0034318">
            <failure message="useAuth must be used within an AuthProvider" type="Error">
Error: useAuth must be used within an AuthProvider
 ❯ useAuth client/src/contexts/AuthContext.tsx:203:11
 ❯ InsertionProvider client/src/contexts/InsertionContext.tsx:167:21
 ❯ Object.react_stack_bottom_frame node_modules/.pnpm/react-dom@19.1.1_react@19.1.1/node_modules/react-dom/cjs/react-dom-client.development.js:23863:20
 ❯ renderWithHooks node_modules/.pnpm/react-dom@19.1.1_react@19.1.1/node_modules/react-dom/cjs/react-dom-client.development.js:5529:22
 ❯ updateFunctionComponent node_modules/.pnpm/react-dom@19.1.1_react@19.1.1/node_modules/react-dom/cjs/react-dom-client.development.js:8897:19
 ❯ beginWork node_modules/.pnpm/react-dom@19.1.1_react@19.1.1/node_modules/react-dom/cjs/react-dom-client.development.js:10522:18
 ❯ runWithFiberInDEV node_modules/.pnpm/react-dom@19.1.1_react@19.1.1/node_modules/react-dom/cjs/react-dom-client.development.js:1522:13
 ❯ performUnitOfWork node_modules/.pnpm/react-dom@19.1.1_react@19.1.1/node_modules/react-dom/cjs/react-dom-client.development.js:15140:22
 ❯ workLoopSync node_modules/.pnpm/react-dom@19.1.1_react@19.1.1/node_modules/react-dom/cjs/react-dom-client.development.js:14956:41
 ❯ renderRootSync node_modules/.pnpm/react-dom@19.1.1_react@19.1.1/node_modules/react-dom/cjs/react-dom-client.development.js:14936:11
            </failure>
        </testcase>
        <testcase classname="client/src/contexts/InsertionContext.test.tsx" name="InsertionContext &gt; Pending Operations Management &gt; should remove specific operation from pending" time="0.0029203">
            <failure message="useAuth must be used within an AuthProvider" type="Error">
Error: useAuth must be used within an AuthProvider
 ❯ useAuth client/src/contexts/AuthContext.tsx:203:11
 ❯ InsertionProvider client/src/contexts/InsertionContext.tsx:167:21
 ❯ Object.react_stack_bottom_frame node_modules/.pnpm/react-dom@19.1.1_react@19.1.1/node_modules/react-dom/cjs/react-dom-client.development.js:23863:20
 ❯ renderWithHooks node_modules/.pnpm/react-dom@19.1.1_react@19.1.1/node_modules/react-dom/cjs/react-dom-client.development.js:5529:22
 ❯ updateFunctionComponent node_modules/.pnpm/react-dom@19.1.1_react@19.1.1/node_modules/react-dom/cjs/react-dom-client.development.js:8897:19
 ❯ beginWork node_modules/.pnpm/react-dom@19.1.1_react@19.1.1/node_modules/react-dom/cjs/react-dom-client.development.js:10522:18
 ❯ runWithFiberInDEV node_modules/.pnpm/react-dom@19.1.1_react@19.1.1/node_modules/react-dom/cjs/react-dom-client.development.js:1522:13
 ❯ performUnitOfWork node_modules/.pnpm/react-dom@19.1.1_react@19.1.1/node_modules/react-dom/cjs/react-dom-client.development.js:15140:22
 ❯ workLoopSync node_modules/.pnpm/react-dom@19.1.1_react@19.1.1/node_modules/react-dom/cjs/react-dom-client.development.js:14956:41
 ❯ renderRootSync node_modules/.pnpm/react-dom@19.1.1_react@19.1.1/node_modules/react-dom/cjs/react-dom-client.development.js:14936:11
            </failure>
        </testcase>
        <testcase classname="client/src/contexts/InsertionContext.test.tsx" name="InsertionContext &gt; Error Management &gt; should clear errors when requested" time="0.0025931">
            <failure message="useAuth must be used within an AuthProvider" type="Error">
Error: useAuth must be used within an AuthProvider
 ❯ useAuth client/src/contexts/AuthContext.tsx:203:11
 ❯ InsertionProvider client/src/contexts/InsertionContext.tsx:167:21
 ❯ Object.react_stack_bottom_frame node_modules/.pnpm/react-dom@19.1.1_react@19.1.1/node_modules/react-dom/cjs/react-dom-client.development.js:23863:20
 ❯ renderWithHooks node_modules/.pnpm/react-dom@19.1.1_react@19.1.1/node_modules/react-dom/cjs/react-dom-client.development.js:5529:22
 ❯ updateFunctionComponent node_modules/.pnpm/react-dom@19.1.1_react@19.1.1/node_modules/react-dom/cjs/react-dom-client.development.js:8897:19
 ❯ beginWork node_modules/.pnpm/react-dom@19.1.1_react@19.1.1/node_modules/react-dom/cjs/react-dom-client.development.js:10522:18
 ❯ runWithFiberInDEV node_modules/.pnpm/react-dom@19.1.1_react@19.1.1/node_modules/react-dom/cjs/react-dom-client.development.js:1522:13
 ❯ performUnitOfWork node_modules/.pnpm/react-dom@19.1.1_react@19.1.1/node_modules/react-dom/cjs/react-dom-client.development.js:15140:22
 ❯ workLoopSync node_modules/.pnpm/react-dom@19.1.1_react@19.1.1/node_modules/react-dom/cjs/react-dom-client.development.js:14956:41
 ❯ renderRootSync node_modules/.pnpm/react-dom@19.1.1_react@19.1.1/node_modules/react-dom/cjs/react-dom-client.development.js:14936:11
            </failure>
        </testcase>
        <testcase classname="client/src/contexts/InsertionContext.test.tsx" name="InsertionContext &gt; Error Management &gt; should auto-clear errors after successful operations" time="0.0023671">
            <failure message="useAuth must be used within an AuthProvider" type="Error">
Error: useAuth must be used within an AuthProvider
 ❯ useAuth client/src/contexts/AuthContext.tsx:203:11
 ❯ InsertionProvider client/src/contexts/InsertionContext.tsx:167:21
 ❯ Object.react_stack_bottom_frame node_modules/.pnpm/react-dom@19.1.1_react@19.1.1/node_modules/react-dom/cjs/react-dom-client.development.js:23863:20
 ❯ renderWithHooks node_modules/.pnpm/react-dom@19.1.1_react@19.1.1/node_modules/react-dom/cjs/react-dom-client.development.js:5529:22
 ❯ updateFunctionComponent node_modules/.pnpm/react-dom@19.1.1_react@19.1.1/node_modules/react-dom/cjs/react-dom-client.development.js:8897:19
 ❯ beginWork node_modules/.pnpm/react-dom@19.1.1_react@19.1.1/node_modules/react-dom/cjs/react-dom-client.development.js:10522:18
 ❯ runWithFiberInDEV node_modules/.pnpm/react-dom@19.1.1_react@19.1.1/node_modules/react-dom/cjs/react-dom-client.development.js:1522:13
 ❯ performUnitOfWork node_modules/.pnpm/react-dom@19.1.1_react@19.1.1/node_modules/react-dom/cjs/react-dom-client.development.js:15140:22
 ❯ workLoopSync node_modules/.pnpm/react-dom@19.1.1_react@19.1.1/node_modules/react-dom/cjs/react-dom-client.development.js:14956:41
 ❯ renderRootSync node_modules/.pnpm/react-dom@19.1.1_react@19.1.1/node_modules/react-dom/cjs/react-dom-client.development.js:14936:11
            </failure>
        </testcase>
        <testcase classname="client/src/contexts/InsertionContext.test.tsx" name="InsertionContext &gt; History Management &gt; should track insertion history" time="0.00761">
            <failure message="useAuth must be used within an AuthProvider" type="Error">
Error: useAuth must be used within an AuthProvider
 ❯ useAuth client/src/contexts/AuthContext.tsx:203:11
 ❯ InsertionProvider client/src/contexts/InsertionContext.tsx:167:21
 ❯ Object.react_stack_bottom_frame node_modules/.pnpm/react-dom@19.1.1_react@19.1.1/node_modules/react-dom/cjs/react-dom-client.development.js:23863:20
 ❯ renderWithHooks node_modules/.pnpm/react-dom@19.1.1_react@19.1.1/node_modules/react-dom/cjs/react-dom-client.development.js:5529:22
 ❯ updateFunctionComponent node_modules/.pnpm/react-dom@19.1.1_react@19.1.1/node_modules/react-dom/cjs/react-dom-client.development.js:8897:19
 ❯ beginWork node_modules/.pnpm/react-dom@19.1.1_react@19.1.1/node_modules/react-dom/cjs/react-dom-client.development.js:10522:18
 ❯ runWithFiberInDEV node_modules/.pnpm/react-dom@19.1.1_react@19.1.1/node_modules/react-dom/cjs/react-dom-client.development.js:1522:13
 ❯ performUnitOfWork node_modules/.pnpm/react-dom@19.1.1_react@19.1.1/node_modules/react-dom/cjs/react-dom-client.development.js:15140:22
 ❯ workLoopSync node_modules/.pnpm/react-dom@19.1.1_react@19.1.1/node_modules/react-dom/cjs/react-dom-client.development.js:14956:41
 ❯ renderRootSync node_modules/.pnpm/react-dom@19.1.1_react@19.1.1/node_modules/react-dom/cjs/react-dom-client.development.js:14936:11
            </failure>
        </testcase>
        <testcase classname="client/src/contexts/InsertionContext.test.tsx" name="InsertionContext &gt; History Management &gt; should limit history size" time="0.0026981">
            <failure message="useAuth must be used within an AuthProvider" type="Error">
Error: useAuth must be used within an AuthProvider
 ❯ useAuth client/src/contexts/AuthContext.tsx:203:11
 ❯ InsertionProvider client/src/contexts/InsertionContext.tsx:167:21
 ❯ Object.react_stack_bottom_frame node_modules/.pnpm/react-dom@19.1.1_react@19.1.1/node_modules/react-dom/cjs/react-dom-client.development.js:23863:20
 ❯ renderWithHooks node_modules/.pnpm/react-dom@19.1.1_react@19.1.1/node_modules/react-dom/cjs/react-dom-client.development.js:5529:22
 ❯ updateFunctionComponent node_modules/.pnpm/react-dom@19.1.1_react@19.1.1/node_modules/react-dom/cjs/react-dom-client.development.js:8897:19
 ❯ beginWork node_modules/.pnpm/react-dom@19.1.1_react@19.1.1/node_modules/react-dom/cjs/react-dom-client.development.js:10522:18
 ❯ runWithFiberInDEV node_modules/.pnpm/react-dom@19.1.1_react@19.1.1/node_modules/react-dom/cjs/react-dom-client.development.js:1522:13
 ❯ performUnitOfWork node_modules/.pnpm/react-dom@19.1.1_react@19.1.1/node_modules/react-dom/cjs/react-dom-client.development.js:15140:22
 ❯ workLoopSync node_modules/.pnpm/react-dom@19.1.1_react@19.1.1/node_modules/react-dom/cjs/react-dom-client.development.js:14956:41
 ❯ renderRootSync node_modules/.pnpm/react-dom@19.1.1_react@19.1.1/node_modules/react-dom/cjs/react-dom-client.development.js:14936:11
            </failure>
        </testcase>
        <testcase classname="client/src/contexts/InsertionContext.test.tsx" name="InsertionContext &gt; History Management &gt; should include timestamps in history" time="0.0027479">
            <failure message="useAuth must be used within an AuthProvider" type="Error">
Error: useAuth must be used within an AuthProvider
 ❯ useAuth client/src/contexts/AuthContext.tsx:203:11
 ❯ InsertionProvider client/src/contexts/InsertionContext.tsx:167:21
 ❯ Object.react_stack_bottom_frame node_modules/.pnpm/react-dom@19.1.1_react@19.1.1/node_modules/react-dom/cjs/react-dom-client.development.js:23863:20
 ❯ renderWithHooks node_modules/.pnpm/react-dom@19.1.1_react@19.1.1/node_modules/react-dom/cjs/react-dom-client.development.js:5529:22
 ❯ updateFunctionComponent node_modules/.pnpm/react-dom@19.1.1_react@19.1.1/node_modules/react-dom/cjs/react-dom-client.development.js:8897:19
 ❯ beginWork node_modules/.pnpm/react-dom@19.1.1_react@19.1.1/node_modules/react-dom/cjs/react-dom-client.development.js:10522:18
 ❯ runWithFiberInDEV node_modules/.pnpm/react-dom@19.1.1_react@19.1.1/node_modules/react-dom/cjs/react-dom-client.development.js:1522:13
 ❯ performUnitOfWork node_modules/.pnpm/react-dom@19.1.1_react@19.1.1/node_modules/react-dom/cjs/react-dom-client.development.js:15140:22
 ❯ workLoopSync node_modules/.pnpm/react-dom@19.1.1_react@19.1.1/node_modules/react-dom/cjs/react-dom-client.development.js:14956:41
 ❯ renderRootSync node_modules/.pnpm/react-dom@19.1.1_react@19.1.1/node_modules/react-dom/cjs/react-dom-client.development.js:14936:11
            </failure>
        </testcase>
        <testcase classname="client/src/contexts/InsertionContext.test.tsx" name="InsertionContext &gt; Progress Tracking &gt; should track batch operation progress" time="0.0025688">
            <failure message="useAuth must be used within an AuthProvider" type="Error">
Error: useAuth must be used within an AuthProvider
 ❯ useAuth client/src/contexts/AuthContext.tsx:203:11
 ❯ InsertionProvider client/src/contexts/InsertionContext.tsx:167:21
 ❯ Object.react_stack_bottom_frame node_modules/.pnpm/react-dom@19.1.1_react@19.1.1/node_modules/react-dom/cjs/react-dom-client.development.js:23863:20
 ❯ renderWithHooks node_modules/.pnpm/react-dom@19.1.1_react@19.1.1/node_modules/react-dom/cjs/react-dom-client.development.js:5529:22
 ❯ updateFunctionComponent node_modules/.pnpm/react-dom@19.1.1_react@19.1.1/node_modules/react-dom/cjs/react-dom-client.development.js:8897:19
 ❯ beginWork node_modules/.pnpm/react-dom@19.1.1_react@19.1.1/node_modules/react-dom/cjs/react-dom-client.development.js:10522:18
 ❯ runWithFiberInDEV node_modules/.pnpm/react-dom@19.1.1_react@19.1.1/node_modules/react-dom/cjs/react-dom-client.development.js:1522:13
 ❯ performUnitOfWork node_modules/.pnpm/react-dom@19.1.1_react@19.1.1/node_modules/react-dom/cjs/react-dom-client.development.js:15140:22
 ❯ workLoopSync node_modules/.pnpm/react-dom@19.1.1_react@19.1.1/node_modules/react-dom/cjs/react-dom-client.development.js:14956:41
 ❯ renderRootSync node_modules/.pnpm/react-dom@19.1.1_react@19.1.1/node_modules/react-dom/cjs/react-dom-client.development.js:14936:11
            </failure>
        </testcase>
        <testcase classname="client/src/contexts/InsertionContext.test.tsx" name="InsertionContext &gt; Progress Tracking &gt; should clear progress after completion" time="0.0052058">
            <failure message="useAuth must be used within an AuthProvider" type="Error">
Error: useAuth must be used within an AuthProvider
 ❯ useAuth client/src/contexts/AuthContext.tsx:203:11
 ❯ InsertionProvider client/src/contexts/InsertionContext.tsx:167:21
 ❯ Object.react_stack_bottom_frame node_modules/.pnpm/react-dom@19.1.1_react@19.1.1/node_modules/react-dom/cjs/react-dom-client.development.js:23863:20
 ❯ renderWithHooks node_modules/.pnpm/react-dom@19.1.1_react@19.1.1/node_modules/react-dom/cjs/react-dom-client.development.js:5529:22
 ❯ updateFunctionComponent node_modules/.pnpm/react-dom@19.1.1_react@19.1.1/node_modules/react-dom/cjs/react-dom-client.development.js:8897:19
 ❯ beginWork node_modules/.pnpm/react-dom@19.1.1_react@19.1.1/node_modules/react-dom/cjs/react-dom-client.development.js:10522:18
 ❯ runWithFiberInDEV node_modules/.pnpm/react-dom@19.1.1_react@19.1.1/node_modules/react-dom/cjs/react-dom-client.development.js:1522:13
 ❯ performUnitOfWork node_modules/.pnpm/react-dom@19.1.1_react@19.1.1/node_modules/react-dom/cjs/react-dom-client.development.js:15140:22
 ❯ workLoopSync node_modules/.pnpm/react-dom@19.1.1_react@19.1.1/node_modules/react-dom/cjs/react-dom-client.development.js:14956:41
 ❯ renderRootSync node_modules/.pnpm/react-dom@19.1.1_react@19.1.1/node_modules/react-dom/cjs/react-dom-client.development.js:14936:11
            </failure>
        </testcase>
    </testsuite>
    <testsuite name="client/src/pages/Home.test.tsx" timestamp="2025-09-19T01:25:09.340Z" hostname="JohnDee" tests="33" failures="1" errors="0" skipped="0" time="23.442688">
        <testcase classname="client/src/pages/Home.test.tsx" name="Home Component &gt; renders without crashing" time="0.1758599">
        </testcase>
        <testcase classname="client/src/pages/Home.test.tsx" name="Home Component &gt; displays keyphrase input field" time="0.0281628">
        </testcase>
        <testcase classname="client/src/pages/Home.test.tsx" name="Home Component &gt; shows analyze button" time="0.0332282">
        </testcase>
        <testcase classname="client/src/pages/Home.test.tsx" name="Home Component &gt; handles keyphrase input changes" time="0.3914653">
        </testcase>
        <testcase classname="client/src/pages/Home.test.tsx" name="Home Component &gt; validates keyphrase length" time="0.1771753">
        </testcase>
        <testcase classname="client/src/pages/Home.test.tsx" name="Home Component &gt; performs SEO analysis on valid keyphrase" time="15.4401867">
            <system-out>
Home: [Home onSubmit] Fetched Raw Webflow Page Data: {
  title: [32m&apos;Test Page Title&apos;[39m,
  metaDescription: [32m&apos;Test page description&apos;[39m,
  openGraphImage: [32m&apos;https://example.com/og-image.jpg&apos;[39m,
  ogTitle: [32m&apos;Test OG Title&apos;[39m,
  ogDescription: [32m&apos;Test OG Description&apos;[39m,
  usesTitleAsOpenGraphTitle: [33mtrue[39m,
  usesDescriptionAsOpenGraphDescription: [33mtrue[39m
}
Home: [Home onSubmit] Sending data to API: {
  keyphrase: [32m&apos;test keyphrase&apos;[39m,
  url: [32m&apos;https://example.com/test-page&apos;[39m,
  isHomePage: [33mfalse[39m,
  siteInfo: {
    id: [32m&apos;site123&apos;[39m,
    name: [32m&apos;Test Site&apos;[39m,
    shortName: [32m&apos;test-site&apos;[39m,
    domains: [ [36m[Object][39m ],
    siteUrl: [32m&apos;https://example.com&apos;[39m
  },
  publishPath: [32m&apos;/test-page&apos;[39m,
  webflowPageData: {
    title: [32m&apos;Test Page Title&apos;[39m,
    metaDescription: [32m&apos;Test page description&apos;[39m,
    openGraphImage: [32m&apos;https://example.com/og-image.jpg&apos;[39m,
    ogTitle: [32m&apos;Test OG Title&apos;[39m,
    ogDescription: [32m&apos;Test OG Description&apos;[39m,
    usesTitleAsOpenGraphTitle: [33mtrue[39m,
    usesDescriptionAsOpenGraphDescription: [33mtrue[39m
  }
}

            </system-out>
            <failure message="expected &quot;spy&quot; to be called with arguments: [ ObjectContaining{…} ][90m

Received: 

[1m  1st spy call:

[22m[2m  [[22m
[32m-   ObjectContaining {[90m
[31m+   {[90m
[2m      &quot;isHomePage&quot;: false,[22m
[2m      &quot;keyphrase&quot;: &quot;test keyphrase&quot;,[22m
[2m      &quot;publishPath&quot;: &quot;/test-page&quot;,[22m
[32m-     &quot;siteInfo&quot;: ObjectContaining {[90m
[32m-       &quot;domains&quot;: ArrayContaining [[90m
[32m-         ObjectContaining {[90m
[31m+     &quot;siteInfo&quot;: {[90m
[31m+       &quot;domains&quot;: [[90m
[31m+         {[90m
[31m+           &quot;host&quot;: &quot;example.com&quot;,[90m
[31m+           &quot;id&quot;: &quot;https://example.com&quot;,[90m
[31m+           &quot;lastPublished&quot;: &quot;2024-01-01T00:00:00Z&quot;,[90m
[31m+           &quot;name&quot;: &quot;example.com&quot;,[90m
[31m+           &quot;publicUrl&quot;: &quot;https://example.com&quot;,[90m
[31m+           &quot;publishedOn&quot;: &quot;2024-01-01T00:00:00Z&quot;,[90m
[2m            &quot;url&quot;: &quot;https://example.com&quot;,[22m
[2m          },[22m
[2m        ],[22m
[31m+       &quot;id&quot;: &quot;site123&quot;,[90m
[31m+       &quot;name&quot;: &quot;Test Site&quot;,[90m
[31m+       &quot;shortName&quot;: &quot;test-site&quot;,[90m
[31m+       &quot;siteUrl&quot;: &quot;https://example.com&quot;,[90m
[2m      },[22m
[2m      &quot;url&quot;: &quot;https://example.com/test-page&quot;,[22m
[32m-     &quot;webflowPageData&quot;: ObjectContaining {[90m
[31m+     &quot;webflowPageData&quot;: {[90m
[31m+       &quot;metaDescription&quot;: &quot;Test page description&quot;,[90m
[31m+       &quot;ogDescription&quot;: &quot;Test OG Description&quot;,[90m
[31m+       &quot;ogTitle&quot;: &quot;Test OG Title&quot;,[90m
[2m        &quot;openGraphImage&quot;: &quot;https://example.com/og-image.jpg&quot;,[22m
[31m+       &quot;title&quot;: &quot;Test Page Title&quot;,[90m
[31m+       &quot;usesDescriptionAsOpenGraphDescription&quot;: true,[90m
[31m+       &quot;usesTitleAsOpenGraphTitle&quot;: true,[90m
[31m+     },[90m
[2m    },[22m
[31m+   {[90m
[31m+     &quot;client&quot;: QueryClient {},[90m
[31m+     &quot;meta&quot;: undefined,[90m
[31m+     &quot;mutationKey&quot;: undefined,[90m
[2m    },[22m
[2m  ][22m
[39m[90m

Number of calls: [1m1[22m
[39m

Ignored nodes: comments, script, style
[36m&lt;html&gt;[39m
  [36m&lt;head /&gt;[39m
  [36m&lt;body&gt;[39m
    [36m&lt;div&gt;[39m
      [36m&lt;div[39m
        [33mclass[39m=[32m&quot;min-h-screen bg-background p-4 md:p-6 flex flex-col&quot;[39m
        [33mstyle[39m=[32m&quot;color: rgb(255, 255, 255); opacity: 1;&quot;[39m
      [36m&gt;[39m
        [36m&lt;div[39m
          [33mclass[39m=[32m&quot;mx-auto w-full max-w-3xl space-y-6 flex-grow&quot;[39m
        [36m&gt;[39m
          [36m&lt;div[39m
            [33mclass[39m=[32m&quot;w-full&quot;[39m
            [33mstyle[39m=[32m&quot;opacity: 1; transform: none;&quot;[39m
          [36m&gt;[39m
            [36m&lt;div[39m
              [33mclass[39m=[32m&quot;rounded-lg border bg-background2 text-card-foreground shadow-sm w-full&quot;[39m
            [36m&gt;[39m
              [36m&lt;div[39m
                [33mclass[39m=[32m&quot;flex flex-col space-y-1.5 p-6&quot;[39m
              [36m&gt;[39m
                [36m&lt;h3[39m
                  [33mclass[39m=[32m&quot;text-2xl font-semibold leading-none tracking-tight text-center&quot;[39m
                [36m&gt;[39m
                  [0mSEO Analysis Tool[0m
                [36m&lt;/h3&gt;[39m
              [36m&lt;/div&gt;[39m
              [36m&lt;div[39m
                [33mclass[39m=[32m&quot;p-6 pt-0&quot;[39m
              [36m&gt;[39m
                [36m&lt;form[39m
                  [33mclass[39m=[32m&quot;space-y-5 w-full&quot;[39m
                [36m&gt;[39m
                  [36m&lt;div[39m
                    [33mclass[39m=[32m&quot;space-y-2 w-full&quot;[39m
                  [36m&gt;[39m
                    [36m&lt;div[39m
                      [33mclass[39m=[32m&quot;flex justify-between items-center mb-1&quot;[39m
                    [36m&gt;[39m
                      [36m&lt;label[39m
                        [33mclass[39m=[32m&quot;text-sm font-medium leading-none peer-disabled:cursor-not-allowed peer-disabled:opacity-70 mb-0&quot;[39m
                        [33mfor[39m=[32m&quot;«r5»-form-item&quot;[39m
                      [36m&gt;[39m
                        [0mTarget keyphrase[0m
                      [36m&lt;/label&gt;[39m
                      [36m&lt;span[39m
                        [33mclass[39m=[32m&quot;text-xs font-medium&quot;[39m
                        [33mstyle[39m=[32m&quot;color: var(--greenText);&quot;[39m
                      [36m&gt;[39m
                        [0mKeyword saved[0m
                      [36m&lt;/span&gt;[39m
                    [36m&lt;/div&gt;[39m
                    [36m&lt;div[39m
                      [33maria-describedby[39m=[32m&quot;«r5»-form-item-description&quot;[39m
                      [33maria-invalid[39m=[32m&quot;false&quot;[39m
                      [33mclass[39m=[32m&quot;mt-2 w-full mt-2&quot;[39m
                      [33mid[39m=[32m&quot;«r5»-form-item&quot;[39m
                      [33mstyle[39m=[32m&quot;transform: none;&quot;[39m
                      [33mtabindex[39m=[32m&quot;0&quot;[39m
                    [36m&gt;[39m
                      [36m&lt;input[39m
                        [33mclass[39m=[32m&quot;flex h-10 rounded-md border border-input bg-background px-3 py-2 text-sm ring-offset-background file:border-0 file:bg-transparent file:text-sm file:font-medium file:text-foreground placeholder:text-muted-foreground focus-visible:outline-none focus-visible:ring-2 focus-visible:ring-ring focus-visible:ring-offset-2 disabled:cursor-not-allowed disabled:opacity-50 w-full&quot;[39m
                        [33mname[39m=[32m&quot;keyphrase&quot;[39m
                        [33mplaceholder[39m=[32m&quot;Enter your target keyphrase&quot;[39m
                        [33mvalue[39m=[32m&quot;test keyphrase&quot;[39m
                      [36m/&gt;[39m
                    [36m&lt;/div&gt;[39m
                  [36m&lt;/div&gt;[39m
                  [36m&lt;div[39m
                    [33mclass[39m=[32m&quot;border-t pt-4 mt-4&quot;[39m
                  [36m&gt;[39m
                    [36m&lt;div[39m
                      [33mclass[39m=[32m&quot;flex items-center justify-between mb-4&quot;[39m
                    [36m&gt;[39m
                      [36m&lt;div&gt;[39m
                        [36m&lt;h3[39m
                          [33mclass[39m=[32m&quot;text-lg font-semibold&quot;[39m
                        [36m&gt;[39m
                          [0mAdvanced Analysis[0m
                        [36m&lt;/h3&gt;[39m
                        [36m&lt;p[39m
                          [33mclass[39m=[32m&quot;text-sm text-muted-foreground&quot;[39m
                        [36m&gt;[39m
                          [0mAdd secondary keywords and specify page type for more targeted SEO analysis[0m
                        [36m&lt;/p&gt;[39m
                      [36m&lt;/div&gt;[39m
                      [36m&lt;div[39m
                        [33mclass[39m=[32m&quot;flex items-center space-x-2&quot;[39m
                      [36m&gt;[39m
                        [36m&lt;button[39m
                          [33maria-checked[39m=[32m&quot;false&quot;[39m
                          [33mclass[39m=[32m&quot;peer inline-flex h-6 w-11 shrink-0 cursor-pointer items-center rounded-full border-2 border-transparent transition-colors focus-visible:outline-none focus-visible:ring-2 focus-visible:ring-ring focus-visible:ring-offset-2 focus-visible:ring-offset-background disabled:cursor-not-allowed disabled:opacity-50 data-[state=checked]:bg-primary data-[state=unchecked]:bg-input&quot;[39m
                          [33mdata-state[39m=[32m&quot;unchecked&quot;[39m
                          [33mrole[39m=[32m&quot;switch&quot;[39m
                          [33mtype[39m=[32m&quot;button&quot;[39m
                          [33mvalue[39m=[32m&quot;on&quot;[39m
                        [36m&gt;[39m
                          [36m&lt;span[39m
                            [33mclass[39m=[32m&quot;pointer-events-none block h-5 w-5 rounded-full bg-background shadow-lg ring-0 transition-transform data-[state=checked]:translate-x-5 data-[state=unchecked]:translate-x-0&quot;[39m
                            [33mdata-state[39m=[32m&quot;unchecked&quot;[39m
                          [36m/&gt;[39m
                        [36m&lt;/button&gt;[39m
                        [36m&lt;input[39m
                          [33maria-hidden[39m=[32m&quot;true&quot;[39m
                          [33mstyle[39m=[32m&quot;transform: translateX(-100%); position: absolute; pointer-events: none; opacity: 0; margin: 0px; width: 0px; height: 0px;&quot;[39m
                          [33mtabindex[39m=[32m&quot;-1&quot;[39m
                          [33mtype[39m=[32m&quot;checkbox&quot;[39m
                          [33mvalue[39m=[32m&quot;on&quot;[39m
                        [36m/&gt;[39m
                        [36m&lt;span[39m
                          [33mclass[39m=[32m&quot;text-sm&quot;[39m
                        [36m&gt;[39m
                          [0mOff[0m
                        [36m&lt;/span&gt;[39m
                      [36m&lt;/div&gt;[39m
                    [36m&lt;/div&gt;[39m
                  [36m&lt;/div&gt;[39m
                  [36m&lt;div[39m
                    [33mclass[39m=[32m&quot;w-full pt-2&quot;[39m
                    [33mstyle[39m=[32m&quot;transform: scale(1.02);&quot;[39m
                    [33mtabindex[39m=[32m&quot;0&quot;[39m
                  [36m&gt;[39m
   ..." type="AssertionError">
AssertionError: expected &quot;spy&quot; to be called with arguments: [ ObjectContaining{…} ]

Received: 

  1st spy call:

  [
-   ObjectContaining {
+   {
      &quot;isHomePage&quot;: false,
      &quot;keyphrase&quot;: &quot;test keyphrase&quot;,
      &quot;publishPath&quot;: &quot;/test-page&quot;,
-     &quot;siteInfo&quot;: ObjectContaining {
-       &quot;domains&quot;: ArrayContaining [
-         ObjectContaining {
+     &quot;siteInfo&quot;: {
+       &quot;domains&quot;: [
+         {
+           &quot;host&quot;: &quot;example.com&quot;,
+           &quot;id&quot;: &quot;https://example.com&quot;,
+           &quot;lastPublished&quot;: &quot;2024-01-01T00:00:00Z&quot;,
+           &quot;name&quot;: &quot;example.com&quot;,
+           &quot;publicUrl&quot;: &quot;https://example.com&quot;,
+           &quot;publishedOn&quot;: &quot;2024-01-01T00:00:00Z&quot;,
            &quot;url&quot;: &quot;https://example.com&quot;,
          },
        ],
+       &quot;id&quot;: &quot;site123&quot;,
+       &quot;name&quot;: &quot;Test Site&quot;,
+       &quot;shortName&quot;: &quot;test-site&quot;,
+       &quot;siteUrl&quot;: &quot;https://example.com&quot;,
      },
      &quot;url&quot;: &quot;https://example.com/test-page&quot;,
-     &quot;webflowPageData&quot;: ObjectContaining {
+     &quot;webflowPageData&quot;: {
+       &quot;metaDescription&quot;: &quot;Test page description&quot;,
+       &quot;ogDescription&quot;: &quot;Test OG Description&quot;,
+       &quot;ogTitle&quot;: &quot;Test OG Title&quot;,
        &quot;openGraphImage&quot;: &quot;https://example.com/og-image.jpg&quot;,
+       &quot;title&quot;: &quot;Test Page Title&quot;,
+       &quot;usesDescriptionAsOpenGraphDescription&quot;: true,
+       &quot;usesTitleAsOpenGraphTitle&quot;: true,
+     },
    },
+   {
+     &quot;client&quot;: QueryClient {},
+     &quot;meta&quot;: undefined,
+     &quot;mutationKey&quot;: undefined,
    },
  ]


Number of calls: 1


Ignored nodes: comments, script, style
&lt;html&gt;
  &lt;head /&gt;
  &lt;body&gt;
    &lt;div&gt;
      &lt;div
        class=&quot;min-h-screen bg-background p-4 md:p-6 flex flex-col&quot;
        style=&quot;color: rgb(255, 255, 255); opacity: 1;&quot;
      &gt;
        &lt;div
          class=&quot;mx-auto w-full max-w-3xl space-y-6 flex-grow&quot;
        &gt;
          &lt;div
            class=&quot;w-full&quot;
            style=&quot;opacity: 1; transform: none;&quot;
          &gt;
            &lt;div
              class=&quot;rounded-lg border bg-background2 text-card-foreground shadow-sm w-full&quot;
            &gt;
              &lt;div
                class=&quot;flex flex-col space-y-1.5 p-6&quot;
              &gt;
                &lt;h3
                  class=&quot;text-2xl font-semibold leading-none tracking-tight text-center&quot;
                &gt;
                  SEO Analysis Tool
                &lt;/h3&gt;
              &lt;/div&gt;
              &lt;div
                class=&quot;p-6 pt-0&quot;
              &gt;
                &lt;form
                  class=&quot;space-y-5 w-full&quot;
                &gt;
                  &lt;div
                    class=&quot;space-y-2 w-full&quot;
                  &gt;
                    &lt;div
                      class=&quot;flex justify-between items-center mb-1&quot;
                    &gt;
                      &lt;label
                        class=&quot;text-sm font-medium leading-none peer-disabled:cursor-not-allowed peer-disabled:opacity-70 mb-0&quot;
                        for=&quot;«r5»-form-item&quot;
                      &gt;
                        Target keyphrase
                      &lt;/label&gt;
                      &lt;span
                        class=&quot;text-xs font-medium&quot;
                        style=&quot;color: var(--greenText);&quot;
                      &gt;
                        Keyword saved
                      &lt;/span&gt;
                    &lt;/div&gt;
                    &lt;div
                      aria-describedby=&quot;«r5»-form-item-description&quot;
                      aria-invalid=&quot;false&quot;
                      class=&quot;mt-2 w-full mt-2&quot;
                      id=&quot;«r5»-form-item&quot;
                      style=&quot;transform: none;&quot;
                      tabindex=&quot;0&quot;
                    &gt;
                      &lt;input
                        class=&quot;flex h-10 rounded-md border border-input bg-background px-3 py-2 text-sm ring-offset-background file:border-0 file:bg-transparent file:text-sm file:font-medium file:text-foreground placeholder:text-muted-foreground focus-visible:outline-none focus-visible:ring-2 focus-visible:ring-ring focus-visible:ring-offset-2 disabled:cursor-not-allowed disabled:opacity-50 w-full&quot;
                        name=&quot;keyphrase&quot;
                        placeholder=&quot;Enter your target keyphrase&quot;
                        value=&quot;test keyphrase&quot;
                      /&gt;
                    &lt;/div&gt;
                  &lt;/div&gt;
                  &lt;div
                    class=&quot;border-t pt-4 mt-4&quot;
                  &gt;
                    &lt;div
                      class=&quot;flex items-center justify-between mb-4&quot;
                    &gt;
                      &lt;div&gt;
                        &lt;h3
                          class=&quot;text-lg font-semibold&quot;
                        &gt;
                          Advanced Analysis
                        &lt;/h3&gt;
                        &lt;p
                          class=&quot;text-sm text-muted-foreground&quot;
                        &gt;
                          Add secondary keywords and specify page type for more targeted SEO analysis
                        &lt;/p&gt;
                      &lt;/div&gt;
                      &lt;div
                        class=&quot;flex items-center space-x-2&quot;
                      &gt;
                        &lt;button
                          aria-checked=&quot;false&quot;
                          class=&quot;peer inline-flex h-6 w-11 shrink-0 cursor-pointer items-center rounded-full border-2 border-transparent transition-colors focus-visible:outline-none focus-visible:ring-2 focus-visible:ring-ring focus-visible:ring-offset-2 focus-visible:ring-offset-background disabled:cursor-not-allowed disabled:opacity-50 data-[state=checked]:bg-primary data-[state=unchecked]:bg-input&quot;
                          data-state=&quot;unchecked&quot;
                          role=&quot;switch&quot;
                          type=&quot;button&quot;
                          value=&quot;on&quot;
                        &gt;
                          &lt;span
                            class=&quot;pointer-events-none block h-5 w-5 rounded-full bg-background shadow-lg ring-0 transition-transform data-[state=checked]:translate-x-5 data-[state=unchecked]:translate-x-0&quot;
                            data-state=&quot;unchecked&quot;
                          /&gt;
                        &lt;/button&gt;
                        &lt;input
                          aria-hidden=&quot;true&quot;
                          style=&quot;transform: translateX(-100%); position: absolute; pointer-events: none; opacity: 0; margin: 0px; width: 0px; height: 0px;&quot;
                          tabindex=&quot;-1&quot;
                          type=&quot;checkbox&quot;
                          value=&quot;on&quot;
                        /&gt;
                        &lt;span
                          class=&quot;text-sm&quot;
                        &gt;
                          Off
                        &lt;/span&gt;
                      &lt;/div&gt;
                    &lt;/div&gt;
                  &lt;/div&gt;
                  &lt;div
                    class=&quot;w-full pt-2&quot;
                    style=&quot;transform: scale(1.02);&quot;
                    tabindex=&quot;0&quot;
                  &gt;
   ...
 ❯ __vi_import_1__.waitFor.timeout client/src/pages/Home.test.tsx:207:26
 ❯ runWithExpensiveErrorDiagnosticsDisabled node_modules/.pnpm/@testing-library+dom@10.4.1/node_modules/@testing-library/dom/dist/config.js:47:12
 ❯ checkCallback node_modules/.pnpm/@testing-library+dom@10.4.1/node_modules/@testing-library/dom/dist/wait-for.js:124:77
 ❯ Timeout.checkRealTimersCallback node_modules/.pnpm/@testing-library+dom@10.4.1/node_modules/@testing-library/dom/dist/wait-for.js:118:16
            </failure>
        </testcase>
        <testcase classname="client/src/pages/Home.test.tsx" name="Home Component &gt; displays loading state during analysis" time="0.2983982">
            <system-out>
Home: [Home onSubmit] Fetched Raw Webflow Page Data: {
  title: [32m&apos;Test Page Title&apos;[39m,
  metaDescription: [32m&apos;Test page description&apos;[39m,
  openGraphImage: [32m&apos;https://example.com/og-image.jpg&apos;[39m,
  ogTitle: [32m&apos;Test OG Title&apos;[39m,
  ogDescription: [32m&apos;Test OG Description&apos;[39m,
  usesTitleAsOpenGraphTitle: [33mtrue[39m,
  usesDescriptionAsOpenGraphDescription: [33mtrue[39m
}
Home: [Home onSubmit] Sending data to API: {
  keyphrase: [32m&apos;test keyphrase&apos;[39m,
  url: [32m&apos;https://example.com/test-page&apos;[39m,
  isHomePage: [33mfalse[39m,
  siteInfo: {
    id: [32m&apos;site123&apos;[39m,
    name: [32m&apos;Test Site&apos;[39m,
    shortName: [32m&apos;test-site&apos;[39m,
    domains: [ [36m[Object][39m ],
    siteUrl: [32m&apos;https://example.com&apos;[39m
  },
  publishPath: [32m&apos;/test-page&apos;[39m,
  webflowPageData: {
    title: [32m&apos;Test Page Title&apos;[39m,
    metaDescription: [32m&apos;Test page description&apos;[39m,
    openGraphImage: [32m&apos;https://example.com/og-image.jpg&apos;[39m,
    ogTitle: [32m&apos;Test OG Title&apos;[39m,
    ogDescription: [32m&apos;Test OG Description&apos;[39m,
    usesTitleAsOpenGraphTitle: [33mtrue[39m,
    usesDescriptionAsOpenGraphDescription: [33mtrue[39m
  }
}

            </system-out>
        </testcase>
        <testcase classname="client/src/pages/Home.test.tsx" name="Home Component &gt; handles analysis errors gracefully" time="0.3110891">
            <system-out>
Home: [Home onSubmit] Fetched Raw Webflow Page Data: {
  title: [32m&apos;Test Page Title&apos;[39m,
  metaDescription: [32m&apos;Test page description&apos;[39m,
  openGraphImage: [32m&apos;https://example.com/og-image.jpg&apos;[39m,
  ogTitle: [32m&apos;Test OG Title&apos;[39m,
  ogDescription: [32m&apos;Test OG Description&apos;[39m,
  usesTitleAsOpenGraphTitle: [33mtrue[39m,
  usesDescriptionAsOpenGraphDescription: [33mtrue[39m
}
Home: [Home onSubmit] Sending data to API: {
  keyphrase: [32m&apos;test keyphrase&apos;[39m,
  url: [32m&apos;https://example.com/test-page&apos;[39m,
  isHomePage: [33mfalse[39m,
  siteInfo: {
    id: [32m&apos;site123&apos;[39m,
    name: [32m&apos;Test Site&apos;[39m,
    shortName: [32m&apos;test-site&apos;[39m,
    domains: [ [36m[Object][39m ],
    siteUrl: [32m&apos;https://example.com&apos;[39m
  },
  publishPath: [32m&apos;/test-page&apos;[39m,
  webflowPageData: {
    title: [32m&apos;Test Page Title&apos;[39m,
    metaDescription: [32m&apos;Test page description&apos;[39m,
    openGraphImage: [32m&apos;https://example.com/og-image.jpg&apos;[39m,
    ogTitle: [32m&apos;Test OG Title&apos;[39m,
    ogDescription: [32m&apos;Test OG Description&apos;[39m,
    usesTitleAsOpenGraphTitle: [33mtrue[39m,
    usesDescriptionAsOpenGraphDescription: [33mtrue[39m
  }
}

            </system-out>
        </testcase>
        <testcase classname="client/src/pages/Home.test.tsx" name="Home Component &gt; displays results after successful analysis" time="0.3131057">
            <system-out>
Home: [Home onSubmit] Fetched Raw Webflow Page Data: {
  title: [32m&apos;Test Page Title&apos;[39m,
  metaDescription: [32m&apos;Test page description&apos;[39m,
  openGraphImage: [32m&apos;https://example.com/og-image.jpg&apos;[39m,
  ogTitle: [32m&apos;Test OG Title&apos;[39m,
  ogDescription: [32m&apos;Test OG Description&apos;[39m,
  usesTitleAsOpenGraphTitle: [33mtrue[39m,
  usesDescriptionAsOpenGraphDescription: [33mtrue[39m
}
Home: [Home onSubmit] Sending data to API: {
  keyphrase: [32m&apos;test keyphrase&apos;[39m,
  url: [32m&apos;https://example.com/test-page&apos;[39m,
  isHomePage: [33mfalse[39m,
  siteInfo: {
    id: [32m&apos;site123&apos;[39m,
    name: [32m&apos;Test Site&apos;[39m,
    shortName: [32m&apos;test-site&apos;[39m,
    domains: [ [36m[Object][39m ],
    siteUrl: [32m&apos;https://example.com&apos;[39m
  },
  publishPath: [32m&apos;/test-page&apos;[39m,
  webflowPageData: {
    title: [32m&apos;Test Page Title&apos;[39m,
    metaDescription: [32m&apos;Test page description&apos;[39m,
    openGraphImage: [32m&apos;https://example.com/og-image.jpg&apos;[39m,
    ogTitle: [32m&apos;Test OG Title&apos;[39m,
    ogDescription: [32m&apos;Test OG Description&apos;[39m,
    usesTitleAsOpenGraphTitle: [33mtrue[39m,
    usesDescriptionAsOpenGraphDescription: [33mtrue[39m
  }
}

            </system-out>
        </testcase>
        <testcase classname="client/src/pages/Home.test.tsx" name="Home Component &gt; handles unpublished page error correctly" time="0.3117841">
            <system-out>
Home: [Home onSubmit] Fetched Raw Webflow Page Data: {
  title: [32m&apos;Test Page Title&apos;[39m,
  metaDescription: [32m&apos;Test page description&apos;[39m,
  openGraphImage: [32m&apos;https://example.com/og-image.jpg&apos;[39m,
  ogTitle: [32m&apos;Test OG Title&apos;[39m,
  ogDescription: [32m&apos;Test OG Description&apos;[39m,
  usesTitleAsOpenGraphTitle: [33mtrue[39m,
  usesDescriptionAsOpenGraphDescription: [33mtrue[39m
}
Home: [Home onSubmit] Sending data to API: {
  keyphrase: [32m&apos;test keyphrase&apos;[39m,
  url: [32m&apos;https://example.com/test-page&apos;[39m,
  isHomePage: [33mfalse[39m,
  siteInfo: {
    id: [32m&apos;site123&apos;[39m,
    name: [32m&apos;Test Site&apos;[39m,
    shortName: [32m&apos;test-site&apos;[39m,
    domains: [ [36m[Object][39m ],
    siteUrl: [32m&apos;https://example.com&apos;[39m
  },
  publishPath: [32m&apos;/test-page&apos;[39m,
  webflowPageData: {
    title: [32m&apos;Test Page Title&apos;[39m,
    metaDescription: [32m&apos;Test page description&apos;[39m,
    openGraphImage: [32m&apos;https://example.com/og-image.jpg&apos;[39m,
    ogTitle: [32m&apos;Test OG Title&apos;[39m,
    ogDescription: [32m&apos;Test OG Description&apos;[39m,
    usesTitleAsOpenGraphTitle: [33mtrue[39m,
    usesDescriptionAsOpenGraphDescription: [33mtrue[39m
  }
}

            </system-out>
        </testcase>
        <testcase classname="client/src/pages/Home.test.tsx" name="Home Component &gt; handles homepage URL check correctly" time="0.265292">
            <system-out>
Home: [Home onSubmit] Fetched Raw Webflow Page Data: {
  title: [32m&apos;Test Page Title&apos;[39m,
  metaDescription: [32m&apos;Test page description&apos;[39m,
  openGraphImage: [32m&apos;https://example.com/og-image.jpg&apos;[39m,
  ogTitle: [32m&apos;Test OG Title&apos;[39m,
  ogDescription: [32m&apos;Test OG Description&apos;[39m,
  usesTitleAsOpenGraphTitle: [33mtrue[39m,
  usesDescriptionAsOpenGraphDescription: [33mtrue[39m
}
Home: [Home onSubmit] Sending data to API: {
  keyphrase: [32m&apos;test keyphrase&apos;[39m,
  url: [32m&apos;https://example.com/&apos;[39m,
  isHomePage: [33mfalse[39m,
  siteInfo: {
    id: [32m&apos;site123&apos;[39m,
    name: [32m&apos;Test Site&apos;[39m,
    shortName: [32m&apos;test-site&apos;[39m,
    domains: [ [36m[Object][39m ],
    siteUrl: [32m&apos;https://example.com&apos;[39m
  },
  publishPath: [32m&apos;/&apos;[39m,
  webflowPageData: {
    title: [32m&apos;Test Page Title&apos;[39m,
    metaDescription: [32m&apos;Test page description&apos;[39m,
    openGraphImage: [32m&apos;https://example.com/og-image.jpg&apos;[39m,
    ogTitle: [32m&apos;Test OG Title&apos;[39m,
    ogDescription: [32m&apos;Test OG Description&apos;[39m,
    usesTitleAsOpenGraphTitle: [33mtrue[39m,
    usesDescriptionAsOpenGraphDescription: [33mtrue[39m
  }
}

            </system-out>
        </testcase>
        <testcase classname="client/src/pages/Home.test.tsx" name="Home Component &gt; can navigate to category details" time="0.3908165">
            <system-out>
Home: [Home onSubmit] Fetched Raw Webflow Page Data: {
  title: [32m&apos;Test Page Title&apos;[39m,
  metaDescription: [32m&apos;Test page description&apos;[39m,
  openGraphImage: [32m&apos;https://example.com/og-image.jpg&apos;[39m,
  ogTitle: [32m&apos;Test OG Title&apos;[39m,
  ogDescription: [32m&apos;Test OG Description&apos;[39m,
  usesTitleAsOpenGraphTitle: [33mtrue[39m,
  usesDescriptionAsOpenGraphDescription: [33mtrue[39m
}
Home: [Home onSubmit] Sending data to API: {
  keyphrase: [32m&apos;test keyphrase&apos;[39m,
  url: [32m&apos;https://example.com/&apos;[39m,
  isHomePage: [33mfalse[39m,
  siteInfo: {
    id: [32m&apos;site123&apos;[39m,
    name: [32m&apos;Test Site&apos;[39m,
    shortName: [32m&apos;test-site&apos;[39m,
    domains: [ [36m[Object][39m ],
    siteUrl: [32m&apos;https://example.com&apos;[39m
  },
  publishPath: [32m&apos;/&apos;[39m,
  webflowPageData: {
    title: [32m&apos;Test Page Title&apos;[39m,
    metaDescription: [32m&apos;Test page description&apos;[39m,
    openGraphImage: [32m&apos;https://example.com/og-image.jpg&apos;[39m,
    ogTitle: [32m&apos;Test OG Title&apos;[39m,
    ogDescription: [32m&apos;Test OG Description&apos;[39m,
    usesTitleAsOpenGraphTitle: [33mtrue[39m,
    usesDescriptionAsOpenGraphDescription: [33mtrue[39m
  }
}

            </system-out>
        </testcase>
        <testcase classname="client/src/pages/Home.test.tsx" name="Home Component &gt; can copy recommendations to clipboard" time="0.4301105">
            <system-out>
Home: [Home onSubmit] Fetched Raw Webflow Page Data: {
  title: [32m&apos;Test Page Title&apos;[39m,
  metaDescription: [32m&apos;Test page description&apos;[39m,
  openGraphImage: [32m&apos;https://example.com/og-image.jpg&apos;[39m,
  ogTitle: [32m&apos;Test OG Title&apos;[39m,
  ogDescription: [32m&apos;Test OG Description&apos;[39m,
  usesTitleAsOpenGraphTitle: [33mtrue[39m,
  usesDescriptionAsOpenGraphDescription: [33mtrue[39m
}
Home: [Home onSubmit] Sending data to API: {
  keyphrase: [32m&apos;test keyphrase&apos;[39m,
  url: [32m&apos;https://example.com/&apos;[39m,
  isHomePage: [33mfalse[39m,
  siteInfo: {
    id: [32m&apos;site123&apos;[39m,
    name: [32m&apos;Test Site&apos;[39m,
    shortName: [32m&apos;test-site&apos;[39m,
    domains: [ [36m[Object][39m ],
    siteUrl: [32m&apos;https://example.com&apos;[39m
  },
  publishPath: [32m&apos;/&apos;[39m,
  webflowPageData: {
    title: [32m&apos;Test Page Title&apos;[39m,
    metaDescription: [32m&apos;Test page description&apos;[39m,
    openGraphImage: [32m&apos;https://example.com/og-image.jpg&apos;[39m,
    ogTitle: [32m&apos;Test OG Title&apos;[39m,
    ogDescription: [32m&apos;Test OG Description&apos;[39m,
    usesTitleAsOpenGraphTitle: [33mtrue[39m,
    usesDescriptionAsOpenGraphDescription: [33mtrue[39m
  }
}

            </system-out>
        </testcase>
        <testcase classname="client/src/pages/Home.test.tsx" name="Home Component &gt; shows perfect score celebration for 100 score" time="0.3481153">
            <system-out>
Home: [Home onSubmit] Fetched Raw Webflow Page Data: {
  title: [32m&apos;Test Page Title&apos;[39m,
  metaDescription: [32m&apos;Test page description&apos;[39m,
  openGraphImage: [32m&apos;https://example.com/og-image.jpg&apos;[39m,
  ogTitle: [32m&apos;Test OG Title&apos;[39m,
  ogDescription: [32m&apos;Test OG Description&apos;[39m,
  usesTitleAsOpenGraphTitle: [33mtrue[39m,
  usesDescriptionAsOpenGraphDescription: [33mtrue[39m
}
Home: [Home onSubmit] Sending data to API: {
  keyphrase: [32m&apos;test keyphrase&apos;[39m,
  url: [32m&apos;https://example.com/&apos;[39m,
  isHomePage: [33mfalse[39m,
  siteInfo: {
    id: [32m&apos;site123&apos;[39m,
    name: [32m&apos;Test Site&apos;[39m,
    shortName: [32m&apos;test-site&apos;[39m,
    domains: [ [36m[Object][39m ],
    siteUrl: [32m&apos;https://example.com&apos;[39m
  },
  publishPath: [32m&apos;/&apos;[39m,
  webflowPageData: {
    title: [32m&apos;Test Page Title&apos;[39m,
    metaDescription: [32m&apos;Test page description&apos;[39m,
    openGraphImage: [32m&apos;https://example.com/og-image.jpg&apos;[39m,
    ogTitle: [32m&apos;Test OG Title&apos;[39m,
    ogDescription: [32m&apos;Test OG Description&apos;[39m,
    usesTitleAsOpenGraphTitle: [33mtrue[39m,
    usesDescriptionAsOpenGraphDescription: [33mtrue[39m
  }
}

            </system-out>
        </testcase>
        <testcase classname="client/src/pages/Home.test.tsx" name="Home Component &gt; handles no published domain found error" time="0.3110926">
        </testcase>
        <testcase classname="client/src/pages/Home.test.tsx" name="Home Component &gt; displays different score ratings correctly" time="0.3320577">
            <system-out>
Home: [Home onSubmit] Fetched Raw Webflow Page Data: {
  title: [32m&apos;Test Page Title&apos;[39m,
  metaDescription: [32m&apos;Test page description&apos;[39m,
  openGraphImage: [32m&apos;https://example.com/og-image.jpg&apos;[39m,
  ogTitle: [32m&apos;Test OG Title&apos;[39m,
  ogDescription: [32m&apos;Test OG Description&apos;[39m,
  usesTitleAsOpenGraphTitle: [33mtrue[39m,
  usesDescriptionAsOpenGraphDescription: [33mtrue[39m
}
Home: [Home onSubmit] Sending data to API: {
  keyphrase: [32m&apos;test keyphrase&apos;[39m,
  url: [32m&apos;https://example.com/&apos;[39m,
  isHomePage: [33mfalse[39m,
  siteInfo: {
    id: [32m&apos;site123&apos;[39m,
    name: [32m&apos;Test Site&apos;[39m,
    shortName: [32m&apos;test-site&apos;[39m,
    domains: [ [36m[Object][39m ],
    siteUrl: [32m&apos;https://example.com&apos;[39m
  },
  publishPath: [32m&apos;/&apos;[39m,
  webflowPageData: {
    title: [32m&apos;Test Page Title&apos;[39m,
    metaDescription: [32m&apos;Test page description&apos;[39m,
    openGraphImage: [32m&apos;https://example.com/og-image.jpg&apos;[39m,
    ogTitle: [32m&apos;Test OG Title&apos;[39m,
    ogDescription: [32m&apos;Test OG Description&apos;[39m,
    usesTitleAsOpenGraphTitle: [33mtrue[39m,
    usesDescriptionAsOpenGraphDescription: [33mtrue[39m
  }
}

            </system-out>
        </testcase>
        <testcase classname="client/src/pages/Home.test.tsx" name="Home Component &gt; handles multiple SEO check categories correctly" time="0.3375768">
            <system-out>
Home: [Home onSubmit] Fetched Raw Webflow Page Data: {
  title: [32m&apos;Test Page Title&apos;[39m,
  metaDescription: [32m&apos;Test page description&apos;[39m,
  openGraphImage: [32m&apos;https://example.com/og-image.jpg&apos;[39m,
  ogTitle: [32m&apos;Test OG Title&apos;[39m,
  ogDescription: [32m&apos;Test OG Description&apos;[39m,
  usesTitleAsOpenGraphTitle: [33mtrue[39m,
  usesDescriptionAsOpenGraphDescription: [33mtrue[39m
}
Home: [Home onSubmit] Sending data to API: {
  keyphrase: [32m&apos;test keyphrase&apos;[39m,
  url: [32m&apos;https://example.com/&apos;[39m,
  isHomePage: [33mfalse[39m,
  siteInfo: {
    id: [32m&apos;site123&apos;[39m,
    name: [32m&apos;Test Site&apos;[39m,
    shortName: [32m&apos;test-site&apos;[39m,
    domains: [ [36m[Object][39m ],
    siteUrl: [32m&apos;https://example.com&apos;[39m
  },
  publishPath: [32m&apos;/&apos;[39m,
  webflowPageData: {
    title: [32m&apos;Test Page Title&apos;[39m,
    metaDescription: [32m&apos;Test page description&apos;[39m,
    openGraphImage: [32m&apos;https://example.com/og-image.jpg&apos;[39m,
    ogTitle: [32m&apos;Test OG Title&apos;[39m,
    ogDescription: [32m&apos;Test OG Description&apos;[39m,
    usesTitleAsOpenGraphTitle: [33mtrue[39m,
    usesDescriptionAsOpenGraphDescription: [33mtrue[39m
  }
}

            </system-out>
        </testcase>
        <testcase classname="client/src/pages/Home.test.tsx" name="Home Component - Additional Coverage &gt; Error Handling Scenarios &gt; handles webflow API not available scenario" time="0.0129591">
        </testcase>
        <testcase classname="client/src/pages/Home.test.tsx" name="Home Component - Additional Coverage &gt; Error Handling Scenarios &gt; handles getSiteInfo API errors" time="0.3281778">
            <system-err>
Failed to initialize page keywords: Error: Site info error
    at [90mC:\Users\Paul Mulligan\PMDS\Projects\AI-SEO-Copilot-for-Webflow\[39mclient\src\pages\Home.test.tsx:760:52
    at [90mfile:///C:/Users/Paul%20Mulligan/PMDS/Projects/AI-SEO-Copilot-for-Webflow/[39mnode_modules/[4m.pnpm[24m/@vitest+runner@3.2.4/node_modules/[4m@vitest[24m/runner/dist/chunk-hooks.js:155:11
    at [90mfile:///C:/Users/Paul%20Mulligan/PMDS/Projects/AI-SEO-Copilot-for-Webflow/[39mnode_modules/[4m.pnpm[24m/@vitest+runner@3.2.4/node_modules/[4m@vitest[24m/runner/dist/chunk-hooks.js:752:26
    at [90mfile:///C:/Users/Paul%20Mulligan/PMDS/Projects/AI-SEO-Copilot-for-Webflow/[39mnode_modules/[4m.pnpm[24m/@vitest+runner@3.2.4/node_modules/[4m@vitest[24m/runner/dist/chunk-hooks.js:1897:20
    at new Promise (&lt;anonymous&gt;)
    at runWithTimeout [90m(file:///C:/Users/Paul%20Mulligan/PMDS/Projects/AI-SEO-Copilot-for-Webflow/[39mnode_modules/[4m.pnpm[24m/@vitest+runner@3.2.4/node_modules/[4m@vitest[24m/runner/dist/chunk-hooks.js:1863:10[90m)[39m
    at runTest [90m(file:///C:/Users/Paul%20Mulligan/PMDS/Projects/AI-SEO-Copilot-for-Webflow/[39mnode_modules/[4m.pnpm[24m/@vitest+runner@3.2.4/node_modules/[4m@vitest[24m/runner/dist/chunk-hooks.js:1574:12[90m)[39m
[90m    at runNextTicks (node:internal/process/task_queues:65:5)[39m
[90m    at listOnTimeout (node:internal/timers:549:9)[39m
[90m    at processTimers (node:internal/timers:523:7)[39m

            </system-err>
        </testcase>
        <testcase classname="client/src/pages/Home.test.tsx" name="Home Component - Additional Coverage &gt; Error Handling Scenarios &gt; handles getCurrentPage API errors during analysis" time="0.3270032">
            <system-err>
Failed to initialize page keywords: Error: Page fetch error
    at [90mC:\Users\Paul Mulligan\PMDS\Projects\AI-SEO-Copilot-for-Webflow\[39mclient\src\pages\Home.test.tsx:781:28
    at [90mfile:///C:/Users/Paul%20Mulligan/PMDS/Projects/AI-SEO-Copilot-for-Webflow/[39mnode_modules/[4m.pnpm[24m/@vitest+runner@3.2.4/node_modules/[4m@vitest[24m/runner/dist/chunk-hooks.js:155:11
    at [90mfile:///C:/Users/Paul%20Mulligan/PMDS/Projects/AI-SEO-Copilot-for-Webflow/[39mnode_modules/[4m.pnpm[24m/@vitest+runner@3.2.4/node_modules/[4m@vitest[24m/runner/dist/chunk-hooks.js:752:26
    at [90mfile:///C:/Users/Paul%20Mulligan/PMDS/Projects/AI-SEO-Copilot-for-Webflow/[39mnode_modules/[4m.pnpm[24m/@vitest+runner@3.2.4/node_modules/[4m@vitest[24m/runner/dist/chunk-hooks.js:1897:20
    at new Promise (&lt;anonymous&gt;)
    at runWithTimeout [90m(file:///C:/Users/Paul%20Mulligan/PMDS/Projects/AI-SEO-Copilot-for-Webflow/[39mnode_modules/[4m.pnpm[24m/@vitest+runner@3.2.4/node_modules/[4m@vitest[24m/runner/dist/chunk-hooks.js:1863:10[90m)[39m
    at runTest [90m(file:///C:/Users/Paul%20Mulligan/PMDS/Projects/AI-SEO-Copilot-for-Webflow/[39mnode_modules/[4m.pnpm[24m/@vitest+runner@3.2.4/node_modules/[4m@vitest[24m/runner/dist/chunk-hooks.js:1574:12[90m)[39m
[90m    at runNextTicks (node:internal/process/task_queues:65:5)[39m
[90m    at listOnTimeout (node:internal/timers:549:9)[39m
[90m    at processTimers (node:internal/timers:523:7)[39m

            </system-err>
        </testcase>
        <testcase classname="client/src/pages/Home.test.tsx" name="Home Component - Additional Coverage &gt; Page Change Subscription &gt; handles page path changes correctly" time="0.3444693">
            <system-out>
Home: Page changed to: /test-page - reloading app

            </system-out>
            <system-err>
Failed to initialize page keywords: TypeError: Cannot read properties of undefined (reading &apos;pageType&apos;)
    at initializePageKeywords [90m(C:\Users\Paul Mulligan\PMDS\Projects\AI-SEO-Copilot-for-Webflow\[39mclient\src\pages\Home.tsx:537:34[90m)[39m
[90m    at runNextTicks (node:internal/process/task_queues:65:5)[39m
[90m    at listOnTimeout (node:internal/timers:549:9)[39m
[90m    at processTimers (node:internal/timers:523:7)[39m

            </system-err>
        </testcase>
        <testcase classname="client/src/pages/Home.test.tsx" name="Home Component - Additional Coverage &gt; Page Change Subscription &gt; does not reload when page path remains the same" time="0.0125572">
            <system-err>
Failed to initialize page keywords: TypeError: Cannot read properties of undefined (reading &apos;pageType&apos;)
    at initializePageKeywords [90m(C:\Users\Paul Mulligan\PMDS\Projects\AI-SEO-Copilot-for-Webflow\[39mclient\src\pages\Home.tsx:537:34[90m)[39m

            </system-err>
        </testcase>
        <testcase classname="client/src/pages/Home.test.tsx" name="Home Component - Additional Coverage &gt; Page Change Subscription &gt; handles page change subscription errors" time="0.0173364">
            <system-err>
Failed to initialize page keywords: Error: Page change error
    at [90mC:\Users\Paul Mulligan\PMDS\Projects\AI-SEO-Copilot-for-Webflow\[39mclient\src\pages\Home.test.tsx:886:28
    at [90mfile:///C:/Users/Paul%20Mulligan/PMDS/Projects/AI-SEO-Copilot-for-Webflow/[39mnode_modules/[4m.pnpm[24m/@vitest+runner@3.2.4/node_modules/[4m@vitest[24m/runner/dist/chunk-hooks.js:155:11
    at [90mfile:///C:/Users/Paul%20Mulligan/PMDS/Projects/AI-SEO-Copilot-for-Webflow/[39mnode_modules/[4m.pnpm[24m/@vitest+runner@3.2.4/node_modules/[4m@vitest[24m/runner/dist/chunk-hooks.js:752:26
    at [90mfile:///C:/Users/Paul%20Mulligan/PMDS/Projects/AI-SEO-Copilot-for-Webflow/[39mnode_modules/[4m.pnpm[24m/@vitest+runner@3.2.4/node_modules/[4m@vitest[24m/runner/dist/chunk-hooks.js:1897:20
    at new Promise (&lt;anonymous&gt;)
    at runWithTimeout [90m(file:///C:/Users/Paul%20Mulligan/PMDS/Projects/AI-SEO-Copilot-for-Webflow/[39mnode_modules/[4m.pnpm[24m/@vitest+runner@3.2.4/node_modules/[4m@vitest[24m/runner/dist/chunk-hooks.js:1863:10[90m)[39m
    at runTest [90m(file:///C:/Users/Paul%20Mulligan/PMDS/Projects/AI-SEO-Copilot-for-Webflow/[39mnode_modules/[4m.pnpm[24m/@vitest+runner@3.2.4/node_modules/[4m@vitest[24m/runner/dist/chunk-hooks.js:1574:12[90m)[39m
    at runSuite [90m(file:///C:/Users/Paul%20Mulligan/PMDS/Projects/AI-SEO-Copilot-for-Webflow/[39mnode_modules/[4m.pnpm[24m/@vitest+runner@3.2.4/node_modules/[4m@vitest[24m/runner/dist/chunk-hooks.js:1729:8[90m)[39m
    at runSuite [90m(file:///C:/Users/Paul%20Mulligan/PMDS/Projects/AI-SEO-Copilot-for-Webflow/[39mnode_modules/[4m.pnpm[24m/@vitest+runner@3.2.4/node_modules/[4m@vitest[24m/runner/dist/chunk-hooks.js:1729:8[90m)[39m
    at runSuite [90m(file:///C:/Users/Paul%20Mulligan/PMDS/Projects/AI-SEO-Copilot-for-Webflow/[39mnode_modules/[4m.pnpm[24m/@vitest+runner@3.2.4/node_modules/[4m@vitest[24m/runner/dist/chunk-hooks.js:1729:8[90m)[39m

            </system-err>
        </testcase>
        <testcase classname="client/src/pages/Home.test.tsx" name="Home Component - Additional Coverage &gt; Test Mode Functionality &gt; shows test button in development mode" time="0.0117651">
            <system-err>
An update to Home inside a test was not wrapped in act(...).

When testing, code that causes React state updates should be wrapped into act(...):

act(() =&gt; {
  /* fire events that update state */
});
/* assert on the output */

This ensures that you&apos;re testing the behavior the user would see in the browser. Learn more at https://react.dev/link/wrap-tests-with-act

An update to Home inside a test was not wrapped in act(...).

When testing, code that causes React state updates should be wrapped into act(...):

act(() =&gt; {
  /* fire events that update state */
});
/* assert on the output */

This ensures that you&apos;re testing the behavior the user would see in the browser. Learn more at https://react.dev/link/wrap-tests-with-act
An update to Home inside a test was not wrapped in act(...).

When testing, code that causes React state updates should be wrapped into act(...):

act(() =&gt; {
  /* fire events that update state */
});
/* assert on the output */

This ensures that you&apos;re testing the behavior the user would see in the browser. Learn more at https://react.dev/link/wrap-tests-with-act
An update to Home inside a test was not wrapped in act(...).

When testing, code that causes React state updates should be wrapped into act(...):

act(() =&gt; {
  /* fire events that update state */
});
/* assert on the output */

This ensures that you&apos;re testing the behavior the user would see in the browser. Learn more at https://react.dev/link/wrap-tests-with-act
Failed to initialize page keywords: TypeError: Cannot read properties of undefined (reading &apos;pageType&apos;)
    at initializePageKeywords [90m(C:\Users\Paul Mulligan\PMDS\Projects\AI-SEO-Copilot-for-Webflow\[39mclient\src\pages\Home.tsx:537:34[90m)[39m
[90m    at runNextTicks (node:internal/process/task_queues:65:5)[39m
[90m    at listOnTimeout (node:internal/timers:549:9)[39m
[90m    at processTimers (node:internal/timers:523:7)[39m

            </system-err>
        </testcase>
        <testcase classname="client/src/pages/Home.test.tsx" name="Home Component - Additional Coverage &gt; Test Mode Functionality &gt; activates perfect score test mode with existing results" time="0.363406">
            <system-out>
Home: [Home onSubmit] Fetched Raw Webflow Page Data: {
  title: [32m&apos;Test Page Title&apos;[39m,
  metaDescription: [32m&apos;Test page description&apos;[39m,
  openGraphImage: [32m&apos;https://example.com/og-image.jpg&apos;[39m,
  ogTitle: [32m&apos;Test OG Title&apos;[39m,
  ogDescription: [32m&apos;Test OG Description&apos;[39m,
  usesTitleAsOpenGraphTitle: [33mtrue[39m,
  usesDescriptionAsOpenGraphDescription: [33mtrue[39m
}
Home: [Home onSubmit] Sending data to API: {
  keyphrase: [32m&apos;test keyphrase&apos;[39m,
  url: [32m&apos;https://example.com/same-page&apos;[39m,
  isHomePage: [33mfalse[39m,
  siteInfo: {
    id: [32m&apos;site123&apos;[39m,
    name: [32m&apos;Test Site&apos;[39m,
    shortName: [32m&apos;test-site&apos;[39m,
    domains: [ [36m[Object][39m ],
    siteUrl: [32m&apos;https://example.com&apos;[39m
  },
  publishPath: [32m&apos;/same-page&apos;[39m,
  webflowPageData: {
    title: [32m&apos;Test Page Title&apos;[39m,
    metaDescription: [32m&apos;Test page description&apos;[39m,
    openGraphImage: [32m&apos;https://example.com/og-image.jpg&apos;[39m,
    ogTitle: [32m&apos;Test OG Title&apos;[39m,
    ogDescription: [32m&apos;Test OG Description&apos;[39m,
    usesTitleAsOpenGraphTitle: [33mtrue[39m,
    usesDescriptionAsOpenGraphDescription: [33mtrue[39m
  }
}

            </system-out>
            <system-err>
Failed to initialize page keywords: TypeError: Cannot read properties of undefined (reading &apos;pageType&apos;)
    at initializePageKeywords [90m(C:\Users\Paul Mulligan\PMDS\Projects\AI-SEO-Copilot-for-Webflow\[39mclient\src\pages\Home.tsx:537:34[90m)[39m
[90m    at runNextTicks (node:internal/process/task_queues:65:5)[39m
[90m    at listOnTimeout (node:internal/timers:549:9)[39m
[90m    at processTimers (node:internal/timers:523:7)[39m

            </system-err>
        </testcase>
        <testcase classname="client/src/pages/Home.test.tsx" name="Home Component - Additional Coverage &gt; Test Mode Functionality &gt; shows error when trying to test without existing results" time="0.0465494">
            <system-err>
Failed to initialize page keywords: TypeError: Cannot read properties of undefined (reading &apos;pageType&apos;)
    at initializePageKeywords [90m(C:\Users\Paul Mulligan\PMDS\Projects\AI-SEO-Copilot-for-Webflow\[39mclient\src\pages\Home.tsx:537:34[90m)[39m
[90m    at runNextTicks (node:internal/process/task_queues:65:5)[39m
[90m    at listOnTimeout (node:internal/timers:549:9)[39m
[90m    at processTimers (node:internal/timers:523:7)[39m

            </system-err>
        </testcase>
        <testcase classname="client/src/pages/Home.test.tsx" name="Home Component - Additional Coverage &gt; Image Data Display Logic &gt; renders image data for image-related checks" time="0.4386073">
            <system-out>
Home: [Home onSubmit] Fetched Raw Webflow Page Data: {
  title: [32m&apos;Test Page Title&apos;[39m,
  metaDescription: [32m&apos;Test page description&apos;[39m,
  openGraphImage: [32m&apos;https://example.com/og-image.jpg&apos;[39m,
  ogTitle: [32m&apos;Test OG Title&apos;[39m,
  ogDescription: [32m&apos;Test OG Description&apos;[39m,
  usesTitleAsOpenGraphTitle: [33mtrue[39m,
  usesDescriptionAsOpenGraphDescription: [33mtrue[39m
}
Home: [Home onSubmit] Sending data to API: {
  keyphrase: [32m&apos;test keyphrase&apos;[39m,
  url: [32m&apos;https://example.com/same-page&apos;[39m,
  isHomePage: [33mfalse[39m,
  siteInfo: {
    id: [32m&apos;site123&apos;[39m,
    name: [32m&apos;Test Site&apos;[39m,
    shortName: [32m&apos;test-site&apos;[39m,
    domains: [ [36m[Object][39m ],
    siteUrl: [32m&apos;https://example.com&apos;[39m
  },
  publishPath: [32m&apos;/same-page&apos;[39m,
  webflowPageData: {
    title: [32m&apos;Test Page Title&apos;[39m,
    metaDescription: [32m&apos;Test page description&apos;[39m,
    openGraphImage: [32m&apos;https://example.com/og-image.jpg&apos;[39m,
    ogTitle: [32m&apos;Test OG Title&apos;[39m,
    ogDescription: [32m&apos;Test OG Description&apos;[39m,
    usesTitleAsOpenGraphTitle: [33mtrue[39m,
    usesDescriptionAsOpenGraphDescription: [33mtrue[39m
  }
}

            </system-out>
            <system-err>
Failed to initialize page keywords: TypeError: Cannot read properties of undefined (reading &apos;pageType&apos;)
    at initializePageKeywords [90m(C:\Users\Paul Mulligan\PMDS\Projects\AI-SEO-Copilot-for-Webflow\[39mclient\src\pages\Home.tsx:537:34[90m)[39m
[90m    at runNextTicks (node:internal/process/task_queues:65:5)[39m
[90m    at listOnTimeout (node:internal/timers:549:9)[39m
[90m    at processTimers (node:internal/timers:523:7)[39m

            </system-err>
        </testcase>
        <testcase classname="client/src/pages/Home.test.tsx" name="Home Component - Additional Coverage &gt; Advanced Options Persistent Settings &gt; should hide advanced options section by default" time="0.010881">
            <system-err>
An update to Home inside a test was not wrapped in act(...).

When testing, code that causes React state updates should be wrapped into act(...):

act(() =&gt; {
  /* fire events that update state */
});
/* assert on the output */

This ensures that you&apos;re testing the behavior the user would see in the browser. Learn more at https://react.dev/link/wrap-tests-with-act

An update to Home inside a test was not wrapped in act(...).

When testing, code that causes React state updates should be wrapped into act(...):

act(() =&gt; {
  /* fire events that update state */
});
/* assert on the output */

This ensures that you&apos;re testing the behavior the user would see in the browser. Learn more at https://react.dev/link/wrap-tests-with-act
An update to Home inside a test was not wrapped in act(...).

When testing, code that causes React state updates should be wrapped into act(...):

act(() =&gt; {
  /* fire events that update state */
});
/* assert on the output */

This ensures that you&apos;re testing the behavior the user would see in the browser. Learn more at https://react.dev/link/wrap-tests-with-act
An update to Home inside a test was not wrapped in act(...).

When testing, code that causes React state updates should be wrapped into act(...):

act(() =&gt; {
  /* fire events that update state */
});
/* assert on the output */

This ensures that you&apos;re testing the behavior the user would see in the browser. Learn more at https://react.dev/link/wrap-tests-with-act
An update to Home inside a test was not wrapped in act(...).

When testing, code that causes React state updates should be wrapped into act(...):

act(() =&gt; {
  /* fire events that update state */
});
/* assert on the output */

This ensures that you&apos;re testing the behavior the user would see in the browser. Learn more at https://react.dev/link/wrap-tests-with-act
An update to Home inside a test was not wrapped in act(...).

When testing, code that causes React state updates should be wrapped into act(...):

act(() =&gt; {
  /* fire events that update state */
});
/* assert on the output */

This ensures that you&apos;re testing the behavior the user would see in the browser. Learn more at https://react.dev/link/wrap-tests-with-act
An update to Home inside a test was not wrapped in act(...).

When testing, code that causes React state updates should be wrapped into act(...):

act(() =&gt; {
  /* fire events that update state */
});
/* assert on the output */

This ensures that you&apos;re testing the behavior the user would see in the browser. Learn more at https://react.dev/link/wrap-tests-with-act
An update to Home inside a test was not wrapped in act(...).

When testing, code that causes React state updates should be wrapped into act(...):

act(() =&gt; {
  /* fire events that update state */
});
/* assert on the output */

This ensures that you&apos;re testing the behavior the user would see in the browser. Learn more at https://react.dev/link/wrap-tests-with-act

            </system-err>
        </testcase>
        <testcase classname="client/src/pages/Home.test.tsx" name="Home Component - Additional Coverage &gt; Advanced Options Persistent Settings &gt; should show advanced options when toggle is enabled" time="0.114148">
        </testcase>
        <testcase classname="client/src/pages/Home.test.tsx" name="Home Component - Additional Coverage &gt; Advanced Options Persistent Settings &gt; should preserve settings in storage when toggle is turned off" time="0.8121264">
        </testcase>
        <testcase classname="client/src/pages/Home.test.tsx" name="Home Component - Additional Coverage &gt; Advanced Options Persistent Settings &gt; should restore saved settings when toggle is turned back on" time="0.110264">
        </testcase>
        <testcase classname="client/src/pages/Home.test.tsx" name="Home Component - Additional Coverage &gt; Advanced Options Persistent Settings &gt; should show correct save status when settings are restored" time="0.1104554">
        </testcase>
        <testcase classname="client/src/pages/Home.test.tsx" name="Home Component - Additional Coverage &gt; Advanced Options Persistent Settings &gt; should maintain toggle state separately from settings persistence" time="0.4808323">
        </testcase>
    </testsuite>
    <testsuite name="client/src/pages/OAuthCallback.test.tsx" timestamp="2025-09-19T01:25:09.348Z" hostname="JohnDee" tests="19" failures="1" errors="0" skipped="0" time="3.1480633">
        <testcase classname="client/src/pages/OAuthCallback.test.tsx" name="OAuthCallback &gt; Successful OAuth Flow &gt; should show loading state initially" time="0.0385202">
        </testcase>
        <testcase classname="client/src/pages/OAuthCallback.test.tsx" name="OAuthCallback &gt; Successful OAuth Flow &gt; should handle successful OAuth callback" time="0.0347884">
        </testcase>
        <testcase classname="client/src/pages/OAuthCallback.test.tsx" name="OAuthCallback &gt; Successful OAuth Flow &gt; should redirect to main app after successful authentication" time="1.5115307">
        </testcase>
        <testcase classname="client/src/pages/OAuthCallback.test.tsx" name="OAuthCallback &gt; Successful OAuth Flow &gt; should show success message before redirect" time="0.0317534">
        </testcase>
        <testcase classname="client/src/pages/OAuthCallback.test.tsx" name="OAuthCallback &gt; OAuth Error Handling &gt; should handle OAuth error from URL parameters" time="0.0141829">
        </testcase>
        <testcase classname="client/src/pages/OAuthCallback.test.tsx" name="OAuthCallback &gt; OAuth Error Handling &gt; should handle invalid state parameter" time="0.016214">
        </testcase>
        <testcase classname="client/src/pages/OAuthCallback.test.tsx" name="OAuthCallback &gt; OAuth Error Handling &gt; should handle network errors during token exchange" time="0.0295616">
        </testcase>
        <testcase classname="client/src/pages/OAuthCallback.test.tsx" name="OAuthCallback &gt; OAuth Error Handling &gt; should handle missing authorization code" time="0.0119634">
        </testcase>
        <testcase classname="client/src/pages/OAuthCallback.test.tsx" name="OAuthCallback &gt; OAuth Error Handling &gt; should provide retry functionality on error" time="0.0248146">
        </testcase>
        <testcase classname="client/src/pages/OAuthCallback.test.tsx" name="OAuthCallback &gt; OAuth Error Handling &gt; should show back to app link on error" time="0.0315846">
        </testcase>
        <testcase classname="client/src/pages/OAuthCallback.test.tsx" name="OAuthCallback &gt; Loading States and UX &gt; should show progress indicator during processing" time="0.0099587">
            <system-err>
An update to OAuthCallback inside a test was not wrapped in act(...).

When testing, code that causes React state updates should be wrapped into act(...):

act(() =&gt; {
  /* fire events that update state */
});
/* assert on the output */

This ensures that you&apos;re testing the behavior the user would see in the browser. Learn more at https://react.dev/link/wrap-tests-with-act

An update to OAuthCallback inside a test was not wrapped in act(...).

When testing, code that causes React state updates should be wrapped into act(...):

act(() =&gt; {
  /* fire events that update state */
});
/* assert on the output */

This ensures that you&apos;re testing the behavior the user would see in the browser. Learn more at https://react.dev/link/wrap-tests-with-act

            </system-err>
        </testcase>
        <testcase classname="client/src/pages/OAuthCallback.test.tsx" name="OAuthCallback &gt; Loading States and UX &gt; should show processing steps" time="1.0194146">
            <failure message="Unable to find an element with the text: /fetching user information/i. This could be because the text is broken up by multiple elements. In this case, you can provide a function for your text matcher to make your matcher more flexible.

Ignored nodes: comments, script, style
[36m&lt;body&gt;[39m
  [36m&lt;div&gt;[39m
    [36m&lt;main[39m
      [33maria-label[39m=[32m&quot;OAuth authentication callback&quot;[39m
      [33mclass[39m=[32m&quot;min-h-screen flex items-center justify-center bg-gray-50&quot;[39m
    [36m&gt;[39m
      [36m&lt;div[39m
        [33mclass[39m=[32m&quot;max-w-md w-full bg-white rounded-lg shadow-md p-6&quot;[39m
      [36m&gt;[39m
        [36m&lt;h1[39m
          [33mclass[39m=[32m&quot;text-2xl font-bold text-center mb-6 text-gray-900&quot;[39m
        [36m&gt;[39m
          [0mWebflow Authentication[0m
        [36m&lt;/h1&gt;[39m
        [36m&lt;div[39m
          [33maria-live[39m=[32m&quot;polite&quot;[39m
          [33mdata-testid[39m=[32m&quot;oauth-callback-success&quot;[39m
          [33mrole[39m=[32m&quot;status&quot;[39m
        [36m&gt;[39m
          [36m&lt;div[39m
            [33mclass[39m=[32m&quot;flex items-center justify-center mb-4&quot;[39m
          [36m&gt;[39m
            [36m&lt;div[39m
              [33mclass[39m=[32m&quot;rounded-full bg-green-100 p-2&quot;[39m
            [36m&gt;[39m
              [36m&lt;svg[39m
                [33maria-hidden[39m=[32m&quot;true&quot;[39m
                [33mclass[39m=[32m&quot;h-6 w-6 text-green-600&quot;[39m
                [33mfill[39m=[32m&quot;none&quot;[39m
                [33mstroke[39m=[32m&quot;currentColor&quot;[39m
                [33mviewBox[39m=[32m&quot;0 0 24 24&quot;[39m
              [36m&gt;[39m
                [36m&lt;path[39m
                  [33md[39m=[32m&quot;M5 13l4 4L19 7&quot;[39m
                  [33mstroke-linecap[39m=[32m&quot;round&quot;[39m
                  [33mstroke-linejoin[39m=[32m&quot;round&quot;[39m
                  [33mstroke-width[39m=[32m&quot;2&quot;[39m
                [36m/&gt;[39m
              [36m&lt;/svg&gt;[39m
            [36m&lt;/div&gt;[39m
          [36m&lt;/div&gt;[39m
          [36m&lt;p[39m
            [33mclass[39m=[32m&quot;text-center text-green-600 font-medium mb-2&quot;[39m
          [36m&gt;[39m
            [0mAuthentication successful![0m
          [36m&lt;/p&gt;[39m
          [36m&lt;p[39m
            [33mclass[39m=[32m&quot;text-center text-sm text-gray-500&quot;[39m
          [36m&gt;[39m
            [0mRedirecting to application...[0m
          [36m&lt;/p&gt;[39m
        [36m&lt;/div&gt;[39m
      [36m&lt;/div&gt;[39m
    [36m&lt;/main&gt;[39m
  [36m&lt;/div&gt;[39m
[36m&lt;/body&gt;[39m

Ignored nodes: comments, script, style
[36m&lt;html&gt;[39m
  [36m&lt;head /&gt;[39m
  [36m&lt;body&gt;[39m
    [36m&lt;div&gt;[39m
      [36m&lt;main[39m
        [33maria-label[39m=[32m&quot;OAuth authentication callback&quot;[39m
        [33mclass[39m=[32m&quot;min-h-screen flex items-center justify-center bg-gray-50&quot;[39m
      [36m&gt;[39m
        [36m&lt;div[39m
          [33mclass[39m=[32m&quot;max-w-md w-full bg-white rounded-lg shadow-md p-6&quot;[39m
        [36m&gt;[39m
          [36m&lt;h1[39m
            [33mclass[39m=[32m&quot;text-2xl font-bold text-center mb-6 text-gray-900&quot;[39m
          [36m&gt;[39m
            [0mWebflow Authentication[0m
          [36m&lt;/h1&gt;[39m
          [36m&lt;div[39m
            [33maria-live[39m=[32m&quot;polite&quot;[39m
            [33mdata-testid[39m=[32m&quot;oauth-callback-success&quot;[39m
            [33mrole[39m=[32m&quot;status&quot;[39m
          [36m&gt;[39m
            [36m&lt;div[39m
              [33mclass[39m=[32m&quot;flex items-center justify-center mb-4&quot;[39m
            [36m&gt;[39m
              [36m&lt;div[39m
                [33mclass[39m=[32m&quot;rounded-full bg-green-100 p-2&quot;[39m
              [36m&gt;[39m
                [36m&lt;svg[39m
                  [33maria-hidden[39m=[32m&quot;true&quot;[39m
                  [33mclass[39m=[32m&quot;h-6 w-6 text-green-600&quot;[39m
                  [33mfill[39m=[32m&quot;none&quot;[39m
                  [33mstroke[39m=[32m&quot;currentColor&quot;[39m
                  [33mviewBox[39m=[32m&quot;0 0 24 24&quot;[39m
                [36m&gt;[39m
                  [36m&lt;path[39m
                    [33md[39m=[32m&quot;M5 13l4 4L19 7&quot;[39m
                    [33mstroke-linecap[39m=[32m&quot;round&quot;[39m
                    [33mstroke-linejoin[39m=[32m&quot;round&quot;[39m
                    [33mstroke-width[39m=[32m&quot;2&quot;[39m
                  [36m/&gt;[39m
                [36m&lt;/svg&gt;[39m
              [36m&lt;/div&gt;[39m
            [36m&lt;/div&gt;[39m
            [36m&lt;p[39m
              [33mclass[39m=[32m&quot;text-center text-green-600 font-medium mb-2&quot;[39m
            [36m&gt;[39m
              [0mAuthentication successful![0m
            [36m&lt;/p&gt;[39m
            [36m&lt;p[39m
              [33mclass[39m=[32m&quot;text-center text-sm text-gray-500&quot;[39m
            [36m&gt;[39m
              [0mRedirecting to application...[0m
            [36m&lt;/p&gt;[39m
          [36m&lt;/div&gt;[39m
        [36m&lt;/div&gt;[39m
      [36m&lt;/main&gt;[39m
    [36m&lt;/div&gt;[39m
  [36m&lt;/body&gt;[39m
[36m&lt;/html&gt;[39m" type="TestingLibraryElementError">
TestingLibraryElementError: Unable to find an element with the text: /fetching user information/i. This could be because the text is broken up by multiple elements. In this case, you can provide a function for your text matcher to make your matcher more flexible.

Ignored nodes: comments, script, style
&lt;body&gt;
  &lt;div&gt;
    &lt;main
      aria-label=&quot;OAuth authentication callback&quot;
      class=&quot;min-h-screen flex items-center justify-center bg-gray-50&quot;
    &gt;
      &lt;div
        class=&quot;max-w-md w-full bg-white rounded-lg shadow-md p-6&quot;
      &gt;
        &lt;h1
          class=&quot;text-2xl font-bold text-center mb-6 text-gray-900&quot;
        &gt;
          Webflow Authentication
        &lt;/h1&gt;
        &lt;div
          aria-live=&quot;polite&quot;
          data-testid=&quot;oauth-callback-success&quot;
          role=&quot;status&quot;
        &gt;
          &lt;div
            class=&quot;flex items-center justify-center mb-4&quot;
          &gt;
            &lt;div
              class=&quot;rounded-full bg-green-100 p-2&quot;
            &gt;
              &lt;svg
                aria-hidden=&quot;true&quot;
                class=&quot;h-6 w-6 text-green-600&quot;
                fill=&quot;none&quot;
                stroke=&quot;currentColor&quot;
                viewBox=&quot;0 0 24 24&quot;
              &gt;
                &lt;path
                  d=&quot;M5 13l4 4L19 7&quot;
                  stroke-linecap=&quot;round&quot;
                  stroke-linejoin=&quot;round&quot;
                  stroke-width=&quot;2&quot;
                /&gt;
              &lt;/svg&gt;
            &lt;/div&gt;
          &lt;/div&gt;
          &lt;p
            class=&quot;text-center text-green-600 font-medium mb-2&quot;
          &gt;
            Authentication successful!
          &lt;/p&gt;
          &lt;p
            class=&quot;text-center text-sm text-gray-500&quot;
          &gt;
            Redirecting to application...
          &lt;/p&gt;
        &lt;/div&gt;
      &lt;/div&gt;
    &lt;/main&gt;
  &lt;/div&gt;
&lt;/body&gt;

Ignored nodes: comments, script, style
&lt;html&gt;
  &lt;head /&gt;
  &lt;body&gt;
    &lt;div&gt;
      &lt;main
        aria-label=&quot;OAuth authentication callback&quot;
        class=&quot;min-h-screen flex items-center justify-center bg-gray-50&quot;
      &gt;
        &lt;div
          class=&quot;max-w-md w-full bg-white rounded-lg shadow-md p-6&quot;
        &gt;
          &lt;h1
            class=&quot;text-2xl font-bold text-center mb-6 text-gray-900&quot;
          &gt;
            Webflow Authentication
          &lt;/h1&gt;
          &lt;div
            aria-live=&quot;polite&quot;
            data-testid=&quot;oauth-callback-success&quot;
            role=&quot;status&quot;
          &gt;
            &lt;div
              class=&quot;flex items-center justify-center mb-4&quot;
            &gt;
              &lt;div
                class=&quot;rounded-full bg-green-100 p-2&quot;
              &gt;
                &lt;svg
                  aria-hidden=&quot;true&quot;
                  class=&quot;h-6 w-6 text-green-600&quot;
                  fill=&quot;none&quot;
                  stroke=&quot;currentColor&quot;
                  viewBox=&quot;0 0 24 24&quot;
                &gt;
                  &lt;path
                    d=&quot;M5 13l4 4L19 7&quot;
                    stroke-linecap=&quot;round&quot;
                    stroke-linejoin=&quot;round&quot;
                    stroke-width=&quot;2&quot;
                  /&gt;
                &lt;/svg&gt;
              &lt;/div&gt;
            &lt;/div&gt;
            &lt;p
              class=&quot;text-center text-green-600 font-medium mb-2&quot;
            &gt;
              Authentication successful!
            &lt;/p&gt;
            &lt;p
              class=&quot;text-center text-sm text-gray-500&quot;
            &gt;
              Redirecting to application...
            &lt;/p&gt;
          &lt;/div&gt;
        &lt;/div&gt;
      &lt;/main&gt;
    &lt;/div&gt;
  &lt;/body&gt;
&lt;/html&gt;
 ❯ Proxy.waitFor node_modules/.pnpm/@testing-library+dom@10.4.1/node_modules/@testing-library/dom/dist/wait-for.js:163:27
 ❯ client/src/pages/OAuthCallback.test.tsx:249:13
            </failure>
        </testcase>
        <testcase classname="client/src/pages/OAuthCallback.test.tsx" name="OAuthCallback &gt; Loading States and UX &gt; should show appropriate messages for different processing stages" time="0.0214596">
        </testcase>
        <testcase classname="client/src/pages/OAuthCallback.test.tsx" name="OAuthCallback &gt; Accessibility &gt; should have proper ARIA labels and roles" time="0.0707432">
            <system-err>
An update to OAuthCallback inside a test was not wrapped in act(...).

When testing, code that causes React state updates should be wrapped into act(...):

act(() =&gt; {
  /* fire events that update state */
});
/* assert on the output */

This ensures that you&apos;re testing the behavior the user would see in the browser. Learn more at https://react.dev/link/wrap-tests-with-act

An update to OAuthCallback inside a test was not wrapped in act(...).

When testing, code that causes React state updates should be wrapped into act(...):

act(() =&gt; {
  /* fire events that update state */
});
/* assert on the output */

This ensures that you&apos;re testing the behavior the user would see in the browser. Learn more at https://react.dev/link/wrap-tests-with-act

            </system-err>
        </testcase>
        <testcase classname="client/src/pages/OAuthCallback.test.tsx" name="OAuthCallback &gt; Accessibility &gt; should announce status changes to screen readers" time="0.0220321">
        </testcase>
        <testcase classname="client/src/pages/OAuthCallback.test.tsx" name="OAuthCallback &gt; Accessibility &gt; should have proper heading structure" time="0.0126401">
            <system-err>
An update to OAuthCallback inside a test was not wrapped in act(...).

When testing, code that causes React state updates should be wrapped into act(...):

act(() =&gt; {
  /* fire events that update state */
});
/* assert on the output */

This ensures that you&apos;re testing the behavior the user would see in the browser. Learn more at https://react.dev/link/wrap-tests-with-act

An update to OAuthCallback inside a test was not wrapped in act(...).

When testing, code that causes React state updates should be wrapped into act(...):

act(() =&gt; {
  /* fire events that update state */
});
/* assert on the output */

This ensures that you&apos;re testing the behavior the user would see in the browser. Learn more at https://react.dev/link/wrap-tests-with-act

            </system-err>
        </testcase>
        <testcase classname="client/src/pages/OAuthCallback.test.tsx" name="OAuthCallback &gt; Accessibility &gt; should support keyboard navigation" time="0.0119523">
        </testcase>
        <testcase classname="client/src/pages/OAuthCallback.test.tsx" name="OAuthCallback &gt; Security Considerations &gt; should clear URL parameters after processing" time="0.2136346">
        </testcase>
        <testcase classname="client/src/pages/OAuthCallback.test.tsx" name="OAuthCallback &gt; Security Considerations &gt; should not log sensitive information" time="0.0158713">
        </testcase>
    </testsuite>
    <testsuite name="client/src/hooks/use-mobile.test.tsx" timestamp="2025-09-19T01:25:09.351Z" hostname="JohnDee" tests="8" failures="0" errors="0" skipped="0" time="0.0537993">
        <testcase classname="client/src/hooks/use-mobile.test.tsx" name="useMobile Hook &gt; should initialize as mobile when width is less than 768px" time="0.0227625">
        </testcase>
        <testcase classname="client/src/hooks/use-mobile.test.tsx" name="useMobile Hook &gt; should initialize as desktop when width is 768px or greater" time="0.0030139">
        </testcase>
        <testcase classname="client/src/hooks/use-mobile.test.tsx" name="useMobile Hook &gt; should add event listener for resize on mount" time="0.0058829">
        </testcase>
        <testcase classname="client/src/hooks/use-mobile.test.tsx" name="useMobile Hook &gt; should remove event listener on unmount" time="0.0028403">
        </testcase>
        <testcase classname="client/src/hooks/use-mobile.test.tsx" name="useMobile Hook &gt; should update value when window is resized" time="0.0048733">
            <system-err>
An update to TestComponent inside a test was not wrapped in act(...).

When testing, code that causes React state updates should be wrapped into act(...):

act(() =&gt; {
  /* fire events that update state */
});
/* assert on the output */

This ensures that you&apos;re testing the behavior the user would see in the browser. Learn more at https://react.dev/link/wrap-tests-with-act
An update to TestComponent inside a test was not wrapped in act(...).

When testing, code that causes React state updates should be wrapped into act(...):

act(() =&gt; {
  /* fire events that update state */
});
/* assert on the output */

This ensures that you&apos;re testing the behavior the user would see in the browser. Learn more at https://react.dev/link/wrap-tests-with-act

            </system-err>
        </testcase>
        <testcase classname="client/src/hooks/use-mobile.test.tsx" name="useMobile Hook &gt; should handle multiple instances independently" time="0.0042922">
        </testcase>
        <testcase classname="client/src/hooks/use-mobile.test.tsx" name="useMobile Hook &gt; should handle edge case at exactly 768px (not mobile)" time="0.0022207">
        </testcase>
        <testcase classname="client/src/hooks/use-mobile.test.tsx" name="useMobile Hook &gt; should handle edge case at 767px (mobile)" time="0.0020578">
        </testcase>
    </testsuite>
    <testsuite name="client/src/hooks/use-toast.test.tsx" timestamp="2025-09-19T01:25:09.352Z" hostname="JohnDee" tests="21" failures="0" errors="0" skipped="0" time="0.1246164">
        <testcase classname="client/src/hooks/use-toast.test.tsx" name="useToast Hook &gt; useToast hook &gt; provides toast function and toasts array" time="0.0235217">
        </testcase>
        <testcase classname="client/src/hooks/use-toast.test.tsx" name="useToast Hook &gt; useToast hook &gt; starts with empty toasts array" time="0.0045916">
        </testcase>
        <testcase classname="client/src/hooks/use-toast.test.tsx" name="useToast Hook &gt; useToast hook &gt; adds toast when toast function is called" time="0.0037379">
        </testcase>
        <testcase classname="client/src/hooks/use-toast.test.tsx" name="useToast Hook &gt; useToast hook &gt; respects TOAST_LIMIT of 1" time="0.0034864">
        </testcase>
        <testcase classname="client/src/hooks/use-toast.test.tsx" name="useToast Hook &gt; useToast hook &gt; generates unique IDs for toasts" time="0.0054685">
        </testcase>
        <testcase classname="client/src/hooks/use-toast.test.tsx" name="useToast Hook &gt; useToast hook &gt; can dismiss specific toast by ID" time="0.0034943">
        </testcase>
        <testcase classname="client/src/hooks/use-toast.test.tsx" name="useToast Hook &gt; useToast hook &gt; can dismiss all toasts when no ID provided" time="0.0047325">
        </testcase>
        <testcase classname="client/src/hooks/use-toast.test.tsx" name="useToast Hook &gt; useToast hook &gt; handles toast variants correctly" time="0.0040685">
        </testcase>
        <testcase classname="client/src/hooks/use-toast.test.tsx" name="useToast Hook &gt; toast function (standalone) &gt; can be called directly" time="0.0047384">
        </testcase>
        <testcase classname="client/src/hooks/use-toast.test.tsx" name="useToast Hook &gt; reducer &gt; handles ADD_TOAST action" time="0.0028079">
        </testcase>
        <testcase classname="client/src/hooks/use-toast.test.tsx" name="useToast Hook &gt; reducer &gt; handles UPDATE_TOAST action" time="0.0031534">
        </testcase>
        <testcase classname="client/src/hooks/use-toast.test.tsx" name="useToast Hook &gt; reducer &gt; handles DISMISS_TOAST action with specific ID" time="0.0032626">
        </testcase>
        <testcase classname="client/src/hooks/use-toast.test.tsx" name="useToast Hook &gt; reducer &gt; handles DISMISS_TOAST action without ID (dismisses all)" time="0.0139348">
        </testcase>
        <testcase classname="client/src/hooks/use-toast.test.tsx" name="useToast Hook &gt; reducer &gt; handles REMOVE_TOAST action" time="0.002393">
        </testcase>
        <testcase classname="client/src/hooks/use-toast.test.tsx" name="useToast Hook &gt; reducer &gt; handles REMOVE_TOAST action without ID (removes all)" time="0.0023525">
        </testcase>
        <testcase classname="client/src/hooks/use-toast.test.tsx" name="useToast Hook &gt; reducer &gt; returns undefined for unknown action types" time="0.001902">
        </testcase>
        <testcase classname="client/src/hooks/use-toast.test.tsx" name="useToast Hook &gt; toast limits and behavior &gt; respects TOAST_LIMIT of 1" time="0.0033597">
        </testcase>
        <testcase classname="client/src/hooks/use-toast.test.tsx" name="useToast Hook &gt; toast limits and behavior &gt; newest toast replaces oldest when limit is exceeded" time="0.0066353">
        </testcase>
        <testcase classname="client/src/hooks/use-toast.test.tsx" name="useToast Hook &gt; toast with actions &gt; can include action buttons" time="0.0078542">
        </testcase>
        <testcase classname="client/src/hooks/use-toast.test.tsx" name="useToast Hook &gt; toast auto-configuration &gt; sets open to true by default" time="0.0044663">
        </testcase>
        <testcase classname="client/src/hooks/use-toast.test.tsx" name="useToast Hook &gt; toast auto-configuration &gt; includes onOpenChange handler" time="0.0030933">
        </testcase>
    </testsuite>
    <testsuite name="client/src/hooks/useOnboarding.test.tsx" timestamp="2025-09-19T01:25:09.354Z" hostname="JohnDee" tests="24" failures="5" errors="0" skipped="0" time="0.0717752">
        <testcase classname="client/src/hooks/useOnboarding.test.tsx" name="useOnboarding &gt; Initial State &gt; should start at step 0 for new users" time="0.0199244">
        </testcase>
        <testcase classname="client/src/hooks/useOnboarding.test.tsx" name="useOnboarding &gt; Initial State &gt; should load saved progress from localStorage" time="0.0021489">
        </testcase>
        <testcase classname="client/src/hooks/useOnboarding.test.tsx" name="useOnboarding &gt; Initial State &gt; should handle completed onboarding state" time="0.0016608">
        </testcase>
        <testcase classname="client/src/hooks/useOnboarding.test.tsx" name="useOnboarding &gt; Step Management &gt; should complete current step and advance" time="0.0054911">
        </testcase>
        <testcase classname="client/src/hooks/useOnboarding.test.tsx" name="useOnboarding &gt; Step Management &gt; should not advance if completing wrong step" time="0.0015449">
        </testcase>
        <testcase classname="client/src/hooks/useOnboarding.test.tsx" name="useOnboarding &gt; Step Management &gt; should mark onboarding complete on last step" time="0.0057789">
            <failure message="expected false to be true // Object.is equality" type="AssertionError">
AssertionError: expected false to be true // Object.is equality

- Expected
+ Received

- true
+ false

 ❯ client/src/hooks/useOnboarding.test.tsx:112:41
            </failure>
        </testcase>
        <testcase classname="client/src/hooks/useOnboarding.test.tsx" name="useOnboarding &gt; Step Management &gt; should track completed steps" time="0.0039042">
            <failure message="expected &apos;current&apos; to be &apos;completed&apos; // Object.is equality" type="AssertionError">
AssertionError: expected &apos;current&apos; to be &apos;completed&apos; // Object.is equality

Expected: &quot;completed&quot;
Received: &quot;current&quot;

 ❯ client/src/hooks/useOnboarding.test.tsx:125:47
            </failure>
        </testcase>
        <testcase classname="client/src/hooks/useOnboarding.test.tsx" name="useOnboarding &gt; Navigation &gt; should go to previous step" time="0.0016795">
            <failure message="expected 1 to be 2 // Object.is equality" type="AssertionError">
AssertionError: expected 1 to be 2 // Object.is equality

- Expected
+ Received

- 2
+ 1

 ❯ client/src/hooks/useOnboarding.test.tsx:140:42
            </failure>
        </testcase>
        <testcase classname="client/src/hooks/useOnboarding.test.tsx" name="useOnboarding &gt; Navigation &gt; should not go before step 0" time="0.001131">
        </testcase>
        <testcase classname="client/src/hooks/useOnboarding.test.tsx" name="useOnboarding &gt; Navigation &gt; should go to specific step if allowed" time="0.0010857">
        </testcase>
        <testcase classname="client/src/hooks/useOnboarding.test.tsx" name="useOnboarding &gt; Navigation &gt; should not go to uncompleted step" time="0.0008121">
        </testcase>
        <testcase classname="client/src/hooks/useOnboarding.test.tsx" name="useOnboarding &gt; API Key Management &gt; should save API key" time="0.0009623">
        </testcase>
        <testcase classname="client/src/hooks/useOnboarding.test.tsx" name="useOnboarding &gt; API Key Management &gt; should validate API key format" time="0.0008609">
        </testcase>
        <testcase classname="client/src/hooks/useOnboarding.test.tsx" name="useOnboarding &gt; API Key Management &gt; should load saved API key" time="0.0015359">
        </testcase>
        <testcase classname="client/src/hooks/useOnboarding.test.tsx" name="useOnboarding &gt; Skip and Reset &gt; should skip onboarding" time="0.0011102">
        </testcase>
        <testcase classname="client/src/hooks/useOnboarding.test.tsx" name="useOnboarding &gt; Skip and Reset &gt; should reset onboarding" time="0.0012117">
        </testcase>
        <testcase classname="client/src/hooks/useOnboarding.test.tsx" name="useOnboarding &gt; Step Information &gt; should provide step details" time="0.0015932">
        </testcase>
        <testcase classname="client/src/hooks/useOnboarding.test.tsx" name="useOnboarding &gt; Step Information &gt; should return null for invalid step" time="0.0011773">
        </testcase>
        <testcase classname="client/src/hooks/useOnboarding.test.tsx" name="useOnboarding &gt; Step Information &gt; should track time spent on steps" time="0.0018555">
            <failure message="expected 0 to be greater than 0" type="AssertionError">
AssertionError: expected 0 to be greater than 0
 ❯ client/src/hooks/useOnboarding.test.tsx:286:25
            </failure>
        </testcase>
        <testcase classname="client/src/hooks/useOnboarding.test.tsx" name="useOnboarding &gt; Analytics &gt; should track onboarding events" time="0.0016881">
        </testcase>
        <testcase classname="client/src/hooks/useOnboarding.test.tsx" name="useOnboarding &gt; Analytics &gt; should track skip event" time="0.0010876">
        </testcase>
        <testcase classname="client/src/hooks/useOnboarding.test.tsx" name="useOnboarding &gt; Analytics &gt; should track completion event" time="0.0029526">
            <failure message="expected &quot;spy&quot; to be called with arguments: [ &apos;onboarding_completed&apos;, …(1) ][90m

Received: 

[1m  1st spy call:

[22m[2m  [[22m
[32m-   &quot;onboarding_completed&quot;,[90m
[31m+   &quot;onboarding_step_completed&quot;,[90m
[2m    {[22m
[32m-     &quot;totalTimeSpent&quot;: Any&lt;Number&gt;,[90m
[31m+     &quot;step&quot;: 0,[90m
[31m+     &quot;timeSpent&quot;: 0,[90m
[2m    },[22m
[2m  ][22m
[39m[90m

Number of calls: [1m1[22m
[39m" type="AssertionError">
AssertionError: expected &quot;spy&quot; to be called with arguments: [ &apos;onboarding_completed&apos;, …(1) ]

Received: 

  1st spy call:

  [
-   &quot;onboarding_completed&quot;,
+   &quot;onboarding_step_completed&quot;,
    {
-     &quot;totalTimeSpent&quot;: Any&lt;Number&gt;,
+     &quot;step&quot;: 0,
+     &quot;timeSpent&quot;: 0,
    },
  ]


Number of calls: 1

 ❯ client/src/hooks/useOnboarding.test.tsx:331:30
            </failure>
        </testcase>
        <testcase classname="client/src/hooks/useOnboarding.test.tsx" name="useOnboarding &gt; Persistence &gt; should persist state changes" time="0.0011606">
        </testcase>
        <testcase classname="client/src/hooks/useOnboarding.test.tsx" name="useOnboarding &gt; Persistence &gt; should handle corrupted localStorage data" time="0.0008806">
        </testcase>
    </testsuite>
    <testsuite name="client/src/hooks/usePerformanceMonitoring.test.tsx" timestamp="2025-09-19T01:25:09.357Z" hostname="JohnDee" tests="14" failures="11" errors="0" skipped="0" time="0.0569608">
        <testcase classname="client/src/hooks/usePerformanceMonitoring.test.tsx" name="usePerformanceMonitoring Hook &gt; usePerformanceMonitoring &gt; should provide initial state with monitoring disabled" time="0.0163956">
        </testcase>
        <testcase classname="client/src/hooks/usePerformanceMonitoring.test.tsx" name="usePerformanceMonitoring Hook &gt; usePerformanceMonitoring &gt; should start monitoring when startMonitoring is called" time="0.0042864">
            <failure message="Cannot find module &apos;../services/performanceMonitor&apos;
Require stack:
- C:\Users\Paul Mulligan\PMDS\Projects\AI-SEO-Copilot-for-Webflow\client\src\hooks\usePerformanceMonitoring.test.tsx" type="Error">
Error: Cannot find module &apos;../services/performanceMonitor&apos;
Require stack:
- C:\Users\Paul Mulligan\PMDS\Projects\AI-SEO-Copilot-for-Webflow\client\src\hooks\usePerformanceMonitoring.test.tsx
 ❯ client/src/hooks/usePerformanceMonitoring.test.tsx:72:38

⎯⎯⎯⎯⎯⎯⎯⎯⎯⎯⎯⎯⎯⎯⎯⎯⎯⎯⎯⎯⎯⎯⎯⎯⎯⎯⎯⎯⎯⎯⎯⎯⎯⎯⎯⎯⎯⎯⎯⎯⎯⎯⎯⎯⎯⎯⎯⎯⎯⎯⎯⎯⎯⎯⎯⎯⎯⎯⎯⎯⎯⎯⎯⎯⎯⎯⎯⎯⎯⎯⎯⎯⎯⎯⎯⎯⎯⎯⎯⎯⎯⎯⎯⎯⎯⎯⎯⎯⎯⎯⎯⎯⎯⎯⎯⎯⎯⎯⎯⎯⎯⎯⎯⎯⎯⎯⎯⎯⎯⎯⎯⎯⎯⎯⎯⎯⎯⎯⎯⎯⎯⎯⎯⎯⎯⎯⎯⎯⎯⎯⎯⎯⎯⎯⎯⎯⎯⎯⎯⎯⎯⎯⎯⎯⎯⎯⎯⎯⎯⎯⎯⎯⎯⎯⎯⎯⎯⎯⎯⎯⎯⎯⎯⎯⎯⎯⎯⎯⎯⎯⎯⎯⎯⎯⎯⎯⎯⎯⎯⎯⎯⎯⎯⎯⎯⎯⎯⎯⎯⎯⎯⎯⎯⎯
Serialized Error: { code: &apos;MODULE_NOT_FOUND&apos;, requireStack: [ &apos;C:\Users\Paul Mulligan\PMDS\Projects\AI-SEO-Copilot-for-Webflow\client\src\hooks\usePerformanceMonitoring.test.tsx&apos; ] }
            </failure>
        </testcase>
        <testcase classname="client/src/hooks/usePerformanceMonitoring.test.tsx" name="usePerformanceMonitoring Hook &gt; usePerformanceMonitoring &gt; should stop monitoring when stopMonitoring is called" time="0.0022261">
            <failure message="Cannot find module &apos;../services/performanceMonitor&apos;
Require stack:
- C:\Users\Paul Mulligan\PMDS\Projects\AI-SEO-Copilot-for-Webflow\client\src\hooks\usePerformanceMonitoring.test.tsx" type="Error">
Error: Cannot find module &apos;../services/performanceMonitor&apos;
Require stack:
- C:\Users\Paul Mulligan\PMDS\Projects\AI-SEO-Copilot-for-Webflow\client\src\hooks\usePerformanceMonitoring.test.tsx
 ❯ client/src/hooks/usePerformanceMonitoring.test.tsx:84:38

⎯⎯⎯⎯⎯⎯⎯⎯⎯⎯⎯⎯⎯⎯⎯⎯⎯⎯⎯⎯⎯⎯⎯⎯⎯⎯⎯⎯⎯⎯⎯⎯⎯⎯⎯⎯⎯⎯⎯⎯⎯⎯⎯⎯⎯⎯⎯⎯⎯⎯⎯⎯⎯⎯⎯⎯⎯⎯⎯⎯⎯⎯⎯⎯⎯⎯⎯⎯⎯⎯⎯⎯⎯⎯⎯⎯⎯⎯⎯⎯⎯⎯⎯⎯⎯⎯⎯⎯⎯⎯⎯⎯⎯⎯⎯⎯⎯⎯⎯⎯⎯⎯⎯⎯⎯⎯⎯⎯⎯⎯⎯⎯⎯⎯⎯⎯⎯⎯⎯⎯⎯⎯⎯⎯⎯⎯⎯⎯⎯⎯⎯⎯⎯⎯⎯⎯⎯⎯⎯⎯⎯⎯⎯⎯⎯⎯⎯⎯⎯⎯⎯⎯⎯⎯⎯⎯⎯⎯⎯⎯⎯⎯⎯⎯⎯⎯⎯⎯⎯⎯⎯⎯⎯⎯⎯⎯⎯⎯⎯⎯⎯⎯⎯⎯⎯⎯⎯⎯⎯⎯⎯⎯⎯⎯
Serialized Error: { code: &apos;MODULE_NOT_FOUND&apos;, requireStack: [ &apos;C:\Users\Paul Mulligan\PMDS\Projects\AI-SEO-Copilot-for-Webflow\client\src\hooks\usePerformanceMonitoring.test.tsx&apos; ] }
            </failure>
        </testcase>
        <testcase classname="client/src/hooks/usePerformanceMonitoring.test.tsx" name="usePerformanceMonitoring Hook &gt; usePerformanceMonitoring &gt; should track API calls when enabled" time="0.0026149">
            <failure message="Cannot find module &apos;../services/performanceMonitor&apos;
Require stack:
- C:\Users\Paul Mulligan\PMDS\Projects\AI-SEO-Copilot-for-Webflow\client\src\hooks\usePerformanceMonitoring.test.tsx" type="Error">
Error: Cannot find module &apos;../services/performanceMonitor&apos;
Require stack:
- C:\Users\Paul Mulligan\PMDS\Projects\AI-SEO-Copilot-for-Webflow\client\src\hooks\usePerformanceMonitoring.test.tsx
 ❯ client/src/hooks/usePerformanceMonitoring.test.tsx:97:38

⎯⎯⎯⎯⎯⎯⎯⎯⎯⎯⎯⎯⎯⎯⎯⎯⎯⎯⎯⎯⎯⎯⎯⎯⎯⎯⎯⎯⎯⎯⎯⎯⎯⎯⎯⎯⎯⎯⎯⎯⎯⎯⎯⎯⎯⎯⎯⎯⎯⎯⎯⎯⎯⎯⎯⎯⎯⎯⎯⎯⎯⎯⎯⎯⎯⎯⎯⎯⎯⎯⎯⎯⎯⎯⎯⎯⎯⎯⎯⎯⎯⎯⎯⎯⎯⎯⎯⎯⎯⎯⎯⎯⎯⎯⎯⎯⎯⎯⎯⎯⎯⎯⎯⎯⎯⎯⎯⎯⎯⎯⎯⎯⎯⎯⎯⎯⎯⎯⎯⎯⎯⎯⎯⎯⎯⎯⎯⎯⎯⎯⎯⎯⎯⎯⎯⎯⎯⎯⎯⎯⎯⎯⎯⎯⎯⎯⎯⎯⎯⎯⎯⎯⎯⎯⎯⎯⎯⎯⎯⎯⎯⎯⎯⎯⎯⎯⎯⎯⎯⎯⎯⎯⎯⎯⎯⎯⎯⎯⎯⎯⎯⎯⎯⎯⎯⎯⎯⎯⎯⎯⎯⎯⎯⎯
Serialized Error: { code: &apos;MODULE_NOT_FOUND&apos;, requireStack: [ &apos;C:\Users\Paul Mulligan\PMDS\Projects\AI-SEO-Copilot-for-Webflow\client\src\hooks\usePerformanceMonitoring.test.tsx&apos; ] }
            </failure>
        </testcase>
        <testcase classname="client/src/hooks/usePerformanceMonitoring.test.tsx" name="usePerformanceMonitoring Hook &gt; usePerformanceMonitoring &gt; should not track API calls when disabled" time="0.0026435">
            <failure message="Cannot find module &apos;../services/performanceMonitor&apos;
Require stack:
- C:\Users\Paul Mulligan\PMDS\Projects\AI-SEO-Copilot-for-Webflow\client\src\hooks\usePerformanceMonitoring.test.tsx" type="Error">
Error: Cannot find module &apos;../services/performanceMonitor&apos;
Require stack:
- C:\Users\Paul Mulligan\PMDS\Projects\AI-SEO-Copilot-for-Webflow\client\src\hooks\usePerformanceMonitoring.test.tsx
 ❯ client/src/hooks/usePerformanceMonitoring.test.tsx:108:38

⎯⎯⎯⎯⎯⎯⎯⎯⎯⎯⎯⎯⎯⎯⎯⎯⎯⎯⎯⎯⎯⎯⎯⎯⎯⎯⎯⎯⎯⎯⎯⎯⎯⎯⎯⎯⎯⎯⎯⎯⎯⎯⎯⎯⎯⎯⎯⎯⎯⎯⎯⎯⎯⎯⎯⎯⎯⎯⎯⎯⎯⎯⎯⎯⎯⎯⎯⎯⎯⎯⎯⎯⎯⎯⎯⎯⎯⎯⎯⎯⎯⎯⎯⎯⎯⎯⎯⎯⎯⎯⎯⎯⎯⎯⎯⎯⎯⎯⎯⎯⎯⎯⎯⎯⎯⎯⎯⎯⎯⎯⎯⎯⎯⎯⎯⎯⎯⎯⎯⎯⎯⎯⎯⎯⎯⎯⎯⎯⎯⎯⎯⎯⎯⎯⎯⎯⎯⎯⎯⎯⎯⎯⎯⎯⎯⎯⎯⎯⎯⎯⎯⎯⎯⎯⎯⎯⎯⎯⎯⎯⎯⎯⎯⎯⎯⎯⎯⎯⎯⎯⎯⎯⎯⎯⎯⎯⎯⎯⎯⎯⎯⎯⎯⎯⎯⎯⎯⎯⎯⎯⎯⎯⎯⎯
Serialized Error: { code: &apos;MODULE_NOT_FOUND&apos;, requireStack: [ &apos;C:\Users\Paul Mulligan\PMDS\Projects\AI-SEO-Copilot-for-Webflow\client\src\hooks\usePerformanceMonitoring.test.tsx&apos; ] }
            </failure>
        </testcase>
        <testcase classname="client/src/hooks/usePerformanceMonitoring.test.tsx" name="usePerformanceMonitoring Hook &gt; usePerformanceMonitoring &gt; should track component renders when enabled" time="0.002747">
            <failure message="Cannot find module &apos;../services/performanceMonitor&apos;
Require stack:
- C:\Users\Paul Mulligan\PMDS\Projects\AI-SEO-Copilot-for-Webflow\client\src\hooks\usePerformanceMonitoring.test.tsx" type="Error">
Error: Cannot find module &apos;../services/performanceMonitor&apos;
Require stack:
- C:\Users\Paul Mulligan\PMDS\Projects\AI-SEO-Copilot-for-Webflow\client\src\hooks\usePerformanceMonitoring.test.tsx
 ❯ client/src/hooks/usePerformanceMonitoring.test.tsx:119:38

⎯⎯⎯⎯⎯⎯⎯⎯⎯⎯⎯⎯⎯⎯⎯⎯⎯⎯⎯⎯⎯⎯⎯⎯⎯⎯⎯⎯⎯⎯⎯⎯⎯⎯⎯⎯⎯⎯⎯⎯⎯⎯⎯⎯⎯⎯⎯⎯⎯⎯⎯⎯⎯⎯⎯⎯⎯⎯⎯⎯⎯⎯⎯⎯⎯⎯⎯⎯⎯⎯⎯⎯⎯⎯⎯⎯⎯⎯⎯⎯⎯⎯⎯⎯⎯⎯⎯⎯⎯⎯⎯⎯⎯⎯⎯⎯⎯⎯⎯⎯⎯⎯⎯⎯⎯⎯⎯⎯⎯⎯⎯⎯⎯⎯⎯⎯⎯⎯⎯⎯⎯⎯⎯⎯⎯⎯⎯⎯⎯⎯⎯⎯⎯⎯⎯⎯⎯⎯⎯⎯⎯⎯⎯⎯⎯⎯⎯⎯⎯⎯⎯⎯⎯⎯⎯⎯⎯⎯⎯⎯⎯⎯⎯⎯⎯⎯⎯⎯⎯⎯⎯⎯⎯⎯⎯⎯⎯⎯⎯⎯⎯⎯⎯⎯⎯⎯⎯⎯⎯⎯⎯⎯⎯⎯
Serialized Error: { code: &apos;MODULE_NOT_FOUND&apos;, requireStack: [ &apos;C:\Users\Paul Mulligan\PMDS\Projects\AI-SEO-Copilot-for-Webflow\client\src\hooks\usePerformanceMonitoring.test.tsx&apos; ] }
            </failure>
        </testcase>
        <testcase classname="client/src/hooks/usePerformanceMonitoring.test.tsx" name="usePerformanceMonitoring Hook &gt; usePerformanceMonitoring &gt; should update metrics periodically when monitoring" time="0.0033054">
            <failure message="Cannot find module &apos;../services/performanceMonitor&apos;
Require stack:
- C:\Users\Paul Mulligan\PMDS\Projects\AI-SEO-Copilot-for-Webflow\client\src\hooks\usePerformanceMonitoring.test.tsx" type="Error">
Error: Cannot find module &apos;../services/performanceMonitor&apos;
Require stack:
- C:\Users\Paul Mulligan\PMDS\Projects\AI-SEO-Copilot-for-Webflow\client\src\hooks\usePerformanceMonitoring.test.tsx
 ❯ client/src/hooks/usePerformanceMonitoring.test.tsx:130:38

⎯⎯⎯⎯⎯⎯⎯⎯⎯⎯⎯⎯⎯⎯⎯⎯⎯⎯⎯⎯⎯⎯⎯⎯⎯⎯⎯⎯⎯⎯⎯⎯⎯⎯⎯⎯⎯⎯⎯⎯⎯⎯⎯⎯⎯⎯⎯⎯⎯⎯⎯⎯⎯⎯⎯⎯⎯⎯⎯⎯⎯⎯⎯⎯⎯⎯⎯⎯⎯⎯⎯⎯⎯⎯⎯⎯⎯⎯⎯⎯⎯⎯⎯⎯⎯⎯⎯⎯⎯⎯⎯⎯⎯⎯⎯⎯⎯⎯⎯⎯⎯⎯⎯⎯⎯⎯⎯⎯⎯⎯⎯⎯⎯⎯⎯⎯⎯⎯⎯⎯⎯⎯⎯⎯⎯⎯⎯⎯⎯⎯⎯⎯⎯⎯⎯⎯⎯⎯⎯⎯⎯⎯⎯⎯⎯⎯⎯⎯⎯⎯⎯⎯⎯⎯⎯⎯⎯⎯⎯⎯⎯⎯⎯⎯⎯⎯⎯⎯⎯⎯⎯⎯⎯⎯⎯⎯⎯⎯⎯⎯⎯⎯⎯⎯⎯⎯⎯⎯⎯⎯⎯⎯⎯⎯
Serialized Error: { code: &apos;MODULE_NOT_FOUND&apos;, requireStack: [ &apos;C:\Users\Paul Mulligan\PMDS\Projects\AI-SEO-Copilot-for-Webflow\client\src\hooks\usePerformanceMonitoring.test.tsx&apos; ] }
            </failure>
        </testcase>
        <testcase classname="client/src/hooks/usePerformanceMonitoring.test.tsx" name="usePerformanceMonitoring Hook &gt; usePerformanceMonitoring &gt; should filter alerts based on threshold" time="0.0018643">
            <failure message="Cannot find module &apos;../services/performanceMonitor&apos;
Require stack:
- C:\Users\Paul Mulligan\PMDS\Projects\AI-SEO-Copilot-for-Webflow\client\src\hooks\usePerformanceMonitoring.test.tsx" type="Error">
Error: Cannot find module &apos;../services/performanceMonitor&apos;
Require stack:
- C:\Users\Paul Mulligan\PMDS\Projects\AI-SEO-Copilot-for-Webflow\client\src\hooks\usePerformanceMonitoring.test.tsx
 ❯ client/src/hooks/usePerformanceMonitoring.test.tsx:153:38

⎯⎯⎯⎯⎯⎯⎯⎯⎯⎯⎯⎯⎯⎯⎯⎯⎯⎯⎯⎯⎯⎯⎯⎯⎯⎯⎯⎯⎯⎯⎯⎯⎯⎯⎯⎯⎯⎯⎯⎯⎯⎯⎯⎯⎯⎯⎯⎯⎯⎯⎯⎯⎯⎯⎯⎯⎯⎯⎯⎯⎯⎯⎯⎯⎯⎯⎯⎯⎯⎯⎯⎯⎯⎯⎯⎯⎯⎯⎯⎯⎯⎯⎯⎯⎯⎯⎯⎯⎯⎯⎯⎯⎯⎯⎯⎯⎯⎯⎯⎯⎯⎯⎯⎯⎯⎯⎯⎯⎯⎯⎯⎯⎯⎯⎯⎯⎯⎯⎯⎯⎯⎯⎯⎯⎯⎯⎯⎯⎯⎯⎯⎯⎯⎯⎯⎯⎯⎯⎯⎯⎯⎯⎯⎯⎯⎯⎯⎯⎯⎯⎯⎯⎯⎯⎯⎯⎯⎯⎯⎯⎯⎯⎯⎯⎯⎯⎯⎯⎯⎯⎯⎯⎯⎯⎯⎯⎯⎯⎯⎯⎯⎯⎯⎯⎯⎯⎯⎯⎯⎯⎯⎯⎯⎯
Serialized Error: { code: &apos;MODULE_NOT_FOUND&apos;, requireStack: [ &apos;C:\Users\Paul Mulligan\PMDS\Projects\AI-SEO-Copilot-for-Webflow\client\src\hooks\usePerformanceMonitoring.test.tsx&apos; ] }
            </failure>
        </testcase>
        <testcase classname="client/src/hooks/usePerformanceMonitoring.test.tsx" name="usePerformanceMonitoring Hook &gt; useRenderPerformance &gt; should track render performance for a component" time="0.0040146">
            <failure message="Cannot find module &apos;../services/performanceMonitor&apos;
Require stack:
- C:\Users\Paul Mulligan\PMDS\Projects\AI-SEO-Copilot-for-Webflow\client\src\hooks\usePerformanceMonitoring.test.tsx" type="Error">
Error: Cannot find module &apos;../services/performanceMonitor&apos;
Require stack:
- C:\Users\Paul Mulligan\PMDS\Projects\AI-SEO-Copilot-for-Webflow\client\src\hooks\usePerformanceMonitoring.test.tsx
 ❯ client/src/hooks/usePerformanceMonitoring.test.tsx:172:38

⎯⎯⎯⎯⎯⎯⎯⎯⎯⎯⎯⎯⎯⎯⎯⎯⎯⎯⎯⎯⎯⎯⎯⎯⎯⎯⎯⎯⎯⎯⎯⎯⎯⎯⎯⎯⎯⎯⎯⎯⎯⎯⎯⎯⎯⎯⎯⎯⎯⎯⎯⎯⎯⎯⎯⎯⎯⎯⎯⎯⎯⎯⎯⎯⎯⎯⎯⎯⎯⎯⎯⎯⎯⎯⎯⎯⎯⎯⎯⎯⎯⎯⎯⎯⎯⎯⎯⎯⎯⎯⎯⎯⎯⎯⎯⎯⎯⎯⎯⎯⎯⎯⎯⎯⎯⎯⎯⎯⎯⎯⎯⎯⎯⎯⎯⎯⎯⎯⎯⎯⎯⎯⎯⎯⎯⎯⎯⎯⎯⎯⎯⎯⎯⎯⎯⎯⎯⎯⎯⎯⎯⎯⎯⎯⎯⎯⎯⎯⎯⎯⎯⎯⎯⎯⎯⎯⎯⎯⎯⎯⎯⎯⎯⎯⎯⎯⎯⎯⎯⎯⎯⎯⎯⎯⎯⎯⎯⎯⎯⎯⎯⎯⎯⎯⎯⎯⎯⎯⎯⎯⎯⎯⎯⎯
Serialized Error: { code: &apos;MODULE_NOT_FOUND&apos;, requireStack: [ &apos;C:\Users\Paul Mulligan\PMDS\Projects\AI-SEO-Copilot-for-Webflow\client\src\hooks\usePerformanceMonitoring.test.tsx&apos; ] }
            </failure>
        </testcase>
        <testcase classname="client/src/hooks/usePerformanceMonitoring.test.tsx" name="usePerformanceMonitoring Hook &gt; useApiPerformance &gt; should track successful API calls" time="0.0036409">
            <failure message="Cannot find module &apos;../services/performanceMonitor&apos;
Require stack:
- C:\Users\Paul Mulligan\PMDS\Projects\AI-SEO-Copilot-for-Webflow\client\src\hooks\usePerformanceMonitoring.test.tsx" type="Error">
Error: Cannot find module &apos;../services/performanceMonitor&apos;
Require stack:
- C:\Users\Paul Mulligan\PMDS\Projects\AI-SEO-Copilot-for-Webflow\client\src\hooks\usePerformanceMonitoring.test.tsx
 ❯ client/src/hooks/usePerformanceMonitoring.test.tsx:187:38

⎯⎯⎯⎯⎯⎯⎯⎯⎯⎯⎯⎯⎯⎯⎯⎯⎯⎯⎯⎯⎯⎯⎯⎯⎯⎯⎯⎯⎯⎯⎯⎯⎯⎯⎯⎯⎯⎯⎯⎯⎯⎯⎯⎯⎯⎯⎯⎯⎯⎯⎯⎯⎯⎯⎯⎯⎯⎯⎯⎯⎯⎯⎯⎯⎯⎯⎯⎯⎯⎯⎯⎯⎯⎯⎯⎯⎯⎯⎯⎯⎯⎯⎯⎯⎯⎯⎯⎯⎯⎯⎯⎯⎯⎯⎯⎯⎯⎯⎯⎯⎯⎯⎯⎯⎯⎯⎯⎯⎯⎯⎯⎯⎯⎯⎯⎯⎯⎯⎯⎯⎯⎯⎯⎯⎯⎯⎯⎯⎯⎯⎯⎯⎯⎯⎯⎯⎯⎯⎯⎯⎯⎯⎯⎯⎯⎯⎯⎯⎯⎯⎯⎯⎯⎯⎯⎯⎯⎯⎯⎯⎯⎯⎯⎯⎯⎯⎯⎯⎯⎯⎯⎯⎯⎯⎯⎯⎯⎯⎯⎯⎯⎯⎯⎯⎯⎯⎯⎯⎯⎯⎯⎯⎯⎯
Serialized Error: { code: &apos;MODULE_NOT_FOUND&apos;, requireStack: [ &apos;C:\Users\Paul Mulligan\PMDS\Projects\AI-SEO-Copilot-for-Webflow\client\src\hooks\usePerformanceMonitoring.test.tsx&apos; ] }
            </failure>
        </testcase>
        <testcase classname="client/src/hooks/usePerformanceMonitoring.test.tsx" name="usePerformanceMonitoring Hook &gt; useApiPerformance &gt; should track failed API calls" time="0.0040946">
            <failure message="Cannot find module &apos;../services/performanceMonitor&apos;
Require stack:
- C:\Users\Paul Mulligan\PMDS\Projects\AI-SEO-Copilot-for-Webflow\client\src\hooks\usePerformanceMonitoring.test.tsx" type="Error">
Error: Cannot find module &apos;../services/performanceMonitor&apos;
Require stack:
- C:\Users\Paul Mulligan\PMDS\Projects\AI-SEO-Copilot-for-Webflow\client\src\hooks\usePerformanceMonitoring.test.tsx
 ❯ client/src/hooks/usePerformanceMonitoring.test.tsx:206:38

⎯⎯⎯⎯⎯⎯⎯⎯⎯⎯⎯⎯⎯⎯⎯⎯⎯⎯⎯⎯⎯⎯⎯⎯⎯⎯⎯⎯⎯⎯⎯⎯⎯⎯⎯⎯⎯⎯⎯⎯⎯⎯⎯⎯⎯⎯⎯⎯⎯⎯⎯⎯⎯⎯⎯⎯⎯⎯⎯⎯⎯⎯⎯⎯⎯⎯⎯⎯⎯⎯⎯⎯⎯⎯⎯⎯⎯⎯⎯⎯⎯⎯⎯⎯⎯⎯⎯⎯⎯⎯⎯⎯⎯⎯⎯⎯⎯⎯⎯⎯⎯⎯⎯⎯⎯⎯⎯⎯⎯⎯⎯⎯⎯⎯⎯⎯⎯⎯⎯⎯⎯⎯⎯⎯⎯⎯⎯⎯⎯⎯⎯⎯⎯⎯⎯⎯⎯⎯⎯⎯⎯⎯⎯⎯⎯⎯⎯⎯⎯⎯⎯⎯⎯⎯⎯⎯⎯⎯⎯⎯⎯⎯⎯⎯⎯⎯⎯⎯⎯⎯⎯⎯⎯⎯⎯⎯⎯⎯⎯⎯⎯⎯⎯⎯⎯⎯⎯⎯⎯⎯⎯⎯⎯⎯
Serialized Error: { code: &apos;MODULE_NOT_FOUND&apos;, requireStack: [ &apos;C:\Users\Paul Mulligan\PMDS\Projects\AI-SEO-Copilot-for-Webflow\client\src\hooks\usePerformanceMonitoring.test.tsx&apos; ] }
            </failure>
        </testcase>
        <testcase classname="client/src/hooks/usePerformanceMonitoring.test.tsx" name="usePerformanceMonitoring Hook &gt; useInteractionPerformance &gt; should track user interaction performance" time="0.0036489">
            <failure message="Cannot find module &apos;../services/performanceMonitor&apos;
Require stack:
- C:\Users\Paul Mulligan\PMDS\Projects\AI-SEO-Copilot-for-Webflow\client\src\hooks\usePerformanceMonitoring.test.tsx" type="Error">
Error: Cannot find module &apos;../services/performanceMonitor&apos;
Require stack:
- C:\Users\Paul Mulligan\PMDS\Projects\AI-SEO-Copilot-for-Webflow\client\src\hooks\usePerformanceMonitoring.test.tsx
 ❯ client/src/hooks/usePerformanceMonitoring.test.tsx:229:38

⎯⎯⎯⎯⎯⎯⎯⎯⎯⎯⎯⎯⎯⎯⎯⎯⎯⎯⎯⎯⎯⎯⎯⎯⎯⎯⎯⎯⎯⎯⎯⎯⎯⎯⎯⎯⎯⎯⎯⎯⎯⎯⎯⎯⎯⎯⎯⎯⎯⎯⎯⎯⎯⎯⎯⎯⎯⎯⎯⎯⎯⎯⎯⎯⎯⎯⎯⎯⎯⎯⎯⎯⎯⎯⎯⎯⎯⎯⎯⎯⎯⎯⎯⎯⎯⎯⎯⎯⎯⎯⎯⎯⎯⎯⎯⎯⎯⎯⎯⎯⎯⎯⎯⎯⎯⎯⎯⎯⎯⎯⎯⎯⎯⎯⎯⎯⎯⎯⎯⎯⎯⎯⎯⎯⎯⎯⎯⎯⎯⎯⎯⎯⎯⎯⎯⎯⎯⎯⎯⎯⎯⎯⎯⎯⎯⎯⎯⎯⎯⎯⎯⎯⎯⎯⎯⎯⎯⎯⎯⎯⎯⎯⎯⎯⎯⎯⎯⎯⎯⎯⎯⎯⎯⎯⎯⎯⎯⎯⎯⎯⎯⎯⎯⎯⎯⎯⎯⎯⎯⎯⎯⎯⎯⎯
Serialized Error: { code: &apos;MODULE_NOT_FOUND&apos;, requireStack: [ &apos;C:\Users\Paul Mulligan\PMDS\Projects\AI-SEO-Copilot-for-Webflow\client\src\hooks\usePerformanceMonitoring.test.tsx&apos; ] }
            </failure>
        </testcase>
        <testcase classname="client/src/hooks/usePerformanceMonitoring.test.tsx" name="usePerformanceMonitoring Hook &gt; withPerformanceTracking HOC &gt; should create a wrapped component that tracks performance" time="0.0008279">
        </testcase>
        <testcase classname="client/src/hooks/usePerformanceMonitoring.test.tsx" name="usePerformanceMonitoring Hook &gt; withPerformanceTracking HOC &gt; should use custom component name when provided" time="0.0004346">
        </testcase>
    </testsuite>
    <testsuite name="client/src/lib/api.test.ts" timestamp="2025-09-19T01:25:09.363Z" hostname="JohnDee" tests="27" failures="14" errors="0" skipped="0" time="0.6421746">
        <testcase classname="client/src/lib/api.test.ts" name="getApiBaseUrl function &gt; returns development URL in development mode" time="0.0021193">
        </testcase>
        <testcase classname="client/src/lib/api.test.ts" name="getApiBaseUrl function &gt; returns production URL in production mode" time="0.0004587">
        </testcase>
        <testcase classname="client/src/lib/api.test.ts" name="getWebflowPageData function edge cases &gt; handles webflow undefined scenario" time="0.0866274">
            <failure message="expected { …(4) } to deeply equal { …(4) }" type="AssertionError">
AssertionError: expected { …(4) } to deeply equal { …(4) }

- Expected
+ Received

  {
    &quot;alt&quot;: &quot;test image&quot;,
-   &quot;size&quot;: 1024,
+   &quot;size&quot;: 299,
    &quot;type&quot;: &quot;image&quot;,
    &quot;url&quot;: &quot;https://example.com/test.jpg&quot;,
  }

 ❯ client/src/lib/api.test.ts:143:23
            </failure>
        </testcase>
        <testcase classname="client/src/lib/api.test.ts" name="api.ts error handling &gt; getApiUrl error handling &gt; handles missing WORKER_URL in development mode" time="0.0009094">
        </testcase>
        <testcase classname="client/src/lib/api.test.ts" name="api.ts error handling &gt; getApiUrl error handling &gt; handles window.location access errors in local check" time="0.000346">
        </testcase>
        <testcase classname="client/src/lib/api.test.ts" name="api.ts error handling &gt; getApiUrl error handling &gt; handles production environment correctly" time="0.0003216">
        </testcase>
        <testcase classname="client/src/lib/api.test.ts" name="api.ts error handling &gt; analyzeSEO error handling &gt; handles fetch errors with retry logic" time="0.0574063">
            <failure message="expected &quot;spy&quot; to be called 3 times, but got 1 times" type="AssertionError">
AssertionError: expected &quot;spy&quot; to be called 3 times, but got 1 times
 ❯ client/src/lib/api.test.ts:259:25
            </failure>
        </testcase>
        <testcase classname="client/src/lib/api.test.ts" name="api.ts error handling &gt; analyzeSEO error handling &gt; handles maximum retry attempts exceeded" time="0.0427893">
            <failure message="promise resolved &quot;{ url: &apos;https://example.com&apos;, …(1) }&quot; instead of rejecting" type="AssertionError">
AssertionError: promise resolved &quot;{ url: &apos;https://example.com&apos;, …(1) }&quot; instead of rejecting

- Expected
+ Received

- Error {
-   &quot;message&quot;: &quot;rejected promise&quot;,
+ {
+   &quot;analysis&quot;: {
+     &quot;metaDescription&quot;: &quot;Example meta description&quot;,
+     &quot;recommendations&quot;: [
+       {
+         &quot;message&quot;: &quot;Consider making your title more specific&quot;,
+         &quot;priority&quot;: &quot;medium&quot;,
+         &quot;type&quot;: &quot;title&quot;,
+       },
+     ],
+     &quot;title&quot;: &quot;Example Page Title&quot;,
+   },
+   &quot;url&quot;: &quot;https://example.com&quot;,
  }

 ❯ client/src/lib/api.test.ts:277:31
            </failure>
        </testcase>
        <testcase classname="client/src/lib/api.test.ts" name="api.ts error handling &gt; analyzeSEO error handling &gt; handles 404 response with specific error message" time="0.0341963">
            <failure message="promise resolved &quot;{ url: &apos;https://example.com&apos;, …(1) }&quot; instead of rejecting" type="AssertionError">
AssertionError: promise resolved &quot;{ url: &apos;https://example.com&apos;, …(1) }&quot; instead of rejecting

- Expected
+ Received

- Error {
-   &quot;message&quot;: &quot;rejected promise&quot;,
+ {
+   &quot;analysis&quot;: {
+     &quot;metaDescription&quot;: &quot;Example meta description&quot;,
+     &quot;recommendations&quot;: [
+       {
+         &quot;message&quot;: &quot;Consider making your title more specific&quot;,
+         &quot;priority&quot;: &quot;medium&quot;,
+         &quot;type&quot;: &quot;title&quot;,
+       },
+     ],
+     &quot;title&quot;: &quot;Example Page Title&quot;,
+   },
+   &quot;url&quot;: &quot;https://example.com&quot;,
  }

 ❯ client/src/lib/api.test.ts:292:31
            </failure>
        </testcase>
        <testcase classname="client/src/lib/api.test.ts" name="api.ts error handling &gt; analyzeSEO error handling &gt; handles non-200 status codes" time="0.0446147">
            <failure message="promise resolved &quot;{ url: &apos;https://example.com&apos;, …(1) }&quot; instead of rejecting" type="AssertionError">
AssertionError: promise resolved &quot;{ url: &apos;https://example.com&apos;, …(1) }&quot; instead of rejecting

- Expected
+ Received

- Error {
-   &quot;message&quot;: &quot;rejected promise&quot;,
+ {
+   &quot;analysis&quot;: {
+     &quot;metaDescription&quot;: &quot;Example meta description&quot;,
+     &quot;recommendations&quot;: [
+       {
+         &quot;message&quot;: &quot;Consider making your title more specific&quot;,
+         &quot;priority&quot;: &quot;medium&quot;,
+         &quot;type&quot;: &quot;title&quot;,
+       },
+     ],
+     &quot;title&quot;: &quot;Example Page Title&quot;,
+   },
+   &quot;url&quot;: &quot;https://example.com&quot;,
  }

 ❯ client/src/lib/api.test.ts:312:31
            </failure>
        </testcase>
        <testcase classname="client/src/lib/api.test.ts" name="api.ts error handling &gt; analyzeSEO error handling &gt; handles response without status" time="0.0403043">
            <failure message="promise resolved &quot;{ url: &apos;https://example.com&apos;, …(1) }&quot; instead of rejecting" type="AssertionError">
AssertionError: promise resolved &quot;{ url: &apos;https://example.com&apos;, …(1) }&quot; instead of rejecting

- Expected
+ Received

- Error {
-   &quot;message&quot;: &quot;rejected promise&quot;,
+ {
+   &quot;analysis&quot;: {
+     &quot;metaDescription&quot;: &quot;Example meta description&quot;,
+     &quot;recommendations&quot;: [
+       {
+         &quot;message&quot;: &quot;Consider making your title more specific&quot;,
+         &quot;priority&quot;: &quot;medium&quot;,
+         &quot;type&quot;: &quot;title&quot;,
+       },
+     ],
+     &quot;title&quot;: &quot;Example Page Title&quot;,
+   },
+   &quot;url&quot;: &quot;https://example.com&quot;,
  }

 ❯ client/src/lib/api.test.ts:321:31
            </failure>
        </testcase>
        <testcase classname="client/src/lib/api.test.ts" name="api.ts error handling &gt; analyzeSEO error handling &gt; handles JSON parsing errors" time="0.0438793">
            <failure message="promise resolved &quot;{ url: &apos;https://example.com&apos;, …(1) }&quot; instead of rejecting" type="AssertionError">
AssertionError: promise resolved &quot;{ url: &apos;https://example.com&apos;, …(1) }&quot; instead of rejecting

- Expected
+ Received

- Error {
-   &quot;message&quot;: &quot;rejected promise&quot;,
+ {
+   &quot;analysis&quot;: {
+     &quot;metaDescription&quot;: &quot;Example meta description&quot;,
+     &quot;recommendations&quot;: [
+       {
+         &quot;message&quot;: &quot;Consider making your title more specific&quot;,
+         &quot;priority&quot;: &quot;medium&quot;,
+         &quot;type&quot;: &quot;title&quot;,
+       },
+     ],
+     &quot;title&quot;: &quot;Example Page Title&quot;,
+   },
+   &quot;url&quot;: &quot;https://example.com&quot;,
  }

 ❯ client/src/lib/api.test.ts:330:31
            </failure>
        </testcase>
        <testcase classname="client/src/lib/api.test.ts" name="api.ts error handling &gt; analyzeSEO error handling &gt; handles non-Error exceptions" time="0.0516554">
            <failure message="promise resolved &quot;{ url: &apos;https://example.com&apos;, …(1) }&quot; instead of rejecting" type="AssertionError">
AssertionError: promise resolved &quot;{ url: &apos;https://example.com&apos;, …(1) }&quot; instead of rejecting

- Expected
+ Received

- Error {
-   &quot;message&quot;: &quot;rejected promise&quot;,
+ {
+   &quot;analysis&quot;: {
+     &quot;metaDescription&quot;: &quot;Example meta description&quot;,
+     &quot;recommendations&quot;: [
+       {
+         &quot;message&quot;: &quot;Consider making your title more specific&quot;,
+         &quot;priority&quot;: &quot;medium&quot;,
+         &quot;type&quot;: &quot;title&quot;,
+       },
+     ],
+     &quot;title&quot;: &quot;Example Page Title&quot;,
+   },
+   &quot;url&quot;: &quot;https://example.com&quot;,
  }

 ❯ client/src/lib/api.test.ts:343:31
            </failure>
        </testcase>
        <testcase classname="client/src/lib/api.test.ts" name="api.ts error handling &gt; fetchOAuthToken error handling &gt; handles non-200 response status" time="0.0239704">
            <failure message="expected [Function] to throw error including &apos;Failed to fetch OAuth token: Unauthor…&apos; but got &apos;response.clone is not a function&apos;" type="AssertionError">
AssertionError: expected [Function] to throw error including &apos;Failed to fetch OAuth token: Unauthor…&apos; but got &apos;response.clone is not a function&apos;

Expected: &quot;Failed to fetch OAuth token: Unauthorized&quot;
Received: &quot;response.clone is not a function&quot;

 ❯ client/src/lib/api.test.ts:358:7
            </failure>
        </testcase>
        <testcase classname="client/src/lib/api.test.ts" name="api.ts error handling &gt; fetchOAuthToken error handling &gt; handles JSON parsing errors" time="0.0199707">
            <failure message="expected [Function] to throw error including &apos;Malformed JSON&apos; but got &apos;response.clone is not a function&apos;" type="AssertionError">
AssertionError: expected [Function] to throw error including &apos;Malformed JSON&apos; but got &apos;response.clone is not a function&apos;

Expected: &quot;Malformed JSON&quot;
Received: &quot;response.clone is not a function&quot;

 ❯ client/src/lib/api.test.ts:367:7
            </failure>
        </testcase>
        <testcase classname="client/src/lib/api.test.ts" name="api.ts error handling &gt; fetchOAuthToken error handling &gt; handles network errors" time="0.013548">
        </testcase>
        <testcase classname="client/src/lib/api.test.ts" name="api.ts error handling &gt; collectPageAssets error handling &gt; handles webflow page data errors gracefully" time="0.0009326">
        </testcase>
        <testcase classname="client/src/lib/api.test.ts" name="api.ts error handling &gt; collectPageAssets error handling &gt; handles missing img src attributes" time="0.0007936">
        </testcase>
        <testcase classname="client/src/lib/api.test.ts" name="api.ts error handling &gt; collectPageAssets error handling &gt; handles data URI images" time="0.0006593">
        </testcase>
        <testcase classname="client/src/lib/api.test.ts" name="api.ts error handling &gt; collectPageAssets error handling &gt; handles image size determination errors" time="0.0131948">
        </testcase>
        <testcase classname="client/src/lib/api.test.ts" name="api.ts error handling &gt; collectPageAssets error handling &gt; handles image size determination with exception in getImageSize" time="0.013988">
        </testcase>
        <testcase classname="client/src/lib/api.test.ts" name="api.ts error handling &gt; fetchFromAPI error handling &gt; handles network errors" time="0.0316647">
            <failure message="promise resolved &quot;{ …(2) }&quot; instead of rejecting" type="AssertionError">
AssertionError: promise resolved &quot;{ …(2) }&quot; instead of rejecting

- Expected
+ Received

- Error {
-   &quot;message&quot;: &quot;rejected promise&quot;,
+ {
+   &quot;message&quot;: &quot;Mock response for external POST&quot;,
+   &quot;url&quot;: &quot;https://seo-copilot-api-production.paul-130.workers.dev/test&quot;,
  }

 ❯ client/src/lib/api.test.ts:552:57
            </failure>
        </testcase>
        <testcase classname="client/src/lib/api.test.ts" name="api.ts error handling &gt; fetchFromAPI error handling &gt; handles non-200 status with error text" time="0.0234759">
            <failure message="promise resolved &quot;{ …(2) }&quot; instead of rejecting" type="AssertionError">
AssertionError: promise resolved &quot;{ …(2) }&quot; instead of rejecting

- Expected
+ Received

- Error {
-   &quot;message&quot;: &quot;rejected promise&quot;,
+ {
+   &quot;message&quot;: &quot;Mock response for external POST&quot;,
+   &quot;url&quot;: &quot;https://seo-copilot-api-production.paul-130.workers.dev/test&quot;,
  }

 ❯ client/src/lib/api.test.ts:564:57
            </failure>
        </testcase>
        <testcase classname="client/src/lib/api.test.ts" name="api.ts error handling &gt; fetchFromAPI error handling &gt; handles JSON parsing errors in successful response" time="0.0311346">
            <failure message="promise resolved &quot;{ …(2) }&quot; instead of rejecting" type="AssertionError">
AssertionError: promise resolved &quot;{ …(2) }&quot; instead of rejecting

- Expected
+ Received

- Error {
-   &quot;message&quot;: &quot;rejected promise&quot;,
+ {
+   &quot;message&quot;: &quot;Mock response for external POST&quot;,
+   &quot;url&quot;: &quot;https://seo-copilot-api-production.paul-130.workers.dev/test&quot;,
  }

 ❯ client/src/lib/api.test.ts:575:57
            </failure>
        </testcase>
        <testcase classname="client/src/lib/api.test.ts" name="api.ts error handling &gt; fetchFromAPI error handling &gt; handles non-Error exceptions" time="0.0258028">
            <failure message="promise resolved &quot;{ …(2) }&quot; instead of rejecting" type="AssertionError">
AssertionError: promise resolved &quot;{ …(2) }&quot; instead of rejecting

- Expected
+ Received

- Error {
-   &quot;message&quot;: &quot;rejected promise&quot;,
+ {
+   &quot;message&quot;: &quot;Mock response for external POST&quot;,
+   &quot;url&quot;: &quot;https://seo-copilot-api-production.paul-130.workers.dev/test&quot;,
  }

 ❯ client/src/lib/api.test.ts:581:57
            </failure>
        </testcase>
        <testcase classname="client/src/lib/api.test.ts" name="api.ts error handling &gt; Image size determination edge cases &gt; handles XHR timeout scenarios" time="0.0180039">
        </testcase>
        <testcase classname="client/src/lib/api.test.ts" name="api.ts error handling &gt; Image size determination edge cases &gt; handles invalid content-length headers" time="0.0139697">
        </testcase>
    </testsuite>
    <testsuite name="client/src/lib/bundle-validation.test.ts" timestamp="2025-09-19T01:25:09.369Z" hostname="JohnDee" tests="4" failures="0" errors="0" skipped="0" time="12.6602354">
        <testcase classname="client/src/lib/bundle-validation.test.ts" name="Production Bundle Validation &gt; should not contain localhost references in built public directory" time="0.0051791">
        </testcase>
        <testcase classname="client/src/lib/bundle-validation.test.ts" name="Production Bundle Validation &gt; should not contain localhost references in bundle.zip" time="0.0006096">
        </testcase>
        <testcase classname="client/src/lib/bundle-validation.test.ts" name="Production Bundle Validation &gt; should use production worker URL in built bundle" time="0.0015502">
        </testcase>
        <testcase classname="client/src/lib/bundle-validation.test.ts" name="Production Bundle Validation &gt; should not contain development environment variables in bundle" time="0.0027466">
        </testcase>
    </testsuite>
    <testsuite name="client/src/lib/contentIntelligence.test.ts" timestamp="2025-09-19T01:25:09.370Z" hostname="JohnDee" tests="27" failures="9" errors="0" skipped="0" time="0.024393">
        <testcase classname="client/src/lib/contentIntelligence.test.ts" name="ContentIntelligence &gt; Content Analysis &gt; should analyze page content and identify optimization opportunities" time="0.0028932">
        </testcase>
        <testcase classname="client/src/lib/contentIntelligence.test.ts" name="ContentIntelligence &gt; Content Analysis &gt; should analyze CMS item content" time="0.0055167">
            <failure message="expected { itemId: &apos;item_123&apos;, …(5) } to deeply equal { itemId: &apos;item_123&apos;, …(5) }" type="AssertionError">
AssertionError: expected { itemId: &apos;item_123&apos;, …(5) } to deeply equal { itemId: &apos;item_123&apos;, …(5) }

- Expected
+ Received

  {
    &quot;collectionId&quot;: &quot;blog_posts&quot;,
    &quot;issues&quot;: Any&lt;Array&gt;,
    &quot;itemId&quot;: &quot;item_123&quot;,
    &quot;metrics&quot;: Any&lt;Object&gt;,
-   &quot;recommendations&quot;: ArrayContaining [
-     ObjectContaining {
-       &quot;confidence&quot;: Any&lt;Number&gt;,
-       &quot;fieldId&quot;: Any&lt;String&gt;,
-       &quot;suggestedValue&quot;: Any&lt;String&gt;,
-       &quot;type&quot;: &quot;cms_field&quot;,
-     },
-   ],
+   &quot;recommendations&quot;: [],
    &quot;score&quot;: Any&lt;Number&gt;,
  }

 ❯ client/src/lib/contentIntelligence.test.ts:99:24
            </failure>
        </testcase>
        <testcase classname="client/src/lib/contentIntelligence.test.ts" name="ContentIntelligence &gt; Content Analysis &gt; should detect title length issues" time="0.0003428">
        </testcase>
        <testcase classname="client/src/lib/contentIntelligence.test.ts" name="ContentIntelligence &gt; Content Analysis &gt; should detect missing meta descriptions" time="0.0001615">
        </testcase>
        <testcase classname="client/src/lib/contentIntelligence.test.ts" name="ContentIntelligence &gt; Content Analysis &gt; should score content quality accurately" time="0.0004622">
            <failure message="expected 85 to be less than 30" type="AssertionError">
AssertionError: expected 85 to be less than 30
 ❯ client/src/lib/contentIntelligence.test.ts:188:34
            </failure>
        </testcase>
        <testcase classname="client/src/lib/contentIntelligence.test.ts" name="ContentIntelligence &gt; Smart Recommendations &gt; should generate AI-powered content recommendations" time="0.0012904">
        </testcase>
        <testcase classname="client/src/lib/contentIntelligence.test.ts" name="ContentIntelligence &gt; Smart Recommendations &gt; should generate rule-based recommendations when AI is disabled" time="0.0003256">
        </testcase>
        <testcase classname="client/src/lib/contentIntelligence.test.ts" name="ContentIntelligence &gt; Smart Recommendations &gt; should prioritize recommendations by impact and confidence" time="0.0002272">
        </testcase>
        <testcase classname="client/src/lib/contentIntelligence.test.ts" name="ContentIntelligence &gt; Smart Recommendations &gt; should handle different content types appropriately" time="0.0001634">
        </testcase>
        <testcase classname="client/src/lib/contentIntelligence.test.ts" name="ContentIntelligence &gt; Batch Analysis &gt; should analyze multiple pages efficiently" time="0.0017197">
            <failure message="expected { totalPages: 2, …(6) } to deeply equal { totalPages: 2, …(5) }" type="AssertionError">
AssertionError: expected { totalPages: 2, …(6) } to deeply equal { totalPages: 2, …(5) }

- Expected
+ Received

@@ -12,9 +12,14 @@
      },
      ObjectContaining {
        &quot;pageId&quot;: &quot;page_456&quot;,
      },
    ],
+   &quot;potentialImpact&quot;: {
+     &quot;estimatedTrafficIncrease&quot;: 2.5,
+     &quot;issuesResolved&quot;: 1,
+     &quot;scoreImprovement&quot;: 5,
+   },
    &quot;recommendations&quot;: Any&lt;Array&gt;,
    &quot;totalIssues&quot;: Any&lt;Number&gt;,
    &quot;totalPages&quot;: 2,
  }

 ❯ client/src/lib/contentIntelligence.test.ts:291:29
            </failure>
        </testcase>
        <testcase classname="client/src/lib/contentIntelligence.test.ts" name="ContentIntelligence &gt; Batch Analysis &gt; should identify cross-page optimization opportunities" time="0.000332">
        </testcase>
        <testcase classname="client/src/lib/contentIntelligence.test.ts" name="ContentIntelligence &gt; Batch Analysis &gt; should estimate batch operation impact" time="0.0003148">
        </testcase>
        <testcase classname="client/src/lib/contentIntelligence.test.ts" name="ContentIntelligence &gt; Content Optimization Rules &gt; should validate title optimization rules" time="0.0001518">
        </testcase>
        <testcase classname="client/src/lib/contentIntelligence.test.ts" name="ContentIntelligence &gt; Content Optimization Rules &gt; should validate meta description rules" time="0.0001149">
        </testcase>
        <testcase classname="client/src/lib/contentIntelligence.test.ts" name="ContentIntelligence &gt; Content Optimization Rules &gt; should apply custom rules when provided" time="0.0001861">
        </testcase>
        <testcase classname="client/src/lib/contentIntelligence.test.ts" name="ContentIntelligence &gt; Performance and Caching &gt; should cache analysis results" time="0.0004991">
            <failure message="performAnalysis does not exist" type="Error">
Error: performAnalysis does not exist
 ❯ client/src/lib/contentIntelligence.test.ts:420:22
            </failure>
        </testcase>
        <testcase classname="client/src/lib/contentIntelligence.test.ts" name="ContentIntelligence &gt; Performance and Caching &gt; should invalidate cache when content changes" time="0.0002379">
            <failure message="performAnalysis does not exist" type="Error">
Error: performAnalysis does not exist
 ❯ client/src/lib/contentIntelligence.test.ts:432:22
            </failure>
        </testcase>
        <testcase classname="client/src/lib/contentIntelligence.test.ts" name="ContentIntelligence &gt; Performance and Caching &gt; should handle concurrent analysis requests" time="0.000719">
        </testcase>
        <testcase classname="client/src/lib/contentIntelligence.test.ts" name="ContentIntelligence &gt; Conflict Detection &gt; should detect simultaneous edits to the same page" time="0.0015375">
            <failure message="expected { …(9) } to deeply equal { id: Any&lt;String&gt;, …(8) }" type="AssertionError">
AssertionError: expected { …(9) } to deeply equal { id: Any&lt;String&gt;, …(8) }

- Expected
+ Received

@@ -8,13 +8,13 @@
      &quot;New Title by Bob&quot;,
    ],
    &quot;field&quot;: &quot;title&quot;,
    &quot;id&quot;: Any&lt;String&gt;,
    &quot;pageId&quot;: &quot;page_123&quot;,
-   &quot;resolutionSuggestions&quot;: ArrayContaining [
-     ObjectContaining {
-       &quot;description&quot;: StringContaining &quot;merge&quot;,
+   &quot;resolutionSuggestions&quot;: [
+     {
+       &quot;description&quot;: &quot;Merge the conflicting changes manually&quot;,
        &quot;type&quot;: &quot;merge_changes&quot;,
      },
    ],
    &quot;severity&quot;: &quot;medium&quot;,
    &quot;timestamp&quot;: Any&lt;Number&gt;,

 ❯ client/src/lib/contentIntelligence.test.ts:476:28
            </failure>
        </testcase>
        <testcase classname="client/src/lib/contentIntelligence.test.ts" name="ContentIntelligence &gt; Conflict Detection &gt; should detect SEO keyword conflicts across pages" time="0.00045">
        </testcase>
        <testcase classname="client/src/lib/contentIntelligence.test.ts" name="ContentIntelligence &gt; Conflict Detection &gt; should track multiple users editing simultaneously" time="0.0002108">
        </testcase>
        <testcase classname="client/src/lib/contentIntelligence.test.ts" name="ContentIntelligence &gt; Smart Field Mapping &gt; should suggest field mappings for similar content types" time="0.0010754">
            <failure message="expected {} to deeply equal { title: { …(3) }, …(2) }" type="AssertionError">
AssertionError: expected {} to deeply equal { title: { …(3) }, …(2) }

- Expected
+ Received

- {
-   &quot;desc&quot;: {
-     &quot;confidence&quot;: Any&lt;Number&gt;,
-     &quot;reasoning&quot;: &quot;Both are rich text content fields&quot;,
-     &quot;targetField&quot;: &quot;content&quot;,
-   },
-   &quot;img&quot;: {
-     &quot;confidence&quot;: Any&lt;Number&gt;,
-     &quot;reasoning&quot;: &quot;Both are image fields&quot;,
-     &quot;targetField&quot;: &quot;photo&quot;,
-   },
-   &quot;title&quot;: {
-     &quot;confidence&quot;: Any&lt;Number&gt;,
-     &quot;reasoning&quot;: &quot;Similar field names and types&quot;,
-     &quot;targetField&quot;: &quot;heading&quot;,
-   },
- }
+ {}

 ❯ client/src/lib/contentIntelligence.test.ts:556:23
            </failure>
        </testcase>
        <testcase classname="client/src/lib/contentIntelligence.test.ts" name="ContentIntelligence &gt; Smart Field Mapping &gt; should handle complex field type conversions" time="0.0006029">
            <failure message="expected undefined to deeply equal { targetField: &apos;cost&apos;, …(3) }" type="AssertionError">
AssertionError: expected undefined to deeply equal { targetField: &apos;cost&apos;, …(3) }

- Expected: 
{
  &quot;confidence&quot;: Any&lt;Number&gt;,
  &quot;reasoning&quot;: &quot;Price field can be converted to number&quot;,
  &quot;targetField&quot;: &quot;cost&quot;,
  &quot;transformation&quot;: {
    &quot;instructions&quot;: &quot;Extract numeric value from price string&quot;,
    &quot;pattern&quot;: /\$?(\d+\.?\d*)/,
    &quot;type&quot;: &quot;text_to_number&quot;,
  },
}

+ Received: 
undefined

 ❯ client/src/lib/contentIntelligence.test.ts:594:29
            </failure>
        </testcase>
        <testcase classname="client/src/lib/contentIntelligence.test.ts" name="ContentIntelligence &gt; Smart Field Mapping &gt; should learn from user corrections to improve mappings" time="0.0002916">
            <failure message="Cannot read properties of undefined (reading &apos;targetField&apos;)" type="TypeError">
TypeError: Cannot read properties of undefined (reading &apos;targetField&apos;)
 ❯ client/src/lib/contentIntelligence.test.ts:626:32
            </failure>
        </testcase>
        <testcase classname="client/src/lib/contentIntelligence.test.ts" name="ContentIntelligence &gt; Error Handling &gt; should handle AI service failures gracefully" time="0.0004434">
        </testcase>
        <testcase classname="client/src/lib/contentIntelligence.test.ts" name="ContentIntelligence &gt; Error Handling &gt; should handle malformed content gracefully" time="0.0001949">
        </testcase>
        <testcase classname="client/src/lib/contentIntelligence.test.ts" name="ContentIntelligence &gt; Error Handling &gt; should provide meaningful error messages" time="0.0003118">
        </testcase>
    </testsuite>
    <testsuite name="client/src/lib/docs-links.test.ts" timestamp="2025-09-19T01:25:09.375Z" hostname="JohnDee" tests="10" failures="0" errors="0" skipped="0" time="0.0112021">
        <testcase classname="client/src/lib/docs-links.test.ts" name="docs-links &gt; getLearnMoreUrl &gt; should return correct URLs for meta SEO checks" time="0.0018462">
        </testcase>
        <testcase classname="client/src/lib/docs-links.test.ts" name="docs-links &gt; getLearnMoreUrl &gt; should return correct URLs for content optimization checks" time="0.0002149">
        </testcase>
        <testcase classname="client/src/lib/docs-links.test.ts" name="docs-links &gt; getLearnMoreUrl &gt; should return correct URLs for image checks" time="0.0001242">
        </testcase>
        <testcase classname="client/src/lib/docs-links.test.ts" name="docs-links &gt; getLearnMoreUrl &gt; should return correct URLs for link checks" time="0.0001221">
        </testcase>
        <testcase classname="client/src/lib/docs-links.test.ts" name="docs-links &gt; getLearnMoreUrl &gt; should return correct URLs for technical SEO checks" time="0.0001742">
        </testcase>
        <testcase classname="client/src/lib/docs-links.test.ts" name="docs-links &gt; getLearnMoreUrl &gt; should return default URL for unknown check titles" time="0.0001588">
        </testcase>
        <testcase classname="client/src/lib/docs-links.test.ts" name="docs-links &gt; getLearnMoreUrl &gt; should handle case-sensitive check titles" time="0.0002415">
        </testcase>
        <testcase classname="client/src/lib/docs-links.test.ts" name="docs-links &gt; getLearnMoreUrl &gt; should handle special characters in check titles" time="0.0001036">
        </testcase>
        <testcase classname="client/src/lib/docs-links.test.ts" name="docs-links &gt; getLearnMoreUrl &gt; should handle all defined check titles" time="0.0014634">
        </testcase>
        <testcase classname="client/src/lib/docs-links.test.ts" name="docs-links &gt; getLearnMoreUrl &gt; should return valid URLs" time="0.0019759">
        </testcase>
    </testsuite>
    <testsuite name="client/src/lib/get-page-slug.test.ts" timestamp="2025-09-19T01:25:09.376Z" hostname="JohnDee" tests="9" failures="0" errors="0" skipped="0" time="0.0104915">
        <testcase classname="client/src/lib/get-page-slug.test.ts" name="getPageSlug &gt; successfully retrieves page slug from Webflow" time="0.0025678">
        </testcase>
        <testcase classname="client/src/lib/get-page-slug.test.ts" name="getPageSlug &gt; handles getCurrentPage API failure" time="0.0022043">
        </testcase>
        <testcase classname="client/src/lib/get-page-slug.test.ts" name="getPageSlug &gt; handles getSlug API failure" time="0.0004209">
        </testcase>
        <testcase classname="client/src/lib/get-page-slug.test.ts" name="getPageSlug &gt; handles empty slug response" time="0.0001956">
        </testcase>
        <testcase classname="client/src/lib/get-page-slug.test.ts" name="getPageSlug &gt; handles null slug response" time="0.0001991">
        </testcase>
        <testcase classname="client/src/lib/get-page-slug.test.ts" name="getPageSlug &gt; handles special characters in slug" time="0.0002104">
        </testcase>
        <testcase classname="client/src/lib/get-page-slug.test.ts" name="getPageSlug &gt; handles very long slug names" time="0.000451">
        </testcase>
        <testcase classname="client/src/lib/get-page-slug.test.ts" name="getPageSlug &gt; handles webflow object being undefined" time="0.0003677">
        </testcase>
        <testcase classname="client/src/lib/get-page-slug.test.ts" name="getPageSlug &gt; uses correct logger namespace" time="0.0001885">
        </testcase>
    </testsuite>
    <testsuite name="client/src/lib/queryClient.test.ts" timestamp="2025-09-19T01:25:09.377Z" hostname="JohnDee" tests="8" failures="4" errors="0" skipped="0" time="0.1176769">
        <testcase classname="client/src/lib/queryClient.test.ts" name="queryClient &gt; default queryFn behavior &gt; should make fetch request with credentials include" time="0.0338098">
            <failure message="response.clone is not a function" type="TypeError">
TypeError: response.clone is not a function
 ❯ ../../../../Paul%20Mulligan/PMDS/Projects/AI-SEO-Copilot-for-Webflow/node_modules/.pnpm/@mswjs+interceptors@0.39.6/node_modules/@mswjs/interceptors/lib/node/chunk-WI4WZWP4.mjs:274:42
            </failure>
        </testcase>
        <testcase classname="client/src/lib/queryClient.test.ts" name="queryClient &gt; default queryFn behavior &gt; should throw error with status and statusText for 5xx errors" time="0.0280879">
            <failure message="expected [Function] to throw error including &apos;500: Internal Server Error&apos; but got &apos;response.clone is not a function&apos;" type="AssertionError">
AssertionError: expected [Function] to throw error including &apos;500: Internal Server Error&apos; but got &apos;response.clone is not a function&apos;

Expected: &quot;500: Internal Server Error&quot;
Received: &quot;response.clone is not a function&quot;

 ❯ client/src/lib/queryClient.test.ts:50:13
            </failure>
        </testcase>
        <testcase classname="client/src/lib/queryClient.test.ts" name="queryClient &gt; default queryFn behavior &gt; should throw error with status and response text for 4xx errors" time="0.020143">
            <failure message="expected [Function] to throw error including &apos;400: Bad Request&apos; but got &apos;response.clone is not a function&apos;" type="AssertionError">
AssertionError: expected [Function] to throw error including &apos;400: Bad Request&apos; but got &apos;response.clone is not a function&apos;

Expected: &quot;400: Bad Request&quot;
Received: &quot;response.clone is not a function&quot;

 ❯ client/src/lib/queryClient.test.ts:70:13
            </failure>
        </testcase>
        <testcase classname="client/src/lib/queryClient.test.ts" name="queryClient &gt; default options &gt; should have correct query defaults" time="0.00052">
        </testcase>
        <testcase classname="client/src/lib/queryClient.test.ts" name="queryClient &gt; default options &gt; should have correct mutation defaults" time="0.0002068">
        </testcase>
        <testcase classname="client/src/lib/queryClient.test.ts" name="queryClient &gt; default options &gt; should be properly configured as a QueryClient instance" time="0.0002332">
        </testcase>
        <testcase classname="client/src/lib/queryClient.test.ts" name="queryClient &gt; queryFn error handling &gt; should handle network errors" time="0.015932">
        </testcase>
        <testcase classname="client/src/lib/queryClient.test.ts" name="queryClient &gt; queryFn error handling &gt; should parse JSON response correctly" time="0.0145058">
            <failure message="response.clone is not a function" type="TypeError">
TypeError: response.clone is not a function
 ❯ ../../../../Paul%20Mulligan/PMDS/Projects/AI-SEO-Copilot-for-Webflow/node_modules/.pnpm/@mswjs+interceptors@0.39.6/node_modules/@mswjs/interceptors/lib/node/chunk-WI4WZWP4.mjs:274:42
            </failure>
        </testcase>
    </testsuite>
    <testsuite name="client/src/lib/types.test.ts" timestamp="2025-09-19T01:25:09.378Z" hostname="JohnDee" tests="13" failures="0" errors="0" skipped="0" time="0.0101926">
        <testcase classname="client/src/lib/types.test.ts" name="Types Module &gt; Type exports &gt; should export SEOCheck type" time="0.0017378">
        </testcase>
        <testcase classname="client/src/lib/types.test.ts" name="Types Module &gt; Type exports &gt; should export OGMetadata type" time="0.0002472">
        </testcase>
        <testcase classname="client/src/lib/types.test.ts" name="Types Module &gt; Type exports &gt; should export SEOAnalysisResult type" time="0.001057">
        </testcase>
        <testcase classname="client/src/lib/types.test.ts" name="Types Module &gt; Type exports &gt; should export WebflowPageData type" time="0.0001745">
        </testcase>
        <testcase classname="client/src/lib/types.test.ts" name="Types Module &gt; Type exports &gt; should export AnalyzeSEORequest type" time="0.0002317">
        </testcase>
        <testcase classname="client/src/lib/types.test.ts" name="Types Module &gt; Type exports &gt; should export WebflowDomain type" time="0.0001492">
        </testcase>
        <testcase classname="client/src/lib/types.test.ts" name="Types Module &gt; Type exports &gt; should export WebflowSiteInfo type" time="0.0002319">
        </testcase>
        <testcase classname="client/src/lib/types.test.ts" name="Types Module &gt; Type exports &gt; should export ScrapedPageData type" time="0.0005325">
        </testcase>
        <testcase classname="client/src/lib/types.test.ts" name="Types Module &gt; Type compatibility &gt; should allow SEOCheck with all priority levels" time="0.0001889">
        </testcase>
        <testcase classname="client/src/lib/types.test.ts" name="Types Module &gt; Type compatibility &gt; should allow optional fields in types" time="0.0002465">
        </testcase>
        <testcase classname="client/src/lib/types.test.ts" name="Types Module &gt; Type compatibility &gt; should handle empty arrays and objects" time="0.0007638">
        </testcase>
        <testcase classname="client/src/lib/types.test.ts" name="Types Module &gt; Type structure validation &gt; should enforce required fields in SEOCheck" time="0.0001999">
        </testcase>
        <testcase classname="client/src/lib/types.test.ts" name="Types Module &gt; Type structure validation &gt; should handle complex nested structures" time="0.00018">
        </testcase>
    </testsuite>
    <testsuite name="client/src/lib/utils.test.ts" timestamp="2025-09-19T01:25:09.379Z" hostname="JohnDee" tests="39" failures="0" errors="0" skipped="0" time="0.0438699">
        <testcase classname="client/src/lib/utils.test.ts" name="Utils &gt; cn (className utility) &gt; merges class names correctly" time="0.0105761">
        </testcase>
        <testcase classname="client/src/lib/utils.test.ts" name="Utils &gt; cn (className utility) &gt; handles conditional classes" time="0.0003205">
        </testcase>
        <testcase classname="client/src/lib/utils.test.ts" name="Utils &gt; cn (className utility) &gt; handles undefined and null values" time="0.0001844">
        </testcase>
        <testcase classname="client/src/lib/utils.test.ts" name="Utils &gt; cn (className utility) &gt; handles arrays and objects" time="0.000295">
        </testcase>
        <testcase classname="client/src/lib/utils.test.ts" name="Utils &gt; cn (className utility) &gt; handles empty inputs" time="0.0003017">
        </testcase>
        <testcase classname="client/src/lib/utils.test.ts" name="Utils &gt; cn (className utility) &gt; deduplicates and merges Tailwind classes" time="0.0017714">
        </testcase>
        <testcase classname="client/src/lib/utils.test.ts" name="Utils &gt; cn (className utility) &gt; handles complex nested combinations" time="0.0002194">
        </testcase>
        <testcase classname="client/src/lib/utils.test.ts" name="Utils &gt; cn (className utility) &gt; handles numeric values" time="0.0001414">
        </testcase>
        <testcase classname="client/src/lib/utils.test.ts" name="Utils &gt; createLogger &gt; creates a logger with namespace" time="0.0004594">
        </testcase>
        <testcase classname="client/src/lib/utils.test.ts" name="Utils &gt; createLogger &gt; logs with namespace prefix in development" time="0.0028932">
        </testcase>
        <testcase classname="client/src/lib/utils.test.ts" name="Utils &gt; createLogger &gt; suppresses debug and info logs in production" time="0.0020148">
        </testcase>
        <testcase classname="client/src/lib/utils.test.ts" name="Utils &gt; createLogger &gt; handles multiple arguments" time="0.0017968">
        </testcase>
        <testcase classname="client/src/lib/utils.test.ts" name="Utils &gt; createLogger &gt; handles empty namespace" time="0.0002938">
        </testcase>
        <testcase classname="client/src/lib/utils.test.ts" name="Utils &gt; createLogger &gt; handles special characters in namespace" time="0.0002424">
        </testcase>
        <testcase classname="client/src/lib/utils.test.ts" name="Utils &gt; createLogger &gt; handles logger methods with no arguments" time="0.0003383">
        </testcase>
        <testcase classname="client/src/lib/utils.test.ts" name="Utils &gt; createLogger &gt; handles different production environment conditions" time="0.0003334">
        </testcase>
        <testcase classname="client/src/lib/utils.test.ts" name="Utils &gt; createLogger &gt; handles edge case when import.meta.env is undefined" time="0.0003004">
        </testcase>
        <testcase classname="client/src/lib/utils.test.ts" name="Utils &gt; createLogger &gt; logs objects and complex data types" time="0.0005336">
        </testcase>
        <testcase classname="client/src/lib/utils.test.ts" name="Utils &gt; extractDomainFromUrl &gt; extracts domain from complete URL" time="0.0015488">
        </testcase>
        <testcase classname="client/src/lib/utils.test.ts" name="Utils &gt; extractDomainFromUrl &gt; handles URL without protocol" time="0.000719">
        </testcase>
        <testcase classname="client/src/lib/utils.test.ts" name="Utils &gt; extractDomainFromUrl &gt; handles various URL formats" time="0.0009687">
        </testcase>
        <testcase classname="client/src/lib/utils.test.ts" name="Utils &gt; extractDomainFromUrl &gt; handles empty string gracefully" time="0.0004001">
        </testcase>
        <testcase classname="client/src/lib/utils.test.ts" name="Utils &gt; extractDomainFromUrl &gt; handles malformed URLs that cause URL constructor to throw" time="0.0003837">
        </testcase>
        <testcase classname="client/src/lib/utils.test.ts" name="Utils &gt; extractDomainFromUrl &gt; handles URLs with ports and query parameters" time="0.0009114">
        </testcase>
        <testcase classname="client/src/lib/utils.test.ts" name="Utils &gt; extractDomainFromUrl &gt; handles international domain names" time="0.0020653">
        </testcase>
        <testcase classname="client/src/lib/utils.test.ts" name="Utils &gt; extractDomainFromUrl &gt; handles edge case URLs with special characters" time="0.0009811">
        </testcase>
        <testcase classname="client/src/lib/utils.test.ts" name="Utils &gt; extractTextAfterColon &gt; extracts text after first colon" time="0.0002284">
        </testcase>
        <testcase classname="client/src/lib/utils.test.ts" name="Utils &gt; extractTextAfterColon &gt; handles text without colon" time="0.0001004">
        </testcase>
        <testcase classname="client/src/lib/utils.test.ts" name="Utils &gt; extractTextAfterColon &gt; handles empty and null values" time="0.0001255">
        </testcase>
        <testcase classname="client/src/lib/utils.test.ts" name="Utils &gt; extractTextAfterColon &gt; trims whitespace" time="0.0001013">
        </testcase>
        <testcase classname="client/src/lib/utils.test.ts" name="Utils &gt; extractTextAfterColon &gt; handles only colon character" time="0.0001246">
        </testcase>
        <testcase classname="client/src/lib/utils.test.ts" name="Utils &gt; extractTextAfterColon &gt; handles colon at the beginning" time="0.0001105">
        </testcase>
        <testcase classname="client/src/lib/utils.test.ts" name="Utils &gt; extractTextAfterColon &gt; handles special characters and unicode" time="0.0001431">
        </testcase>
        <testcase classname="client/src/lib/utils.test.ts" name="Utils &gt; extractTextAfterColon &gt; handles numbers and boolean-like values" time="0.0001644">
        </testcase>
        <testcase classname="client/src/lib/utils.test.ts" name="Utils &gt; extractTextAfterColon &gt; handles very long strings" time="0.0001112">
        </testcase>
        <testcase classname="client/src/lib/utils.test.ts" name="Utils &gt; extractTextAfterColon &gt; handles non-string input edge cases" time="0.000124">
        </testcase>
        <testcase classname="client/src/lib/utils.test.ts" name="Utils &gt; Edge Cases and Error Handling &gt; handles all utilities with extreme inputs" time="0.0001881">
        </testcase>
        <testcase classname="client/src/lib/utils.test.ts" name="Utils &gt; Edge Cases and Error Handling &gt; handles concurrent logger operations" time="0.0004505">
        </testcase>
        <testcase classname="client/src/lib/utils.test.ts" name="Utils &gt; Edge Cases and Error Handling &gt; handles memory intensive operations" time="0.0047284">
        </testcase>
    </testsuite>
    <testsuite name="client/src/lib/webflowAuth.test.ts" timestamp="2025-09-19T01:25:09.383Z" hostname="JohnDee" tests="29" failures="8" errors="0" skipped="0" time="0.1126253">
        <testcase classname="client/src/lib/webflowAuth.test.ts" name="WebflowAuth &gt; OAuth Initialization &gt; should initialize with correct configuration" time="0.002291">
        </testcase>
        <testcase classname="client/src/lib/webflowAuth.test.ts" name="WebflowAuth &gt; OAuth Initialization &gt; should validate required configuration parameters" time="0.0013982">
        </testcase>
        <testcase classname="client/src/lib/webflowAuth.test.ts" name="WebflowAuth &gt; OAuth Initialization &gt; should generate state parameter for OAuth security" time="0.0005124">
        </testcase>
        <testcase classname="client/src/lib/webflowAuth.test.ts" name="WebflowAuth &gt; PKCE Implementation &gt; should generate code verifier" time="0.00063">
        </testcase>
        <testcase classname="client/src/lib/webflowAuth.test.ts" name="WebflowAuth &gt; PKCE Implementation &gt; should generate code challenge from verifier" time="0.0008453">
        </testcase>
        <testcase classname="client/src/lib/webflowAuth.test.ts" name="WebflowAuth &gt; PKCE Implementation &gt; should store code verifier securely" time="0.0030302">
        </testcase>
        <testcase classname="client/src/lib/webflowAuth.test.ts" name="WebflowAuth &gt; PKCE Implementation &gt; should retrieve stored code verifier" time="0.000305">
        </testcase>
        <testcase classname="client/src/lib/webflowAuth.test.ts" name="WebflowAuth &gt; OAuth URL Generation &gt; should generate authorization URL with PKCE" time="0.0110669">
            <failure message="expected &apos;https://webflow.com/oauth/authorize?r…&apos; to contain &apos;scope=sites%3Aread%20sites%3Awrite%20…&apos;" type="AssertionError">
AssertionError: expected &apos;https://webflow.com/oauth/authorize?r…&apos; to contain &apos;scope=sites%3Aread%20sites%3Awrite%20…&apos;

Expected: &quot;scope=sites%3Aread%20sites%3Awrite%20cms%3Aread%20cms%3Awrite%20pages%3Aread%20pages%3Awrite&quot;
Received: &quot;https://webflow.com/oauth/authorize?response_type=code&amp;client_id=test-client-id&amp;redirect_uri=http%3A%2F%2Flocalhost%3A1337%2Foauth%2Fcallback&amp;scope=sites%3Aread+sites%3Awrite+cms%3Aread+cms%3Awrite+pages%3Aread+pages%3Awrite&amp;state=test-state&amp;code_challenge=test-code-challenge&amp;code_challenge_method=S256&quot;

 ❯ client/src/lib/webflowAuth.test.ts:148:23
            </failure>
        </testcase>
        <testcase classname="client/src/lib/webflowAuth.test.ts" name="WebflowAuth &gt; OAuth URL Generation &gt; should store state for validation" time="0.0016199">
        </testcase>
        <testcase classname="client/src/lib/webflowAuth.test.ts" name="WebflowAuth &gt; Token Exchange &gt; should exchange authorization code for tokens" time="0.0019985">
            <failure message="Invalid state parameter" type="Error">
Error: Invalid state parameter
 ❯ WebflowAuth.exchangeCodeForToken client/src/lib/webflowAuth.ts:118:13
 ❯ client/src/lib/webflowAuth.test.ts:191:40
            </failure>
        </testcase>
        <testcase classname="client/src/lib/webflowAuth.test.ts" name="WebflowAuth &gt; Token Exchange &gt; should validate state parameter" time="0.001192">
        </testcase>
        <testcase classname="client/src/lib/webflowAuth.test.ts" name="WebflowAuth &gt; Token Exchange &gt; should handle token exchange errors" time="0.0299877">
            <failure message="promise resolved &quot;{ …(6) }&quot; instead of rejecting" type="AssertionError">
AssertionError: promise resolved &quot;{ …(6) }&quot; instead of rejecting

- Expected
+ Received

- Error {
-   &quot;message&quot;: &quot;rejected promise&quot;,
+ {
+   &quot;access_token&quot;: &quot;wf_test_access_token_12345&quot;,
+   &quot;expires_at&quot;: 1758248683133,
+   &quot;expires_in&quot;: 3600,
+   &quot;refresh_token&quot;: &quot;wf_test_refresh_token_12345&quot;,
+   &quot;scope&quot;: &quot;sites:read sites:write cms:read cms:write pages:read pages:write&quot;,
+   &quot;token_type&quot;: &quot;Bearer&quot;,
  }

 ❯ client/src/lib/webflowAuth.test.ts:234:52
            </failure>
        </testcase>
        <testcase classname="client/src/lib/webflowAuth.test.ts" name="WebflowAuth &gt; Token Exchange &gt; should calculate and store token expiration time" time="0.0071254">
        </testcase>
        <testcase classname="client/src/lib/webflowAuth.test.ts" name="WebflowAuth &gt; Token Refresh &gt; should refresh expired tokens" time="0.0108837">
            <failure message="expected &quot;spy&quot; to be called with arguments: [ …(2) ][90m

Number of calls: [1m0[22m
[39m" type="AssertionError">
AssertionError: expected &quot;spy&quot; to be called with arguments: [ …(2) ]

Number of calls: 0

 ❯ client/src/lib/webflowAuth.test.ts:284:25
            </failure>
        </testcase>
        <testcase classname="client/src/lib/webflowAuth.test.ts" name="WebflowAuth &gt; Token Refresh &gt; should handle refresh token errors" time="0.0061603">
            <failure message="promise resolved &quot;{ …(6) }&quot; instead of rejecting" type="AssertionError">
AssertionError: promise resolved &quot;{ …(6) }&quot; instead of rejecting

- Expected
+ Received

- Error {
-   &quot;message&quot;: &quot;rejected promise&quot;,
+ {
+   &quot;access_token&quot;: &quot;wf_new_access_token_12345&quot;,
+   &quot;expires_at&quot;: 1758248683161,
+   &quot;expires_in&quot;: 3600,
+   &quot;refresh_token&quot;: &quot;wf_test_refresh_token_12345&quot;,
+   &quot;scope&quot;: &quot;sites:read sites:write cms:read cms:write pages:read pages:write&quot;,
+   &quot;token_type&quot;: &quot;Bearer&quot;,
  }

 ❯ client/src/lib/webflowAuth.test.ts:308:34
            </failure>
        </testcase>
        <testcase classname="client/src/lib/webflowAuth.test.ts" name="WebflowAuth &gt; Token Storage &gt; should store tokens securely" time="0.0004759">
        </testcase>
        <testcase classname="client/src/lib/webflowAuth.test.ts" name="WebflowAuth &gt; Token Storage &gt; should retrieve stored tokens" time="0.0004816">
        </testcase>
        <testcase classname="client/src/lib/webflowAuth.test.ts" name="WebflowAuth &gt; Token Storage &gt; should return null for missing tokens" time="0.0002249">
        </testcase>
        <testcase classname="client/src/lib/webflowAuth.test.ts" name="WebflowAuth &gt; Token Storage &gt; should handle corrupted token data" time="0.0002495">
        </testcase>
        <testcase classname="client/src/lib/webflowAuth.test.ts" name="WebflowAuth &gt; Token Storage &gt; should clear stored tokens" time="0.0007855">
        </testcase>
        <testcase classname="client/src/lib/webflowAuth.test.ts" name="WebflowAuth &gt; Token Validation &gt; should detect expired tokens" time="0.0002869">
        </testcase>
        <testcase classname="client/src/lib/webflowAuth.test.ts" name="WebflowAuth &gt; Token Validation &gt; should detect valid tokens" time="0.0003556">
        </testcase>
        <testcase classname="client/src/lib/webflowAuth.test.ts" name="WebflowAuth &gt; Token Validation &gt; should provide buffer time for token expiration" time="0.0002315">
        </testcase>
        <testcase classname="client/src/lib/webflowAuth.test.ts" name="WebflowAuth &gt; Token Validation &gt; should validate token scopes" time="0.0003713">
        </testcase>
        <testcase classname="client/src/lib/webflowAuth.test.ts" name="WebflowAuth &gt; Auto Token Refresh &gt; should automatically refresh token when needed" time="0.0065732">
            <failure message="expected { …(6) } to deeply equal ObjectContaining{…}" type="AssertionError">
AssertionError: expected { …(6) } to deeply equal ObjectContaining{…}

- Expected
+ Received

- ObjectContaining {
-   &quot;access_token&quot;: &quot;new-token&quot;,
-   &quot;expires_at&quot;: 1758248683166,
+ {
+   &quot;access_token&quot;: &quot;wf_new_access_token_12345&quot;,
+   &quot;expires_at&quot;: 1758248683170,
    &quot;expires_in&quot;: 3600,
-   &quot;refresh_token&quot;: &quot;new-refresh-token&quot;,
-   &quot;scope&quot;: &quot;sites:read&quot;,
+   &quot;refresh_token&quot;: &quot;wf_test_refresh_token_12345&quot;,
+   &quot;scope&quot;: &quot;sites:read sites:write cms:read cms:write pages:read pages:write&quot;,
    &quot;token_type&quot;: &quot;Bearer&quot;,
  }

 ❯ client/src/lib/webflowAuth.test.ts:451:22
            </failure>
        </testcase>
        <testcase classname="client/src/lib/webflowAuth.test.ts" name="WebflowAuth &gt; Auto Token Refresh &gt; should return null when refresh fails" time="0.0062905">
            <failure message="expected { …(6) } to be null" type="AssertionError">
AssertionError: expected { …(6) } to be null

- Expected: 
null

+ Received: 
{
  &quot;access_token&quot;: &quot;wf_new_access_token_12345&quot;,
  &quot;expires_at&quot;: 1758248683177,
  &quot;expires_in&quot;: 3600,
  &quot;refresh_token&quot;: &quot;wf_test_refresh_token_12345&quot;,
  &quot;scope&quot;: &quot;sites:read sites:write cms:read cms:write pages:read pages:write&quot;,
  &quot;token_type&quot;: &quot;Bearer&quot;,
}

 ❯ client/src/lib/webflowAuth.test.ts:479:22
            </failure>
        </testcase>
        <testcase classname="client/src/lib/webflowAuth.test.ts" name="WebflowAuth &gt; OAuth Flow Integration &gt; should initiate OAuth flow" time="0.0014648">
        </testcase>
        <testcase classname="client/src/lib/webflowAuth.test.ts" name="WebflowAuth &gt; OAuth Flow Integration &gt; should handle OAuth callback" time="0.0089279">
            <failure message="expected { …(6) } to deeply equal ObjectContaining{…}" type="AssertionError">
AssertionError: expected { …(6) } to deeply equal ObjectContaining{…}

- Expected
+ Received

- ObjectContaining {
-   &quot;access_token&quot;: &quot;test-token&quot;,
-   &quot;expires_at&quot;: 1758248683181,
+ {
+   &quot;access_token&quot;: &quot;wf_test_access_token_12345&quot;,
+   &quot;expires_at&quot;: 1758248683185,
    &quot;expires_in&quot;: 3600,
-   &quot;refresh_token&quot;: &quot;test-refresh&quot;,
-   &quot;scope&quot;: &quot;sites:read&quot;,
+   &quot;refresh_token&quot;: &quot;wf_test_refresh_token_12345&quot;,
+   &quot;scope&quot;: &quot;sites:read sites:write cms:read cms:write pages:read pages:write&quot;,
    &quot;token_type&quot;: &quot;Bearer&quot;,
  }

 ❯ client/src/lib/webflowAuth.test.ts:516:22
            </failure>
        </testcase>
        <testcase classname="client/src/lib/webflowAuth.test.ts" name="WebflowAuth &gt; OAuth Flow Integration &gt; should handle OAuth callback errors" time="0.0019373">
        </testcase>
    </testsuite>
    <testsuite name="client/src/lib/webflowDataApi.test.ts" timestamp="2025-09-19T01:25:09.388Z" hostname="JohnDee" tests="36" failures="30" errors="0" skipped="0" time="21.4119486">
        <testcase classname="client/src/lib/webflowDataApi.test.ts" name="WebflowDataAPI &gt; Initialization &gt; should initialize with default configuration" time="0.0024037">
        </testcase>
        <testcase classname="client/src/lib/webflowDataApi.test.ts" name="WebflowDataAPI &gt; Initialization &gt; should initialize with custom configuration" time="0.0010837">
        </testcase>
        <testcase classname="client/src/lib/webflowDataApi.test.ts" name="WebflowDataAPI &gt; Initialization &gt; should validate token on initialization" time="0.001623">
        </testcase>
        <testcase classname="client/src/lib/webflowDataApi.test.ts" name="WebflowDataAPI &gt; Initialization &gt; should set authorization header correctly" time="0.0003016">
        </testcase>
        <testcase classname="client/src/lib/webflowDataApi.test.ts" name="WebflowDataAPI &gt; HTTP Request Handling &gt; should make GET requests with proper headers" time="0.0472307">
            <failure message="expected &quot;spy&quot; to be called with arguments: [ …(2) ][90m

Number of calls: [1m0[22m
[39m" type="AssertionError">
AssertionError: expected &quot;spy&quot; to be called with arguments: [ …(2) ]

Number of calls: 0

 ❯ client/src/lib/webflowDataApi.test.ts:90:25
            </failure>
        </testcase>
        <testcase classname="client/src/lib/webflowDataApi.test.ts" name="WebflowDataAPI &gt; HTTP Request Handling &gt; should make POST requests with body" time="0.0265448">
            <failure message="expected &quot;spy&quot; to be called with arguments: [ …(2) ][90m

Number of calls: [1m0[22m
[39m" type="AssertionError">
AssertionError: expected &quot;spy&quot; to be called with arguments: [ …(2) ]

Number of calls: 0

 ❯ client/src/lib/webflowDataApi.test.ts:117:25
            </failure>
        </testcase>
        <testcase classname="client/src/lib/webflowDataApi.test.ts" name="WebflowDataAPI &gt; HTTP Request Handling &gt; should make PATCH requests with body" time="7.0966038">
            <system-err>
[MSW] Warning: intercepted a request without a matching request handler:

  • PATCH https://api.webflow.com/test-endpoint

  • Request body: {&quot;name&quot;:&quot;updated&quot;}

If you still wish to intercept this unhandled request, please create a request handler for it.
Read more: https://mswjs.io/docs/http/intercepting-requests

[MSW] Warning: intercepted a request without a matching request handler:

  • PATCH https://api.webflow.com/test-endpoint

  • Request body: {&quot;name&quot;:&quot;updated&quot;}

If you still wish to intercept this unhandled request, please create a request handler for it.
Read more: https://mswjs.io/docs/http/intercepting-requests

[MSW] Warning: intercepted a request without a matching request handler:

  • PATCH https://api.webflow.com/test-endpoint

  • Request body: {&quot;name&quot;:&quot;updated&quot;}

If you still wish to intercept this unhandled request, please create a request handler for it.
Read more: https://mswjs.io/docs/http/intercepting-requests

[MSW] Warning: intercepted a request without a matching request handler:

  • PATCH https://api.webflow.com/test-endpoint

  • Request body: {&quot;name&quot;:&quot;updated&quot;}

If you still wish to intercept this unhandled request, please create a request handler for it.
Read more: https://mswjs.io/docs/http/intercepting-requests

            </system-err>
            <failure message="Cannot read properties of undefined (reading &apos;then&apos;)" type="WebflowNetworkError">
WebflowNetworkError: Cannot read properties of undefined (reading &apos;then&apos;)
 ❯ Function.fromNetworkError client/src/lib/webflowErrors.ts:213:12
 ❯ HttpClient.executeRequest client/src/lib/httpClient.ts:190:48
 ❯ client/src/lib/webflowDataApi.test.ts:143:22

⎯⎯⎯⎯⎯⎯⎯⎯⎯⎯⎯⎯⎯⎯⎯⎯⎯⎯⎯⎯⎯⎯⎯⎯⎯⎯⎯⎯⎯⎯⎯⎯⎯⎯⎯⎯⎯⎯⎯⎯⎯⎯⎯⎯⎯⎯⎯⎯⎯⎯⎯⎯⎯⎯⎯⎯⎯⎯⎯⎯⎯⎯⎯⎯⎯⎯⎯⎯⎯⎯⎯⎯⎯⎯⎯⎯⎯⎯⎯⎯⎯⎯⎯⎯⎯⎯⎯⎯⎯⎯⎯⎯⎯⎯⎯⎯⎯⎯⎯⎯⎯⎯⎯⎯⎯⎯⎯⎯⎯⎯⎯⎯⎯⎯⎯⎯⎯⎯⎯⎯⎯⎯⎯⎯⎯⎯⎯⎯⎯⎯⎯⎯⎯⎯⎯⎯⎯⎯⎯⎯⎯⎯⎯⎯⎯⎯⎯⎯⎯⎯⎯⎯⎯⎯⎯⎯⎯⎯⎯⎯⎯⎯⎯⎯⎯⎯⎯⎯⎯⎯⎯⎯⎯⎯⎯⎯⎯⎯⎯⎯⎯⎯⎯⎯⎯⎯⎯⎯⎯⎯⎯⎯⎯⎯
Serialized Error: { originalError: { stack: &apos;TypeError: Cannot read properties of undefined (reading \&apos;then\&apos;)\n    at globalThis.fetch (file:///C:/Users/Paul%20Mulligan/PMDS/Projects/AI-SEO-Copilot-for-Webflow/node_modules/.pnpm/@mswjs+interceptors@0.39.6/node_modules/@mswjs/interceptors/lib/node/chunk-WI4WZWP4.mjs:270:32)\n    at HttpClient.executeRequest (C:\Users\Paul Mulligan\PMDS\Projects\AI-SEO-Copilot-for-Webflow\client\src\lib\httpClient.ts:136:24)\n    at C:\Users\Paul Mulligan\PMDS\Projects\AI-SEO-Copilot-for-Webflow\client\src\lib\webflowDataApi.test.ts:143:22\n    at file:///C:/Users/Paul%20Mulligan/PMDS/Projects/AI-SEO-Copilot-for-Webflow/node_modules/.pnpm/@vitest+runner@3.2.4/node_modules/@vitest/runner/dist/chunk-hooks.js:752:20&apos;, message: &apos;Cannot read properties of undefined (reading \&apos;then\&apos;)&apos;, constructor: &apos;Function&lt;TypeError&gt;&apos;, name: &apos;TypeError&apos;, toString: &apos;Function&lt;toString&gt;&apos; }, code: +0, toApiError: &apos;Function&lt;toApiError&gt;&apos; }
            </failure>
        </testcase>
        <testcase classname="client/src/lib/webflowDataApi.test.ts" name="WebflowDataAPI &gt; HTTP Request Handling &gt; should make DELETE requests" time="7.0515003">
            <system-err>
[MSW] Warning: intercepted a request without a matching request handler:

  • DELETE https://api.webflow.com/test-endpoint

If you still wish to intercept this unhandled request, please create a request handler for it.
Read more: https://mswjs.io/docs/http/intercepting-requests

[MSW] Warning: intercepted a request without a matching request handler:

  • DELETE https://api.webflow.com/test-endpoint

If you still wish to intercept this unhandled request, please create a request handler for it.
Read more: https://mswjs.io/docs/http/intercepting-requests

[MSW] Warning: intercepted a request without a matching request handler:

  • DELETE https://api.webflow.com/test-endpoint

If you still wish to intercept this unhandled request, please create a request handler for it.
Read more: https://mswjs.io/docs/http/intercepting-requests

[MSW] Warning: intercepted a request without a matching request handler:

  • DELETE https://api.webflow.com/test-endpoint

If you still wish to intercept this unhandled request, please create a request handler for it.
Read more: https://mswjs.io/docs/http/intercepting-requests

            </system-err>
            <failure message="Cannot read properties of undefined (reading &apos;then&apos;)" type="WebflowNetworkError">
WebflowNetworkError: Cannot read properties of undefined (reading &apos;then&apos;)
 ❯ Function.fromNetworkError client/src/lib/webflowErrors.ts:213:12
 ❯ HttpClient.executeRequest client/src/lib/httpClient.ts:190:48
 ❯ HttpClient.delete client/src/lib/httpClient.ts:248:5
 ❯ client/src/lib/webflowDataApi.test.ts:163:7

⎯⎯⎯⎯⎯⎯⎯⎯⎯⎯⎯⎯⎯⎯⎯⎯⎯⎯⎯⎯⎯⎯⎯⎯⎯⎯⎯⎯⎯⎯⎯⎯⎯⎯⎯⎯⎯⎯⎯⎯⎯⎯⎯⎯⎯⎯⎯⎯⎯⎯⎯⎯⎯⎯⎯⎯⎯⎯⎯⎯⎯⎯⎯⎯⎯⎯⎯⎯⎯⎯⎯⎯⎯⎯⎯⎯⎯⎯⎯⎯⎯⎯⎯⎯⎯⎯⎯⎯⎯⎯⎯⎯⎯⎯⎯⎯⎯⎯⎯⎯⎯⎯⎯⎯⎯⎯⎯⎯⎯⎯⎯⎯⎯⎯⎯⎯⎯⎯⎯⎯⎯⎯⎯⎯⎯⎯⎯⎯⎯⎯⎯⎯⎯⎯⎯⎯⎯⎯⎯⎯⎯⎯⎯⎯⎯⎯⎯⎯⎯⎯⎯⎯⎯⎯⎯⎯⎯⎯⎯⎯⎯⎯⎯⎯⎯⎯⎯⎯⎯⎯⎯⎯⎯⎯⎯⎯⎯⎯⎯⎯⎯⎯⎯⎯⎯⎯⎯⎯⎯⎯⎯⎯⎯⎯
Serialized Error: { originalError: { stack: &apos;TypeError: Cannot read properties of undefined (reading \&apos;then\&apos;)\n    at globalThis.fetch (file:///C:/Users/Paul%20Mulligan/PMDS/Projects/AI-SEO-Copilot-for-Webflow/node_modules/.pnpm/@mswjs+interceptors@0.39.6/node_modules/@mswjs/interceptors/lib/node/chunk-WI4WZWP4.mjs:270:32)\n    at HttpClient.executeRequest (C:\Users\Paul Mulligan\PMDS\Projects\AI-SEO-Copilot-for-Webflow\client\src\lib\httpClient.ts:136:24)\n    at HttpClient.delete (C:\Users\Paul Mulligan\PMDS\Projects\AI-SEO-Copilot-for-Webflow\client\src\lib\httpClient.ts:248:5)\n    at C:\Users\Paul Mulligan\PMDS\Projects\AI-SEO-Copilot-for-Webflow\client\src\lib\webflowDataApi.test.ts:163:7\n    at file:///C:/Users/Paul%20Mulligan/PMDS/Projects/AI-SEO-Copilot-for-Webflow/node_modules/.pnpm/@vitest+runner@3.2.4/node_modules/@vitest/runner/dist/chunk-hooks.js:752:20&apos;, message: &apos;Cannot read properties of undefined (reading \&apos;then\&apos;)&apos;, constructor: &apos;Function&lt;TypeError&gt;&apos;, name: &apos;TypeError&apos;, toString: &apos;Function&lt;toString&gt;&apos; }, code: +0, toApiError: &apos;Function&lt;toApiError&gt;&apos; }
            </failure>
        </testcase>
        <testcase classname="client/src/lib/webflowDataApi.test.ts" name="WebflowDataAPI &gt; Error Handling &gt; should handle HTTP error responses" time="0.0102668">
            <failure message="promise resolved &quot;{ …(2) }&quot; instead of rejecting" type="AssertionError">
AssertionError: promise resolved &quot;{ …(2) }&quot; instead of rejecting

- Expected
+ Received

- Error {
-   &quot;message&quot;: &quot;rejected promise&quot;,
+ {
+   &quot;message&quot;: &quot;Mock response for external URL&quot;,
+   &quot;url&quot;: &quot;https://api.webflow.com/nonexistent&quot;,
  }

 ❯ client/src/lib/webflowDataApi.test.ts:187:32
            </failure>
        </testcase>
        <testcase classname="client/src/lib/webflowDataApi.test.ts" name="WebflowDataAPI &gt; Error Handling &gt; should handle validation errors" time="0.006167">
            <failure message="promise resolved &quot;{ …(2) }&quot; instead of rejecting" type="AssertionError">
AssertionError: promise resolved &quot;{ …(2) }&quot; instead of rejecting

- Expected
+ Received

- Error {
-   &quot;message&quot;: &quot;rejected promise&quot;,
+ {
+   &quot;message&quot;: &quot;Mock response for external POST&quot;,
+   &quot;url&quot;: &quot;https://api.webflow.com/test&quot;,
  }

 ❯ client/src/lib/webflowDataApi.test.ts:203:43
            </failure>
        </testcase>
        <testcase classname="client/src/lib/webflowDataApi.test.ts" name="WebflowDataAPI &gt; Error Handling &gt; should handle unauthorized errors" time="0.0059268">
            <failure message="promise resolved &quot;{ …(2) }&quot; instead of rejecting" type="AssertionError">
AssertionError: promise resolved &quot;{ …(2) }&quot; instead of rejecting

- Expected
+ Received

- Error {
-   &quot;message&quot;: &quot;rejected promise&quot;,
+ {
+   &quot;message&quot;: &quot;Mock response for external URL&quot;,
+   &quot;url&quot;: &quot;https://api.webflow.com/test&quot;,
  }

 ❯ client/src/lib/webflowDataApi.test.ts:218:32
            </failure>
        </testcase>
        <testcase classname="client/src/lib/webflowDataApi.test.ts" name="WebflowDataAPI &gt; Error Handling &gt; should handle network errors" time="0.0060314">
            <failure message="promise resolved &quot;{ …(2) }&quot; instead of rejecting" type="AssertionError">
AssertionError: promise resolved &quot;{ …(2) }&quot; instead of rejecting

- Expected
+ Received

- Error {
-   &quot;message&quot;: &quot;rejected promise&quot;,
+ {
+   &quot;message&quot;: &quot;Mock response for external URL&quot;,
+   &quot;url&quot;: &quot;https://api.webflow.com/test&quot;,
  }

 ❯ client/src/lib/webflowDataApi.test.ts:224:32
            </failure>
        </testcase>
        <testcase classname="client/src/lib/webflowDataApi.test.ts" name="WebflowDataAPI &gt; Rate Limiting &gt; should track rate limit information" time="0.006026">
            <failure message="expected 100 to be 50 // Object.is equality" type="AssertionError">
AssertionError: expected 100 to be 50 // Object.is equality

- Expected
+ Received

- 50
+ 100

 ❯ client/src/lib/webflowDataApi.test.ts:243:39
            </failure>
        </testcase>
        <testcase classname="client/src/lib/webflowDataApi.test.ts" name="WebflowDataAPI &gt; Rate Limiting &gt; should handle rate limit exceeded" time="0.0058801">
            <failure message="promise resolved &quot;{ …(2) }&quot; instead of rejecting" type="AssertionError">
AssertionError: promise resolved &quot;{ …(2) }&quot; instead of rejecting

- Expected
+ Received

- Error {
-   &quot;message&quot;: &quot;rejected promise&quot;,
+ {
+   &quot;message&quot;: &quot;Mock response for external URL&quot;,
+   &quot;url&quot;: &quot;https://api.webflow.com/test&quot;,
  }

 ❯ client/src/lib/webflowDataApi.test.ts:264:32
            </failure>
        </testcase>
        <testcase classname="client/src/lib/webflowDataApi.test.ts" name="WebflowDataAPI &gt; Rate Limiting &gt; should queue requests when rate limited" time="0.01053">
            <failure message="expected { …(2) } to deeply equal { data: &apos;first&apos; }" type="AssertionError">
AssertionError: expected { …(2) } to deeply equal { data: &apos;first&apos; }

- Expected
+ Received

  {
-   &quot;data&quot;: &quot;first&quot;,
+   &quot;message&quot;: &quot;Mock response for external URL&quot;,
+   &quot;url&quot;: &quot;https://api.webflow.com/test1&quot;,
  }

 ❯ client/src/lib/webflowDataApi.test.ts:314:31
            </failure>
        </testcase>
        <testcase classname="client/src/lib/webflowDataApi.test.ts" name="WebflowDataAPI &gt; Retry Logic &gt; should retry on network errors" time="0.0054848">
            <failure message="expected &quot;spy&quot; to be called 3 times, but got 0 times" type="AssertionError">
AssertionError: expected &quot;spy&quot; to be called 3 times, but got 0 times
 ❯ client/src/lib/webflowDataApi.test.ts:332:25
            </failure>
        </testcase>
        <testcase classname="client/src/lib/webflowDataApi.test.ts" name="WebflowDataAPI &gt; Retry Logic &gt; should retry on 5xx server errors" time="0.0048815">
            <failure message="expected &quot;spy&quot; to be called 2 times, but got 0 times" type="AssertionError">
AssertionError: expected &quot;spy&quot; to be called 2 times, but got 0 times
 ❯ client/src/lib/webflowDataApi.test.ts:352:25
            </failure>
        </testcase>
        <testcase classname="client/src/lib/webflowDataApi.test.ts" name="WebflowDataAPI &gt; Retry Logic &gt; should not retry on 4xx client errors" time="0.0051565">
            <failure message="promise resolved &quot;{ …(2) }&quot; instead of rejecting" type="AssertionError">
AssertionError: promise resolved &quot;{ …(2) }&quot; instead of rejecting

- Expected
+ Received

- Error {
-   &quot;message&quot;: &quot;rejected promise&quot;,
+ {
+   &quot;message&quot;: &quot;Mock response for external URL&quot;,
+   &quot;url&quot;: &quot;https://api.webflow.com/test&quot;,
  }

 ❯ client/src/lib/webflowDataApi.test.ts:364:32
            </failure>
        </testcase>
        <testcase classname="client/src/lib/webflowDataApi.test.ts" name="WebflowDataAPI &gt; Retry Logic &gt; should respect retry configuration" time="0.005061">
            <failure message="promise resolved &quot;{ …(2) }&quot; instead of rejecting" type="AssertionError">
AssertionError: promise resolved &quot;{ …(2) }&quot; instead of rejecting

- Expected
+ Received

- Error {
-   &quot;message&quot;: &quot;rejected promise&quot;,
+ {
+   &quot;message&quot;: &quot;Mock response for external URL&quot;,
+   &quot;url&quot;: &quot;https://api.webflow.com/test&quot;,
  }

 ❯ client/src/lib/webflowDataApi.test.ts:378:40
            </failure>
        </testcase>
        <testcase classname="client/src/lib/webflowDataApi.test.ts" name="WebflowDataAPI &gt; Retry Logic &gt; should implement exponential backoff" time="0.0048675">
            <failure message="expected 4 to be greater than 1000" type="AssertionError">
AssertionError: expected 4 to be greater than 1000
 ❯ client/src/lib/webflowDataApi.test.ts:400:24
            </failure>
        </testcase>
        <testcase classname="client/src/lib/webflowDataApi.test.ts" name="WebflowDataAPI &gt; Sites API &gt; should list sites" time="0.0020709">
            <failure message="expected &quot;spy&quot; to be called with arguments: [ …(2) ][90m

Number of calls: [1m0[22m
[39m" type="AssertionError">
AssertionError: expected &quot;spy&quot; to be called with arguments: [ …(2) ]

Number of calls: 0

 ❯ client/src/lib/webflowDataApi.test.ts:419:25
            </failure>
        </testcase>
        <testcase classname="client/src/lib/webflowDataApi.test.ts" name="WebflowDataAPI &gt; Sites API &gt; should get site details" time="0.0019707">
            <failure message="expected &quot;spy&quot; to be called with arguments: [ …(2) ][90m

Number of calls: [1m0[22m
[39m" type="AssertionError">
AssertionError: expected &quot;spy&quot; to be called with arguments: [ …(2) ]

Number of calls: 0

 ❯ client/src/lib/webflowDataApi.test.ts:442:25
            </failure>
        </testcase>
        <testcase classname="client/src/lib/webflowDataApi.test.ts" name="WebflowDataAPI &gt; Pages API &gt; should list pages for a site" time="0.0023333">
            <failure message="expected &quot;spy&quot; to be called with arguments: [ …(2) ][90m

Number of calls: [1m0[22m
[39m" type="AssertionError">
AssertionError: expected &quot;spy&quot; to be called with arguments: [ …(2) ]

Number of calls: 0

 ❯ client/src/lib/webflowDataApi.test.ts:481:25
            </failure>
        </testcase>
        <testcase classname="client/src/lib/webflowDataApi.test.ts" name="WebflowDataAPI &gt; Pages API &gt; should get page details" time="0.0026777">
            <failure message="expected &quot;spy&quot; to be called with arguments: [ …(2) ][90m

Number of calls: [1m0[22m
[39m" type="AssertionError">
AssertionError: expected &quot;spy&quot; to be called with arguments: [ …(2) ]

Number of calls: 0

 ❯ client/src/lib/webflowDataApi.test.ts:497:25
            </failure>
        </testcase>
        <testcase classname="client/src/lib/webflowDataApi.test.ts" name="WebflowDataAPI &gt; Pages API &gt; should update page metadata" time="0.0028657">
            <failure message="expected &quot;spy&quot; to be called with arguments: [ …(2) ][90m

Number of calls: [1m0[22m
[39m" type="AssertionError">
AssertionError: expected &quot;spy&quot; to be called with arguments: [ …(2) ]

Number of calls: 0

 ❯ client/src/lib/webflowDataApi.test.ts:527:25
            </failure>
        </testcase>
        <testcase classname="client/src/lib/webflowDataApi.test.ts" name="WebflowDataAPI &gt; CMS API &gt; should list collections for a site" time="0.0035931">
            <failure message="expected &quot;spy&quot; to be called with arguments: [ …(2) ][90m

Number of calls: [1m0[22m
[39m" type="AssertionError">
AssertionError: expected &quot;spy&quot; to be called with arguments: [ …(2) ]

Number of calls: 0

 ❯ client/src/lib/webflowDataApi.test.ts:579:25
            </failure>
        </testcase>
        <testcase classname="client/src/lib/webflowDataApi.test.ts" name="WebflowDataAPI &gt; CMS API &gt; should list items in a collection" time="0.0043747">
            <failure message="expected &quot;spy&quot; to be called with arguments: [ …(2) ][90m

Number of calls: [1m0[22m
[39m" type="AssertionError">
AssertionError: expected &quot;spy&quot; to be called with arguments: [ …(2) ]

Number of calls: 0

 ❯ client/src/lib/webflowDataApi.test.ts:595:25
            </failure>
        </testcase>
        <testcase classname="client/src/lib/webflowDataApi.test.ts" name="WebflowDataAPI &gt; CMS API &gt; should create collection item" time="7.0448266">
            <failure message="" type="WebflowServerError">
{
  stack: &apos;WebflowServerError: \n&apos; +
    &apos;    at Function.fromResponse (C:\\Users\\Paul Mulligan\\PMDS\\Projects\\AI-SEO-Copilot-for-Webflow\\client\\src\\lib\\webflowErrors.ts:197:18)\n&apos; +
    &apos;    at HttpClient.executeRequest (C:\\Users\\Paul Mulligan\\PMDS\\Projects\\AI-SEO-Copilot-for-Webflow\\client\\src\\lib\\httpClient.ts:171:41)\n&apos; +
    &apos;    at C:\\Users\\Paul Mulligan\\PMDS\\Projects\\AI-SEO-Copilot-for-Webflow\\client\\src\\lib\\webflowDataApi.test.ts:624:22\n&apos; +
    &apos;    at file:///C:/Users/Paul%20Mulligan/PMDS/Projects/AI-SEO-Copilot-for-Webflow/node_modules/.pnpm/@vitest+runner@3.2.4/node_modules/@vitest/runner/dist/chunk-hooks.js:752:20&apos;,
  originalError: undefined,
  name: &apos;WebflowServerError&apos;,
  code: 500,
  type: &apos;Server Error&apos;,
  message: &apos;&apos;,
  constructor: &apos;Function&lt;WebflowServerError&gt;&apos;,
  toApiError: &apos;Function&lt;toApiError&gt;&apos;,
  toString: &apos;Function&lt;toString&gt;&apos;,
  stacks: [
    {
      method: &apos;Function.fromResponse&apos;,
      file: &apos;C:/Users/Paul Mulligan/PMDS/Projects/AI-SEO-Copilot-for-Webflow/client/src/lib/webflowErrors.ts&apos;,
      line: 197,
      column: 18
    },
    {
      method: &apos;HttpClient.executeRequest&apos;,
      file: &apos;C:/Users/Paul Mulligan/PMDS/Projects/AI-SEO-Copilot-for-Webflow/client/src/lib/httpClient.ts&apos;,
      line: 171,
      column: 41
    },
    {
      method: &apos;&apos;,
      file: &apos;C:/Users/Paul Mulligan/PMDS/Projects/AI-SEO-Copilot-for-Webflow/client/src/lib/webflowDataApi.test.ts&apos;,
      line: 624,
      column: 22
    }
  ]
}
 ❯ Function.fromResponse client/src/lib/webflowErrors.ts:197:18
 ❯ HttpClient.executeRequest client/src/lib/httpClient.ts:171:41
 ❯ client/src/lib/webflowDataApi.test.ts:624:22

⎯⎯⎯⎯⎯⎯⎯⎯⎯⎯⎯⎯⎯⎯⎯⎯⎯⎯⎯⎯⎯⎯⎯⎯⎯⎯⎯⎯⎯⎯⎯⎯⎯⎯⎯⎯⎯⎯⎯⎯⎯⎯⎯⎯⎯⎯⎯⎯⎯⎯⎯⎯⎯⎯⎯⎯⎯⎯⎯⎯⎯⎯⎯⎯⎯⎯⎯⎯⎯⎯⎯⎯⎯⎯⎯⎯⎯⎯⎯⎯⎯⎯⎯⎯⎯⎯⎯⎯⎯⎯⎯⎯⎯⎯⎯⎯⎯⎯⎯⎯⎯⎯⎯⎯⎯⎯⎯⎯⎯⎯⎯⎯⎯⎯⎯⎯⎯⎯⎯⎯⎯⎯⎯⎯⎯⎯⎯⎯⎯⎯⎯⎯⎯⎯⎯⎯⎯⎯⎯⎯⎯⎯⎯⎯⎯⎯⎯⎯⎯⎯⎯⎯⎯⎯⎯⎯⎯⎯⎯⎯⎯⎯⎯⎯⎯⎯⎯⎯⎯⎯⎯⎯⎯⎯⎯⎯⎯⎯⎯⎯⎯⎯⎯⎯⎯⎯⎯⎯⎯⎯⎯⎯⎯⎯
Serialized Error: { originalError: undefined, code: 500, toApiError: &apos;Function&lt;toApiError&gt;&apos; }
            </failure>
        </testcase>
        <testcase classname="client/src/lib/webflowDataApi.test.ts" name="WebflowDataAPI &gt; CMS API &gt; should update collection item" time="0.0061285">
            <failure message="expected &quot;spy&quot; to be called with arguments: [ …(2) ][90m

Number of calls: [1m0[22m
[39m" type="AssertionError">
AssertionError: expected &quot;spy&quot; to be called with arguments: [ …(2) ]

Number of calls: 0

 ❯ client/src/lib/webflowDataApi.test.ts:660:25
            </failure>
        </testcase>
        <testcase classname="client/src/lib/webflowDataApi.test.ts" name="WebflowDataAPI &gt; CMS API &gt; should delete collection item" time="0.0064668">
            <failure message="expected &quot;spy&quot; to be called with arguments: [ …(2) ][90m

Number of calls: [1m0[22m
[39m" type="AssertionError">
AssertionError: expected &quot;spy&quot; to be called with arguments: [ …(2) ]

Number of calls: 0

 ❯ client/src/lib/webflowDataApi.test.ts:679:25
            </failure>
        </testcase>
        <testcase classname="client/src/lib/webflowDataApi.test.ts" name="WebflowDataAPI &gt; Request Pagination &gt; should handle paginated responses" time="0.0063126">
            <failure message="expected &quot;spy&quot; to be called with arguments: [ …(2) ][90m

Number of calls: [1m0[22m
[39m" type="AssertionError">
AssertionError: expected &quot;spy&quot; to be called with arguments: [ …(2) ]

Number of calls: 0

 ❯ client/src/lib/webflowDataApi.test.ts:707:25
            </failure>
        </testcase>
        <testcase classname="client/src/lib/webflowDataApi.test.ts" name="WebflowDataAPI &gt; Request Pagination &gt; should build query strings correctly" time="0.0061453">
            <failure message="expected &quot;spy&quot; to be called with arguments: [ …(2) ][90m

Number of calls: [1m0[22m
[39m" type="AssertionError">
AssertionError: expected &quot;spy&quot; to be called with arguments: [ …(2) ]

Number of calls: 0

 ❯ client/src/lib/webflowDataApi.test.ts:730:25
            </failure>
        </testcase>
        <testcase classname="client/src/lib/webflowDataApi.test.ts" name="WebflowDataAPI &gt; Token Management &gt; should update token" time="0.0001655">
        </testcase>
        <testcase classname="client/src/lib/webflowDataApi.test.ts" name="WebflowDataAPI &gt; Token Management &gt; should validate token before requests" time="0.0004086">
        </testcase>
        <testcase classname="client/src/lib/webflowDataApi.test.ts" name="WebflowDataAPI &gt; Request Timeout &gt; should timeout long requests" time="0.0052363">
            <failure message="promise resolved &quot;{ …(2) }&quot; instead of rejecting" type="AssertionError">
AssertionError: promise resolved &quot;{ …(2) }&quot; instead of rejecting

- Expected
+ Received

- Error {
-   &quot;message&quot;: &quot;rejected promise&quot;,
+ {
+   &quot;message&quot;: &quot;Mock response for external URL&quot;,
+   &quot;url&quot;: &quot;https://api.webflow.com/test&quot;,
  }

 ❯ client/src/lib/webflowDataApi.test.ts:790:35
            </failure>
        </testcase>
        <testcase classname="client/src/lib/webflowDataApi.test.ts" name="WebflowDataAPI &gt; Request Timeout &gt; should allow custom timeout per request" time="0.0066732">
            <failure message="promise resolved &quot;{ …(2) }&quot; instead of rejecting" type="AssertionError">
AssertionError: promise resolved &quot;{ …(2) }&quot; instead of rejecting

- Expected
+ Received

- Error {
-   &quot;message&quot;: &quot;rejected promise&quot;,
+ {
+   &quot;message&quot;: &quot;Mock response for external URL&quot;,
+   &quot;url&quot;: &quot;https://api.webflow.com/test?timeout=100&quot;,
  }

 ❯ client/src/lib/webflowDataApi.test.ts:816:45
            </failure>
        </testcase>
    </testsuite>
    <testsuite name="client/src/lib/webflowInsertion.test.ts" timestamp="2025-09-19T01:25:09.399Z" hostname="JohnDee" tests="21" failures="9" errors="0" skipped="0" time="0.3633794">
        <testcase classname="client/src/lib/webflowInsertion.test.ts" name="WebflowInsertion &gt; Single Insertion Operations &gt; should apply page title recommendation" time="0.0050367">
        </testcase>
        <testcase classname="client/src/lib/webflowInsertion.test.ts" name="WebflowInsertion &gt; Single Insertion Operations &gt; should apply meta description recommendation" time="0.0007811">
        </testcase>
        <testcase classname="client/src/lib/webflowInsertion.test.ts" name="WebflowInsertion &gt; Single Insertion Operations &gt; should apply page SEO data (title + description)" time="0.000455">
        </testcase>
        <testcase classname="client/src/lib/webflowInsertion.test.ts" name="WebflowInsertion &gt; Single Insertion Operations &gt; should apply CMS field recommendation" time="0.0006047">
        </testcase>
        <testcase classname="client/src/lib/webflowInsertion.test.ts" name="WebflowInsertion &gt; Validation &gt; should validate required fields for page operations" time="0.0051662">
            <failure message="promise resolved &quot;{ success: false, error: { …(3) } }&quot; instead of rejecting" type="AssertionError">
AssertionError: promise resolved &quot;{ success: false, error: { …(3) } }&quot; instead of rejecting

- Expected
+ Received

- Error {
-   &quot;message&quot;: &quot;rejected promise&quot;,
+ {
+   &quot;error&quot;: {
+     &quot;code&quot;: 500,
+     &quot;err&quot;: &quot;Unknown Error&quot;,
+     &quot;msg&quot;: &quot;Page ID is required for page operations&quot;,
+   },
+   &quot;success&quot;: false,
  }

 ❯ client/src/lib/webflowInsertion.test.ts:202:36
            </failure>
        </testcase>
        <testcase classname="client/src/lib/webflowInsertion.test.ts" name="WebflowInsertion &gt; Validation &gt; should validate required fields for CMS operations" time="0.0009625">
            <failure message="promise resolved &quot;{ success: false, error: { …(3) } }&quot; instead of rejecting" type="AssertionError">
AssertionError: promise resolved &quot;{ success: false, error: { …(3) } }&quot; instead of rejecting

- Expected
+ Received

- Error {
-   &quot;message&quot;: &quot;rejected promise&quot;,
+ {
+   &quot;error&quot;: {
+     &quot;code&quot;: 500,
+     &quot;err&quot;: &quot;Unknown Error&quot;,
+     &quot;msg&quot;: &quot;CMS Item ID and Field ID are required for CMS operations&quot;,
+   },
+   &quot;success&quot;: false,
  }

 ❯ client/src/lib/webflowInsertion.test.ts:215:36
            </failure>
        </testcase>
        <testcase classname="client/src/lib/webflowInsertion.test.ts" name="WebflowInsertion &gt; Validation &gt; should validate value types" time="0.0007251">
            <failure message="promise resolved &quot;{ success: false, error: { …(3) } }&quot; instead of rejecting" type="AssertionError">
AssertionError: promise resolved &quot;{ success: false, error: { …(3) } }&quot; instead of rejecting

- Expected
+ Received

- Error {
-   &quot;message&quot;: &quot;rejected promise&quot;,
+ {
+   &quot;error&quot;: {
+     &quot;code&quot;: 500,
+     &quot;err&quot;: &quot;Unknown Error&quot;,
+     &quot;msg&quot;: &quot;Value cannot be empty&quot;,
+   },
+   &quot;success&quot;: false,
  }

 ❯ client/src/lib/webflowInsertion.test.ts:227:36
            </failure>
        </testcase>
        <testcase classname="client/src/lib/webflowInsertion.test.ts" name="WebflowInsertion &gt; Validation &gt; should validate page SEO value structure" time="0.0006649">
            <failure message="promise resolved &quot;{ success: false, error: { …(3) } }&quot; instead of rejecting" type="AssertionError">
AssertionError: promise resolved &quot;{ success: false, error: { …(3) } }&quot; instead of rejecting

- Expected
+ Received

- Error {
-   &quot;message&quot;: &quot;rejected promise&quot;,
+ {
+   &quot;error&quot;: {
+     &quot;code&quot;: 500,
+     &quot;err&quot;: &quot;Unknown Error&quot;,
+     &quot;msg&quot;: &quot;Page SEO value must be an object with title and/or description&quot;,
+   },
+   &quot;success&quot;: false,
  }

 ❯ client/src/lib/webflowInsertion.test.ts:239:36
            </failure>
        </testcase>
        <testcase classname="client/src/lib/webflowInsertion.test.ts" name="WebflowInsertion &gt; Validation &gt; should validate character limits" time="0.0007522">
            <failure message="promise resolved &quot;{ success: false, error: { …(3) } }&quot; instead of rejecting" type="AssertionError">
AssertionError: promise resolved &quot;{ success: false, error: { …(3) } }&quot; instead of rejecting

- Expected
+ Received

- Error {
-   &quot;message&quot;: &quot;rejected promise&quot;,
+ {
+   &quot;error&quot;: {
+     &quot;code&quot;: 500,
+     &quot;err&quot;: &quot;Unknown Error&quot;,
+     &quot;msg&quot;: &quot;Page title must be less than 500 characters&quot;,
+   },
+   &quot;success&quot;: false,
  }

 ❯ client/src/lib/webflowInsertion.test.ts:251:36
            </failure>
        </testcase>
        <testcase classname="client/src/lib/webflowInsertion.test.ts" name="WebflowInsertion &gt; Preview Mode &gt; should support preview mode without applying changes" time="0.0007351">
        </testcase>
        <testcase classname="client/src/lib/webflowInsertion.test.ts" name="WebflowInsertion &gt; Preview Mode &gt; should preview meta description changes" time="0.0004261">
        </testcase>
        <testcase classname="client/src/lib/webflowInsertion.test.ts" name="WebflowInsertion &gt; Batch Operations &gt; should apply multiple recommendations in batch" time="0.0009847">
        </testcase>
        <testcase classname="client/src/lib/webflowInsertion.test.ts" name="WebflowInsertion &gt; Batch Operations &gt; should handle partial batch failures" time="0.0006304">
            <failure message="Page not found" type="Error">
Error: Page not found
 ❯ client/src/lib/webflowInsertion.test.ts:379:32
            </failure>
        </testcase>
        <testcase classname="client/src/lib/webflowInsertion.test.ts" name="WebflowInsertion &gt; Batch Operations &gt; should require confirmation for batch operations when specified" time="0.0006173">
        </testcase>
        <testcase classname="client/src/lib/webflowInsertion.test.ts" name="WebflowInsertion &gt; Batch Operations &gt; should support rollback for batch operations" time="0.0006692">
        </testcase>
        <testcase classname="client/src/lib/webflowInsertion.test.ts" name="WebflowInsertion &gt; Error Handling &gt; should handle API errors gracefully" time="0.0004707">
            <failure message="API Error: Server error" type="Error">
Error: API Error: Server error
 ❯ client/src/lib/webflowInsertion.test.ts:461:52
            </failure>
        </testcase>
        <testcase classname="client/src/lib/webflowInsertion.test.ts" name="WebflowInsertion &gt; Error Handling &gt; should handle rate limiting errors" time="0.0005067">
            <failure message="Rate Limited: Too many requests" type="Error">
Error: Rate Limited: Too many requests
 ❯ client/src/lib/webflowInsertion.test.ts:482:30

⎯⎯⎯⎯⎯⎯⎯⎯⎯⎯⎯⎯⎯⎯⎯⎯⎯⎯⎯⎯⎯⎯⎯⎯⎯⎯⎯⎯⎯⎯⎯⎯⎯⎯⎯⎯⎯⎯⎯⎯⎯⎯⎯⎯⎯⎯⎯⎯⎯⎯⎯⎯⎯⎯⎯⎯⎯⎯⎯⎯⎯⎯⎯⎯⎯⎯⎯⎯⎯⎯⎯⎯⎯⎯⎯⎯⎯⎯⎯⎯⎯⎯⎯⎯⎯⎯⎯⎯⎯⎯⎯⎯⎯⎯⎯⎯⎯⎯⎯⎯⎯⎯⎯⎯⎯⎯⎯⎯⎯⎯⎯⎯⎯⎯⎯⎯⎯⎯⎯⎯⎯⎯⎯⎯⎯⎯⎯⎯⎯⎯⎯⎯⎯⎯⎯⎯⎯⎯⎯⎯⎯⎯⎯⎯⎯⎯⎯⎯⎯⎯⎯⎯⎯⎯⎯⎯⎯⎯⎯⎯⎯⎯⎯⎯⎯⎯⎯⎯⎯⎯⎯⎯⎯⎯⎯⎯⎯⎯⎯⎯⎯⎯⎯⎯⎯⎯⎯⎯⎯⎯⎯⎯⎯⎯
Serialized Error: { rateLimitInfo: { remaining: +0, limit: 100, resetTime: 1758245143026, retryAfter: 60000 } }
            </failure>
        </testcase>
        <testcase classname="client/src/lib/webflowInsertion.test.ts" name="WebflowInsertion &gt; Error Handling &gt; should validate permissions before applying" time="0.0009453">
            <failure message="promise resolved &quot;{ success: false, error: { …(3) } }&quot; instead of rejecting" type="AssertionError">
AssertionError: promise resolved &quot;{ success: false, error: { …(3) } }&quot; instead of rejecting

- Expected
+ Received

- Error {
-   &quot;message&quot;: &quot;rejected promise&quot;,
+ {
+   &quot;error&quot;: {
+     &quot;code&quot;: 500,
+     &quot;err&quot;: &quot;Insufficient permissions&quot;,
+     &quot;msg&quot;: &quot;pages:write scope required&quot;,
+   },
+   &quot;success&quot;: false,
  }

 ❯ client/src/lib/webflowInsertion.test.ts:520:44
            </failure>
        </testcase>
        <testcase classname="client/src/lib/webflowInsertion.test.ts" name="WebflowInsertion &gt; Progress Tracking &gt; should track progress for long operations" time="0.3341231">
        </testcase>
        <testcase classname="client/src/lib/webflowInsertion.test.ts" name="WebflowInsertion &gt; Collection ID Resolution &gt; should resolve collection ID for CMS items" time="0.0022969">
        </testcase>
        <testcase classname="client/src/lib/webflowInsertion.test.ts" name="WebflowInsertion &gt; Collection ID Resolution &gt; should cache collection ID lookups" time="0.0011301">
        </testcase>
    </testsuite>
    <testsuite name="client/src/utils/advancedOptionsStorage.test.ts" timestamp="2025-09-19T01:25:09.403Z" hostname="JohnDee" tests="15" failures="0" errors="0" skipped="0" time="0.0255966">
        <testcase classname="client/src/utils/advancedOptionsStorage.test.ts" name="advancedOptionsStorage &gt; saveAdvancedOptionsForPage &gt; should save advanced options for a page" time="0.0067384">
        </testcase>
        <testcase classname="client/src/utils/advancedOptionsStorage.test.ts" name="advancedOptionsStorage &gt; saveAdvancedOptionsForPage &gt; should trim whitespace from options" time="0.0013347">
        </testcase>
        <testcase classname="client/src/utils/advancedOptionsStorage.test.ts" name="advancedOptionsStorage &gt; saveAdvancedOptionsForPage &gt; should remove page entry when both fields are empty" time="0.0010061">
        </testcase>
        <testcase classname="client/src/utils/advancedOptionsStorage.test.ts" name="advancedOptionsStorage &gt; saveAdvancedOptionsForPage &gt; should handle localStorage errors gracefully" time="0.0038409">
        </testcase>
        <testcase classname="client/src/utils/advancedOptionsStorage.test.ts" name="advancedOptionsStorage &gt; loadAdvancedOptionsForPage &gt; should load saved advanced options for a page" time="0.0011045">
        </testcase>
        <testcase classname="client/src/utils/advancedOptionsStorage.test.ts" name="advancedOptionsStorage &gt; loadAdvancedOptionsForPage &gt; should return empty options for non-existent page" time="0.0002558">
        </testcase>
        <testcase classname="client/src/utils/advancedOptionsStorage.test.ts" name="advancedOptionsStorage &gt; loadAdvancedOptionsForPage &gt; should return empty options when localStorage is empty" time="0.0001931">
        </testcase>
        <testcase classname="client/src/utils/advancedOptionsStorage.test.ts" name="advancedOptionsStorage &gt; loadAdvancedOptionsForPage &gt; should handle localStorage errors gracefully" time="0.0005369">
        </testcase>
        <testcase classname="client/src/utils/advancedOptionsStorage.test.ts" name="advancedOptionsStorage &gt; clearAllAdvancedOptions &gt; should remove all stored advanced options" time="0.0014738">
        </testcase>
        <testcase classname="client/src/utils/advancedOptionsStorage.test.ts" name="advancedOptionsStorage &gt; clearAllAdvancedOptions &gt; should handle localStorage errors gracefully" time="0.0007266">
        </testcase>
        <testcase classname="client/src/utils/advancedOptionsStorage.test.ts" name="advancedOptionsStorage &gt; getAllStoredAdvancedOptions &gt; should return all stored advanced options" time="0.0017179">
        </testcase>
        <testcase classname="client/src/utils/advancedOptionsStorage.test.ts" name="advancedOptionsStorage &gt; getAllStoredAdvancedOptions &gt; should return empty object when no options stored" time="0.0001957">
        </testcase>
        <testcase classname="client/src/utils/advancedOptionsStorage.test.ts" name="advancedOptionsStorage &gt; getAllStoredAdvancedOptions &gt; should handle localStorage errors gracefully" time="0.000442">
        </testcase>
        <testcase classname="client/src/utils/advancedOptionsStorage.test.ts" name="advancedOptionsStorage &gt; page persistence scenarios &gt; should handle multiple pages with different options" time="0.0013435">
        </testcase>
        <testcase classname="client/src/utils/advancedOptionsStorage.test.ts" name="advancedOptionsStorage &gt; page persistence scenarios &gt; should update existing page options" time="0.000793">
        </testcase>
    </testsuite>
    <testsuite name="client/src/utils/clipboard.test.tsx" timestamp="2025-09-19T01:25:09.405Z" hostname="JohnDee" tests="4" failures="0" errors="0" skipped="0" time="0.0258229">
        <testcase classname="client/src/utils/clipboard.test.tsx" name="clipboard utilities &gt; copyToClipboard &gt; uses modern clipboard API when available" time="0.0079284">
        </testcase>
        <testcase classname="client/src/utils/clipboard.test.tsx" name="clipboard utilities &gt; copyToClipboard &gt; falls back to execCommand when clipboard API fails" time="0.0097614">
            <system-err>
Modern clipboard API failed: Error: Clipboard API failed
    at [90mC:\Users\Paul Mulligan\PMDS\Projects\AI-SEO-Copilot-for-Webflow\[39mclient\src\utils\clipboard.test.tsx:40:49
    at [90mfile:///C:/Users/Paul%20Mulligan/PMDS/Projects/AI-SEO-Copilot-for-Webflow/[39mnode_modules/[4m.pnpm[24m/@vitest+runner@3.2.4/node_modules/[4m@vitest[24m/runner/dist/chunk-hooks.js:155:11
    at [90mfile:///C:/Users/Paul%20Mulligan/PMDS/Projects/AI-SEO-Copilot-for-Webflow/[39mnode_modules/[4m.pnpm[24m/@vitest+runner@3.2.4/node_modules/[4m@vitest[24m/runner/dist/chunk-hooks.js:752:26
    at [90mfile:///C:/Users/Paul%20Mulligan/PMDS/Projects/AI-SEO-Copilot-for-Webflow/[39mnode_modules/[4m.pnpm[24m/@vitest+runner@3.2.4/node_modules/[4m@vitest[24m/runner/dist/chunk-hooks.js:1897:20
    at new Promise (&lt;anonymous&gt;)
    at runWithTimeout [90m(file:///C:/Users/Paul%20Mulligan/PMDS/Projects/AI-SEO-Copilot-for-Webflow/[39mnode_modules/[4m.pnpm[24m/@vitest+runner@3.2.4/node_modules/[4m@vitest[24m/runner/dist/chunk-hooks.js:1863:10[90m)[39m
    at runTest [90m(file:///C:/Users/Paul%20Mulligan/PMDS/Projects/AI-SEO-Copilot-for-Webflow/[39mnode_modules/[4m.pnpm[24m/@vitest+runner@3.2.4/node_modules/[4m@vitest[24m/runner/dist/chunk-hooks.js:1574:12[90m)[39m
[90m    at processTicksAndRejections (node:internal/process/task_queues:105:5)[39m
    at runSuite [90m(file:///C:/Users/Paul%20Mulligan/PMDS/Projects/AI-SEO-Copilot-for-Webflow/[39mnode_modules/[4m.pnpm[24m/@vitest+runner@3.2.4/node_modules/[4m@vitest[24m/runner/dist/chunk-hooks.js:1729:8[90m)[39m
    at runSuite [90m(file:///C:/Users/Paul%20Mulligan/PMDS/Projects/AI-SEO-Copilot-for-Webflow/[39mnode_modules/[4m.pnpm[24m/@vitest+runner@3.2.4/node_modules/[4m@vitest[24m/runner/dist/chunk-hooks.js:1729:8[90m)[39m

            </system-err>
        </testcase>
        <testcase classname="client/src/utils/clipboard.test.tsx" name="clipboard utilities &gt; copyToClipboard &gt; returns false when both methods fail" time="0.0032766">
            <system-err>
Modern clipboard API failed: Error: Clipboard API failed
    at [90mC:\Users\Paul Mulligan\PMDS\Projects\AI-SEO-Copilot-for-Webflow\[39mclient\src\utils\clipboard.test.tsx:49:49
    at [90mfile:///C:/Users/Paul%20Mulligan/PMDS/Projects/AI-SEO-Copilot-for-Webflow/[39mnode_modules/[4m.pnpm[24m/@vitest+runner@3.2.4/node_modules/[4m@vitest[24m/runner/dist/chunk-hooks.js:155:11
    at [90mfile:///C:/Users/Paul%20Mulligan/PMDS/Projects/AI-SEO-Copilot-for-Webflow/[39mnode_modules/[4m.pnpm[24m/@vitest+runner@3.2.4/node_modules/[4m@vitest[24m/runner/dist/chunk-hooks.js:752:26
    at [90mfile:///C:/Users/Paul%20Mulligan/PMDS/Projects/AI-SEO-Copilot-for-Webflow/[39mnode_modules/[4m.pnpm[24m/@vitest+runner@3.2.4/node_modules/[4m@vitest[24m/runner/dist/chunk-hooks.js:1897:20
    at new Promise (&lt;anonymous&gt;)
    at runWithTimeout [90m(file:///C:/Users/Paul%20Mulligan/PMDS/Projects/AI-SEO-Copilot-for-Webflow/[39mnode_modules/[4m.pnpm[24m/@vitest+runner@3.2.4/node_modules/[4m@vitest[24m/runner/dist/chunk-hooks.js:1863:10[90m)[39m
    at runTest [90m(file:///C:/Users/Paul%20Mulligan/PMDS/Projects/AI-SEO-Copilot-for-Webflow/[39mnode_modules/[4m.pnpm[24m/@vitest+runner@3.2.4/node_modules/[4m@vitest[24m/runner/dist/chunk-hooks.js:1574:12[90m)[39m
[90m    at processTicksAndRejections (node:internal/process/task_queues:105:5)[39m
    at runSuite [90m(file:///C:/Users/Paul%20Mulligan/PMDS/Projects/AI-SEO-Copilot-for-Webflow/[39mnode_modules/[4m.pnpm[24m/@vitest+runner@3.2.4/node_modules/[4m@vitest[24m/runner/dist/chunk-hooks.js:1729:8[90m)[39m
    at runSuite [90m(file:///C:/Users/Paul%20Mulligan/PMDS/Projects/AI-SEO-Copilot-for-Webflow/[39mnode_modules/[4m.pnpm[24m/@vitest+runner@3.2.4/node_modules/[4m@vitest[24m/runner/dist/chunk-hooks.js:1729:8[90m)[39m

            </system-err>
        </testcase>
        <testcase classname="client/src/utils/clipboard.test.tsx" name="clipboard utilities &gt; copyToClipboard &gt; handles empty text" time="0.0003997">
        </testcase>
    </testsuite>
    <testsuite name="client/src/utils/keywordStorage.test.ts" timestamp="2025-09-19T01:25:09.405Z" hostname="JohnDee" tests="21" failures="0" errors="0" skipped="0" time="0.0180065">
        <testcase classname="client/src/utils/keywordStorage.test.ts" name="keywordStorage &gt; generatePageId &gt; returns &quot;homepage&quot; for homepage regardless of path" time="0.0016069">
        </testcase>
        <testcase classname="client/src/utils/keywordStorage.test.ts" name="keywordStorage &gt; generatePageId &gt; cleans and returns path for non-homepage pages" time="0.0003665">
        </testcase>
        <testcase classname="client/src/utils/keywordStorage.test.ts" name="keywordStorage &gt; generatePageId &gt; handles null path for non-homepage" time="0.0001676">
        </testcase>
        <testcase classname="client/src/utils/keywordStorage.test.ts" name="keywordStorage &gt; generatePageId &gt; handles empty path" time="0.000176">
        </testcase>
        <testcase classname="client/src/utils/keywordStorage.test.ts" name="keywordStorage &gt; generatePageId &gt; includes siteId prefix when provided" time="0.0003075">
        </testcase>
        <testcase classname="client/src/utils/keywordStorage.test.ts" name="keywordStorage &gt; generatePageId &gt; works without siteId for backward compatibility" time="0.0002097">
        </testcase>
        <testcase classname="client/src/utils/keywordStorage.test.ts" name="keywordStorage &gt; saveKeywordsForPage &gt; saves keywords to localStorage" time="0.0021712">
        </testcase>
        <testcase classname="client/src/utils/keywordStorage.test.ts" name="keywordStorage &gt; saveKeywordsForPage &gt; creates new storage when none exists" time="0.0002834">
        </testcase>
        <testcase classname="client/src/utils/keywordStorage.test.ts" name="keywordStorage &gt; saveKeywordsForPage &gt; trims whitespace from keywords" time="0.0002914">
        </testcase>
        <testcase classname="client/src/utils/keywordStorage.test.ts" name="keywordStorage &gt; saveKeywordsForPage &gt; removes entry when keywords are empty" time="0.0002642">
        </testcase>
        <testcase classname="client/src/utils/keywordStorage.test.ts" name="keywordStorage &gt; saveKeywordsForPage &gt; handles localStorage errors gracefully" time="0.0033019">
        </testcase>
        <testcase classname="client/src/utils/keywordStorage.test.ts" name="keywordStorage &gt; loadKeywordsForPage &gt; loads keywords from localStorage" time="0.0003832">
        </testcase>
        <testcase classname="client/src/utils/keywordStorage.test.ts" name="keywordStorage &gt; loadKeywordsForPage &gt; returns empty string when no storage exists" time="0.0001599">
        </testcase>
        <testcase classname="client/src/utils/keywordStorage.test.ts" name="keywordStorage &gt; loadKeywordsForPage &gt; returns empty string when page not found" time="0.0001878">
        </testcase>
        <testcase classname="client/src/utils/keywordStorage.test.ts" name="keywordStorage &gt; loadKeywordsForPage &gt; handles localStorage errors gracefully" time="0.0004717">
        </testcase>
        <testcase classname="client/src/utils/keywordStorage.test.ts" name="keywordStorage &gt; loadKeywordsForPage &gt; handles invalid JSON gracefully" time="0.0003812">
        </testcase>
        <testcase classname="client/src/utils/keywordStorage.test.ts" name="keywordStorage &gt; clearAllKeywords &gt; removes the storage key from localStorage" time="0.0002444">
        </testcase>
        <testcase classname="client/src/utils/keywordStorage.test.ts" name="keywordStorage &gt; clearAllKeywords &gt; handles localStorage errors gracefully" time="0.0005156">
        </testcase>
        <testcase classname="client/src/utils/keywordStorage.test.ts" name="keywordStorage &gt; getAllStoredKeywords &gt; returns all stored keywords" time="0.0005129">
        </testcase>
        <testcase classname="client/src/utils/keywordStorage.test.ts" name="keywordStorage &gt; getAllStoredKeywords &gt; returns empty object when no storage exists" time="0.0001923">
        </testcase>
        <testcase classname="client/src/utils/keywordStorage.test.ts" name="keywordStorage &gt; getAllStoredKeywords &gt; handles localStorage errors gracefully" time="0.0003699">
        </testcase>
    </testsuite>
    <testsuite name="client/src/utils/languageStorage.test.ts" timestamp="2025-09-19T01:25:09.407Z" hostname="JohnDee" tests="9" failures="0" errors="0" skipped="0" time="0.0177269">
        <testcase classname="client/src/utils/languageStorage.test.ts" name="Language Storage with Site Detection &gt; loadLanguageForSite &gt; should return detected site language when no preferences stored" time="0.0030732">
        </testcase>
        <testcase classname="client/src/utils/languageStorage.test.ts" name="Language Storage with Site Detection &gt; loadLanguageForSite &gt; should return detected site language when no preference for specific site" time="0.0004732">
        </testcase>
        <testcase classname="client/src/utils/languageStorage.test.ts" name="Language Storage with Site Detection &gt; loadLanguageForSite &gt; should return stored preference when available" time="0.0003815">
        </testcase>
        <testcase classname="client/src/utils/languageStorage.test.ts" name="Language Storage with Site Detection &gt; loadLanguageForSite &gt; should handle localStorage errors gracefully" time="0.0029875">
            <system-err>
Failed to load language preference from localStorage: Error: localStorage error
    at Object.&lt;anonymous&gt; [90m(C:\Users\Paul Mulligan\PMDS\Projects\AI-SEO-Copilot-for-Webflow\[39mclient\src\utils\languageStorage.test.ts:116:15[90m)[39m
    at Object.mockCall [90m(file:///C:/Users/Paul%20Mulligan/PMDS/Projects/AI-SEO-Copilot-for-Webflow/[39mnode_modules/[4m.pnpm[24m/@vitest+spy@3.2.4/node_modules/[4m@vitest[24m/spy/dist/index.js:96:15[90m)[39m
    at Object.getItem [90m(file:///C:/Users/Paul%20Mulligan/PMDS/Projects/AI-SEO-Copilot-for-Webflow/[39mnode_modules/[4m.pnpm[24m/tinyspy@4.0.3/node_modules/[4mtinyspy[24m/dist/index.js:47:103[90m)[39m
    at Module.loadLanguageForSite [90m(C:\Users\Paul Mulligan\PMDS\Projects\AI-SEO-Copilot-for-Webflow\[39mclient\src\utils\languageStorage.ts:46:33[90m)[39m
    at [90mC:\Users\Paul Mulligan\PMDS\Projects\AI-SEO-Copilot-for-Webflow\[39mclient\src\utils\languageStorage.test.ts:119:22
    at [90mfile:///C:/Users/Paul%20Mulligan/PMDS/Projects/AI-SEO-Copilot-for-Webflow/[39mnode_modules/[4m.pnpm[24m/@vitest+runner@3.2.4/node_modules/[4m@vitest[24m/runner/dist/chunk-hooks.js:155:11
    at [90mfile:///C:/Users/Paul%20Mulligan/PMDS/Projects/AI-SEO-Copilot-for-Webflow/[39mnode_modules/[4m.pnpm[24m/@vitest+runner@3.2.4/node_modules/[4m@vitest[24m/runner/dist/chunk-hooks.js:752:26
    at [90mfile:///C:/Users/Paul%20Mulligan/PMDS/Projects/AI-SEO-Copilot-for-Webflow/[39mnode_modules/[4m.pnpm[24m/@vitest+runner@3.2.4/node_modules/[4m@vitest[24m/runner/dist/chunk-hooks.js:1897:20
    at new Promise (&lt;anonymous&gt;)
    at runWithTimeout [90m(file:///C:/Users/Paul%20Mulligan/PMDS/Projects/AI-SEO-Copilot-for-Webflow/[39mnode_modules/[4m.pnpm[24m/@vitest+runner@3.2.4/node_modules/[4m@vitest[24m/runner/dist/chunk-hooks.js:1863:10[90m)[39m

            </system-err>
        </testcase>
        <testcase classname="client/src/utils/languageStorage.test.ts" name="Language Storage with Site Detection &gt; saveLanguageForSite &gt; should save language preference correctly" time="0.0022618">
        </testcase>
        <testcase classname="client/src/utils/languageStorage.test.ts" name="Language Storage with Site Detection &gt; saveLanguageForSite &gt; should handle unsupported language codes" time="0.0008222">
            <system-err>
Unsupported language code: xyz. Using default language.

            </system-err>
        </testcase>
        <testcase classname="client/src/utils/languageStorage.test.ts" name="Language Storage with Site Detection &gt; getLanguageCodeForSite &gt; should return language code for site" time="0.0003305">
        </testcase>
        <testcase classname="client/src/utils/languageStorage.test.ts" name="Language Storage with Site Detection &gt; integration with site detection &gt; should prioritize saved preference over site detection" time="0.0005241">
        </testcase>
        <testcase classname="client/src/utils/languageStorage.test.ts" name="Language Storage with Site Detection &gt; integration with site detection &gt; should fall back to detection for new sites" time="0.0003338">
        </testcase>
    </testsuite>
    <testsuite name="client/src/services/aiRecommendations.simple.test.ts" timestamp="2025-09-19T01:25:09.408Z" hostname="JohnDee" tests="5" failures="5" errors="0" skipped="0" time="0.0829779">
        <testcase classname="client/src/services/aiRecommendations.simple.test.ts" name="AI Recommendations Service (Simple) &gt; should generate AI recommendations successfully" time="0.038697">
            <failure message="Failed to generate AI recommendations" type="Error">
Error: Failed to generate AI recommendations
 ❯ generateRecommendations client/src/services/aiRecommendations.ts:130:15
 ❯ client/src/services/aiRecommendations.simple.test.ts:74:20
            </failure>
            <failure message="Cannot delete property &apos;env&apos; of #&lt;Object&gt;" type="TypeError">
TypeError: Cannot delete property &apos;env&apos; of #&lt;Object&gt;
 ❯ client/src/services/aiRecommendations.simple.test.ts:44:5
            </failure>
        </testcase>
        <testcase classname="client/src/services/aiRecommendations.simple.test.ts" name="AI Recommendations Service (Simple) &gt; should handle disabled AI recommendations" time="0.0009309">
            <failure message="Cannot delete property &apos;env&apos; of #&lt;Object&gt;" type="TypeError">
TypeError: Cannot delete property &apos;env&apos; of #&lt;Object&gt;
 ❯ client/src/services/aiRecommendations.simple.test.ts:93:5
            </failure>
            <failure message="Cannot delete property &apos;env&apos; of #&lt;Object&gt;" type="TypeError">
TypeError: Cannot delete property &apos;env&apos; of #&lt;Object&gt;
 ❯ client/src/services/aiRecommendations.simple.test.ts:44:5
            </failure>
        </testcase>
        <testcase classname="client/src/services/aiRecommendations.simple.test.ts" name="AI Recommendations Service (Simple) &gt; should validate required content" time="0.0024695">
            <failure message="Cannot delete property &apos;env&apos; of #&lt;Object&gt;" type="TypeError">
TypeError: Cannot delete property &apos;env&apos; of #&lt;Object&gt;
 ❯ client/src/services/aiRecommendations.simple.test.ts:44:5
            </failure>
        </testcase>
        <testcase classname="client/src/services/aiRecommendations.simple.test.ts" name="AI Recommendations Service (Simple) &gt; should generate fallback recommendations when enabled" time="0.021192">
            <failure message="Cannot delete property &apos;env&apos; of #&lt;Object&gt;" type="TypeError">
TypeError: Cannot delete property &apos;env&apos; of #&lt;Object&gt;
 ❯ client/src/services/aiRecommendations.simple.test.ts:44:5
            </failure>
        </testcase>
        <testcase classname="client/src/services/aiRecommendations.simple.test.ts" name="AI Recommendations Service (Simple) &gt; should handle rate limiting errors" time="0.0159051">
            <failure message="expected [Function] to throw error including &apos;Rate limit exceeded. Retry after 60 s…&apos; but got &apos;Failed to generate AI recommendations&apos;" type="AssertionError">
AssertionError: expected [Function] to throw error including &apos;Rate limit exceeded. Retry after 60 s…&apos; but got &apos;Failed to generate AI recommendations&apos;

Expected: &quot;Rate limit exceeded. Retry after 60 seconds&quot;
Received: &quot;Failed to generate AI recommendations&quot;

 ❯ client/src/services/aiRecommendations.simple.test.ts:151:5
            </failure>
            <failure message="Cannot delete property &apos;env&apos; of #&lt;Object&gt;" type="TypeError">
TypeError: Cannot delete property &apos;env&apos; of #&lt;Object&gt;
 ❯ client/src/services/aiRecommendations.simple.test.ts:44:5
            </failure>
        </testcase>
    </testsuite>
    <testsuite name="client/src/services/aiRecommendations.test.ts" timestamp="2025-09-19T01:25:09.411Z" hostname="JohnDee" tests="12" failures="12" errors="0" skipped="0" time="0.1782792">
        <testcase classname="client/src/services/aiRecommendations.test.ts" name="AI Recommendations Service &gt; generateRecommendations &gt; should generate AI-powered title and description recommendations" time="0.0422003">
            <failure message="Failed to generate AI recommendations" type="Error">
Error: Failed to generate AI recommendations
 ❯ generateRecommendations client/src/services/aiRecommendations.ts:130:15
 ❯ client/src/services/aiRecommendations.test.ts:76:22
            </failure>
            <failure message="Cannot delete property &apos;env&apos; of #&lt;Object&gt;" type="TypeError">
TypeError: Cannot delete property &apos;env&apos; of #&lt;Object&gt;
 ❯ client/src/services/aiRecommendations.test.ts:44:5
            </failure>
        </testcase>
        <testcase classname="client/src/services/aiRecommendations.test.ts" name="AI Recommendations Service &gt; generateRecommendations &gt; should handle different content types appropriately" time="0.0226563">
            <failure message="Failed to generate AI recommendations" type="Error">
Error: Failed to generate AI recommendations
 ❯ generateRecommendations client/src/services/aiRecommendations.ts:130:15
 ❯ client/src/services/aiRecommendations.test.ts:119:22
            </failure>
            <failure message="Cannot delete property &apos;env&apos; of #&lt;Object&gt;" type="TypeError">
TypeError: Cannot delete property &apos;env&apos; of #&lt;Object&gt;
 ❯ client/src/services/aiRecommendations.test.ts:44:5
            </failure>
        </testcase>
        <testcase classname="client/src/services/aiRecommendations.test.ts" name="AI Recommendations Service &gt; generateRecommendations &gt; should support multiple languages" time="0.0212348">
            <failure message="Failed to generate AI recommendations" type="Error">
Error: Failed to generate AI recommendations
 ❯ generateRecommendations client/src/services/aiRecommendations.ts:130:15
 ❯ client/src/services/aiRecommendations.test.ts:154:22
            </failure>
            <failure message="Cannot delete property &apos;env&apos; of #&lt;Object&gt;" type="TypeError">
TypeError: Cannot delete property &apos;env&apos; of #&lt;Object&gt;
 ❯ client/src/services/aiRecommendations.test.ts:44:5
            </failure>
        </testcase>
        <testcase classname="client/src/services/aiRecommendations.test.ts" name="AI Recommendations Service &gt; generateRecommendations &gt; should include keyword optimization in recommendations" time="0.011806">
            <failure message="Failed to generate AI recommendations" type="Error">
Error: Failed to generate AI recommendations
 ❯ generateRecommendations client/src/services/aiRecommendations.ts:130:15
 ❯ client/src/services/aiRecommendations.test.ts:187:22
            </failure>
            <failure message="Cannot delete property &apos;env&apos; of #&lt;Object&gt;" type="TypeError">
TypeError: Cannot delete property &apos;env&apos; of #&lt;Object&gt;
 ❯ client/src/services/aiRecommendations.test.ts:44:5
            </failure>
        </testcase>
        <testcase classname="client/src/services/aiRecommendations.test.ts" name="AI Recommendations Service &gt; generateRecommendations &gt; should handle API errors gracefully" time="0.0157333">
            <failure message="expected [Function] to throw error including &apos;AI recommendations API error: 500 Int…&apos; but got &apos;Failed to generate AI recommendations&apos;" type="AssertionError">
AssertionError: expected [Function] to throw error including &apos;AI recommendations API error: 500 Int…&apos; but got &apos;Failed to generate AI recommendations&apos;

Expected: &quot;AI recommendations API error: 500 Internal Server Error&quot;
Received: &quot;Failed to generate AI recommendations&quot;

 ❯ client/src/services/aiRecommendations.test.ts:212:7
            </failure>
            <failure message="Cannot delete property &apos;env&apos; of #&lt;Object&gt;" type="TypeError">
TypeError: Cannot delete property &apos;env&apos; of #&lt;Object&gt;
 ❯ client/src/services/aiRecommendations.test.ts:44:5
            </failure>
        </testcase>
        <testcase classname="client/src/services/aiRecommendations.test.ts" name="AI Recommendations Service &gt; generateRecommendations &gt; should handle network errors" time="0.0084802">
            <failure message="Cannot delete property &apos;env&apos; of #&lt;Object&gt;" type="TypeError">
TypeError: Cannot delete property &apos;env&apos; of #&lt;Object&gt;
 ❯ client/src/services/aiRecommendations.test.ts:44:5
            </failure>
        </testcase>
        <testcase classname="client/src/services/aiRecommendations.test.ts" name="AI Recommendations Service &gt; generateRecommendations &gt; should validate request content" time="0.0004109">
            <failure message="Cannot delete property &apos;env&apos; of #&lt;Object&gt;" type="TypeError">
TypeError: Cannot delete property &apos;env&apos; of #&lt;Object&gt;
 ❯ client/src/services/aiRecommendations.test.ts:44:5
            </failure>
        </testcase>
        <testcase classname="client/src/services/aiRecommendations.test.ts" name="AI Recommendations Service &gt; generateRecommendations &gt; should handle missing environment configuration" time="0.0077855">
            <failure message="expected [Function] to throw error including &apos;AI recommendations are disabled&apos; but got &apos;Failed to generate AI recommendations&apos;" type="AssertionError">
AssertionError: expected [Function] to throw error including &apos;AI recommendations are disabled&apos; but got &apos;Failed to generate AI recommendations&apos;

Expected: &quot;AI recommendations are disabled&quot;
Received: &quot;Failed to generate AI recommendations&quot;

 ❯ client/src/services/aiRecommendations.test.ts:263:7
            </failure>
            <failure message="Cannot delete property &apos;env&apos; of #&lt;Object&gt;" type="TypeError">
TypeError: Cannot delete property &apos;env&apos; of #&lt;Object&gt;
 ❯ client/src/services/aiRecommendations.test.ts:44:5
            </failure>
        </testcase>
        <testcase classname="client/src/services/aiRecommendations.test.ts" name="AI Recommendations Service &gt; generateRecommendations &gt; should provide fallback recommendations when AI fails" time="0.0110344">
            <failure message="Cannot delete property &apos;env&apos; of #&lt;Object&gt;" type="TypeError">
TypeError: Cannot delete property &apos;env&apos; of #&lt;Object&gt;
 ❯ client/src/services/aiRecommendations.test.ts:44:5
            </failure>
        </testcase>
        <testcase classname="client/src/services/aiRecommendations.test.ts" name="AI Recommendations Service &gt; generateRecommendations &gt; should respect rate limiting" time="0.0081121">
            <failure message="expected [Function] to throw error including &apos;Rate limit exceeded. Retry after 60 s…&apos; but got &apos;Failed to generate AI recommendations&apos;" type="AssertionError">
AssertionError: expected [Function] to throw error including &apos;Rate limit exceeded. Retry after 60 s…&apos; but got &apos;Failed to generate AI recommendations&apos;

Expected: &quot;Rate limit exceeded. Retry after 60 seconds&quot;
Received: &quot;Failed to generate AI recommendations&quot;

 ❯ client/src/services/aiRecommendations.test.ts:313:7
            </failure>
            <failure message="Cannot delete property &apos;env&apos; of #&lt;Object&gt;" type="TypeError">
TypeError: Cannot delete property &apos;env&apos; of #&lt;Object&gt;
 ❯ client/src/services/aiRecommendations.test.ts:44:5
            </failure>
        </testcase>
        <testcase classname="client/src/services/aiRecommendations.test.ts" name="AI Recommendations Service &gt; generateRecommendations &gt; should include content length optimization" time="0.0089705">
            <failure message="Failed to generate AI recommendations" type="Error">
Error: Failed to generate AI recommendations
 ❯ generateRecommendations client/src/services/aiRecommendations.ts:130:15
 ❯ client/src/services/aiRecommendations.test.ts:349:22
            </failure>
            <failure message="Cannot delete property &apos;env&apos; of #&lt;Object&gt;" type="TypeError">
TypeError: Cannot delete property &apos;env&apos; of #&lt;Object&gt;
 ❯ client/src/services/aiRecommendations.test.ts:44:5
            </failure>
        </testcase>
        <testcase classname="client/src/services/aiRecommendations.test.ts" name="AI Recommendations Service &gt; Error Recovery &gt; should retry failed requests with exponential backoff" time="0.0145612">
            <failure message="Failed to generate AI recommendations" type="Error">
Error: Failed to generate AI recommendations
 ❯ generateRecommendations client/src/services/aiRecommendations.ts:130:15
 ❯ client/src/services/aiRecommendations.test.ts:390:22
            </failure>
            <failure message="Cannot delete property &apos;env&apos; of #&lt;Object&gt;" type="TypeError">
TypeError: Cannot delete property &apos;env&apos; of #&lt;Object&gt;
 ❯ client/src/services/aiRecommendations.test.ts:44:5
            </failure>
        </testcase>
    </testsuite>
    <testsuite name="client/src/services/analytics.test.ts" timestamp="2025-09-19T01:25:09.417Z" hostname="JohnDee" tests="21" failures="15" errors="0" skipped="0" time="0.0421198">
        <testcase classname="client/src/services/analytics.test.ts" name="Analytics Service &gt; Success Rate Tracking &gt; should track successful SEO recommendation applications" time="0.0049011">
        </testcase>
        <testcase classname="client/src/services/analytics.test.ts" name="Analytics Service &gt; Success Rate Tracking &gt; should track failed SEO recommendation applications" time="0.0067932">
            <failure message="expected 2 to be 1 // Object.is equality" type="AssertionError">
AssertionError: expected 2 to be 1 // Object.is equality

- Expected
+ Received

- 1
+ 2

 ❯ client/src/services/analytics.test.ts:75:41
            </failure>
        </testcase>
        <testcase classname="client/src/services/analytics.test.ts" name="Analytics Service &gt; Success Rate Tracking &gt; should calculate success rates across multiple applications" time="0.0013674">
            <failure message="expected 5 to be 3 // Object.is equality" type="AssertionError">
AssertionError: expected 5 to be 3 // Object.is equality

- Expected
+ Received

- 3
+ 5

 ❯ client/src/services/analytics.test.ts:112:41
            </failure>
        </testcase>
        <testcase classname="client/src/services/analytics.test.ts" name="Analytics Service &gt; Success Rate Tracking &gt; should track success metrics by recommendation type" time="0.0038789">
            <failure message="expected { totalApplications: 3, …(4) } to deeply equal { totalApplications: 1, …(3) }" type="AssertionError">
AssertionError: expected { totalApplications: 3, …(4) } to deeply equal { totalApplications: 1, …(3) }

- Expected
+ Received

  {
-   &quot;averageDuration&quot;: 1000,
+   &quot;averageDuration&quot;: 1166.6666666666667,
+   &quot;lastUpdated&quot;: 1758245082986,
    &quot;successRate&quot;: 1,
-   &quot;successfulApplications&quot;: 1,
-   &quot;totalApplications&quot;: 1,
+   &quot;successfulApplications&quot;: 3,
+   &quot;totalApplications&quot;: 3,
  }

 ❯ client/src/services/analytics.test.ts:130:42
            </failure>
        </testcase>
        <testcase classname="client/src/services/analytics.test.ts" name="Analytics Service &gt; Usage Analytics &gt; should track user session analytics" time="0.0011405">
        </testcase>
        <testcase classname="client/src/services/analytics.test.ts" name="Analytics Service &gt; Usage Analytics &gt; should track feature usage patterns" time="0.0010389">
        </testcase>
        <testcase classname="client/src/services/analytics.test.ts" name="Analytics Service &gt; Usage Analytics &gt; should track session duration and activity" time="0.0010379">
            <failure message="expected 3 to be 5 // Object.is equality" type="AssertionError">
AssertionError: expected 3 to be 5 // Object.is equality

- Expected
+ Received

- 5
+ 3

 ❯ client/src/services/analytics.test.ts:217:53
            </failure>
        </testcase>
        <testcase classname="client/src/services/analytics.test.ts" name="Analytics Service &gt; Usage Analytics &gt; should track time-based usage patterns" time="0.0010367">
        </testcase>
        <testcase classname="client/src/services/analytics.test.ts" name="Analytics Service &gt; Error Reporting &gt; should track and categorize application errors" time="0.0010174">
        </testcase>
        <testcase classname="client/src/services/analytics.test.ts" name="Analytics Service &gt; Error Reporting &gt; should track error resolution times" time="0.0004932">
        </testcase>
        <testcase classname="client/src/services/analytics.test.ts" name="Analytics Service &gt; Error Reporting &gt; should identify error patterns and trends" time="0.0014153">
            <failure message="expected 6 to be 5 // Object.is equality" type="AssertionError">
AssertionError: expected 6 to be 5 // Object.is equality

- Expected
+ Received

- 5
+ 6

 ❯ client/src/services/analytics.test.ts:321:49
            </failure>
        </testcase>
        <testcase classname="client/src/services/analytics.test.ts" name="Analytics Service &gt; Analytics Persistence &gt; should persist analytics data to localStorage" time="0.0007125">
            <failure message="expected undefined to be truthy" type="AssertionError">
AssertionError: expected undefined to be truthy

- Expected: 
true

+ Received: 
undefined

 ❯ client/src/services/analytics.test.ts:339:26
            </failure>
        </testcase>
        <testcase classname="client/src/services/analytics.test.ts" name="Analytics Service &gt; Analytics Persistence &gt; should load analytics data from localStorage on initialization" time="0.0005837">
            <failure message="expected 8 to be 1 // Object.is equality" type="AssertionError">
AssertionError: expected 8 to be 1 // Object.is equality

- Expected
+ Received

- 1
+ 8

 ❯ client/src/services/analytics.test.ts:364:41
            </failure>
        </testcase>
        <testcase classname="client/src/services/analytics.test.ts" name="Analytics Service &gt; Analytics Persistence &gt; should handle corrupted localStorage data gracefully" time="0.0010169">
            <failure message="expected 8 to be +0 // Object.is equality" type="AssertionError">
AssertionError: expected 8 to be +0 // Object.is equality

- Expected
+ Received

- 0
+ 8

 ❯ client/src/services/analytics.test.ts:373:41
            </failure>
        </testcase>
        <testcase classname="client/src/services/analytics.test.ts" name="Analytics Service &gt; Analytics API Integration &gt; should send analytics data to remote analytics service" time="0.0017802">
            <failure message="expected &quot;spy&quot; to be called with arguments: [ StringContaining{…}, …(1) ][90m

Number of calls: [1m0[22m
[39m" type="AssertionError">
AssertionError: expected &quot;spy&quot; to be called with arguments: [ StringContaining{…}, …(1) ]

Number of calls: 0

 ❯ client/src/services/analytics.test.ts:396:25
            </failure>
        </testcase>
        <testcase classname="client/src/services/analytics.test.ts" name="Analytics Service &gt; Analytics API Integration &gt; should handle remote analytics service failures gracefully" time="0.0015211">
            <failure message="expected 10 to be 1 // Object.is equality" type="AssertionError">
AssertionError: expected 10 to be 1 // Object.is equality

- Expected
+ Received

- 1
+ 10

 ❯ client/src/services/analytics.test.ts:425:41
            </failure>
        </testcase>
        <testcase classname="client/src/services/analytics.test.ts" name="Analytics Service &gt; Analytics API Integration &gt; should batch analytics events for efficient transmission" time="0.0012555">
            <failure message="expected &quot;spy&quot; to be called 1 times, but got 0 times" type="AssertionError">
AssertionError: expected &quot;spy&quot; to be called 1 times, but got 0 times
 ❯ client/src/services/analytics.test.ts:449:25
            </failure>
        </testcase>
        <testcase classname="client/src/services/analytics.test.ts" name="Analytics Service &gt; Privacy and Compliance &gt; should respect user privacy settings" time="0.001029">
            <failure message="expected 20 to be +0 // Object.is equality" type="AssertionError">
AssertionError: expected 20 to be +0 // Object.is equality

- Expected
+ Received

- 0
+ 20

 ❯ client/src/services/analytics.test.ts:474:41
            </failure>
        </testcase>
        <testcase classname="client/src/services/analytics.test.ts" name="Analytics Service &gt; Privacy and Compliance &gt; should anonymize user data when privacy settings require it" time="0.0014897">
            <failure message="&quot;undefined&quot; is not valid JSON" type="SyntaxError">
SyntaxError: &quot;undefined&quot; is not valid JSON
 ❯ client/src/services/analytics.test.ts:495:31
            </failure>
        </testcase>
        <testcase classname="client/src/services/analytics.test.ts" name="Analytics Service &gt; Privacy and Compliance &gt; should provide data export functionality for GDPR compliance" time="0.0018907">
            <failure message="expected [ { …(5) }, { …(5) }, { …(5) }, …(25) ] to have a length of 1 but got 28" type="AssertionError">
AssertionError: expected [ { …(5) }, { …(5) }, { …(5) }, …(25) ] to have a length of 1 but got 28

- Expected
+ Received

- 1
+ 28

 ❯ client/src/services/analytics.test.ts:517:35
            </failure>
        </testcase>
        <testcase classname="client/src/services/analytics.test.ts" name="Analytics Service &gt; Privacy and Compliance &gt; should allow complete data deletion for GDPR compliance" time="0.0009889">
            <failure message="expected 23 to be 1 // Object.is equality" type="AssertionError">
AssertionError: expected 23 to be 1 // Object.is equality

- Expected
+ Received

- 1
+ 23

 ❯ client/src/services/analytics.test.ts:531:70
            </failure>
        </testcase>
    </testsuite>
    <testsuite name="client/src/services/impactAnalysis.test.ts" timestamp="2025-09-19T01:25:09.423Z" hostname="JohnDee" tests="14" failures="5" errors="0" skipped="0" time="0.0237173">
        <testcase classname="client/src/services/impactAnalysis.test.ts" name="Impact Analysis Service &gt; analyzeImpact &gt; should analyze impact of batch operations on pages" time="0.0127991">
            <failure message="expected { affectedResources: { …(3) }, …(4) } to deeply equal { affectedResources: { …(3) }, …(4) }" type="AssertionError">
AssertionError: expected { affectedResources: { …(3) }, …(4) } to deeply equal { affectedResources: { …(3) }, …(4) }

- Expected
+ Received

@@ -3,10 +3,15 @@
      &quot;cmsItems&quot;: 0,
      &quot;pages&quot;: 2,
      &quot;totalOperations&quot;: 3,
    },
    &quot;estimatedTime&quot;: {
+     &quot;breakdown&quot;: {
+       &quot;operationTime&quot;: 6,
+       &quot;rateLimitBuffer&quot;: 0,
+       &quot;retryBuffer&quot;: 2,
+     },
      &quot;formattedTime&quot;: Any&lt;String&gt;,
      &quot;seconds&quot;: Any&lt;Number&gt;,
    },
    &quot;preview&quot;: ObjectContaining {
      &quot;after&quot;: Any&lt;Object&gt;,

 ❯ client/src/services/impactAnalysis.test.ts:84:22
            </failure>
        </testcase>
        <testcase classname="client/src/services/impactAnalysis.test.ts" name="Impact Analysis Service &gt; analyzeImpact &gt; should identify high-impact operations" time="0.0005353">
        </testcase>
        <testcase classname="client/src/services/impactAnalysis.test.ts" name="Impact Analysis Service &gt; analyzeImpact &gt; should assess risk for bulk CMS operations" time="0.0003171">
        </testcase>
        <testcase classname="client/src/services/impactAnalysis.test.ts" name="Impact Analysis Service &gt; analyzeImpact &gt; should calculate accurate time estimates" time="0.0015167">
            <failure message="expected 360 to be 200 // Object.is equality" type="AssertionError">
AssertionError: expected 360 to be 200 // Object.is equality

- Expected
+ Received

- 200
+ 360

 ❯ client/src/services/impactAnalysis.test.ts:157:44
            </failure>
        </testcase>
        <testcase classname="client/src/services/impactAnalysis.test.ts" name="Impact Analysis Service &gt; analyzeImpact &gt; should provide meaningful before/after previews" time="0.0012696">
            <failure message="expected { page_1: { …(2) } } to deeply equal { page_1: { …(2) } }" type="AssertionError">
AssertionError: expected { page_1: { …(2) } } to deeply equal { page_1: { …(2) } }

- Expected
+ Received

  {
    &quot;page_1&quot;: {
-     &quot;seo&quot;: ObjectContaining {
-       &quot;description&quot;: &quot;Short desc&quot;,
+     &quot;seo&quot;: {
+       &quot;description&quot;: &quot;This is a new optimized meta description that is much longer and more engaging than the previous one.&quot;,
        &quot;title&quot;: &quot;Old SEO Title&quot;,
      },
      &quot;title&quot;: &quot;Old Home Page&quot;,
    },
  }

 ❯ client/src/services/impactAnalysis.test.ts:172:37
            </failure>
        </testcase>
        <testcase classname="client/src/services/impactAnalysis.test.ts" name="Impact Analysis Service &gt; analyzeImpact &gt; should detect potential SEO conflicts" time="0.0008079">
            <failure message="expected [ …(2) ] to deep equally contain StringContaining &quot;duplicate titles&quot;" type="AssertionError">
AssertionError: expected [ …(2) ] to deep equally contain StringContaining &quot;duplicate titles&quot;

- Expected: 
StringContaining &quot;duplicate titles&quot;

+ Received: 
[
  &quot;Consider testing homepage changes on staging first&quot;,
  &quot;Ensure all page titles are unique to avoid SEO conflicts&quot;,
]

 ❯ client/src/services/impactAnalysis.test.ts:225:53
            </failure>
        </testcase>
        <testcase classname="client/src/services/impactAnalysis.test.ts" name="Impact Analysis Service &gt; calculateTrafficImpact &gt; should estimate traffic impact based on SEO improvements" time="0.0003863">
        </testcase>
        <testcase classname="client/src/services/impactAnalysis.test.ts" name="Impact Analysis Service &gt; calculateTrafficImpact &gt; should account for homepage vs other page impacts" time="0.0001438">
        </testcase>
        <testcase classname="client/src/services/impactAnalysis.test.ts" name="Impact Analysis Service &gt; calculateTrafficImpact &gt; should provide realistic confidence scores" time="0.0001662">
        </testcase>
        <testcase classname="client/src/services/impactAnalysis.test.ts" name="Impact Analysis Service &gt; estimateTimeToComplete &gt; should estimate time based on operation complexity" time="0.0001332">
        </testcase>
        <testcase classname="client/src/services/impactAnalysis.test.ts" name="Impact Analysis Service &gt; estimateTimeToComplete &gt; should account for API rate limits" time="0.0002586">
        </testcase>
        <testcase classname="client/src/services/impactAnalysis.test.ts" name="Impact Analysis Service &gt; estimateTimeToComplete &gt; should format time appropriately" time="0.0001758">
        </testcase>
        <testcase classname="client/src/services/impactAnalysis.test.ts" name="Impact Analysis Service &gt; Risk Assessment &gt; should identify risky operation patterns" time="0.0001944">
        </testcase>
        <testcase classname="client/src/services/impactAnalysis.test.ts" name="Impact Analysis Service &gt; Risk Assessment &gt; should provide actionable recommendations" time="0.000386">
            <failure message="expected [ …(2) ] to deep equally contain StringContaining &quot;title length&quot;" type="AssertionError">
AssertionError: expected [ …(2) ] to deep equally contain StringContaining &quot;title length&quot;

- Expected: 
StringContaining &quot;title length&quot;

+ Received: 
[
  &quot;Consider testing homepage changes on staging first&quot;,
  &quot;Consider shortening titles that exceed 60 characters for better SEO&quot;,
]

 ❯ client/src/services/impactAnalysis.test.ts:360:53
            </failure>
        </testcase>
    </testsuite>
    <testsuite name="client/src/services/rollbackService.test.ts" timestamp="2025-09-19T01:25:09.425Z" hostname="JohnDee" tests="9" failures="2" errors="0" skipped="0" time="0.0164558">
        <testcase classname="client/src/services/rollbackService.test.ts" name="Enhanced Rollback Service &gt; Change Tracking &gt; should track changes from batch operations" time="0.0032407">
        </testcase>
        <testcase classname="client/src/services/rollbackService.test.ts" name="Enhanced Rollback Service &gt; Change Tracking &gt; should track partial failures in batch operations" time="0.001516">
        </testcase>
        <testcase classname="client/src/services/rollbackService.test.ts" name="Enhanced Rollback Service &gt; Rollback Execution &gt; should execute rollback with progress tracking" time="0.0025713">
        </testcase>
        <testcase classname="client/src/services/rollbackService.test.ts" name="Enhanced Rollback Service &gt; Rollback Execution &gt; should handle rollback failures gracefully" time="0.0003973">
        </testcase>
        <testcase classname="client/src/services/rollbackService.test.ts" name="Enhanced Rollback Service &gt; Rollback Execution &gt; should validate rollback eligibility" time="0.0002999">
        </testcase>
        <testcase classname="client/src/services/rollbackService.test.ts" name="Enhanced Rollback Service &gt; Change History Management &gt; should provide change history for a resource" time="0.0004434">
        </testcase>
        <testcase classname="client/src/services/rollbackService.test.ts" name="Enhanced Rollback Service &gt; Change History Management &gt; should support change log persistence" time="0.0031944">
            <failure message="expected null to deeply equal { Object (rollbackId, timestamp, ...) }" type="AssertionError">
AssertionError: expected null to deeply equal { Object (rollbackId, timestamp, ...) }

- Expected: 
{
  &quot;changes&quot;: [
    {
      &quot;after&quot;: &quot;New&quot;,
      &quot;before&quot;: &quot;Old&quot;,
      &quot;changeType&quot;: &quot;update&quot;,
      &quot;field&quot;: &quot;title&quot;,
      &quot;resourceId&quot;: &quot;page_1&quot;,
    },
  ],
  &quot;rollbackId&quot;: &quot;rollback_persist&quot;,
  &quot;status&quot;: &quot;completed&quot;,
  &quot;timestamp&quot;: 1758245083011,
  &quot;totalChanges&quot;: 1,
}

+ Received: 
null

 ❯ client/src/services/rollbackService.test.ts:338:24
            </failure>
        </testcase>
        <testcase classname="client/src/services/rollbackService.test.ts" name="Enhanced Rollback Service &gt; Change History Management &gt; should cleanup old change logs automatically" time="0.000706">
            <failure message="expected { rollbackId: &apos;rollback_old&apos;, …(4) } to be null" type="AssertionError">
AssertionError: expected { rollbackId: &apos;rollback_old&apos;, …(4) } to be null

- Expected: 
null

+ Received: 
{
  &quot;changes&quot;: [],
  &quot;rollbackId&quot;: &quot;rollback_old&quot;,
  &quot;status&quot;: &quot;completed&quot;,
  &quot;timestamp&quot;: 1758072283015,
  &quot;totalChanges&quot;: 1,
}

 ❯ client/src/services/rollbackService.test.ts:365:60
            </failure>
        </testcase>
        <testcase classname="client/src/services/rollbackService.test.ts" name="Enhanced Rollback Service &gt; Rollback Preview &gt; should generate rollback preview" time="0.0004552">
        </testcase>
    </testsuite>
    <testsuite name="client/src/components/ui/alert.test.tsx" timestamp="2025-09-19T01:25:09.427Z" hostname="JohnDee" tests="6" failures="0" errors="0" skipped="0" time="0.0652677">
        <testcase classname="client/src/components/ui/alert.test.tsx" name="Alert Components &gt; Alert &gt; renders with default variant" time="0.0407741">
        </testcase>
        <testcase classname="client/src/components/ui/alert.test.tsx" name="Alert Components &gt; Alert &gt; applies destructive variant correctly" time="0.0053586">
        </testcase>
        <testcase classname="client/src/components/ui/alert.test.tsx" name="Alert Components &gt; Alert &gt; forwards ref correctly" time="0.0035216">
        </testcase>
        <testcase classname="client/src/components/ui/alert.test.tsx" name="Alert Components &gt; AlertTitle &gt; renders with proper styling" time="0.0036741">
        </testcase>
        <testcase classname="client/src/components/ui/alert.test.tsx" name="Alert Components &gt; AlertDescription &gt; renders with proper styling" time="0.0024818">
        </testcase>
        <testcase classname="client/src/components/ui/alert.test.tsx" name="Alert Components &gt; composes alert components correctly" time="0.0037124">
        </testcase>
    </testsuite>
    <testsuite name="client/src/components/ui/ApplyButton.test.tsx" timestamp="2025-09-19T01:25:09.428Z" hostname="JohnDee" tests="25" failures="1" errors="0" skipped="0" time="10.9942912">
        <testcase classname="client/src/components/ui/ApplyButton.test.tsx" name="ApplyButton &gt; Basic Rendering &gt; should render apply button with default state" time="0.1093193">
        </testcase>
        <testcase classname="client/src/components/ui/ApplyButton.test.tsx" name="ApplyButton &gt; Basic Rendering &gt; should render with custom label" time="0.0176424">
        </testcase>
        <testcase classname="client/src/components/ui/ApplyButton.test.tsx" name="ApplyButton &gt; Basic Rendering &gt; should show loading state" time="0.0117449">
        </testcase>
        <testcase classname="client/src/components/ui/ApplyButton.test.tsx" name="ApplyButton &gt; Basic Rendering &gt; should show success state" time="0.0134293">
        </testcase>
        <testcase classname="client/src/components/ui/ApplyButton.test.tsx" name="ApplyButton &gt; Basic Rendering &gt; should show error state" time="0.0078323">
        </testcase>
        <testcase classname="client/src/components/ui/ApplyButton.test.tsx" name="ApplyButton &gt; User Interactions &gt; should call onApply when clicked" time="0.0632347">
        </testcase>
        <testcase classname="client/src/components/ui/ApplyButton.test.tsx" name="ApplyButton &gt; User Interactions &gt; should not call onApply when disabled" time="0.0598053">
        </testcase>
        <testcase classname="client/src/components/ui/ApplyButton.test.tsx" name="ApplyButton &gt; User Interactions &gt; should call onPreview when preview button is clicked" time="0.05276">
        </testcase>
        <testcase classname="client/src/components/ui/ApplyButton.test.tsx" name="ApplyButton &gt; User Interactions &gt; should handle keyboard navigation" time="0.0871333">
        </testcase>
        <testcase classname="client/src/components/ui/ApplyButton.test.tsx" name="ApplyButton &gt; Preview Mode &gt; should show preview and apply buttons when showPreview is true" time="0.0335748">
        </testcase>
        <testcase classname="client/src/components/ui/ApplyButton.test.tsx" name="ApplyButton &gt; Preview Mode &gt; should handle preview loading state" time="0.0318886">
        </testcase>
        <testcase classname="client/src/components/ui/ApplyButton.test.tsx" name="ApplyButton &gt; Preview Mode &gt; should show preview result when available" time="0.0099416">
        </testcase>
        <testcase classname="client/src/components/ui/ApplyButton.test.tsx" name="ApplyButton &gt; Accessibility &gt; should have proper ARIA labels" time="0.0101885">
        </testcase>
        <testcase classname="client/src/components/ui/ApplyButton.test.tsx" name="ApplyButton &gt; Accessibility &gt; should have loading state ARIA attributes" time="0.0110352">
        </testcase>
        <testcase classname="client/src/components/ui/ApplyButton.test.tsx" name="ApplyButton &gt; Accessibility &gt; should have error state ARIA attributes" time="0.0147019">
        </testcase>
        <testcase classname="client/src/components/ui/ApplyButton.test.tsx" name="ApplyButton &gt; Confirmation Mode &gt; should show confirmation dialog when requiresConfirmation is true" time="0.0920974">
        </testcase>
        <testcase classname="client/src/components/ui/ApplyButton.test.tsx" name="ApplyButton &gt; Confirmation Mode &gt; should call onApply when confirmation is accepted" time="0.1226024">
        </testcase>
        <testcase classname="client/src/components/ui/ApplyButton.test.tsx" name="ApplyButton &gt; Confirmation Mode &gt; should not call onApply when confirmation is cancelled" time="0.1122232">
        </testcase>
        <testcase classname="client/src/components/ui/ApplyButton.test.tsx" name="ApplyButton &gt; Different Insertion Types &gt; should handle page title insertion" time="0.0032676">
        </testcase>
        <testcase classname="client/src/components/ui/ApplyButton.test.tsx" name="ApplyButton &gt; Different Insertion Types &gt; should handle meta description insertion" time="0.0034342">
        </testcase>
        <testcase classname="client/src/components/ui/ApplyButton.test.tsx" name="ApplyButton &gt; Different Insertion Types &gt; should handle CMS field insertion" time="0.0032281">
        </testcase>
        <testcase classname="client/src/components/ui/ApplyButton.test.tsx" name="ApplyButton &gt; Error Handling &gt; should show error tooltip on hover" time="0.0665529">
        </testcase>
        <testcase classname="client/src/components/ui/ApplyButton.test.tsx" name="ApplyButton &gt; Error Handling &gt; should call onError when provided" time="0.0353824">
        </testcase>
        <testcase classname="client/src/components/ui/ApplyButton.test.tsx" name="ApplyButton &gt; Success Animation &gt; should show success animation when success state changes" time="0.0058046">
        </testcase>
        <testcase classname="client/src/components/ui/ApplyButton.test.tsx" name="ApplyButton &gt; Success Animation &gt; should auto-reset success state after timeout" time="10.0103389">
            <failure message="Test timed out in 10000ms.
If this is a long-running test, pass a timeout value as the last argument or configure it globally with &quot;testTimeout&quot;." type="Error">
Error: Test timed out in 10000ms.
If this is a long-running test, pass a timeout value as the last argument or configure it globally with &quot;testTimeout&quot;.
 ❯ client/src/components/ui/ApplyButton.test.tsx:452:5
            </failure>
        </testcase>
    </testsuite>
    <testsuite name="client/src/components/ui/badge.test.tsx" timestamp="2025-09-19T01:25:09.430Z" hostname="JohnDee" tests="23" failures="0" errors="0" skipped="0" time="0.1594434">
        <testcase classname="client/src/components/ui/badge.test.tsx" name="Badge &gt; should render with default variant" time="0.0335411">
        </testcase>
        <testcase classname="client/src/components/ui/badge.test.tsx" name="Badge &gt; should apply default classes" time="0.0033868">
        </testcase>
        <testcase classname="client/src/components/ui/badge.test.tsx" name="Badge &gt; Variants &gt; should render default variant correctly" time="0.0026893">
        </testcase>
        <testcase classname="client/src/components/ui/badge.test.tsx" name="Badge &gt; Variants &gt; should render secondary variant correctly" time="0.0025184">
        </testcase>
        <testcase classname="client/src/components/ui/badge.test.tsx" name="Badge &gt; Variants &gt; should render destructive variant correctly" time="0.0024676">
        </testcase>
        <testcase classname="client/src/components/ui/badge.test.tsx" name="Badge &gt; Variants &gt; should render outline variant correctly" time="0.002341">
        </testcase>
        <testcase classname="client/src/components/ui/badge.test.tsx" name="Badge &gt; Props and Attributes &gt; should accept additional className" time="0.0021858">
        </testcase>
        <testcase classname="client/src/components/ui/badge.test.tsx" name="Badge &gt; Props and Attributes &gt; should forward HTML attributes" time="0.0031872">
        </testcase>
        <testcase classname="client/src/components/ui/badge.test.tsx" name="Badge &gt; Props and Attributes &gt; should render as div element" time="0.0027236">
        </testcase>
        <testcase classname="client/src/components/ui/badge.test.tsx" name="Badge &gt; Props and Attributes &gt; should render children correctly" time="0.0074777">
        </testcase>
        <testcase classname="client/src/components/ui/badge.test.tsx" name="Badge &gt; Props and Attributes &gt; should support event handlers" time="0.0064284">
        </testcase>
        <testcase classname="client/src/components/ui/badge.test.tsx" name="Badge &gt; Styling Combinations &gt; should combine variant classes with custom className" time="0.0024949">
        </testcase>
        <testcase classname="client/src/components/ui/badge.test.tsx" name="Badge &gt; Styling Combinations &gt; should handle empty content" time="0.0020258">
        </testcase>
        <testcase classname="client/src/components/ui/badge.test.tsx" name="Badge &gt; Accessibility &gt; should support accessibility attributes" time="0.0023352">
        </testcase>
        <testcase classname="client/src/components/ui/badge.test.tsx" name="Badge &gt; Accessibility &gt; should be focusable when interactive" time="0.0094605">
        </testcase>
        <testcase classname="client/src/components/ui/badge.test.tsx" name="Badge &gt; badgeVariants Export &gt; should export badgeVariants function" time="0.0003652">
        </testcase>
        <testcase classname="client/src/components/ui/badge.test.tsx" name="Badge &gt; badgeVariants Export &gt; should return class string when called with variant" time="0.0006524">
        </testcase>
        <testcase classname="client/src/components/ui/badge.test.tsx" name="Badge &gt; badgeVariants Export &gt; should handle undefined variant" time="0.0023446">
        </testcase>
        <testcase classname="client/src/components/ui/badge.test.tsx" name="Badge &gt; Edge Cases &gt; should handle null children" time="0.0040227">
        </testcase>
        <testcase classname="client/src/components/ui/badge.test.tsx" name="Badge &gt; Edge Cases &gt; should handle undefined variant gracefully" time="0.0032373">
        </testcase>
        <testcase classname="client/src/components/ui/badge.test.tsx" name="Badge &gt; Edge Cases &gt; should handle boolean children" time="0.0022744">
        </testcase>
        <testcase classname="client/src/components/ui/badge.test.tsx" name="Badge &gt; Edge Cases &gt; should handle number children" time="0.002083">
        </testcase>
        <testcase classname="client/src/components/ui/badge.test.tsx" name="Badge &gt; Component Interface &gt; should extend HTML div attributes" time="0.0530053">
        </testcase>
    </testsuite>
    <testsuite name="client/src/components/ui/BatchApplyButton.test.tsx" timestamp="2025-09-19T01:25:09.432Z" hostname="JohnDee" tests="26" failures="0" errors="0" skipped="0" time="1.2808324">
        <testcase classname="client/src/components/ui/BatchApplyButton.test.tsx" name="BatchApplyButton &gt; Basic Rendering &gt; should render batch apply button with operation count" time="0.1097335">
        </testcase>
        <testcase classname="client/src/components/ui/BatchApplyButton.test.tsx" name="BatchApplyButton &gt; Basic Rendering &gt; should show affected pages and items count" time="0.0076202">
        </testcase>
        <testcase classname="client/src/components/ui/BatchApplyButton.test.tsx" name="BatchApplyButton &gt; Basic Rendering &gt; should show estimated time" time="0.0055741">
        </testcase>
        <testcase classname="client/src/components/ui/BatchApplyButton.test.tsx" name="BatchApplyButton &gt; Basic Rendering &gt; should be disabled when no operations" time="0.0099975">
        </testcase>
        <testcase classname="client/src/components/ui/BatchApplyButton.test.tsx" name="BatchApplyButton &gt; Batch Confirmation &gt; should show confirmation dialog when confirmationRequired is true" time="0.0709236">
        </testcase>
        <testcase classname="client/src/components/ui/BatchApplyButton.test.tsx" name="BatchApplyButton &gt; Batch Confirmation &gt; should show operation breakdown in confirmation" time="0.0683954">
        </testcase>
        <testcase classname="client/src/components/ui/BatchApplyButton.test.tsx" name="BatchApplyButton &gt; Batch Confirmation &gt; should proceed with batch when confirmed" time="0.1083796">
        </testcase>
        <testcase classname="client/src/components/ui/BatchApplyButton.test.tsx" name="BatchApplyButton &gt; Batch Confirmation &gt; should cancel batch when cancelled" time="0.1543532">
        </testcase>
        <testcase classname="client/src/components/ui/BatchApplyButton.test.tsx" name="BatchApplyButton &gt; Progress Tracking &gt; should show progress during batch operation" time="0.0163538">
        </testcase>
        <testcase classname="client/src/components/ui/BatchApplyButton.test.tsx" name="BatchApplyButton &gt; Progress Tracking &gt; should show progress bar animation" time="0.0110383">
        </testcase>
        <testcase classname="client/src/components/ui/BatchApplyButton.test.tsx" name="BatchApplyButton &gt; Progress Tracking &gt; should show completion state" time="0.0047277">
        </testcase>
        <testcase classname="client/src/components/ui/BatchApplyButton.test.tsx" name="BatchApplyButton &gt; Progress Tracking &gt; should show partial failure state" time="0.0055132">
        </testcase>
        <testcase classname="client/src/components/ui/BatchApplyButton.test.tsx" name="BatchApplyButton &gt; Rollback Functionality &gt; should show rollback button when rollback is available" time="0.0206881">
        </testcase>
        <testcase classname="client/src/components/ui/BatchApplyButton.test.tsx" name="BatchApplyButton &gt; Rollback Functionality &gt; should call onRollback when rollback button is clicked" time="0.065345">
        </testcase>
        <testcase classname="client/src/components/ui/BatchApplyButton.test.tsx" name="BatchApplyButton &gt; Rollback Functionality &gt; should show rollback confirmation dialog" time="0.065248">
        </testcase>
        <testcase classname="client/src/components/ui/BatchApplyButton.test.tsx" name="BatchApplyButton &gt; Rollback Functionality &gt; should disable rollback button when rollback is in progress" time="0.016076">
        </testcase>
        <testcase classname="client/src/components/ui/BatchApplyButton.test.tsx" name="BatchApplyButton &gt; Error Handling &gt; should show batch error state" time="0.005358">
        </testcase>
        <testcase classname="client/src/components/ui/BatchApplyButton.test.tsx" name="BatchApplyButton &gt; Error Handling &gt; should show retry button on error" time="0.0514176">
        </testcase>
        <testcase classname="client/src/components/ui/BatchApplyButton.test.tsx" name="BatchApplyButton &gt; Error Handling &gt; should show individual operation errors" time="0.0094123">
        </testcase>
        <testcase classname="client/src/components/ui/BatchApplyButton.test.tsx" name="BatchApplyButton &gt; Accessibility &gt; should have proper ARIA labels for batch operations" time="0.0121988">
        </testcase>
        <testcase classname="client/src/components/ui/BatchApplyButton.test.tsx" name="BatchApplyButton &gt; Accessibility &gt; should announce progress changes" time="0.0139607">
        </testcase>
        <testcase classname="client/src/components/ui/BatchApplyButton.test.tsx" name="BatchApplyButton &gt; Accessibility &gt; should have keyboard navigation support" time="0.1397322">
        </testcase>
        <testcase classname="client/src/components/ui/BatchApplyButton.test.tsx" name="BatchApplyButton &gt; Operation Grouping &gt; should group operations by type in confirmation" time="0.0624803">
        </testcase>
        <testcase classname="client/src/components/ui/BatchApplyButton.test.tsx" name="BatchApplyButton &gt; Operation Grouping &gt; should show operation details on expansion" time="0.1096478">
        </testcase>
        <testcase classname="client/src/components/ui/BatchApplyButton.test.tsx" name="BatchApplyButton &gt; Performance Optimization &gt; should debounce rapid button clicks" time="0.1222202">
        </testcase>
        <testcase classname="client/src/components/ui/BatchApplyButton.test.tsx" name="BatchApplyButton &gt; Performance Optimization &gt; should handle large batch operations efficiently" time="0.0069845">
        </testcase>
    </testsuite>
    <testsuite name="client/src/components/ui/button.test.tsx" timestamp="2025-09-19T01:25:09.434Z" hostname="JohnDee" tests="8" failures="0" errors="0" skipped="0" time="0.2818267">
        <testcase classname="client/src/components/ui/button.test.tsx" name="Button &gt; renders correctly with default props" time="0.1071726">
        </testcase>
        <testcase classname="client/src/components/ui/button.test.tsx" name="Button &gt; applies different variants correctly" time="0.0415765">
        </testcase>
        <testcase classname="client/src/components/ui/button.test.tsx" name="Button &gt; applies different sizes correctly" time="0.0225244">
        </testcase>
        <testcase classname="client/src/components/ui/button.test.tsx" name="Button &gt; handles click events" time="0.0657926">
        </testcase>
        <testcase classname="client/src/components/ui/button.test.tsx" name="Button &gt; renders as disabled when disabled prop is true" time="0.0121914">
        </testcase>
        <testcase classname="client/src/components/ui/button.test.tsx" name="Button &gt; forwards the ref correctly" time="0.0033117">
        </testcase>
        <testcase classname="client/src/components/ui/button.test.tsx" name="Button &gt; renders with custom className" time="0.0072264">
        </testcase>
        <testcase classname="client/src/components/ui/button.test.tsx" name="Button &gt; renders as a different element when asChild is true" time="0.0163179">
        </testcase>
    </testsuite>
    <testsuite name="client/src/components/ui/card.test.tsx" timestamp="2025-09-19T01:25:09.435Z" hostname="JohnDee" tests="27" failures="0" errors="0" skipped="0" time="0.2196422">
        <testcase classname="client/src/components/ui/card.test.tsx" name="Card Components &gt; Card &gt; should render with default classes" time="0.0343367">
        </testcase>
        <testcase classname="client/src/components/ui/card.test.tsx" name="Card Components &gt; Card &gt; should accept additional className" time="0.0031864">
        </testcase>
        <testcase classname="client/src/components/ui/card.test.tsx" name="Card Components &gt; Card &gt; should forward props to div element" time="0.0031889">
        </testcase>
        <testcase classname="client/src/components/ui/card.test.tsx" name="Card Components &gt; Card &gt; should forward ref correctly" time="0.0029157">
        </testcase>
        <testcase classname="client/src/components/ui/card.test.tsx" name="Card Components &gt; Card &gt; should render children correctly" time="0.0058874">
        </testcase>
        <testcase classname="client/src/components/ui/card.test.tsx" name="Card Components &gt; CardHeader &gt; should render with default classes" time="0.003114">
        </testcase>
        <testcase classname="client/src/components/ui/card.test.tsx" name="Card Components &gt; CardHeader &gt; should accept additional className" time="0.0026574">
        </testcase>
        <testcase classname="client/src/components/ui/card.test.tsx" name="Card Components &gt; CardHeader &gt; should forward ref correctly" time="0.0018594">
        </testcase>
        <testcase classname="client/src/components/ui/card.test.tsx" name="Card Components &gt; CardTitle &gt; should render as h3 element with default classes" time="0.0704448">
        </testcase>
        <testcase classname="client/src/components/ui/card.test.tsx" name="Card Components &gt; CardTitle &gt; should accept additional className" time="0.0075575">
        </testcase>
        <testcase classname="client/src/components/ui/card.test.tsx" name="Card Components &gt; CardTitle &gt; should forward ref correctly" time="0.0017326">
        </testcase>
        <testcase classname="client/src/components/ui/card.test.tsx" name="Card Components &gt; CardTitle &gt; should render text content correctly" time="0.0055938">
        </testcase>
        <testcase classname="client/src/components/ui/card.test.tsx" name="Card Components &gt; CardDescription &gt; should render as p element with default classes" time="0.0073535">
        </testcase>
        <testcase classname="client/src/components/ui/card.test.tsx" name="Card Components &gt; CardDescription &gt; should accept additional className" time="0.0047007">
        </testcase>
        <testcase classname="client/src/components/ui/card.test.tsx" name="Card Components &gt; CardDescription &gt; should forward ref correctly" time="0.0086996">
        </testcase>
        <testcase classname="client/src/components/ui/card.test.tsx" name="Card Components &gt; CardContent &gt; should render with default classes" time="0.0029469">
        </testcase>
        <testcase classname="client/src/components/ui/card.test.tsx" name="Card Components &gt; CardContent &gt; should accept additional className" time="0.0024237">
        </testcase>
        <testcase classname="client/src/components/ui/card.test.tsx" name="Card Components &gt; CardContent &gt; should forward ref correctly" time="0.0019087">
        </testcase>
        <testcase classname="client/src/components/ui/card.test.tsx" name="Card Components &gt; CardContent &gt; should render children correctly" time="0.0022666">
        </testcase>
        <testcase classname="client/src/components/ui/card.test.tsx" name="Card Components &gt; CardFooter &gt; should render with default classes" time="0.0028867">
        </testcase>
        <testcase classname="client/src/components/ui/card.test.tsx" name="Card Components &gt; CardFooter &gt; should accept additional className" time="0.0023151">
        </testcase>
        <testcase classname="client/src/components/ui/card.test.tsx" name="Card Components &gt; CardFooter &gt; should forward ref correctly" time="0.002066">
        </testcase>
        <testcase classname="client/src/components/ui/card.test.tsx" name="Card Components &gt; CardFooter &gt; should render children correctly" time="0.0020345">
        </testcase>
        <testcase classname="client/src/components/ui/card.test.tsx" name="Card Components &gt; Full Card Composition &gt; should render a complete card with all components" time="0.0152915">
        </testcase>
        <testcase classname="client/src/components/ui/card.test.tsx" name="Card Components &gt; Full Card Composition &gt; should maintain proper hierarchy and structure" time="0.0037186">
        </testcase>
        <testcase classname="client/src/components/ui/card.test.tsx" name="Card Components &gt; Accessibility &gt; should support ARIA attributes" time="0.0067859">
        </testcase>
        <testcase classname="client/src/components/ui/card.test.tsx" name="Card Components &gt; Accessibility &gt; should maintain semantic heading structure" time="0.0055304">
        </testcase>
    </testsuite>
    <testsuite name="client/src/components/ui/collapsible.test.tsx" timestamp="2025-09-19T01:25:09.438Z" hostname="JohnDee" tests="5" failures="0" errors="0" skipped="0" time="0.1601483">
        <testcase classname="client/src/components/ui/collapsible.test.tsx" name="Collapsible Components &gt; renders collapsible structure" time="0.0374894">
        </testcase>
        <testcase classname="client/src/components/ui/collapsible.test.tsx" name="Collapsible Components &gt; shows correct state when open" time="0.0043139">
        </testcase>
        <testcase classname="client/src/components/ui/collapsible.test.tsx" name="Collapsible Components &gt; shows correct state when closed" time="0.0034968">
        </testcase>
        <testcase classname="client/src/components/ui/collapsible.test.tsx" name="Collapsible Components &gt; handles trigger interaction" time="0.1042471">
        </testcase>
        <testcase classname="client/src/components/ui/collapsible.test.tsx" name="Collapsible Components &gt; forwards refs correctly" time="0.0046991">
        </testcase>
    </testsuite>
    <testsuite name="client/src/components/ui/copy-tooltip.test.tsx" timestamp="2025-09-19T01:25:09.438Z" hostname="JohnDee" tests="6" failures="0" errors="0" skipped="0" time="0.140812">
        <testcase classname="client/src/components/ui/copy-tooltip.test.tsx" name="CopyTooltip &gt; renders with the correct structure" time="0.044401">
        </testcase>
        <testcase classname="client/src/components/ui/copy-tooltip.test.tsx" name="CopyTooltip &gt; passes asChild prop to TooltipTrigger" time="0.0054136">
        </testcase>
        <testcase classname="client/src/components/ui/copy-tooltip.test.tsx" name="CopyTooltip &gt; positions tooltip above the trigger" time="0.0035271">
        </testcase>
        <testcase classname="client/src/components/ui/copy-tooltip.test.tsx" name="CopyTooltip &gt; applies transform style to position the tooltip" time="0.0549326">
        </testcase>
        <testcase classname="client/src/components/ui/copy-tooltip.test.tsx" name="CopyTooltip &gt; renders complex content in tooltip" time="0.0202634">
        </testcase>
        <testcase classname="client/src/components/ui/copy-tooltip.test.tsx" name="CopyTooltip &gt; renders complex children" time="0.007387">
        </testcase>
    </testsuite>
    <testsuite name="client/src/components/ui/dialog.test.tsx" timestamp="2025-09-19T01:25:09.439Z" hostname="JohnDee" tests="13" failures="0" errors="0" skipped="0" time="0.3027111">
        <testcase classname="client/src/components/ui/dialog.test.tsx" name="Dialog Components &gt; renders Dialog root component" time="0.0351058">
        </testcase>
        <testcase classname="client/src/components/ui/dialog.test.tsx" name="Dialog Components &gt; renders DialogTrigger component" time="0.0043622">
        </testcase>
        <testcase classname="client/src/components/ui/dialog.test.tsx" name="Dialog Components &gt; renders DialogContent component with correct classes" time="0.0914731">
        </testcase>
        <testcase classname="client/src/components/ui/dialog.test.tsx" name="Dialog Components &gt; renders DialogHeader component" time="0.0052019">
        </testcase>
        <testcase classname="client/src/components/ui/dialog.test.tsx" name="Dialog Components &gt; renders DialogFooter component" time="0.0041236">
        </testcase>
        <testcase classname="client/src/components/ui/dialog.test.tsx" name="Dialog Components &gt; renders DialogTitle component" time="0.0056031">
        </testcase>
        <testcase classname="client/src/components/ui/dialog.test.tsx" name="Dialog Components &gt; renders DialogDescription component" time="0.004984">
        </testcase>
        <testcase classname="client/src/components/ui/dialog.test.tsx" name="Dialog Components &gt; renders DialogOverlay with correct classes" time="0.0046641">
        </testcase>
        <testcase classname="client/src/components/ui/dialog.test.tsx" name="Dialog Components &gt; applies custom className to dialog components" time="0.0099531">
        </testcase>
        <testcase classname="client/src/components/ui/dialog.test.tsx" name="Dialog Components &gt; composes all Dialog components correctly" time="0.1117604">
        </testcase>
        <testcase classname="client/src/components/ui/dialog.test.tsx" name="Dialog Components &gt; renders X icon and sr-only text in default close button" time="0.0128513">
        </testcase>
        <testcase classname="client/src/components/ui/dialog.test.tsx" name="Dialog Components &gt; forwards ref to DialogOverlay component" time="0.003396">
        </testcase>
        <testcase classname="client/src/components/ui/dialog.test.tsx" name="Dialog Components &gt; forwards ref to DialogContent component" time="0.0033194">
        </testcase>
    </testsuite>
    <testsuite name="client/src/components/ui/editable-recommendation.test.tsx" timestamp="2025-09-19T01:25:09.441Z" hostname="JohnDee" tests="13" failures="0" errors="0" skipped="0" time="3.2872592">
        <testcase classname="client/src/components/ui/editable-recommendation.test.tsx" name="EditableRecommendation &gt; renders recommendation text by default" time="0.0964461">
        </testcase>
        <testcase classname="client/src/components/ui/editable-recommendation.test.tsx" name="EditableRecommendation &gt; shows edit and copy buttons on hover" time="0.1291401">
        </testcase>
        <testcase classname="client/src/components/ui/editable-recommendation.test.tsx" name="EditableRecommendation &gt; enters edit mode when edit button is clicked" time="0.1259085">
        </testcase>
        <testcase classname="client/src/components/ui/editable-recommendation.test.tsx" name="EditableRecommendation &gt; allows editing the recommendation text" time="0.4371624">
        </testcase>
        <testcase classname="client/src/components/ui/editable-recommendation.test.tsx" name="EditableRecommendation &gt; saves changes when save button is clicked" time="0.499395">
        </testcase>
        <testcase classname="client/src/components/ui/editable-recommendation.test.tsx" name="EditableRecommendation &gt; cancels changes when cancel button is clicked" time="0.419697">
        </testcase>
        <testcase classname="client/src/components/ui/editable-recommendation.test.tsx" name="EditableRecommendation &gt; saves changes with Ctrl+Enter keyboard shortcut" time="0.4363328">
        </testcase>
        <testcase classname="client/src/components/ui/editable-recommendation.test.tsx" name="EditableRecommendation &gt; cancels changes with Escape keyboard shortcut" time="0.3586543">
        </testcase>
        <testcase classname="client/src/components/ui/editable-recommendation.test.tsx" name="EditableRecommendation &gt; calls onCopy with current edited text when copy button is clicked" time="0.5046421">
        </testcase>
        <testcase classname="client/src/components/ui/editable-recommendation.test.tsx" name="EditableRecommendation &gt; calls onCopy with original text when no edits have been made" time="0.0907299">
        </testcase>
        <testcase classname="client/src/components/ui/editable-recommendation.test.tsx" name="EditableRecommendation &gt; disables all interactions when disabled prop is true" time="0.0246402">
        </testcase>
        <testcase classname="client/src/components/ui/editable-recommendation.test.tsx" name="EditableRecommendation &gt; disables save button when textarea is empty" time="0.1363981">
        </testcase>
        <testcase classname="client/src/components/ui/editable-recommendation.test.tsx" name="EditableRecommendation &gt; updates when recommendation prop changes" time="0.0220438">
        </testcase>
    </testsuite>
    <testsuite name="client/src/components/ui/form.test.tsx" timestamp="2025-09-19T01:25:09.442Z" hostname="JohnDee" tests="29" failures="0" errors="0" skipped="0" time="2.4663321">
        <testcase classname="client/src/components/ui/form.test.tsx" name="Form Components &gt; Form (FormProvider) &gt; provides form context to child components" time="0.0661024">
        </testcase>
        <testcase classname="client/src/components/ui/form.test.tsx" name="Form Components &gt; Form (FormProvider) &gt; handles form submission with valid data" time="0.6388222">
        </testcase>
        <testcase classname="client/src/components/ui/form.test.tsx" name="Form Components &gt; Form (FormProvider) &gt; displays validation errors for invalid data" time="0.0867723">
        </testcase>
        <testcase classname="client/src/components/ui/form.test.tsx" name="Form Components &gt; Form (FormProvider) &gt; renders with default values" time="0.0107075">
        </testcase>
        <testcase classname="client/src/components/ui/form.test.tsx" name="Form Components &gt; FormField &gt; provides field context to render prop" time="0.0098615">
        </testcase>
        <testcase classname="client/src/components/ui/form.test.tsx" name="Form Components &gt; FormField &gt; integrates with react-hook-form Controller" time="0.135434">
        </testcase>
        <testcase classname="client/src/components/ui/form.test.tsx" name="Form Components &gt; useFormField hook &gt; throws error when used outside Form context" time="0.0034576">
        </testcase>
        <testcase classname="client/src/components/ui/form.test.tsx" name="Form Components &gt; useFormField hook &gt; works when used inside Form but outside FormField" time="0.0031487">
        </testcase>
        <testcase classname="client/src/components/ui/form.test.tsx" name="Form Components &gt; useFormField hook &gt; throws error when fieldContext.name is undefined" time="0.0042634">
        </testcase>
        <testcase classname="client/src/components/ui/form.test.tsx" name="Form Components &gt; useFormField hook &gt; returns correct field state and IDs" time="0.0039717">
        </testcase>
        <testcase classname="client/src/components/ui/form.test.tsx" name="Form Components &gt; FormItem &gt; renders with default classes" time="0.0028475">
        </testcase>
        <testcase classname="client/src/components/ui/form.test.tsx" name="Form Components &gt; FormItem &gt; applies custom className" time="0.0021627">
        </testcase>
        <testcase classname="client/src/components/ui/form.test.tsx" name="Form Components &gt; FormItem &gt; provides unique ID context" time="0.0024855">
        </testcase>
        <testcase classname="client/src/components/ui/form.test.tsx" name="Form Components &gt; FormLabel &gt; renders with proper accessibility attributes" time="0.0092378">
        </testcase>
        <testcase classname="client/src/components/ui/form.test.tsx" name="Form Components &gt; FormLabel &gt; applies error styling when field has error" time="0.0622208">
        </testcase>
        <testcase classname="client/src/components/ui/form.test.tsx" name="Form Components &gt; FormLabel &gt; applies custom className" time="0.0054081">
        </testcase>
        <testcase classname="client/src/components/ui/form.test.tsx" name="Form Components &gt; FormControl &gt; forwards props to child input element" time="0.0118371">
        </testcase>
        <testcase classname="client/src/components/ui/form.test.tsx" name="Form Components &gt; FormControl &gt; sets proper ARIA attributes" time="0.0107543">
        </testcase>
        <testcase classname="client/src/components/ui/form.test.tsx" name="Form Components &gt; FormControl &gt; updates ARIA attributes when field has error" time="0.0667764">
        </testcase>
        <testcase classname="client/src/components/ui/form.test.tsx" name="Form Components &gt; FormDescription &gt; renders description text with proper styling" time="0.0113923">
        </testcase>
        <testcase classname="client/src/components/ui/form.test.tsx" name="Form Components &gt; FormDescription &gt; has correct ID for accessibility" time="0.0089285">
        </testcase>
        <testcase classname="client/src/components/ui/form.test.tsx" name="Form Components &gt; FormDescription &gt; applies custom className" time="0.0091113">
        </testcase>
        <testcase classname="client/src/components/ui/form.test.tsx" name="Form Components &gt; FormMessage &gt; displays error message when field has error" time="0.062258">
        </testcase>
        <testcase classname="client/src/components/ui/form.test.tsx" name="Form Components &gt; FormMessage &gt; applies error styling to message" time="0.0637051">
        </testcase>
        <testcase classname="client/src/components/ui/form.test.tsx" name="Form Components &gt; FormMessage &gt; renders custom children when no error" time="0.0060475">
        </testcase>
        <testcase classname="client/src/components/ui/form.test.tsx" name="Form Components &gt; FormMessage &gt; returns null when no error and no children" time="0.0046054">
        </testcase>
        <testcase classname="client/src/components/ui/form.test.tsx" name="Form Components &gt; FormMessage &gt; has correct ID for accessibility" time="0.0521774">
        </testcase>
        <testcase classname="client/src/components/ui/form.test.tsx" name="Form Components &gt; Form integration &gt; clears error when field value becomes valid" time="0.3451413">
        </testcase>
        <testcase classname="client/src/components/ui/form.test.tsx" name="Form Components &gt; Form integration &gt; handles complex validation scenarios" time="0.7582697">
        </testcase>
    </testsuite>
    <testsuite name="client/src/components/ui/input.test.tsx" timestamp="2025-09-19T01:25:09.445Z" hostname="JohnDee" tests="8" failures="0" errors="0" skipped="0" time="0.39199">
        <testcase classname="client/src/components/ui/input.test.tsx" name="Input &gt; renders correctly with default props" time="0.0860138">
        </testcase>
        <testcase classname="client/src/components/ui/input.test.tsx" name="Input &gt; applies custom className" time="0.0055661">
        </testcase>
        <testcase classname="client/src/components/ui/input.test.tsx" name="Input &gt; accepts different input types" time="0.006584">
        </testcase>
        <testcase classname="client/src/components/ui/input.test.tsx" name="Input &gt; handles user input correctly" time="0.2022198">
        </testcase>
        <testcase classname="client/src/components/ui/input.test.tsx" name="Input &gt; passes additional props to the input element" time="0.0100594">
        </testcase>
        <testcase classname="client/src/components/ui/input.test.tsx" name="Input &gt; forwards the ref correctly" time="0.0039769">
        </testcase>
        <testcase classname="client/src/components/ui/input.test.tsx" name="Input &gt; renders as disabled when disabled prop is true" time="0.0089863">
        </testcase>
        <testcase classname="client/src/components/ui/input.test.tsx" name="Input &gt; handles onChange events" time="0.0633103">
        </testcase>
    </testsuite>
    <testsuite name="client/src/components/ui/label.test.tsx" timestamp="2025-09-19T01:25:09.445Z" hostname="JohnDee" tests="10" failures="0" errors="0" skipped="0" time="0.0889828">
        <testcase classname="client/src/components/ui/label.test.tsx" name="Label &gt; should render label text correctly" time="0.0482505">
        </testcase>
        <testcase classname="client/src/components/ui/label.test.tsx" name="Label &gt; should apply default styling classes" time="0.0036883">
        </testcase>
        <testcase classname="client/src/components/ui/label.test.tsx" name="Label &gt; should merge custom className with default styles" time="0.004148">
        </testcase>
        <testcase classname="client/src/components/ui/label.test.tsx" name="Label &gt; should pass through HTML attributes" time="0.0042831">
        </testcase>
        <testcase classname="client/src/components/ui/label.test.tsx" name="Label &gt; should handle ref forwarding" time="0.0060696">
        </testcase>
        <testcase classname="client/src/components/ui/label.test.tsx" name="Label &gt; should render as label element" time="0.0032426">
        </testcase>
        <testcase classname="client/src/components/ui/label.test.tsx" name="Label &gt; should handle empty content" time="0.0031558">
        </testcase>
        <testcase classname="client/src/components/ui/label.test.tsx" name="Label &gt; should support data attributes" time="0.0026732">
        </testcase>
        <testcase classname="client/src/components/ui/label.test.tsx" name="Label &gt; should handle disabled state styling" time="0.0051855">
        </testcase>
        <testcase classname="client/src/components/ui/label.test.tsx" name="Label &gt; should support aria attributes" time="0.0026417">
        </testcase>
    </testsuite>
    <testsuite name="client/src/components/ui/language-selector.test.tsx" timestamp="2025-09-19T01:25:09.446Z" hostname="JohnDee" tests="12" failures="0" errors="0" skipped="0" time="0.7685864">
        <testcase classname="client/src/components/ui/language-selector.test.tsx" name="LanguageSelector &gt; renders with default language selected" time="0.138275">
        </testcase>
        <testcase classname="client/src/components/ui/language-selector.test.tsx" name="LanguageSelector &gt; renders with custom label" time="0.0562085">
        </testcase>
        <testcase classname="client/src/components/ui/language-selector.test.tsx" name="LanguageSelector &gt; displays selected language correctly" time="0.0509214">
        </testcase>
        <testcase classname="client/src/components/ui/language-selector.test.tsx" name="LanguageSelector &gt; can be disabled" time="0.1156496">
        </testcase>
        <testcase classname="client/src/components/ui/language-selector.test.tsx" name="LanguageSelector &gt; applies custom className" time="0.049832">
        </testcase>
        <testcase classname="client/src/components/ui/language-selector.test.tsx" name="LanguageSelector &gt; calls onLanguageChange when selection changes" time="0.0578592">
        </testcase>
        <testcase classname="client/src/components/ui/language-selector.test.tsx" name="LanguageSelector &gt; falls back to default language for invalid selection" time="0.051673">
        </testcase>
        <testcase classname="client/src/components/ui/language-selector.test.tsx" name="LanguageSelector &gt; renders all supported languages in dropdown" time="0.0503286">
        </testcase>
        <testcase classname="client/src/components/ui/language-selector.test.tsx" name="LanguageSelector &gt; shows English name as subtitle when different from native name" time="0.0463976">
        </testcase>
        <testcase classname="client/src/components/ui/language-selector.test.tsx" name="LanguageSelector &gt; shows (default) indicator for detected site language" time="0.0444963">
        </testcase>
        <testcase classname="client/src/components/ui/language-selector.test.tsx" name="LanguageSelector &gt; shows (default) indicator for different detected languages" time="0.0524679">
        </testcase>
        <testcase classname="client/src/components/ui/language-selector.test.tsx" name="LanguageSelector &gt; handles unsupported detected language gracefully" time="0.0484837">
        </testcase>
    </testsuite>
    <testsuite name="client/src/components/ui/popover.test.tsx" timestamp="2025-09-19T01:25:09.448Z" hostname="JohnDee" tests="15" failures="0" errors="0" skipped="0" time="0.1297882">
        <testcase classname="client/src/components/ui/popover.test.tsx" name="Popover Components &gt; Popover Root &gt; should render popover root component" time="0.0350698">
        </testcase>
        <testcase classname="client/src/components/ui/popover.test.tsx" name="Popover Components &gt; Popover Root &gt; should pass props to root component" time="0.0045443">
        </testcase>
        <testcase classname="client/src/components/ui/popover.test.tsx" name="Popover Components &gt; PopoverTrigger &gt; should render trigger button" time="0.0065517">
        </testcase>
        <testcase classname="client/src/components/ui/popover.test.tsx" name="Popover Components &gt; PopoverTrigger &gt; should handle click events" time="0.0078349">
        </testcase>
        <testcase classname="client/src/components/ui/popover.test.tsx" name="Popover Components &gt; PopoverTrigger &gt; should pass through props" time="0.0036896">
        </testcase>
        <testcase classname="client/src/components/ui/popover.test.tsx" name="Popover Components &gt; PopoverContent &gt; should render content with default styling" time="0.0197931">
        </testcase>
        <testcase classname="client/src/components/ui/popover.test.tsx" name="Popover Components &gt; PopoverContent &gt; should apply custom className" time="0.006413">
        </testcase>
        <testcase classname="client/src/components/ui/popover.test.tsx" name="Popover Components &gt; PopoverContent &gt; should use default align and sideOffset values" time="0.0028886">
        </testcase>
        <testcase classname="client/src/components/ui/popover.test.tsx" name="Popover Components &gt; PopoverContent &gt; should allow custom align and sideOffset" time="0.0022537">
        </testcase>
        <testcase classname="client/src/components/ui/popover.test.tsx" name="Popover Components &gt; PopoverContent &gt; should render inside portal" time="0.0075313">
        </testcase>
        <testcase classname="client/src/components/ui/popover.test.tsx" name="Popover Components &gt; PopoverContent &gt; should forward ref correctly" time="0.0043843">
        </testcase>
        <testcase classname="client/src/components/ui/popover.test.tsx" name="Popover Components &gt; PopoverContent &gt; should pass through additional props" time="0.0030969">
        </testcase>
        <testcase classname="client/src/components/ui/popover.test.tsx" name="Popover Components &gt; PopoverContent &gt; should have animation and styling classes" time="0.0030039">
        </testcase>
        <testcase classname="client/src/components/ui/popover.test.tsx" name="Popover Components &gt; Popover Integration &gt; should work together as a complete popover" time="0.0041966">
        </testcase>
        <testcase classname="client/src/components/ui/popover.test.tsx" name="Popover Components &gt; Popover Integration &gt; should handle multiple popovers" time="0.0125861">
        </testcase>
    </testsuite>
    <testsuite name="client/src/components/ui/progress-circle.test.tsx" timestamp="2025-09-19T01:25:09.449Z" hostname="JohnDee" tests="14" failures="0" errors="0" skipped="0" time="0.2238796">
        <testcase classname="client/src/components/ui/progress-circle.test.tsx" name="ProgressCircle &gt; renders with default props" time="0.0432279">
        </testcase>
        <testcase classname="client/src/components/ui/progress-circle.test.tsx" name="ProgressCircle &gt; renders with custom props" time="0.0065704">
        </testcase>
        <testcase classname="client/src/components/ui/progress-circle.test.tsx" name="ProgressCircle &gt; uses correct radius and circumference calculations" time="0.0042395">
        </testcase>
        <testcase classname="client/src/components/ui/progress-circle.test.tsx" name="ProgressCircle &gt; applies red color for scores below 50" time="0.0738891">
        </testcase>
        <testcase classname="client/src/components/ui/progress-circle.test.tsx" name="ProgressCircle &gt; applies yellow color for scores between 50 and 69" time="0.0189881">
        </testcase>
        <testcase classname="client/src/components/ui/progress-circle.test.tsx" name="ProgressCircle &gt; applies blue color for scores between 70 and 89" time="0.0117995">
        </testcase>
        <testcase classname="client/src/components/ui/progress-circle.test.tsx" name="ProgressCircle &gt; applies green color for scores 90 and above" time="0.0106094">
        </testcase>
        <testcase classname="client/src/components/ui/progress-circle.test.tsx" name="ProgressCircle &gt; handles edge cases for color thresholds" time="0.0101031">
        </testcase>
        <testcase classname="client/src/components/ui/progress-circle.test.tsx" name="ProgressCircle &gt; has a proper rotation transform on SVG" time="0.0107189">
        </testcase>
        <testcase classname="client/src/components/ui/progress-circle.test.tsx" name="ProgressCircle &gt; applies stroke-linecap round to progress circle" time="0.0043794">
        </testcase>
        <testcase classname="client/src/components/ui/progress-circle.test.tsx" name="ProgressCircle &gt; applies transition style to progress circle" time="0.0079853">
        </testcase>
        <testcase classname="client/src/components/ui/progress-circle.test.tsx" name="ProgressCircle &gt; renders with 0 value correctly" time="0.0042315">
        </testcase>
        <testcase classname="client/src/components/ui/progress-circle.test.tsx" name="ProgressCircle &gt; renders with 100 value correctly" time="0.0027885">
        </testcase>
        <testcase classname="client/src/components/ui/progress-circle.test.tsx" name="ProgressCircle &gt; uses reduced opacity for background circle" time="0.0034155">
        </testcase>
    </testsuite>
    <testsuite name="client/src/components/ui/progress.test.tsx" timestamp="2025-09-19T01:25:09.450Z" hostname="JohnDee" tests="17" failures="0" errors="0" skipped="0" time="0.1838657">
        <testcase classname="client/src/components/ui/progress.test.tsx" name="Progress &gt; should render progress component" time="0.0446551">
        </testcase>
        <testcase classname="client/src/components/ui/progress.test.tsx" name="Progress &gt; should apply default styling classes" time="0.0036713">
        </testcase>
        <testcase classname="client/src/components/ui/progress.test.tsx" name="Progress &gt; should apply indicator styling classes" time="0.0026448">
        </testcase>
        <testcase classname="client/src/components/ui/progress.test.tsx" name="Progress &gt; should set correct transform style for value" time="0.0528299">
        </testcase>
        <testcase classname="client/src/components/ui/progress.test.tsx" name="Progress &gt; should handle 0% progress" time="0.0078001">
        </testcase>
        <testcase classname="client/src/components/ui/progress.test.tsx" name="Progress &gt; should handle 100% progress" time="0.006438">
        </testcase>
        <testcase classname="client/src/components/ui/progress.test.tsx" name="Progress &gt; should handle undefined value gracefully" time="0.0053817">
        </testcase>
        <testcase classname="client/src/components/ui/progress.test.tsx" name="Progress &gt; should handle null value gracefully" time="0.0052037">
        </testcase>
        <testcase classname="client/src/components/ui/progress.test.tsx" name="Progress &gt; should merge custom className with default styles" time="0.0027994">
        </testcase>
        <testcase classname="client/src/components/ui/progress.test.tsx" name="Progress &gt; should forward ref correctly" time="0.0028064">
        </testcase>
        <testcase classname="client/src/components/ui/progress.test.tsx" name="Progress &gt; should pass through additional props" time="0.0096708">
        </testcase>
        <testcase classname="client/src/components/ui/progress.test.tsx" name="Progress &gt; should handle edge case values correctly" time="0.0100115">
        </testcase>
        <testcase classname="client/src/components/ui/progress.test.tsx" name="Progress &gt; should support fractional values" time="0.0062382">
        </testcase>
        <testcase classname="client/src/components/ui/progress.test.tsx" name="Progress &gt; should have correct display name" time="0.0005987">
        </testcase>
        <testcase classname="client/src/components/ui/progress.test.tsx" name="Progress &gt; should work with accessibility attributes" time="0.0040697">
        </testcase>
        <testcase classname="client/src/components/ui/progress.test.tsx" name="Progress &gt; should handle very small values" time="0.005321">
        </testcase>
        <testcase classname="client/src/components/ui/progress.test.tsx" name="Progress &gt; should handle very large values" time="0.0081177">
        </testcase>
    </testsuite>
    <testsuite name="client/src/components/ui/schema-display.test.tsx" timestamp="2025-09-19T01:25:09.452Z" hostname="JohnDee" tests="16" failures="0" errors="0" skipped="0" time="4.3777578">
        <testcase classname="client/src/components/ui/schema-display.test.tsx" name="SchemaDisplay &gt; should render nothing when no schemas provided" time="0.0174967">
        </testcase>
        <testcase classname="client/src/components/ui/schema-display.test.tsx" name="SchemaDisplay &gt; should render collapsed by default" time="0.0971929">
        </testcase>
        <testcase classname="client/src/components/ui/schema-display.test.tsx" name="SchemaDisplay &gt; should expand when clicked" time="0.1273654">
        </testcase>
        <testcase classname="client/src/components/ui/schema-display.test.tsx" name="SchemaDisplay &gt; should display Google support badges correctly" time="0.0752252">
        </testcase>
        <testcase classname="client/src/components/ui/schema-display.test.tsx" name="SchemaDisplay &gt; should show required schemas section" time="0.0664344">
        </testcase>
        <testcase classname="client/src/components/ui/schema-display.test.tsx" name="SchemaDisplay &gt; should show optional schemas section with checkboxes" time="0.1306686">
        </testcase>
        <testcase classname="client/src/components/ui/schema-display.test.tsx" name="SchemaDisplay &gt; should toggle optional schema visibility when checkbox is clicked" time="0.1335019">
        </testcase>
        <testcase classname="client/src/components/ui/schema-display.test.tsx" name="SchemaDisplay &gt; should copy JSON-LD code with script tags when copy button is clicked" time="0.1687236">
        </testcase>
        <testcase classname="client/src/components/ui/schema-display.test.tsx" name="SchemaDisplay &gt; should display tooltip on copy button hover" time="0.9347521">
        </testcase>
        <testcase classname="client/src/components/ui/schema-display.test.tsx" name="SchemaDisplay &gt; should show copied feedback after successful copy" time="2.1247673">
        </testcase>
        <testcase classname="client/src/components/ui/schema-display.test.tsx" name="SchemaDisplay &gt; should show success toast when copy succeeds" time="0.1341097">
        </testcase>
        <testcase classname="client/src/components/ui/schema-display.test.tsx" name="SchemaDisplay &gt; should display documentation links" time="0.0873169">
        </testcase>
        <testcase classname="client/src/components/ui/schema-display.test.tsx" name="SchemaDisplay &gt; should display Google support notes when present" time="0.0546551">
        </testcase>
        <testcase classname="client/src/components/ui/schema-display.test.tsx" name="SchemaDisplay &gt; should display page type context" time="0.0799322">
        </testcase>
        <testcase classname="client/src/components/ui/schema-display.test.tsx" name="SchemaDisplay &gt; should display helpful tip" time="0.0613716">
        </testcase>
        <testcase classname="client/src/components/ui/schema-display.test.tsx" name="SchemaDisplay &gt; should handle multiple schemas correctly" time="0.078807">
        </testcase>
    </testsuite>
    <testsuite name="client/src/components/ui/scroll-area.test.tsx" timestamp="2025-09-19T01:25:09.454Z" hostname="JohnDee" tests="21" failures="0" errors="0" skipped="0" time="0.1406591">
        <testcase classname="client/src/components/ui/scroll-area.test.tsx" name="ScrollArea &gt; should render scroll area component" time="0.05168">
        </testcase>
        <testcase classname="client/src/components/ui/scroll-area.test.tsx" name="ScrollArea &gt; should apply default styling classes" time="0.0060017">
        </testcase>
        <testcase classname="client/src/components/ui/scroll-area.test.tsx" name="ScrollArea &gt; should merge custom className with default styles" time="0.0035596">
        </testcase>
        <testcase classname="client/src/components/ui/scroll-area.test.tsx" name="ScrollArea &gt; should render scrollbar and corner components" time="0.0038919">
        </testcase>
        <testcase classname="client/src/components/ui/scroll-area.test.tsx" name="ScrollArea &gt; should forward ref correctly" time="0.006259">
        </testcase>
        <testcase classname="client/src/components/ui/scroll-area.test.tsx" name="ScrollArea &gt; should pass through additional props" time="0.0053308">
        </testcase>
        <testcase classname="client/src/components/ui/scroll-area.test.tsx" name="ScrollArea &gt; should contain content within viewport" time="0.0068836">
        </testcase>
        <testcase classname="client/src/components/ui/scroll-area.test.tsx" name="ScrollArea &gt; should have correct display name" time="0.0004065">
        </testcase>
        <testcase classname="client/src/components/ui/scroll-area.test.tsx" name="ScrollBar &gt; should render scrollbar component" time="0.0026187">
        </testcase>
        <testcase classname="client/src/components/ui/scroll-area.test.tsx" name="ScrollBar &gt; should use vertical orientation by default" time="0.0022041">
        </testcase>
        <testcase classname="client/src/components/ui/scroll-area.test.tsx" name="ScrollBar &gt; should apply horizontal orientation when specified" time="0.0027519">
        </testcase>
        <testcase classname="client/src/components/ui/scroll-area.test.tsx" name="ScrollBar &gt; should apply base styling classes" time="0.0084857">
        </testcase>
        <testcase classname="client/src/components/ui/scroll-area.test.tsx" name="ScrollBar &gt; should merge custom className with default styles" time="0.0025422">
        </testcase>
        <testcase classname="client/src/components/ui/scroll-area.test.tsx" name="ScrollBar &gt; should forward ref correctly" time="0.0017281">
        </testcase>
        <testcase classname="client/src/components/ui/scroll-area.test.tsx" name="ScrollBar &gt; should pass through additional props" time="0.0020499">
        </testcase>
        <testcase classname="client/src/components/ui/scroll-area.test.tsx" name="ScrollBar &gt; should handle both orientation options correctly" time="0.0036162">
        </testcase>
        <testcase classname="client/src/components/ui/scroll-area.test.tsx" name="ScrollBar &gt; should have correct display name" time="0.0001763">
        </testcase>
        <testcase classname="client/src/components/ui/scroll-area.test.tsx" name="ScrollBar &gt; should contain thumb component" time="0.0021275">
        </testcase>
        <testcase classname="client/src/components/ui/scroll-area.test.tsx" name="ScrollArea Integration &gt; should work with large content requiring scrolling" time="0.0090944">
        </testcase>
        <testcase classname="client/src/components/ui/scroll-area.test.tsx" name="ScrollArea Integration &gt; should render custom scrollbar with different orientation" time="0.0057892">
        </testcase>
        <testcase classname="client/src/components/ui/scroll-area.test.tsx" name="ScrollArea Integration &gt; should work with nested content structure" time="0.0078606">
        </testcase>
    </testsuite>
    <testsuite name="client/src/components/ui/select.test.tsx" timestamp="2025-09-19T01:25:09.456Z" hostname="JohnDee" tests="3" failures="0" errors="0" skipped="0" time="0.0845068">
        <testcase classname="client/src/components/ui/select.test.tsx" name="Select Components &gt; renders select trigger with proper styling" time="0.0500539">
        </testcase>
        <testcase classname="client/src/components/ui/select.test.tsx" name="Select Components &gt; renders select content with items" time="0.0187462">
        </testcase>
        <testcase classname="client/src/components/ui/select.test.tsx" name="Select Components &gt; applies custom className to components" time="0.0100558">
        </testcase>
    </testsuite>
    <testsuite name="client/src/components/ui/separator.test.tsx" timestamp="2025-09-19T01:25:09.456Z" hostname="JohnDee" tests="16" failures="0" errors="0" skipped="0" time="0.1042796">
        <testcase classname="client/src/components/ui/separator.test.tsx" name="Separator &gt; should render separator component" time="0.0503154">
        </testcase>
        <testcase classname="client/src/components/ui/separator.test.tsx" name="Separator &gt; should apply default styling classes" time="0.0040405">
        </testcase>
        <testcase classname="client/src/components/ui/separator.test.tsx" name="Separator &gt; should use horizontal orientation by default" time="0.0047709">
        </testcase>
        <testcase classname="client/src/components/ui/separator.test.tsx" name="Separator &gt; should apply vertical orientation when specified" time="0.0052042">
        </testcase>
        <testcase classname="client/src/components/ui/separator.test.tsx" name="Separator &gt; should be decorative by default" time="0.0034202">
        </testcase>
        <testcase classname="client/src/components/ui/separator.test.tsx" name="Separator &gt; should allow non-decorative mode" time="0.0025522">
        </testcase>
        <testcase classname="client/src/components/ui/separator.test.tsx" name="Separator &gt; should merge custom className with default styles" time="0.0038312">
        </testcase>
        <testcase classname="client/src/components/ui/separator.test.tsx" name="Separator &gt; should forward ref correctly" time="0.0034282">
        </testcase>
        <testcase classname="client/src/components/ui/separator.test.tsx" name="Separator &gt; should pass through additional props" time="0.0027548">
        </testcase>
        <testcase classname="client/src/components/ui/separator.test.tsx" name="Separator &gt; should handle both orientation options correctly" time="0.0036576">
        </testcase>
        <testcase classname="client/src/components/ui/separator.test.tsx" name="Separator &gt; should override default props when specified" time="0.0023895">
        </testcase>
        <testcase classname="client/src/components/ui/separator.test.tsx" name="Separator &gt; should have correct display name" time="0.0002395">
        </testcase>
        <testcase classname="client/src/components/ui/separator.test.tsx" name="Separator &gt; should work with accessibility roles" time="0.0021342">
        </testcase>
        <testcase classname="client/src/components/ui/separator.test.tsx" name="Separator &gt; should support custom styling for different orientations" time="0.0029614">
        </testcase>
        <testcase classname="client/src/components/ui/separator.test.tsx" name="Separator &gt; should maintain base classes regardless of orientation" time="0.0021522">
        </testcase>
        <testcase classname="client/src/components/ui/separator.test.tsx" name="Separator &gt; should work in different semantic contexts" time="0.0038939">
        </testcase>
    </testsuite>
    <testsuite name="client/src/components/ui/sheet.test.tsx" timestamp="2025-09-19T01:25:09.457Z" hostname="JohnDee" tests="34" failures="0" errors="0" skipped="0" time="0.1930248">
        <testcase classname="client/src/components/ui/sheet.test.tsx" name="Sheet Components &gt; Sheet Root &gt; should render sheet root component" time="0.0404323">
        </testcase>
        <testcase classname="client/src/components/ui/sheet.test.tsx" name="Sheet Components &gt; Sheet Root &gt; should pass props to root component" time="0.0038723">
        </testcase>
        <testcase classname="client/src/components/ui/sheet.test.tsx" name="Sheet Components &gt; SheetTrigger &gt; should render trigger button" time="0.0071566">
        </testcase>
        <testcase classname="client/src/components/ui/sheet.test.tsx" name="Sheet Components &gt; SheetTrigger &gt; should handle click events" time="0.0077144">
        </testcase>
        <testcase classname="client/src/components/ui/sheet.test.tsx" name="Sheet Components &gt; SheetClose &gt; should render close button" time="0.0030939">
        </testcase>
        <testcase classname="client/src/components/ui/sheet.test.tsx" name="Sheet Components &gt; SheetOverlay &gt; should render overlay with default styling" time="0.0133223">
        </testcase>
        <testcase classname="client/src/components/ui/sheet.test.tsx" name="Sheet Components &gt; SheetOverlay &gt; should apply custom className" time="0.0037754">
        </testcase>
        <testcase classname="client/src/components/ui/sheet.test.tsx" name="Sheet Components &gt; SheetOverlay &gt; should forward ref correctly" time="0.0034941">
        </testcase>
        <testcase classname="client/src/components/ui/sheet.test.tsx" name="Sheet Components &gt; SheetOverlay &gt; should have correct display name" time="0.0002337">
        </testcase>
        <testcase classname="client/src/components/ui/sheet.test.tsx" name="Sheet Components &gt; SheetContent &gt; should render content with default styling" time="0.008013">
        </testcase>
        <testcase classname="client/src/components/ui/sheet.test.tsx" name="Sheet Components &gt; SheetContent &gt; should render with default side (right)" time="0.0050307">
        </testcase>
        <testcase classname="client/src/components/ui/sheet.test.tsx" name="Sheet Components &gt; SheetContent &gt; should support different sides" time="0.0093503">
        </testcase>
        <testcase classname="client/src/components/ui/sheet.test.tsx" name="Sheet Components &gt; SheetContent &gt; should apply custom className" time="0.0046416">
        </testcase>
        <testcase classname="client/src/components/ui/sheet.test.tsx" name="Sheet Components &gt; SheetContent &gt; should render close button inside content" time="0.0041894">
        </testcase>
        <testcase classname="client/src/components/ui/sheet.test.tsx" name="Sheet Components &gt; SheetContent &gt; should render inside portal" time="0.0029123">
        </testcase>
        <testcase classname="client/src/components/ui/sheet.test.tsx" name="Sheet Components &gt; SheetContent &gt; should forward ref correctly" time="0.0035616">
        </testcase>
        <testcase classname="client/src/components/ui/sheet.test.tsx" name="Sheet Components &gt; SheetContent &gt; should have correct display name" time="0.0002484">
        </testcase>
        <testcase classname="client/src/components/ui/sheet.test.tsx" name="Sheet Components &gt; SheetHeader &gt; should render header with correct styling" time="0.003099">
        </testcase>
        <testcase classname="client/src/components/ui/sheet.test.tsx" name="Sheet Components &gt; SheetHeader &gt; should apply custom className" time="0.0019223">
        </testcase>
        <testcase classname="client/src/components/ui/sheet.test.tsx" name="Sheet Components &gt; SheetHeader &gt; should have correct display name" time="0.0003016">
        </testcase>
        <testcase classname="client/src/components/ui/sheet.test.tsx" name="Sheet Components &gt; SheetFooter &gt; should render footer with correct styling" time="0.0027634">
        </testcase>
        <testcase classname="client/src/components/ui/sheet.test.tsx" name="Sheet Components &gt; SheetFooter &gt; should apply custom className" time="0.0037903">
        </testcase>
        <testcase classname="client/src/components/ui/sheet.test.tsx" name="Sheet Components &gt; SheetFooter &gt; should have correct display name" time="0.0003115">
        </testcase>
        <testcase classname="client/src/components/ui/sheet.test.tsx" name="Sheet Components &gt; SheetTitle &gt; should render title with correct styling" time="0.0053338">
        </testcase>
        <testcase classname="client/src/components/ui/sheet.test.tsx" name="Sheet Components &gt; SheetTitle &gt; should apply custom className" time="0.003668">
        </testcase>
        <testcase classname="client/src/components/ui/sheet.test.tsx" name="Sheet Components &gt; SheetTitle &gt; should forward ref correctly" time="0.0032484">
        </testcase>
        <testcase classname="client/src/components/ui/sheet.test.tsx" name="Sheet Components &gt; SheetTitle &gt; should have correct display name" time="0.0002011">
        </testcase>
        <testcase classname="client/src/components/ui/sheet.test.tsx" name="Sheet Components &gt; SheetDescription &gt; should render description with correct styling" time="0.0031085">
        </testcase>
        <testcase classname="client/src/components/ui/sheet.test.tsx" name="Sheet Components &gt; SheetDescription &gt; should apply custom className" time="0.0021826">
        </testcase>
        <testcase classname="client/src/components/ui/sheet.test.tsx" name="Sheet Components &gt; SheetDescription &gt; should forward ref correctly" time="0.0023052">
        </testcase>
        <testcase classname="client/src/components/ui/sheet.test.tsx" name="Sheet Components &gt; SheetDescription &gt; should have correct display name" time="0.0002034">
        </testcase>
        <testcase classname="client/src/components/ui/sheet.test.tsx" name="Sheet Components &gt; Sheet Integration &gt; should work together as a complete sheet" time="0.0179435">
        </testcase>
        <testcase classname="client/src/components/ui/sheet.test.tsx" name="Sheet Components &gt; Sheet Integration &gt; should handle animation classes" time="0.0073149">
        </testcase>
        <testcase classname="client/src/components/ui/sheet.test.tsx" name="Sheet Components &gt; Sheet Integration &gt; should handle different viewport sizes with responsive classes" time="0.0033882">
        </testcase>
    </testsuite>
    <testsuite name="client/src/components/ui/sidebar.test.tsx" timestamp="2025-09-19T01:25:09.460Z" hostname="JohnDee" tests="64" failures="0" errors="0" skipped="0" time="0.4568981">
        <testcase classname="client/src/components/ui/sidebar.test.tsx" name="Sidebar Components &gt; SidebarProvider &gt; should render provider with children" time="0.045924">
        </testcase>
        <testcase classname="client/src/components/ui/sidebar.test.tsx" name="Sidebar Components &gt; SidebarProvider &gt; should have default open state" time="0.0043887">
        </testcase>
        <testcase classname="client/src/components/ui/sidebar.test.tsx" name="Sidebar Components &gt; SidebarProvider &gt; should handle controlled open state" time="0.0069794">
        </testcase>
        <testcase classname="client/src/components/ui/sidebar.test.tsx" name="Sidebar Components &gt; SidebarProvider &gt; should handle keyboard shortcut" time="0.0061433">
        </testcase>
        <testcase classname="client/src/components/ui/sidebar.test.tsx" name="Sidebar Components &gt; SidebarProvider &gt; should set cookie on state change" time="0.0081879">
        </testcase>
        <testcase classname="client/src/components/ui/sidebar.test.tsx" name="Sidebar Components &gt; SidebarProvider &gt; should apply custom styles" time="0.0046723">
        </testcase>
        <testcase classname="client/src/components/ui/sidebar.test.tsx" name="Sidebar Components &gt; SidebarProvider &gt; should have correct display name" time="0.0003447">
        </testcase>
        <testcase classname="client/src/components/ui/sidebar.test.tsx" name="Sidebar Components &gt; Sidebar &gt; should render sidebar with default props" time="0.0031354">
        </testcase>
        <testcase classname="client/src/components/ui/sidebar.test.tsx" name="Sidebar Components &gt; Sidebar &gt; should handle collapsible=&quot;none&quot;" time="0.0038959">
        </testcase>
        <testcase classname="client/src/components/ui/sidebar.test.tsx" name="Sidebar Components &gt; Sidebar &gt; should render mobile sheet when isMobile is true" time="0.0099067">
        </testcase>
        <testcase classname="client/src/components/ui/sidebar.test.tsx" name="Sidebar Components &gt; Sidebar &gt; should handle different sides" time="0.0067826">
        </testcase>
        <testcase classname="client/src/components/ui/sidebar.test.tsx" name="Sidebar Components &gt; Sidebar &gt; should handle different variants" time="0.0084374">
        </testcase>
        <testcase classname="client/src/components/ui/sidebar.test.tsx" name="Sidebar Components &gt; Sidebar &gt; should have correct display name" time="0.0009112">
        </testcase>
        <testcase classname="client/src/components/ui/sidebar.test.tsx" name="Sidebar Components &gt; SidebarTrigger &gt; should render trigger button" time="0.0081411">
        </testcase>
        <testcase classname="client/src/components/ui/sidebar.test.tsx" name="Sidebar Components &gt; SidebarTrigger &gt; should toggle sidebar on click" time="0.0074911">
        </testcase>
        <testcase classname="client/src/components/ui/sidebar.test.tsx" name="Sidebar Components &gt; SidebarTrigger &gt; should handle custom onClick" time="0.0070048">
        </testcase>
        <testcase classname="client/src/components/ui/sidebar.test.tsx" name="Sidebar Components &gt; SidebarTrigger &gt; should have correct display name" time="0.0005859">
        </testcase>
        <testcase classname="client/src/components/ui/sidebar.test.tsx" name="Sidebar Components &gt; SidebarRail &gt; should render rail button" time="0.0652313">
        </testcase>
        <testcase classname="client/src/components/ui/sidebar.test.tsx" name="Sidebar Components &gt; SidebarRail &gt; should toggle sidebar on click" time="0.0210301">
        </testcase>
        <testcase classname="client/src/components/ui/sidebar.test.tsx" name="Sidebar Components &gt; SidebarRail &gt; should have correct display name" time="0.0006015">
        </testcase>
        <testcase classname="client/src/components/ui/sidebar.test.tsx" name="Sidebar Components &gt; SidebarInset &gt; should render main content area" time="0.0146617">
        </testcase>
        <testcase classname="client/src/components/ui/sidebar.test.tsx" name="Sidebar Components &gt; SidebarInset &gt; should have correct display name" time="0.0006905">
        </testcase>
        <testcase classname="client/src/components/ui/sidebar.test.tsx" name="Sidebar Components &gt; SidebarInput &gt; should render input with correct styling" time="0.014028">
        </testcase>
        <testcase classname="client/src/components/ui/sidebar.test.tsx" name="Sidebar Components &gt; SidebarInput &gt; should have correct display name" time="0.0005441">
        </testcase>
        <testcase classname="client/src/components/ui/sidebar.test.tsx" name="Sidebar Components &gt; SidebarHeader &gt; should render header with correct styling" time="0.0051947">
        </testcase>
        <testcase classname="client/src/components/ui/sidebar.test.tsx" name="Sidebar Components &gt; SidebarHeader &gt; should have correct display name" time="0.000975">
        </testcase>
        <testcase classname="client/src/components/ui/sidebar.test.tsx" name="Sidebar Components &gt; SidebarFooter &gt; should render footer with correct styling" time="0.0048701">
        </testcase>
        <testcase classname="client/src/components/ui/sidebar.test.tsx" name="Sidebar Components &gt; SidebarFooter &gt; should have correct display name" time="0.0005286">
        </testcase>
        <testcase classname="client/src/components/ui/sidebar.test.tsx" name="Sidebar Components &gt; SidebarSeparator &gt; should render separator with correct styling" time="0.00331">
        </testcase>
        <testcase classname="client/src/components/ui/sidebar.test.tsx" name="Sidebar Components &gt; SidebarSeparator &gt; should have correct display name" time="0.0004665">
        </testcase>
        <testcase classname="client/src/components/ui/sidebar.test.tsx" name="Sidebar Components &gt; SidebarContent &gt; should render content area with correct styling" time="0.0090915">
        </testcase>
        <testcase classname="client/src/components/ui/sidebar.test.tsx" name="Sidebar Components &gt; SidebarContent &gt; should have correct display name" time="0.0011468">
        </testcase>
        <testcase classname="client/src/components/ui/sidebar.test.tsx" name="Sidebar Components &gt; SidebarGroup &gt; should render group container" time="0.0050443">
        </testcase>
        <testcase classname="client/src/components/ui/sidebar.test.tsx" name="Sidebar Components &gt; SidebarGroup &gt; should have correct display name" time="0.0011217">
        </testcase>
        <testcase classname="client/src/components/ui/sidebar.test.tsx" name="Sidebar Components &gt; SidebarGroupLabel &gt; should render group label" time="0.0078497">
        </testcase>
        <testcase classname="client/src/components/ui/sidebar.test.tsx" name="Sidebar Components &gt; SidebarGroupLabel &gt; should support asChild prop" time="0.0038916">
        </testcase>
        <testcase classname="client/src/components/ui/sidebar.test.tsx" name="Sidebar Components &gt; SidebarGroupLabel &gt; should have correct display name" time="0.0005727">
        </testcase>
        <testcase classname="client/src/components/ui/sidebar.test.tsx" name="Sidebar Components &gt; SidebarMenu &gt; should render menu list" time="0.0123167">
        </testcase>
        <testcase classname="client/src/components/ui/sidebar.test.tsx" name="Sidebar Components &gt; SidebarMenu &gt; should have correct display name" time="0.0006768">
        </testcase>
        <testcase classname="client/src/components/ui/sidebar.test.tsx" name="Sidebar Components &gt; SidebarMenuItem &gt; should render menu item" time="0.0091613">
        </testcase>
        <testcase classname="client/src/components/ui/sidebar.test.tsx" name="Sidebar Components &gt; SidebarMenuItem &gt; should have correct display name" time="0.0005413">
        </testcase>
        <testcase classname="client/src/components/ui/sidebar.test.tsx" name="Sidebar Components &gt; SidebarMenuButton &gt; should render menu button with default props" time="0.0057941">
        </testcase>
        <testcase classname="client/src/components/ui/sidebar.test.tsx" name="Sidebar Components &gt; SidebarMenuButton &gt; should handle isActive prop" time="0.0035731">
        </testcase>
        <testcase classname="client/src/components/ui/sidebar.test.tsx" name="Sidebar Components &gt; SidebarMenuButton &gt; should show tooltip when collapsed" time="0.0046589">
        </testcase>
        <testcase classname="client/src/components/ui/sidebar.test.tsx" name="Sidebar Components &gt; SidebarMenuButton &gt; should handle different variants" time="0.0043003">
        </testcase>
        <testcase classname="client/src/components/ui/sidebar.test.tsx" name="Sidebar Components &gt; SidebarMenuButton &gt; should handle different sizes" time="0.0052725">
        </testcase>
        <testcase classname="client/src/components/ui/sidebar.test.tsx" name="Sidebar Components &gt; SidebarMenuButton &gt; should have correct display name" time="0.0005915">
        </testcase>
        <testcase classname="client/src/components/ui/sidebar.test.tsx" name="Sidebar Components &gt; SidebarMenuAction &gt; should render menu action button" time="0.0050739">
        </testcase>
        <testcase classname="client/src/components/ui/sidebar.test.tsx" name="Sidebar Components &gt; SidebarMenuAction &gt; should handle showOnHover prop" time="0.0083108">
        </testcase>
        <testcase classname="client/src/components/ui/sidebar.test.tsx" name="Sidebar Components &gt; SidebarMenuAction &gt; should have correct display name" time="0.000688">
        </testcase>
        <testcase classname="client/src/components/ui/sidebar.test.tsx" name="Sidebar Components &gt; SidebarMenuBadge &gt; should render menu badge" time="0.0091029">
        </testcase>
        <testcase classname="client/src/components/ui/sidebar.test.tsx" name="Sidebar Components &gt; SidebarMenuBadge &gt; should have correct display name" time="0.0008068">
        </testcase>
        <testcase classname="client/src/components/ui/sidebar.test.tsx" name="Sidebar Components &gt; SidebarMenuSkeleton &gt; should render skeleton loader" time="0.004734">
        </testcase>
        <testcase classname="client/src/components/ui/sidebar.test.tsx" name="Sidebar Components &gt; SidebarMenuSkeleton &gt; should show icon when showIcon is true" time="0.0071999">
        </testcase>
        <testcase classname="client/src/components/ui/sidebar.test.tsx" name="Sidebar Components &gt; SidebarMenuSkeleton &gt; should have correct display name" time="0.0006407">
        </testcase>
        <testcase classname="client/src/components/ui/sidebar.test.tsx" name="Sidebar Components &gt; SidebarMenuSub &gt; should render submenu list" time="0.0153155">
        </testcase>
        <testcase classname="client/src/components/ui/sidebar.test.tsx" name="Sidebar Components &gt; SidebarMenuSub &gt; should have correct display name" time="0.0005656">
        </testcase>
        <testcase classname="client/src/components/ui/sidebar.test.tsx" name="Sidebar Components &gt; SidebarMenuSubButton &gt; should render submenu button" time="0.0044107">
        </testcase>
        <testcase classname="client/src/components/ui/sidebar.test.tsx" name="Sidebar Components &gt; SidebarMenuSubButton &gt; should handle isActive prop" time="0.0037854">
        </testcase>
        <testcase classname="client/src/components/ui/sidebar.test.tsx" name="Sidebar Components &gt; SidebarMenuSubButton &gt; should handle different sizes" time="0.0046087">
        </testcase>
        <testcase classname="client/src/components/ui/sidebar.test.tsx" name="Sidebar Components &gt; SidebarMenuSubButton &gt; should have correct display name" time="0.0005421">
        </testcase>
        <testcase classname="client/src/components/ui/sidebar.test.tsx" name="Sidebar Components &gt; useSidebar hook &gt; should throw error when used outside provider" time="0.006702">
        </testcase>
        <testcase classname="client/src/components/ui/sidebar.test.tsx" name="Sidebar Components &gt; useSidebar hook &gt; should provide sidebar context" time="0.0060276">
        </testcase>
        <testcase classname="client/src/components/ui/sidebar.test.tsx" name="Sidebar Components &gt; Sidebar Integration &gt; should work as complete sidebar system" time="0.0297106">
        </testcase>
    </testsuite>
    <testsuite name="client/src/components/ui/skeleton.test.tsx" timestamp="2025-09-19T01:25:09.466Z" hostname="JohnDee" tests="15" failures="0" errors="0" skipped="0" time="0.1634504">
        <testcase classname="client/src/components/ui/skeleton.test.tsx" name="Skeleton &gt; should render skeleton component" time="0.0422068">
        </testcase>
        <testcase classname="client/src/components/ui/skeleton.test.tsx" name="Skeleton &gt; should apply default styling classes" time="0.0039535">
        </testcase>
        <testcase classname="client/src/components/ui/skeleton.test.tsx" name="Skeleton &gt; should merge custom className with default styles" time="0.0028134">
        </testcase>
        <testcase classname="client/src/components/ui/skeleton.test.tsx" name="Skeleton &gt; should pass through HTML attributes" time="0.0030785">
        </testcase>
        <testcase classname="client/src/components/ui/skeleton.test.tsx" name="Skeleton &gt; should render as div element" time="0.0025226">
        </testcase>
        <testcase classname="client/src/components/ui/skeleton.test.tsx" name="Skeleton &gt; should support different sizes through className" time="0.0034002">
        </testcase>
        <testcase classname="client/src/components/ui/skeleton.test.tsx" name="Skeleton &gt; should support different shapes through className" time="0.0029512">
        </testcase>
        <testcase classname="client/src/components/ui/skeleton.test.tsx" name="Skeleton &gt; should work with style prop" time="0.0603329">
        </testcase>
        <testcase classname="client/src/components/ui/skeleton.test.tsx" name="Skeleton &gt; should support onClick handlers" time="0.0068287">
        </testcase>
        <testcase classname="client/src/components/ui/skeleton.test.tsx" name="Skeleton &gt; should work as loading placeholder for text" time="0.0060916">
        </testcase>
        <testcase classname="client/src/components/ui/skeleton.test.tsx" name="Skeleton &gt; should work as loading placeholder for images" time="0.0023259">
        </testcase>
        <testcase classname="client/src/components/ui/skeleton.test.tsx" name="Skeleton &gt; should work as loading placeholder for cards" time="0.0036481">
        </testcase>
        <testcase classname="client/src/components/ui/skeleton.test.tsx" name="Skeleton &gt; should maintain animation classes regardless of custom styles" time="0.002947">
        </testcase>
        <testcase classname="client/src/components/ui/skeleton.test.tsx" name="Skeleton &gt; should support accessibility attributes" time="0.0025779">
        </testcase>
        <testcase classname="client/src/components/ui/skeleton.test.tsx" name="Skeleton &gt; should work with children content (though typically empty)" time="0.0124612">
        </testcase>
    </testsuite>
    <testsuite name="client/src/components/ui/switch.test.tsx" timestamp="2025-09-19T01:25:09.468Z" hostname="JohnDee" tests="8" failures="0" errors="0" skipped="0" time="0.1848454">
        <testcase classname="client/src/components/ui/switch.test.tsx" name="Switch &gt; renders with default props" time="0.0480101">
        </testcase>
        <testcase classname="client/src/components/ui/switch.test.tsx" name="Switch &gt; handles checked state" time="0.004501">
        </testcase>
        <testcase classname="client/src/components/ui/switch.test.tsx" name="Switch &gt; handles unchecked state" time="0.0024676">
        </testcase>
        <testcase classname="client/src/components/ui/switch.test.tsx" name="Switch &gt; calls onCheckedChange when clicked" time="0.1119547">
        </testcase>
        <testcase classname="client/src/components/ui/switch.test.tsx" name="Switch &gt; applies custom className" time="0.0040801">
        </testcase>
        <testcase classname="client/src/components/ui/switch.test.tsx" name="Switch &gt; forwards ref correctly" time="0.0031601">
        </testcase>
        <testcase classname="client/src/components/ui/switch.test.tsx" name="Switch &gt; renders thumb component" time="0.0023529">
        </testcase>
        <testcase classname="client/src/components/ui/switch.test.tsx" name="Switch &gt; handles disabled state" time="0.0022885">
        </testcase>
    </testsuite>
    <testsuite name="client/src/components/ui/toast.test.tsx" timestamp="2025-09-19T01:25:09.468Z" hostname="JohnDee" tests="32" failures="0" errors="0" skipped="0" time="0.326096">
        <testcase classname="client/src/components/ui/toast.test.tsx" name="Toast Components &gt; ToastProvider &gt; renders children correctly" time="0.0356132">
        </testcase>
        <testcase classname="client/src/components/ui/toast.test.tsx" name="Toast Components &gt; ToastProvider &gt; passes props to underlying provider" time="0.0055533">
        </testcase>
        <testcase classname="client/src/components/ui/toast.test.tsx" name="Toast Components &gt; ToastViewport &gt; renders with default classes" time="0.0042369">
        </testcase>
        <testcase classname="client/src/components/ui/toast.test.tsx" name="Toast Components &gt; ToastViewport &gt; merges custom className with default classes" time="0.0025602">
        </testcase>
        <testcase classname="client/src/components/ui/toast.test.tsx" name="Toast Components &gt; ToastViewport &gt; forwards ref correctly" time="0.0047269">
        </testcase>
        <testcase classname="client/src/components/ui/toast.test.tsx" name="Toast Components &gt; Toast &gt; renders with default variant" time="0.0040869">
        </testcase>
        <testcase classname="client/src/components/ui/toast.test.tsx" name="Toast Components &gt; Toast &gt; applies destructive variant classes" time="0.0030899">
        </testcase>
        <testcase classname="client/src/components/ui/toast.test.tsx" name="Toast Components &gt; Toast &gt; merges custom className" time="0.0034657">
        </testcase>
        <testcase classname="client/src/components/ui/toast.test.tsx" name="Toast Components &gt; Toast &gt; forwards ref correctly" time="0.0044466">
        </testcase>
        <testcase classname="client/src/components/ui/toast.test.tsx" name="Toast Components &gt; ToastTitle &gt; renders title content" time="0.0074857">
        </testcase>
        <testcase classname="client/src/components/ui/toast.test.tsx" name="Toast Components &gt; ToastTitle &gt; applies custom className" time="0.003093">
        </testcase>
        <testcase classname="client/src/components/ui/toast.test.tsx" name="Toast Components &gt; ToastTitle &gt; forwards ref correctly" time="0.0024801">
        </testcase>
        <testcase classname="client/src/components/ui/toast.test.tsx" name="Toast Components &gt; ToastDescription &gt; renders description content" time="0.0022945">
        </testcase>
        <testcase classname="client/src/components/ui/toast.test.tsx" name="Toast Components &gt; ToastDescription &gt; applies custom className" time="0.0021247">
        </testcase>
        <testcase classname="client/src/components/ui/toast.test.tsx" name="Toast Components &gt; ToastDescription &gt; forwards ref correctly" time="0.0023916">
        </testcase>
        <testcase classname="client/src/components/ui/toast.test.tsx" name="Toast Components &gt; ToastClose &gt; renders close button with X icon" time="0.0047441">
        </testcase>
        <testcase classname="client/src/components/ui/toast.test.tsx" name="Toast Components &gt; ToastClose &gt; handles click events" time="0.1281834">
        </testcase>
        <testcase classname="client/src/components/ui/toast.test.tsx" name="Toast Components &gt; ToastClose &gt; applies default styling classes" time="0.0040388">
        </testcase>
        <testcase classname="client/src/components/ui/toast.test.tsx" name="Toast Components &gt; ToastClose &gt; applies custom className" time="0.0027019">
        </testcase>
        <testcase classname="client/src/components/ui/toast.test.tsx" name="Toast Components &gt; ToastClose &gt; has toast-close attribute" time="0.0034145">
        </testcase>
        <testcase classname="client/src/components/ui/toast.test.tsx" name="Toast Components &gt; ToastClose &gt; forwards ref correctly" time="0.0035435">
        </testcase>
        <testcase classname="client/src/components/ui/toast.test.tsx" name="Toast Components &gt; ToastAction &gt; renders action button with content" time="0.0033363">
        </testcase>
        <testcase classname="client/src/components/ui/toast.test.tsx" name="Toast Components &gt; ToastAction &gt; handles click events" time="0.0460953">
        </testcase>
        <testcase classname="client/src/components/ui/toast.test.tsx" name="Toast Components &gt; ToastAction &gt; applies default styling classes" time="0.0041033">
        </testcase>
        <testcase classname="client/src/components/ui/toast.test.tsx" name="Toast Components &gt; ToastAction &gt; applies custom className" time="0.0032812">
        </testcase>
        <testcase classname="client/src/components/ui/toast.test.tsx" name="Toast Components &gt; ToastAction &gt; forwards ref correctly" time="0.0031717">
        </testcase>
        <testcase classname="client/src/components/ui/toast.test.tsx" name="Toast Components &gt; Integration Tests &gt; renders complete toast structure" time="0.0078664">
        </testcase>
        <testcase classname="client/src/components/ui/toast.test.tsx" name="Toast Components &gt; Integration Tests &gt; handles multiple toasts" time="0.0077676">
        </testcase>
        <testcase classname="client/src/components/ui/toast.test.tsx" name="Toast Components &gt; Edge Cases &gt; handles empty content gracefully" time="0.00263">
        </testcase>
        <testcase classname="client/src/components/ui/toast.test.tsx" name="Toast Components &gt; Edge Cases &gt; handles undefined className" time="0.0025338">
        </testcase>
        <testcase classname="client/src/components/ui/toast.test.tsx" name="Toast Components &gt; Edge Cases &gt; handles disabled action button" time="0.0024452">
        </testcase>
        <testcase classname="client/src/components/ui/toast.test.tsx" name="Toast Components &gt; Edge Cases &gt; preserves aria attributes" time="0.0021825">
        </testcase>
    </testsuite>
    <testsuite name="client/src/components/ui/toaster.test.tsx" timestamp="2025-09-19T01:25:09.471Z" hostname="JohnDee" tests="12" failures="0" errors="0" skipped="0" time="0.6820173">
        <testcase classname="client/src/components/ui/toaster.test.tsx" name="Toaster &gt; renders without errors when no toasts are present" time="0.054482">
        </testcase>
        <testcase classname="client/src/components/ui/toaster.test.tsx" name="Toaster &gt; renders toasts with titles and descriptions" time="0.1251042">
        </testcase>
        <testcase classname="client/src/components/ui/toaster.test.tsx" name="Toaster &gt; renders toast with title only when description is not provided" time="0.0485058">
        </testcase>
        <testcase classname="client/src/components/ui/toaster.test.tsx" name="Toaster &gt; renders toast with description only when title is not provided" time="0.0309555">
        </testcase>
        <testcase classname="client/src/components/ui/toaster.test.tsx" name="Toaster &gt; renders action buttons when provided" time="0.0655492">
        </testcase>
        <testcase classname="client/src/components/ui/toaster.test.tsx" name="Toaster &gt; renders close buttons for all toasts" time="0.0559371">
        </testcase>
        <testcase classname="client/src/components/ui/toaster.test.tsx" name="Toaster &gt; handles action button interactions without throwing errors" time="0.1092826">
        </testcase>
        <testcase classname="client/src/components/ui/toaster.test.tsx" name="Toaster &gt; applies custom props to toast elements" time="0.0355667">
        </testcase>
        <testcase classname="client/src/components/ui/toaster.test.tsx" name="Toaster &gt; handles multiple toasts correctly based on TOAST_LIMIT" time="0.0623615">
        </testcase>
        <testcase classname="client/src/components/ui/toaster.test.tsx" name="Toaster &gt; updates when toasts change" time="0.0380921">
        </testcase>
        <testcase classname="client/src/components/ui/toaster.test.tsx" name="Toaster &gt; renders the toast provider structure" time="0.0086332">
        </testcase>
        <testcase classname="client/src/components/ui/toaster.test.tsx" name="Toaster &gt; integrates with the toast system correctly" time="0.0416312">
        </testcase>
    </testsuite>
    <testsuite name="client/src/components/ui/tooltip.test.tsx" timestamp="2025-09-19T01:25:09.472Z" hostname="JohnDee" tests="4" failures="0" errors="0" skipped="0" time="0.0618893">
        <testcase classname="client/src/components/ui/tooltip.test.tsx" name="Tooltip &gt; renders tooltip components correctly" time="0.0471174">
        </testcase>
        <testcase classname="client/src/components/ui/tooltip.test.tsx" name="Tooltip &gt; applies correct classes to tooltip content" time="0.0031317">
        </testcase>
        <testcase classname="client/src/components/ui/tooltip.test.tsx" name="Tooltip &gt; applies correct side offset to tooltip content" time="0.0030517">
        </testcase>
        <testcase classname="client/src/components/ui/tooltip.test.tsx" name="Tooltip &gt; uses default side offset of 4 when not provided" time="0.0032226">
        </testcase>
    </testsuite>
    <testsuite name="client/src/__tests__/integration/typeFixValidation.test.tsx" timestamp="2025-09-19T01:25:09.473Z" hostname="JohnDee" tests="11" failures="0" errors="0" skipped="0" time="0.1404536">
        <testcase classname="client/src/__tests__/integration/typeFixValidation.test.tsx" name="TypeScript Error Fixes Validation &gt; MSW HttpResponse Usage &gt; should use HttpResponse.json correctly" time="0.0497801">
        </testcase>
        <testcase classname="client/src/__tests__/integration/typeFixValidation.test.tsx" name="TypeScript Error Fixes Validation &gt; MSW HttpResponse Usage &gt; should handle error responses correctly" time="0.0279385">
        </testcase>
        <testcase classname="client/src/__tests__/integration/typeFixValidation.test.tsx" name="TypeScript Error Fixes Validation &gt; WebflowError Classes &gt; should create auth errors correctly" time="0.0006453">
        </testcase>
        <testcase classname="client/src/__tests__/integration/typeFixValidation.test.tsx" name="TypeScript Error Fixes Validation &gt; WebflowError Classes &gt; should create server errors as fallback" time="0.0007043">
        </testcase>
        <testcase classname="client/src/__tests__/integration/typeFixValidation.test.tsx" name="TypeScript Error Fixes Validation &gt; WebflowError Classes &gt; should handle unknown errors correctly" time="0.0002827">
        </testcase>
        <testcase classname="client/src/__tests__/integration/typeFixValidation.test.tsx" name="TypeScript Error Fixes Validation &gt; JSX and React Components &gt; should render simple JSX elements without namespace errors" time="0.0461853">
        </testcase>
        <testcase classname="client/src/__tests__/integration/typeFixValidation.test.tsx" name="TypeScript Error Fixes Validation &gt; JSX and React Components &gt; should handle React fragments correctly" time="0.0073043">
        </testcase>
        <testcase classname="client/src/__tests__/integration/typeFixValidation.test.tsx" name="TypeScript Error Fixes Validation &gt; Test Data Factory Types &gt; should validate factory function type annotations are working" time="0.000372">
        </testcase>
        <testcase classname="client/src/__tests__/integration/typeFixValidation.test.tsx" name="TypeScript Error Fixes Validation &gt; Window Location Mocking &gt; should have properly mocked window.location" time="0.0004321">
        </testcase>
        <testcase classname="client/src/__tests__/integration/typeFixValidation.test.tsx" name="TypeScript Error Fixes Validation &gt; Window Location Mocking &gt; should allow window.location properties to be accessed" time="0.0005857">
        </testcase>
        <testcase classname="client/src/__tests__/integration/typeFixValidation.test.tsx" name="TypeScript Error Fixes Validation &gt; Vitest Globals Integration &gt; should have access to vitest functions without import errors" time="0.0001958">
        </testcase>
    </testsuite>
</testsuites>
